uranus:113709:113709 [0] NCCL INFO NCCL_SOCKET_IFNAME set to enp160s0f0np0
uranus:113709:113709 [0] NCCL INFO cudaDriverVersion 13020
uranus:113709:113709 [0] NCCL INFO NCCL version 2.27.5+cuda12.9
uranus:113709:113709 [0] NCCL INFO NET/Plugin: Could not find: libnccl-net.so. 
uranus:113709:113709 [0] NCCL INFO NET/Socket : Using [0]enp160s0f0np0:10.1.0.5<0>
uranus:113709:113709 [0] NCCL INFO Initialized NET plugin Socket
uranus:113709:113709 [0] NCCL INFO Assigned NET plugin Socket to comm
uranus:113709:113709 [0] NCCL INFO Using network Socket
uranus:113709:113709 [0] NCCL INFO ncclCommInitRank comm 0x5a08d2e55780 rank 0 nranks 2 cudaDev 0 nvmlDev 0 busId 4a000 commId 0xed58a752584aa7c0 - Init START
uranus:113709:113709 [0] NCCL INFO RAS client listening socket at 127.0.0.1<28028>
uranus:113709:113709 [0] NCCL INFO NET/Socket : GPU Direct RDMA Disabled for HCA 0 'enp160s0f0np0'
uranus:113709:113709 [0] NCCL INFO Setting affinity for GPU 0 to 0,2,4,6,64,66,68,70
uranus:113709:113709 [0] NCCL INFO comm 0x5a08d2e55780 rank 0 nRanks 2 nNodes 1 localRanks 2 localRank 0 MNNVL 0
uranus:113709:113709 [0] NCCL INFO Channel 00/02 : 0 1
uranus:113709:113709 [0] NCCL INFO Channel 01/02 : 0 1
uranus:113709:113709 [0] NCCL INFO Trees [0] 1/-1/-1->0->-1 [1] 1/-1/-1->0->-1
uranus:113709:113709 [0] NCCL INFO P2P Chunksize set to 131072
uranus:113709:113709 [0] NCCL INFO PROFILER/Plugin: Could not find: libnccl-profiler.so. 
uranus:113709:113709 [0] NCCL INFO Check P2P Type isAllDirectP2p 0 directMode 0
uranus:113709:113916 [0] NCCL INFO [Proxy Service] Device 0 CPU core 70
uranus:113709:113918 [0] NCCL INFO [Proxy Service UDS] Device 0 CPU core 68
uranus:113709:113709 [0] NCCL INFO threadThresholds 8/8/64 | 16/8/64 | 512 | 512
uranus:113709:113709 [0] NCCL INFO 2 coll channels, 2 collnet channels, 0 nvls channels, 2 p2p channels, 2 p2p channels per peer
uranus:113709:113709 [0] NCCL INFO CC Off, workFifoBytes 1048576
uranus:113709:113709 [0] NCCL INFO TUNER/Plugin: Could not find: libnccl-tuner.so. Using internal tuner plugin.
uranus:113709:113709 [0] NCCL INFO ncclCommInitRank comm 0x5a08d2e55780 rank 0 nranks 2 cudaDev 0 nvmlDev 0 busId 4a000 commId 0xed58a752584aa7c0 - Init COMPLETE
uranus:113709:113709 [0] NCCL INFO Init timings - ncclCommInitRank: rank 0 nranks 2 total 0.49 (kernels 0.43, alloc 0.01, bootstrap 0.00, allgathers 0.01, topo 0.01, graphs 0.00, connections 0.00, rest 0.02)
uranus:113709:113916 [0] NCCL INFO New proxy recv connection 0 from local rank 0, transport 1
uranus:113709:113920 [0] NCCL INFO Connected to proxy localRank 0 -> connection 0x7cbc80004f40
uranus:113709:113916 [0] NCCL INFO New proxy recv connection 1 from local rank 0, transport 1
uranus:113709:113920 [0] NCCL INFO Connected to proxy localRank 0 -> connection 0x7cbc80004fb8
uranus:113709:113916 [0] NCCL INFO New proxy send connection 2 from local rank 0, transport 1
uranus:113709:113920 [0] NCCL INFO Connected to proxy localRank 0 -> connection 0x7cbc80005030
uranus:113709:113920 [0] NCCL INFO Channel 00 : 0[0] -> 1[1] via SHM/direct/direct
uranus:113709:113916 [0] NCCL INFO New proxy send connection 3 from local rank 0, transport 1
uranus:113709:113920 [0] NCCL INFO Connected to proxy localRank 0 -> connection 0x7cbc800050a8
uranus:113709:113920 [0] NCCL INFO Channel 01 : 0[0] -> 1[1] via SHM/direct/direct
uranus:113709:113916 [0] NCCL INFO New proxy send connection 4 from local rank 1, transport 0
uranus:113709:113920 [0] NCCL INFO Connected to proxy localRank 1 -> connection 0x78ef80005120
uranus:113709:113920 [0] NCCL INFO Connected all rings, use ring PXN 0 GDR 1
uranus:113709:114587 [0] NCCL INFO Assigned NET plugin Socket to comm
uranus:113709:114587 [0] NCCL INFO Using network Socket
uranus:113709:114587 [0] NCCL INFO ncclCommInitRankConfig comm 0x5a08f1a16570 rank 0 nranks 2 cudaDev 0 nvmlDev 0 busId 4a000 commId 0xb235b5219832fb70 - Init START
uranus:113709:114587 [0] NCCL INFO NET/Socket : GPU Direct RDMA Disabled for HCA 0 'enp160s0f0np0'
uranus:113709:114587 [0] NCCL INFO Setting affinity for GPU 0 to 0,2,4,6,64,66,68,70
uranus:113709:114587 [0] NCCL INFO comm 0x5a08f1a16570 rank 0 nRanks 2 nNodes 1 localRanks 2 localRank 0 MNNVL 0
uranus:113709:114587 [0] NCCL INFO Channel 00/02 : 0 1
uranus:113709:114587 [0] NCCL INFO Channel 01/02 : 0 1
uranus:113709:114587 [0] NCCL INFO Trees [0] 1/-1/-1->0->-1 [1] 1/-1/-1->0->-1
uranus:113709:114587 [0] NCCL INFO P2P Chunksize set to 131072
uranus:113709:114587 [0] NCCL INFO Check P2P Type isAllDirectP2p 0 directMode 0
uranus:113709:114592 [0] NCCL INFO [Proxy Service UDS] Device 0 CPU core 2
uranus:113709:114589 [0] NCCL INFO [Proxy Service] Device 0 CPU core 0
uranus:113709:114587 [0] NCCL INFO threadThresholds 8/8/64 | 16/8/64 | 512 | 512
uranus:113709:114587 [0] NCCL INFO 2 coll channels, 2 collnet channels, 0 nvls channels, 2 p2p channels, 2 p2p channels per peer
uranus:113709:114587 [0] NCCL INFO CC Off, workFifoBytes 1048576
uranus:113709:114587 [0] NCCL INFO ncclCommInitRankConfig comm 0x5a08f1a16570 rank 0 nranks 2 cudaDev 0 nvmlDev 0 busId 4a000 commId 0xb235b5219832fb70 - Init COMPLETE
uranus:113709:114587 [0] NCCL INFO Init timings - ncclCommInitRankConfig: rank 0 nranks 2 total 0.02 (kernels 0.00, alloc 0.00, bootstrap 0.00, allgathers 0.00, topo 0.01, graphs 0.00, connections 0.01, rest 0.00)
uranus:113709:114589 [0] NCCL INFO New proxy recv connection 0 from local rank 0, transport 1
uranus:113709:114593 [0] NCCL INFO Connected to proxy localRank 0 -> connection 0x7cb9e0004f40
uranus:113709:114589 [0] NCCL INFO New proxy recv connection 1 from local rank 0, transport 1
uranus:113709:114593 [0] NCCL INFO Connected to proxy localRank 0 -> connection 0x7cb9e0004fb8
uranus:113709:114589 [0] NCCL INFO New proxy send connection 2 from local rank 0, transport 1
uranus:113709:114593 [0] NCCL INFO Connected to proxy localRank 0 -> connection 0x7cb9e0005030
uranus:113709:114593 [0] NCCL INFO Channel 00 : 0[0] -> 1[1] via SHM/direct/direct
uranus:113709:114589 [0] NCCL INFO New proxy send connection 3 from local rank 0, transport 1
uranus:113709:114593 [0] NCCL INFO Connected to proxy localRank 0 -> connection 0x7cb9e00050a8
uranus:113709:114593 [0] NCCL INFO Channel 01 : 0[0] -> 1[1] via SHM/direct/direct
uranus:113709:114589 [0] NCCL INFO New proxy send connection 4 from local rank 1, transport 0
uranus:113709:114593 [0] NCCL INFO Connected to proxy localRank 1 -> connection 0x78ece8005120
uranus:113709:114593 [0] NCCL INFO Connected all rings, use ring PXN 0 GDR 1
uranus:113709:114724 [0] NCCL INFO Assigned NET plugin Socket to comm
uranus:113709:114724 [0] NCCL INFO Using network Socket
uranus:113709:114724 [0] NCCL INFO ncclCommInitRank comm 0x7cb1d40115c0 rank 0 nranks 2 cudaDev 0 nvmlDev 0 busId 4a000 commId 0x4c5272ff84085ac0 - Init START
uranus:113709:114724 [0] NCCL INFO NET/Socket : GPU Direct RDMA Disabled for HCA 0 'enp160s0f0np0'
uranus:113709:114724 [0] NCCL INFO Setting affinity for GPU 0 to 0,2,4,6,64,66,68,70
uranus:113709:114724 [0] NCCL INFO comm 0x7cb1d40115c0 rank 0 nRanks 2 nNodes 2 localRanks 1 localRank 0 MNNVL 0
uranus:113709:114724 [0] NCCL INFO Channel 00/02 : 0 1
uranus:113709:114724 [0] NCCL INFO Channel 01/02 : 0 1
uranus:113709:114724 [0] NCCL INFO Trees [0] 1/-1/-1->0->-1 [1] -1/-1/-1->0->1
uranus:113709:114724 [0] NCCL INFO P2P Chunksize set to 131072
uranus:113709:114724 [0] NCCL INFO Check P2P Type isAllDirectP2p 0 directMode 0
uranus:113709:114915 [0] NCCL INFO [Proxy Service] Device 0 CPU core 2
uranus:113709:114916 [0] NCCL INFO [Proxy Service UDS] Device 0 CPU core 6
uranus:113709:114724 [0] NCCL INFO threadThresholds 8/8/64 | 16/8/64 | 512 | 512
uranus:113709:114724 [0] NCCL INFO 2 coll channels, 2 collnet channels, 0 nvls channels, 2 p2p channels, 2 p2p channels per peer
uranus:113709:114724 [0] NCCL INFO CC Off, workFifoBytes 1048576
uranus:113709:114724 [0] NCCL INFO ncclCommInitRank comm 0x7cb1d40115c0 rank 0 nranks 2 cudaDev 0 nvmlDev 0 busId 4a000 commId 0x4c5272ff84085ac0 - Init COMPLETE
uranus:113709:114724 [0] NCCL INFO Init timings - ncclCommInitRank: rank 0 nranks 2 total 0.01 (kernels 0.00, alloc 0.00, bootstrap 0.00, allgathers 0.00, topo 0.00, graphs 0.00, connections 0.00, rest 0.00)
uranus:113709:114915 [0] NCCL INFO New proxy send connection 0 from local rank 0, transport 2
uranus:113709:114917 [0] NCCL INFO Connected to proxy localRank 0 -> connection 0x7cb1d0004f40
uranus:113709:114917 [0] NCCL INFO Channel 00/1 : 0[0] -> 1[0] [send] via NET/Socket/0/Shared
uranus:113709:114918 [0] NCCL INFO [Proxy Progress] Device 0 CPU core 0
uranus:113709:114915 [0] NCCL INFO New proxy send connection 1 from local rank 0, transport 2
uranus:113709:114917 [0] NCCL INFO Connected to proxy localRank 0 -> connection 0x7cb1d0004fb8
uranus:113709:114917 [0] NCCL INFO Channel 01/1 : 0[0] -> 1[0] [send] via NET/Socket/0/Shared
