ganymede:519228:519228 [0] NCCL INFO NCCL_SOCKET_IFNAME set to eno12399np0
ganymede:519228:519228 [0] NCCL INFO cudaDriverVersion 13020
ganymede:519228:519228 [0] NCCL INFO NCCL version 2.27.5+cuda12.9
ganymede:519228:519228 [0] NCCL INFO NET/Plugin: Could not find: libnccl-net.so. 
ganymede:519228:519228 [0] NCCL INFO NET/Socket : Using [0]eno12399np0:10.1.0.3<0>
ganymede:519228:519228 [0] NCCL INFO Initialized NET plugin Socket
ganymede:519228:519228 [0] NCCL INFO Assigned NET plugin Socket to comm
ganymede:519228:519228 [0] NCCL INFO Using network Socket
ganymede:519228:519228 [0] NCCL INFO ncclCommInitRank comm 0x5a03c5a29780 rank 0 nranks 2 cudaDev 0 nvmlDev 0 busId d000 commId 0x28d5b78d9303403e - Init START
ganymede:519228:519228 [0] NCCL INFO RAS client listening socket at 127.0.0.1<28028>
ganymede:519228:519228 [0] NCCL INFO NET/Socket : GPU Direct RDMA Disabled for HCA 0 'eno12399np0'
ganymede:519228:519228 [0] NCCL INFO Setting affinity for GPU 0 to 0,2,4,6,64,66,68,70
ganymede:519228:519228 [0] NCCL INFO comm 0x5a03c5a29780 rank 0 nRanks 2 nNodes 1 localRanks 2 localRank 0 MNNVL 0
ganymede:519228:519228 [0] NCCL INFO Channel 00/02 : 0 1
ganymede:519228:519228 [0] NCCL INFO Channel 01/02 : 0 1
ganymede:519228:519228 [0] NCCL INFO Trees [0] 1/-1/-1->0->-1 [1] 1/-1/-1->0->-1
ganymede:519228:519228 [0] NCCL INFO P2P Chunksize set to 131072
ganymede:519228:519228 [0] NCCL INFO PROFILER/Plugin: Could not find: libnccl-profiler.so. 
ganymede:519228:519228 [0] NCCL INFO Check P2P Type isAllDirectP2p 0 directMode 0
ganymede:519228:519413 [0] NCCL INFO [Proxy Service] Device 0 CPU core 66
ganymede:519228:519414 [0] NCCL INFO [Proxy Service UDS] Device 0 CPU core 68
ganymede:519228:519228 [0] NCCL INFO threadThresholds 8/8/64 | 16/8/64 | 512 | 512
ganymede:519228:519228 [0] NCCL INFO 2 coll channels, 2 collnet channels, 0 nvls channels, 2 p2p channels, 2 p2p channels per peer
ganymede:519228:519228 [0] NCCL INFO CC Off, workFifoBytes 1048576
ganymede:519228:519228 [0] NCCL INFO TUNER/Plugin: Could not find: libnccl-tuner.so. Using internal tuner plugin.
ganymede:519228:519228 [0] NCCL INFO ncclCommInitRank comm 0x5a03c5a29780 rank 0 nranks 2 cudaDev 0 nvmlDev 0 busId d000 commId 0x28d5b78d9303403e - Init COMPLETE
ganymede:519228:519228 [0] NCCL INFO Init timings - ncclCommInitRank: rank 0 nranks 2 total 0.23 (kernels 0.19, alloc 0.01, bootstrap 0.01, allgathers 0.00, topo 0.01, graphs 0.00, connections 0.00, rest 0.00)
ganymede:519228:519413 [0] NCCL INFO New proxy recv connection 0 from local rank 0, transport 1
ganymede:519228:519417 [0] NCCL INFO Connected to proxy localRank 0 -> connection 0x7c0930004f40
ganymede:519228:519413 [0] NCCL INFO New proxy recv connection 1 from local rank 0, transport 1
ganymede:519228:519417 [0] NCCL INFO Connected to proxy localRank 0 -> connection 0x7c0930004fb8
ganymede:519228:519413 [0] NCCL INFO New proxy send connection 2 from local rank 0, transport 1
ganymede:519228:519417 [0] NCCL INFO Connected to proxy localRank 0 -> connection 0x7c0930005030
ganymede:519228:519417 [0] NCCL INFO Channel 00 : 0[0] -> 1[1] via SHM/direct/direct
ganymede:519228:519413 [0] NCCL INFO New proxy send connection 3 from local rank 0, transport 1
ganymede:519228:519417 [0] NCCL INFO Connected to proxy localRank 0 -> connection 0x7c09300050a8
ganymede:519228:519417 [0] NCCL INFO Channel 01 : 0[0] -> 1[1] via SHM/direct/direct
ganymede:519228:519413 [0] NCCL INFO New proxy send connection 4 from local rank 1, transport 0
ganymede:519228:519417 [0] NCCL INFO Connected to proxy localRank 1 -> connection 0x7e60bc005120
ganymede:519228:519417 [0] NCCL INFO Connected all rings, use ring PXN 0 GDR 1
ganymede:519228:519702 [0] NCCL INFO Assigned NET plugin Socket to comm
ganymede:519228:519702 [0] NCCL INFO Using network Socket
ganymede:519228:519702 [0] NCCL INFO ncclCommInitRankConfig comm 0x5a03e4899870 rank 0 nranks 2 cudaDev 0 nvmlDev 0 busId d000 commId 0x3e06926b623d22ee - Init START
ganymede:519228:519702 [0] NCCL INFO NET/Socket : GPU Direct RDMA Disabled for HCA 0 'eno12399np0'
ganymede:519228:519702 [0] NCCL INFO Setting affinity for GPU 0 to 0,2,4,6,64,66,68,70
ganymede:519228:519702 [0] NCCL INFO comm 0x5a03e4899870 rank 0 nRanks 2 nNodes 1 localRanks 2 localRank 0 MNNVL 0
ganymede:519228:519702 [0] NCCL INFO Channel 00/02 : 0 1
ganymede:519228:519702 [0] NCCL INFO Channel 01/02 : 0 1
ganymede:519228:519702 [0] NCCL INFO Trees [0] 1/-1/-1->0->-1 [1] 1/-1/-1->0->-1
ganymede:519228:519702 [0] NCCL INFO P2P Chunksize set to 131072
ganymede:519228:519702 [0] NCCL INFO Check P2P Type isAllDirectP2p 0 directMode 0
ganymede:519228:519704 [0] NCCL INFO [Proxy Service] Device 0 CPU core 2
ganymede:519228:519705 [0] NCCL INFO [Proxy Service UDS] Device 0 CPU core 68
ganymede:519228:519702 [0] NCCL INFO threadThresholds 8/8/64 | 16/8/64 | 512 | 512
ganymede:519228:519702 [0] NCCL INFO 2 coll channels, 2 collnet channels, 0 nvls channels, 2 p2p channels, 2 p2p channels per peer
ganymede:519228:519702 [0] NCCL INFO CC Off, workFifoBytes 1048576
ganymede:519228:519702 [0] NCCL INFO ncclCommInitRankConfig comm 0x5a03e4899870 rank 0 nranks 2 cudaDev 0 nvmlDev 0 busId d000 commId 0x3e06926b623d22ee - Init COMPLETE
ganymede:519228:519702 [0] NCCL INFO Init timings - ncclCommInitRankConfig: rank 0 nranks 2 total 0.02 (kernels 0.00, alloc 0.00, bootstrap 0.00, allgathers 0.00, topo 0.01, graphs 0.00, connections 0.00, rest 0.00)
ganymede:519228:519704 [0] NCCL INFO New proxy recv connection 0 from local rank 0, transport 1
ganymede:519228:519708 [0] NCCL INFO Connected to proxy localRank 0 -> connection 0x7c068c004f40
ganymede:519228:519704 [0] NCCL INFO New proxy recv connection 1 from local rank 0, transport 1
ganymede:519228:519708 [0] NCCL INFO Connected to proxy localRank 0 -> connection 0x7c068c004fb8
ganymede:519228:519704 [0] NCCL INFO New proxy send connection 2 from local rank 0, transport 1
ganymede:519228:519708 [0] NCCL INFO Connected to proxy localRank 0 -> connection 0x7c068c005030
ganymede:519228:519708 [0] NCCL INFO Channel 00 : 0[0] -> 1[1] via SHM/direct/direct
ganymede:519228:519704 [0] NCCL INFO New proxy send connection 3 from local rank 0, transport 1
ganymede:519228:519708 [0] NCCL INFO Connected to proxy localRank 0 -> connection 0x7c068c0050a8
ganymede:519228:519708 [0] NCCL INFO Channel 01 : 0[0] -> 1[1] via SHM/direct/direct
ganymede:519228:519704 [0] NCCL INFO New proxy send connection 4 from local rank 1, transport 0
ganymede:519228:519708 [0] NCCL INFO Connected to proxy localRank 1 -> connection 0x7e5e14005120
ganymede:519228:519708 [0] NCCL INFO Connected all rings, use ring PXN 0 GDR 1
ganymede:519228:519819 [0] NCCL INFO Assigned NET plugin Socket to comm
ganymede:519228:519819 [0] NCCL INFO Using network Socket
ganymede:519228:519819 [0] NCCL INFO ncclCommInitRank comm 0x7bfe78007420 rank 1 nranks 2 cudaDev 0 nvmlDev 0 busId d000 commId 0x4c5272ff84085ac0 - Init START
ganymede:519228:519819 [0] NCCL INFO NET/Socket : GPU Direct RDMA Disabled for HCA 0 'eno12399np0'
ganymede:519228:519819 [0] NCCL INFO Setting affinity for GPU 0 to 0,2,4,6,64,66,68,70
ganymede:519228:519819 [0] NCCL INFO comm 0x7bfe78007420 rank 1 nRanks 2 nNodes 2 localRanks 1 localRank 0 MNNVL 0
ganymede:519228:519819 [0] NCCL INFO Trees [0] -1/-1/-1->1->0 [1] 0/-1/-1->1->-1
ganymede:519228:519819 [0] NCCL INFO P2P Chunksize set to 131072
ganymede:519228:521970 [0] NCCL INFO [Proxy Service UDS] Device 0 CPU core 0
ganymede:519228:521969 [0] NCCL INFO [Proxy Service] Device 0 CPU core 4
ganymede:519228:519819 [0] NCCL INFO threadThresholds 8/8/64 | 16/8/64 | 512 | 512
ganymede:519228:519819 [0] NCCL INFO 2 coll channels, 2 collnet channels, 0 nvls channels, 2 p2p channels, 2 p2p channels per peer
ganymede:519228:519819 [0] NCCL INFO ncclCommInitRank comm 0x7bfe78007420 rank 1 nranks 2 cudaDev 0 nvmlDev 0 busId d000 commId 0x4c5272ff84085ac0 - Init COMPLETE
ganymede:519228:519819 [0] NCCL INFO Init timings - ncclCommInitRank: rank 1 nranks 2 total 0.02 (kernels 0.00, alloc 0.00, bootstrap 0.00, allgathers 0.00, topo 0.00, graphs 0.00, connections 0.00, rest 0.00)
ganymede:519228:521969 [0] NCCL INFO New proxy recv connection 0 from local rank 0, transport 2
ganymede:519228:521972 [0] NCCL INFO Connected to proxy localRank 0 -> connection 0x7bfb74004f40
ganymede:519228:521972 [0] NCCL INFO Channel 00/1 : 0[0] -> 1[0] [receive] via NET/Socket/0/Shared
ganymede:519228:521973 [0] NCCL INFO [Proxy Progress] Device 0 CPU core 6
ganymede:519228:521969 [0] NCCL INFO New proxy recv connection 1 from local rank 0, transport 2
ganymede:519228:521972 [0] NCCL INFO Connected to proxy localRank 0 -> connection 0x7bfb74004fb8
ganymede:519228:521972 [0] NCCL INFO Channel 01/1 : 0[0] -> 1[0] [receive] via NET/Socket/0/Shared
