uranus:113710:113710 [1] NCCL INFO cudaDriverVersion 13020
uranus:113710:113710 [1] NCCL INFO NCCL_SOCKET_IFNAME set to enp160s0f0np0
uranus:113710:113710 [1] NCCL INFO NCCL version 2.27.5+cuda12.9
uranus:113710:113710 [1] NCCL INFO NET/Plugin: Could not find: libnccl-net.so. 
uranus:113710:113710 [1] NCCL INFO NET/Socket : Using [0]enp160s0f0np0:10.1.0.5<0>
uranus:113710:113710 [1] NCCL INFO Initialized NET plugin Socket
uranus:113710:113710 [1] NCCL INFO Assigned NET plugin Socket to comm
uranus:113710:113710 [1] NCCL INFO Using network Socket
uranus:113710:113710 [1] NCCL INFO ncclCommInitRank comm 0x5b55a620f2d0 rank 1 nranks 2 cudaDev 1 nvmlDev 1 busId 61000 commId 0xed58a752584aa7c0 - Init START
uranus:113710:113710 [1] NCCL INFO RAS client listening socket at 127.0.0.1<28028>
uranus:113710:113710 [1] NCCL INFO NET/Socket : GPU Direct RDMA Disabled for HCA 0 'enp160s0f0np0'
uranus:113710:113710 [1] NCCL INFO Setting affinity for GPU 1 to 0,2,4,6,64,66,68,70
uranus:113710:113710 [1] NCCL INFO comm 0x5b55a620f2d0 rank 1 nRanks 2 nNodes 1 localRanks 2 localRank 1 MNNVL 0
uranus:113710:113710 [1] NCCL INFO Trees [0] -1/-1/-1->1->0 [1] -1/-1/-1->1->0
uranus:113710:113710 [1] NCCL INFO P2P Chunksize set to 131072
uranus:113710:113710 [1] NCCL INFO PROFILER/Plugin: Could not find: libnccl-profiler.so. 
uranus:113710:113919 [1] NCCL INFO [Proxy Service UDS] Device 1 CPU core 0
uranus:113710:113917 [1] NCCL INFO [Proxy Service] Device 1 CPU core 2
uranus:113710:113710 [1] NCCL INFO threadThresholds 8/8/64 | 16/8/64 | 512 | 512
uranus:113710:113710 [1] NCCL INFO 2 coll channels, 2 collnet channels, 0 nvls channels, 2 p2p channels, 2 p2p channels per peer
uranus:113710:113710 [1] NCCL INFO TUNER/Plugin: Could not find: libnccl-tuner.so. Using internal tuner plugin.
uranus:113710:113710 [1] NCCL INFO ncclCommInitRank comm 0x5b55a620f2d0 rank 1 nranks 2 cudaDev 1 nvmlDev 1 busId 61000 commId 0xed58a752584aa7c0 - Init COMPLETE
uranus:113710:113710 [1] NCCL INFO Init timings - ncclCommInitRank: rank 1 nranks 2 total 0.48 (kernels 0.42, alloc 0.01, bootstrap 0.00, allgathers 0.01, topo 0.01, graphs 0.00, connections 0.00, rest 0.02)
uranus:113710:113917 [1] NCCL INFO New proxy recv connection 0 from local rank 1, transport 1
uranus:113710:113921 [1] NCCL INFO Connected to proxy localRank 1 -> connection 0x78ef80004f40
uranus:113710:113917 [1] NCCL INFO New proxy recv connection 1 from local rank 1, transport 1
uranus:113710:113921 [1] NCCL INFO Connected to proxy localRank 1 -> connection 0x78ef80004fb8
uranus:113710:113917 [1] NCCL INFO New proxy send connection 2 from local rank 1, transport 1
uranus:113710:113921 [1] NCCL INFO Connected to proxy localRank 1 -> connection 0x78ef80005030
uranus:113710:113921 [1] NCCL INFO Channel 00 : 1[1] -> 0[0] via SHM/direct/direct
uranus:113710:113917 [1] NCCL INFO New proxy send connection 3 from local rank 1, transport 1
uranus:113710:113921 [1] NCCL INFO Connected to proxy localRank 1 -> connection 0x78ef800050a8
uranus:113710:113921 [1] NCCL INFO Channel 01 : 1[1] -> 0[0] via SHM/direct/direct
uranus:113710:113917 [1] NCCL INFO New proxy send connection 4 from local rank 0, transport 0
uranus:113710:113921 [1] NCCL INFO Connected to proxy localRank 0 -> connection 0x7cbc80005120
uranus:113710:113921 [1] NCCL INFO Connected all rings, use ring PXN 0 GDR 1
