[NVGPUFREQ][INFO] The spank nvgpufreq plugin has been loaded!
[NVGPUFREQ][ERROR] Failed to retrive the job ID from slurmctld! Exit!
host=uranus node_group=uranus role=prefill instance_id=primary mode=reset
scheduled_gpu=l40s scheduled_freq_mhz=210 gpu_id=0
gpu_clock_control_mode=manual
gpu_startup_clock_mode=max
defer_instance_telemetry_until_ready=true
clock_ack_mode=monitor
tensor_parallel_size=2
max_num_seqs=32
max_model_len=4096 max_num_batched_tokens=4096
node_ip=10.1.0.5 peer_ip=10.1.0.3 interface=enp160s0f0np0
CUDA_VISIBLE_DEVICES=0,1
enp160s0f0np0    UP             10.1.0.5/16 fe80::6e92:cfff:fe5e:da60/64 
10.1.0.3 dev enp160s0f0np0 src 10.1.0.5 uid 10271 
    cache 
link_speed_mbps=100000
link_mtu=1500
index, name, memory.total [MiB], driver_version
0, NVIDIA L40S, 46068 MiB, 595.71.05
1, NVIDIA L40S, 46068 MiB, 595.71.05
2, NVIDIA L40S, 46068 MiB, 595.71.05
3, NVIDIA L40S, 46068 MiB, 595.71.05
parent_reset_step=true host=uranus gpu_ids=0,1 rec_freq_mhz=210
reset_command_initial=sudo_nvidia_smi_rgc
All done.
All done.
