neptune:3168372:3170147 [0] NCCL INFO NCCL_SOCKET_IFNAME set to enp160s0f0np0
neptune:3168372:3170147 [0] NCCL INFO cudaDriverVersion 13020
neptune:3168372:3170147 [0] NCCL INFO NCCL version 2.27.5+cuda12.9
neptune:3168372:3170147 [0] NCCL INFO NET/Plugin: Could not find: libnccl-net.so. 
neptune:3168372:3170147 [0] NCCL INFO NET/Socket : Using [0]enp160s0f0np0:10.1.0.6<0>
neptune:3168372:3170147 [0] NCCL INFO Initialized NET plugin Socket
neptune:3168372:3170147 [0] NCCL INFO Assigned NET plugin Socket to comm
neptune:3168372:3170147 [0] NCCL INFO Using network Socket
neptune:3168372:3170147 [0] NCCL INFO ncclCommInitRank comm 0x75dddc02f1b0 rank 0 nranks 2 cudaDev 0 nvmlDev 1 busId 61000 commId 0xb012f4058f0c6dd4 - Init START
neptune:3168372:3170147 [0] NCCL INFO RAS client listening socket at 127.0.0.1<28028>
neptune:3168372:3170147 [0] NCCL INFO NET/Socket : GPU Direct RDMA Disabled for HCA 0 'enp160s0f0np0'
neptune:3168372:3170147 [0] NCCL INFO Setting affinity for GPU 1 to 8,10,12,14,72,74,76,78
neptune:3168372:3170147 [0] NCCL INFO comm 0x75dddc02f1b0 rank 0 nRanks 2 nNodes 2 localRanks 1 localRank 0 MNNVL 0
neptune:3168372:3170147 [0] NCCL INFO Channel 00/16 : 0 1
neptune:3168372:3170147 [0] NCCL INFO Channel 01/16 : 0 1
neptune:3168372:3170147 [0] NCCL INFO Channel 02/16 : 0 1
neptune:3168372:3170147 [0] NCCL INFO Channel 03/16 : 0 1
neptune:3168372:3170147 [0] NCCL INFO Channel 04/16 : 0 1
neptune:3168372:3170147 [0] NCCL INFO Channel 05/16 : 0 1
neptune:3168372:3170147 [0] NCCL INFO Channel 06/16 : 0 1
neptune:3168372:3170147 [0] NCCL INFO Channel 07/16 : 0 1
neptune:3168372:3170147 [0] NCCL INFO Channel 08/16 : 0 1
neptune:3168372:3170147 [0] NCCL INFO Channel 09/16 : 0 1
neptune:3168372:3170147 [0] NCCL INFO Channel 10/16 : 0 1
neptune:3168372:3170147 [0] NCCL INFO Channel 11/16 : 0 1
neptune:3168372:3170147 [0] NCCL INFO Channel 12/16 : 0 1
neptune:3168372:3170147 [0] NCCL INFO Channel 13/16 : 0 1
neptune:3168372:3170147 [0] NCCL INFO Channel 14/16 : 0 1
neptune:3168372:3170147 [0] NCCL INFO Channel 15/16 : 0 1
neptune:3168372:3170147 [0] NCCL INFO Trees [0] 1/-1/-1->0->-1 [1] -1/-1/-1->0->1 [2] 1/-1/-1->0->-1 [3] -1/-1/-1->0->1 [4] 1/-1/-1->0->-1 [5] -1/-1/-1->0->1 [6] 1/-1/-1->0->-1 [7] -1/-1/-1->0->1 [8] 1/-1/-1->0->-1 [9] -1/-1/-1->0->1 [10] 1/-1/-1->0->-1 [11] -1/-1/-1->0->1 [12] 1/-1/-1->0->-1 [13] -1/-1/-1->0->1 [14] 1/-1/-1->0->-1 [15] -1/-1/-1->0->1
neptune:3168372:3170147 [0] NCCL INFO P2P Chunksize set to 131072
neptune:3168372:3170147 [0] NCCL INFO PROFILER/Plugin: Could not find: libnccl-profiler.so. 
neptune:3168372:3170147 [0] NCCL INFO Check P2P Type isAllDirectP2p 0 directMode 0
neptune:3168372:3172441 [0] NCCL INFO [Proxy Service] Device 0 CPU core 74
neptune:3168372:3172442 [0] NCCL INFO [Proxy Service UDS] Device 0 CPU core 72
neptune:3168372:3170147 [0] NCCL INFO threadThresholds 8/8/64 | 16/8/64 | 512 | 512
neptune:3168372:3170147 [0] NCCL INFO 16 coll channels, 16 collnet channels, 0 nvls channels, 16 p2p channels, 2 p2p channels per peer
neptune:3168372:3170147 [0] NCCL INFO CC Off, workFifoBytes 1048576
neptune:3168372:3170147 [0] NCCL INFO TUNER/Plugin: Could not find: libnccl-tuner.so. Using internal tuner plugin.
neptune:3168372:3170147 [0] NCCL INFO ncclCommInitRank comm 0x75dddc02f1b0 rank 0 nranks 2 cudaDev 0 nvmlDev 1 busId 61000 commId 0xb012f4058f0c6dd4 - Init COMPLETE
neptune:3168372:3170147 [0] NCCL INFO Init timings - ncclCommInitRank: rank 0 nranks 2 total 0.21 (kernels 0.17, alloc 0.02, bootstrap 0.00, allgathers 0.00, topo 0.01, graphs 0.00, connections 0.01, rest 0.00)
neptune:3168372:3172441 [0] NCCL INFO New proxy send connection 0 from local rank 0, transport 2
neptune:3168372:3172443 [0] NCCL INFO Connected to proxy localRank 0 -> connection 0x75cff8004f60
neptune:3168372:3172443 [0] NCCL INFO Channel 01/1 : 0[1] -> 1[3] [send] via NET/Socket/0/Shared
neptune:3168372:3172441 [0] NCCL INFO New proxy send connection 1 from local rank 0, transport 2
neptune:3168372:3172443 [0] NCCL INFO Connected to proxy localRank 0 -> connection 0x75cff8004fd8
neptune:3168372:3172444 [0] NCCL INFO [Proxy Progress] Device 0 CPU core 72
neptune:3168372:3172443 [0] NCCL INFO Channel 09/1 : 0[1] -> 1[3] [send] via NET/Socket/0/Shared
neptune:3168372:3170147 [0] NCCL INFO Assigned NET plugin Socket to comm
neptune:3168372:3170147 [0] NCCL INFO Using network Socket
neptune:3168372:3170147 [0] NCCL INFO ncclCommInitRank comm 0x75dddfd625c0 rank 0 nranks 2 cudaDev 0 nvmlDev 1 busId 61000 commId 0x4bcb92a5877278ad - Init START
neptune:3168372:3170147 [0] NCCL INFO NET/Socket : GPU Direct RDMA Disabled for HCA 0 'enp160s0f0np0'
neptune:3168372:3170147 [0] NCCL INFO Setting affinity for GPU 1 to 8,10,12,14,72,74,76,78
neptune:3168372:3170147 [0] NCCL INFO comm 0x75dddfd625c0 rank 0 nRanks 2 nNodes 2 localRanks 1 localRank 0 MNNVL 0
neptune:3168372:3170147 [0] NCCL INFO Channel 00/16 : 0 1
neptune:3168372:3170147 [0] NCCL INFO Channel 01/16 : 0 1
neptune:3168372:3170147 [0] NCCL INFO Channel 02/16 : 0 1
neptune:3168372:3170147 [0] NCCL INFO Channel 03/16 : 0 1
neptune:3168372:3170147 [0] NCCL INFO Channel 04/16 : 0 1
neptune:3168372:3170147 [0] NCCL INFO Channel 05/16 : 0 1
neptune:3168372:3170147 [0] NCCL INFO Channel 06/16 : 0 1
neptune:3168372:3170147 [0] NCCL INFO Channel 07/16 : 0 1
neptune:3168372:3170147 [0] NCCL INFO Channel 08/16 : 0 1
neptune:3168372:3170147 [0] NCCL INFO Channel 09/16 : 0 1
neptune:3168372:3170147 [0] NCCL INFO Channel 10/16 : 0 1
neptune:3168372:3170147 [0] NCCL INFO Channel 11/16 : 0 1
neptune:3168372:3170147 [0] NCCL INFO Channel 12/16 : 0 1
neptune:3168372:3170147 [0] NCCL INFO Channel 13/16 : 0 1
neptune:3168372:3170147 [0] NCCL INFO Channel 14/16 : 0 1
neptune:3168372:3170147 [0] NCCL INFO Channel 15/16 : 0 1
neptune:3168372:3170147 [0] NCCL INFO Trees [0] 1/-1/-1->0->-1 [1] -1/-1/-1->0->1 [2] 1/-1/-1->0->-1 [3] -1/-1/-1->0->1 [4] 1/-1/-1->0->-1 [5] -1/-1/-1->0->1 [6] 1/-1/-1->0->-1 [7] -1/-1/-1->0->1 [8] 1/-1/-1->0->-1 [9] -1/-1/-1->0->1 [10] 1/-1/-1->0->-1 [11] -1/-1/-1->0->1 [12] 1/-1/-1->0->-1 [13] -1/-1/-1->0->1 [14] 1/-1/-1->0->-1 [15] -1/-1/-1->0->1
neptune:3168372:3170147 [0] NCCL INFO P2P Chunksize set to 131072
neptune:3168372:3170147 [0] NCCL INFO Check P2P Type isAllDirectP2p 0 directMode 0
neptune:3168372:3172519 [0] NCCL INFO [Proxy Service] Device 0 CPU core 10
neptune:3168372:3172520 [0] NCCL INFO [Proxy Service UDS] Device 0 CPU core 76
neptune:3168372:3170147 [0] NCCL INFO threadThresholds 8/8/64 | 16/8/64 | 512 | 512
neptune:3168372:3170147 [0] NCCL INFO 16 coll channels, 16 collnet channels, 0 nvls channels, 16 p2p channels, 2 p2p channels per peer
neptune:3168372:3170147 [0] NCCL INFO CC Off, workFifoBytes 1048576
neptune:3168372:3170147 [0] NCCL INFO ncclCommInitRank comm 0x75dddfd625c0 rank 0 nranks 2 cudaDev 0 nvmlDev 1 busId 61000 commId 0x4bcb92a5877278ad - Init COMPLETE
neptune:3168372:3170147 [0] NCCL INFO Init timings - ncclCommInitRank: rank 0 nranks 2 total 0.03 (kernels 0.00, alloc 0.00, bootstrap 0.01, allgathers 0.00, topo 0.01, graphs 0.00, connections 0.01, rest 0.00)
neptune:3168372:3172519 [0] NCCL INFO New proxy send connection 0 from local rank 0, transport 2
neptune:3168372:3172530 [0] NCCL INFO [Proxy Progress] Device 0 CPU core 74
neptune:3168372:3172521 [0] NCCL INFO Connected to proxy localRank 0 -> connection 0x75cfa8004f40
neptune:3168372:3172521 [0] NCCL INFO Channel 01/1 : 0[1] -> 1[1] [send] via NET/Socket/0/Shared
neptune:3168372:3172519 [0] NCCL INFO New proxy send connection 1 from local rank 0, transport 2
neptune:3168372:3172521 [0] NCCL INFO Connected to proxy localRank 0 -> connection 0x75cfa8004fb8
neptune:3168372:3172521 [0] NCCL INFO Channel 09/1 : 0[1] -> 1[1] [send] via NET/Socket/0/Shared
neptune:3168372:3170147 [0] NCCL INFO Assigned NET plugin Socket to comm
neptune:3168372:3170147 [0] NCCL INFO Using network Socket
neptune:3168372:3170147 [0] NCCL INFO ncclCommInitRank comm 0x75cf8c02e570 rank 0 nranks 2 cudaDev 0 nvmlDev 1 busId 61000 commId 0xb257fae8271ecc9f - Init START
neptune:3168372:3170147 [0] NCCL INFO NET/Socket : GPU Direct RDMA Disabled for HCA 0 'enp160s0f0np0'
neptune:3168372:3170147 [0] NCCL INFO Setting affinity for GPU 1 to 8,10,12,14,72,74,76,78
neptune:3168372:3170147 [0] NCCL INFO comm 0x75cf8c02e570 rank 0 nRanks 2 nNodes 2 localRanks 1 localRank 0 MNNVL 0
neptune:3168372:3170147 [0] NCCL INFO Channel 00/16 : 0 1
neptune:3168372:3170147 [0] NCCL INFO Channel 01/16 : 0 1
neptune:3168372:3170147 [0] NCCL INFO Channel 02/16 : 0 1
neptune:3168372:3170147 [0] NCCL INFO Channel 03/16 : 0 1
neptune:3168372:3170147 [0] NCCL INFO Channel 04/16 : 0 1
neptune:3168372:3170147 [0] NCCL INFO Channel 05/16 : 0 1
neptune:3168372:3170147 [0] NCCL INFO Channel 06/16 : 0 1
neptune:3168372:3170147 [0] NCCL INFO Channel 07/16 : 0 1
neptune:3168372:3170147 [0] NCCL INFO Channel 08/16 : 0 1
neptune:3168372:3170147 [0] NCCL INFO Channel 09/16 : 0 1
neptune:3168372:3170147 [0] NCCL INFO Channel 10/16 : 0 1
neptune:3168372:3170147 [0] NCCL INFO Channel 11/16 : 0 1
neptune:3168372:3170147 [0] NCCL INFO Channel 12/16 : 0 1
neptune:3168372:3170147 [0] NCCL INFO Channel 13/16 : 0 1
neptune:3168372:3170147 [0] NCCL INFO Channel 14/16 : 0 1
neptune:3168372:3170147 [0] NCCL INFO Channel 15/16 : 0 1
neptune:3168372:3170147 [0] NCCL INFO Trees [0] 1/-1/-1->0->-1 [1] -1/-1/-1->0->1 [2] 1/-1/-1->0->-1 [3] -1/-1/-1->0->1 [4] 1/-1/-1->0->-1 [5] -1/-1/-1->0->1 [6] 1/-1/-1->0->-1 [7] -1/-1/-1->0->1 [8] 1/-1/-1->0->-1 [9] -1/-1/-1->0->1 [10] 1/-1/-1->0->-1 [11] -1/-1/-1->0->1 [12] 1/-1/-1->0->-1 [13] -1/-1/-1->0->1 [14] 1/-1/-1->0->-1 [15] -1/-1/-1->0->1
neptune:3168372:3170147 [0] NCCL INFO P2P Chunksize set to 131072
neptune:3168372:3170147 [0] NCCL INFO Check P2P Type isAllDirectP2p 0 directMode 0
neptune:3168372:3180868 [0] NCCL INFO [Proxy Service] Device 0 CPU core 10
neptune:3168372:3180869 [0] NCCL INFO [Proxy Service UDS] Device 0 CPU core 12
neptune:3168372:3170147 [0] NCCL INFO threadThresholds 8/8/64 | 16/8/64 | 512 | 512
neptune:3168372:3170147 [0] NCCL INFO 16 coll channels, 16 collnet channels, 0 nvls channels, 16 p2p channels, 2 p2p channels per peer
neptune:3168372:3170147 [0] NCCL INFO CC Off, workFifoBytes 1048576
neptune:3168372:3170147 [0] NCCL INFO ncclCommInitRank comm 0x75cf8c02e570 rank 0 nranks 2 cudaDev 0 nvmlDev 1 busId 61000 commId 0xb257fae8271ecc9f - Init COMPLETE
neptune:3168372:3170147 [0] NCCL INFO Init timings - ncclCommInitRank: rank 0 nranks 2 total 0.05 (kernels 0.00, alloc 0.00, bootstrap 0.01, allgathers 0.01, topo 0.01, graphs 0.00, connections 0.03, rest 0.00)
neptune:3168372:3180868 [0] NCCL INFO New proxy send connection 0 from local rank 0, transport 2
neptune:3168372:3180870 [0] NCCL INFO Connected to proxy localRank 0 -> connection 0x75cfa4004c00
neptune:3168372:3180870 [0] NCCL INFO Channel 01/1 : 0[1] -> 1[2] [send] via NET/Socket/0/Shared
neptune:3168372:3180868 [0] NCCL INFO New proxy send connection 1 from local rank 0, transport 2
neptune:3168372:3180874 [0] NCCL INFO [Proxy Progress] Device 0 CPU core 72
neptune:3168372:3180870 [0] NCCL INFO Connected to proxy localRank 0 -> connection 0x75cfa4004c78
neptune:3168372:3180870 [0] NCCL INFO Channel 09/1 : 0[1] -> 1[2] [send] via NET/Socket/0/Shared
neptune:3168372:3170147 [0] NCCL INFO Assigned NET plugin Socket to comm
neptune:3168372:3170147 [0] NCCL INFO Using network Socket
neptune:3168372:3170147 [0] NCCL INFO ncclCommInitRank comm 0x75cf8c275d40 rank 0 nranks 2 cudaDev 0 nvmlDev 1 busId 61000 commId 0x7da34a29fb2e2a96 - Init START
neptune:3168372:3170147 [0] NCCL INFO NET/Socket : GPU Direct RDMA Disabled for HCA 0 'enp160s0f0np0'
neptune:3168372:3170147 [0] NCCL INFO Setting affinity for GPU 1 to 8,10,12,14,72,74,76,78
neptune:3168372:3170147 [0] NCCL INFO comm 0x75cf8c275d40 rank 0 nRanks 2 nNodes 2 localRanks 1 localRank 0 MNNVL 0
neptune:3168372:3170147 [0] NCCL INFO Channel 00/16 : 0 1
neptune:3168372:3170147 [0] NCCL INFO Channel 01/16 : 0 1
neptune:3168372:3170147 [0] NCCL INFO Channel 02/16 : 0 1
neptune:3168372:3170147 [0] NCCL INFO Channel 03/16 : 0 1
neptune:3168372:3170147 [0] NCCL INFO Channel 04/16 : 0 1
neptune:3168372:3170147 [0] NCCL INFO Channel 05/16 : 0 1
neptune:3168372:3170147 [0] NCCL INFO Channel 06/16 : 0 1
neptune:3168372:3170147 [0] NCCL INFO Channel 07/16 : 0 1
neptune:3168372:3170147 [0] NCCL INFO Channel 08/16 : 0 1
neptune:3168372:3170147 [0] NCCL INFO Channel 09/16 : 0 1
neptune:3168372:3170147 [0] NCCL INFO Channel 10/16 : 0 1
neptune:3168372:3170147 [0] NCCL INFO Channel 11/16 : 0 1
neptune:3168372:3170147 [0] NCCL INFO Channel 12/16 : 0 1
neptune:3168372:3170147 [0] NCCL INFO Channel 13/16 : 0 1
neptune:3168372:3170147 [0] NCCL INFO Channel 14/16 : 0 1
neptune:3168372:3170147 [0] NCCL INFO Channel 15/16 : 0 1
neptune:3168372:3170147 [0] NCCL INFO Trees [0] 1/-1/-1->0->-1 [1] -1/-1/-1->0->1 [2] 1/-1/-1->0->-1 [3] -1/-1/-1->0->1 [4] 1/-1/-1->0->-1 [5] -1/-1/-1->0->1 [6] 1/-1/-1->0->-1 [7] -1/-1/-1->0->1 [8] 1/-1/-1->0->-1 [9] -1/-1/-1->0->1 [10] 1/-1/-1->0->-1 [11] -1/-1/-1->0->1 [12] 1/-1/-1->0->-1 [13] -1/-1/-1->0->1 [14] 1/-1/-1->0->-1 [15] -1/-1/-1->0->1
neptune:3168372:3170147 [0] NCCL INFO P2P Chunksize set to 131072
neptune:3168372:3170147 [0] NCCL INFO Check P2P Type isAllDirectP2p 0 directMode 0
neptune:3168372:3180904 [0] NCCL INFO [Proxy Service] Device 0 CPU core 10
neptune:3168372:3180905 [0] NCCL INFO [Proxy Service UDS] Device 0 CPU core 8
neptune:3168372:3170147 [0] NCCL INFO threadThresholds 8/8/64 | 16/8/64 | 512 | 512
neptune:3168372:3170147 [0] NCCL INFO 16 coll channels, 16 collnet channels, 0 nvls channels, 16 p2p channels, 2 p2p channels per peer
neptune:3168372:3170147 [0] NCCL INFO CC Off, workFifoBytes 1048576
neptune:3168372:3170147 [0] NCCL INFO ncclCommInitRank comm 0x75cf8c275d40 rank 0 nranks 2 cudaDev 0 nvmlDev 1 busId 61000 commId 0x7da34a29fb2e2a96 - Init COMPLETE
neptune:3168372:3170147 [0] NCCL INFO Init timings - ncclCommInitRank: rank 0 nranks 2 total 0.03 (kernels 0.00, alloc 0.00, bootstrap 0.00, allgathers 0.01, topo 0.00, graphs 0.00, connections 0.01, rest 0.00)
neptune:3168372:3180904 [0] NCCL INFO New proxy send connection 0 from local rank 0, transport 2
neptune:3168372:3180919 [0] NCCL INFO Connected to proxy localRank 0 -> connection 0x75cf88004c00
neptune:3168372:3180919 [0] NCCL INFO Channel 01/1 : 0[1] -> 1[0] [send] via NET/Socket/0/Shared
neptune:3168372:3180904 [0] NCCL INFO New proxy send connection 1 from local rank 0, transport 2
neptune:3168372:3180921 [0] NCCL INFO [Proxy Progress] Device 0 CPU core 78
neptune:3168372:3180919 [0] NCCL INFO Connected to proxy localRank 0 -> connection 0x75cf88004c78
neptune:3168372:3180919 [0] NCCL INFO Channel 09/1 : 0[1] -> 1[0] [send] via NET/Socket/0/Shared
