{
  "scope": "8 GPU board-power streams; excludes CPU, RAM, NIC, and fans",
  "power_source": "allocation_wide_multi_gpu_monitor",
  "gpu_stream_count": 8,
  "stream_metadata": {
    "ganymede_GPU-07e36d4f-3eca-a88d-1c31-445fc0d863e8": {
      "host": "ganymede",
      "gpu_uuid": "GPU-07e36d4f-3eca-a88d-1c31-445fc0d863e8",
      "gpu_index": "0",
      "source_file": "allocation_ganymede_power.csv"
    },
    "ganymede_GPU-1a75a85d-1f07-6519-507b-f1ff9def0ab9": {
      "host": "ganymede",
      "gpu_uuid": "GPU-1a75a85d-1f07-6519-507b-f1ff9def0ab9",
      "gpu_index": "1",
      "source_file": "allocation_ganymede_power.csv"
    },
    "ganymede_GPU-4c457bed-02f9-0e41-a2aa-223bc07a6d30": {
      "host": "ganymede",
      "gpu_uuid": "GPU-4c457bed-02f9-0e41-a2aa-223bc07a6d30",
      "gpu_index": "2",
      "source_file": "allocation_ganymede_power.csv"
    },
    "ganymede_GPU-4fcfdc09-de3b-156a-5d01-453f2b97235f": {
      "host": "ganymede",
      "gpu_uuid": "GPU-4fcfdc09-de3b-156a-5d01-453f2b97235f",
      "gpu_index": "3",
      "source_file": "allocation_ganymede_power.csv"
    },
    "neptune_GPU-35fd1bf9-5849-1263-ccc4-a5ccc837400f": {
      "host": "neptune",
      "gpu_uuid": "GPU-35fd1bf9-5849-1263-ccc4-a5ccc837400f",
      "gpu_index": "0",
      "source_file": "allocation_neptune_power.csv"
    },
    "neptune_GPU-a59fb458-a10d-49e3-c7e2-39daba72a66d": {
      "host": "neptune",
      "gpu_uuid": "GPU-a59fb458-a10d-49e3-c7e2-39daba72a66d",
      "gpu_index": "1",
      "source_file": "allocation_neptune_power.csv"
    },
    "neptune_GPU-ebc2e033-0d59-2451-884a-dfd75a4915e5": {
      "host": "neptune",
      "gpu_uuid": "GPU-ebc2e033-0d59-2451-884a-dfd75a4915e5",
      "gpu_index": "2",
      "source_file": "allocation_neptune_power.csv"
    },
    "neptune_GPU-5dbe54b5-dc6b-9e84-5431-1900a995efdc": {
      "host": "neptune",
      "gpu_uuid": "GPU-5dbe54b5-dc6b-9e84-5431-1900a995efdc",
      "gpu_index": "3",
      "source_file": "allocation_neptune_power.csv"
    }
  },
  "integration": "piecewise-linear trapezoidal integration",
  "sample_period_s": 0.5,
  "workloads": [
    {
      "seq": 1,
      "workload_id": "baseline_short",
      "start_unix_ts": 1785680854.3560257,
      "end_unix_ts": 1785680891.0233226,
      "duration_s": 36.66729688644409,
      "nodes": {
        "ganymede_GPU-07e36d4f-3eca-a88d-1c31-445fc0d863e8": {
          "energy_j": 1177.4644576532846,
          "energy_wh": 0.32707346045924574,
          "covered_s": 36.66729688644409
        },
        "ganymede_GPU-1a75a85d-1f07-6519-507b-f1ff9def0ab9": {
          "energy_j": 583.3389663878763,
          "energy_wh": 0.1620386017744101,
          "covered_s": 36.66729688644409
        },
        "ganymede_GPU-4c457bed-02f9-0e41-a2aa-223bc07a6d30": {
          "energy_j": 584.6098264237559,
          "energy_wh": 0.1623916184510433,
          "covered_s": 36.66729688644409
        },
        "ganymede_GPU-4fcfdc09-de3b-156a-5d01-453f2b97235f": {
          "energy_j": 607.5106747090815,
          "energy_wh": 0.1687529651969671,
          "covered_s": 36.66729688644409
        },
        "neptune_GPU-35fd1bf9-5849-1263-ccc4-a5ccc837400f": {
          "energy_j": 2249.503922171593,
          "energy_wh": 0.6248622006032203,
          "covered_s": 36.66729688644409
        },
        "neptune_GPU-a59fb458-a10d-49e3-c7e2-39daba72a66d": {
          "energy_j": 1176.6459961211688,
          "energy_wh": 0.326846110033658,
          "covered_s": 36.66729688644409
        },
        "neptune_GPU-ebc2e033-0d59-2451-884a-dfd75a4915e5": {
          "energy_j": 1157.9653871826354,
          "energy_wh": 0.32165705199517647,
          "covered_s": 36.66729688644409
        },
        "neptune_GPU-5dbe54b5-dc6b-9e84-5431-1900a995efdc": {
          "energy_j": 1155.289788944721,
          "energy_wh": 0.32091383026242254,
          "covered_s": 36.66729688644409
        }
      },
      "gpu_stream_count": 8,
      "covered_gpu_stream_count": 8,
      "min_gpu_coverage_ratio": 1.0,
      "gpu_coverage_ratio": {
        "ganymede_GPU-07e36d4f-3eca-a88d-1c31-445fc0d863e8": 1.0,
        "ganymede_GPU-1a75a85d-1f07-6519-507b-f1ff9def0ab9": 1.0,
        "ganymede_GPU-4c457bed-02f9-0e41-a2aa-223bc07a6d30": 1.0,
        "ganymede_GPU-4fcfdc09-de3b-156a-5d01-453f2b97235f": 1.0,
        "neptune_GPU-35fd1bf9-5849-1263-ccc4-a5ccc837400f": 1.0,
        "neptune_GPU-a59fb458-a10d-49e3-c7e2-39daba72a66d": 1.0,
        "neptune_GPU-ebc2e033-0d59-2451-884a-dfd75a4915e5": 1.0,
        "neptune_GPU-5dbe54b5-dc6b-9e84-5431-1900a995efdc": 1.0
      },
      "host_energy_j": {
        "ganymede": 2952.923925173998,
        "neptune": 5739.405094420119
      },
      "combined_energy_j": 8692.329019594115,
      "combined_energy_wh": 2.414535838776143,
      "combined_avg_power_w": 237.05944418301726,
      "successful_requests": 10,
      "energy_per_request_j": 869.2329019594115
    },
    {
      "seq": 2,
      "workload_id": "decode_scale_to_2",
      "start_unix_ts": 1785680955.691364,
      "end_unix_ts": 1785680981.5577018,
      "duration_s": 25.866337776184082,
      "nodes": {
        "ganymede_GPU-07e36d4f-3eca-a88d-1c31-445fc0d863e8": {
          "energy_j": 970.0688180181043,
          "energy_wh": 0.2694635605605845,
          "covered_s": 25.866337776184082
        },
        "ganymede_GPU-1a75a85d-1f07-6519-507b-f1ff9def0ab9": {
          "energy_j": 883.9834999731686,
          "energy_wh": 0.24555097221476904,
          "covered_s": 25.866337776184082
        },
        "ganymede_GPU-4c457bed-02f9-0e41-a2aa-223bc07a6d30": {
          "energy_j": 412.6425631032685,
          "energy_wh": 0.11462293419535237,
          "covered_s": 25.866337776184082
        },
        "ganymede_GPU-4fcfdc09-de3b-156a-5d01-453f2b97235f": {
          "energy_j": 428.9203038026607,
          "energy_wh": 0.11914452883407242,
          "covered_s": 25.866337776184082
        },
        "neptune_GPU-35fd1bf9-5849-1263-ccc4-a5ccc837400f": {
          "energy_j": 1815.0347539420716,
          "energy_wh": 0.5041763205394644,
          "covered_s": 25.866337776184082
        },
        "neptune_GPU-a59fb458-a10d-49e3-c7e2-39daba72a66d": {
          "energy_j": 825.2010099434857,
          "energy_wh": 0.22922250276207937,
          "covered_s": 25.866337776184082
        },
        "neptune_GPU-ebc2e033-0d59-2451-884a-dfd75a4915e5": {
          "energy_j": 816.6081428491202,
          "energy_wh": 0.22683559523586672,
          "covered_s": 25.866337776184082
        },
        "neptune_GPU-5dbe54b5-dc6b-9e84-5431-1900a995efdc": {
          "energy_j": 810.0575222553049,
          "energy_wh": 0.22501597840425136,
          "covered_s": 25.866337776184082
        }
      },
      "gpu_stream_count": 8,
      "covered_gpu_stream_count": 8,
      "min_gpu_coverage_ratio": 1.0,
      "gpu_coverage_ratio": {
        "ganymede_GPU-07e36d4f-3eca-a88d-1c31-445fc0d863e8": 1.0,
        "ganymede_GPU-1a75a85d-1f07-6519-507b-f1ff9def0ab9": 1.0,
        "ganymede_GPU-4c457bed-02f9-0e41-a2aa-223bc07a6d30": 1.0,
        "ganymede_GPU-4fcfdc09-de3b-156a-5d01-453f2b97235f": 1.0,
        "neptune_GPU-35fd1bf9-5849-1263-ccc4-a5ccc837400f": 1.0,
        "neptune_GPU-a59fb458-a10d-49e3-c7e2-39daba72a66d": 1.0,
        "neptune_GPU-ebc2e033-0d59-2451-884a-dfd75a4915e5": 1.0,
        "neptune_GPU-5dbe54b5-dc6b-9e84-5431-1900a995efdc": 1.0
      },
      "host_energy_j": {
        "ganymede": 2695.615184897202,
        "neptune": 4266.901428989982
      },
      "combined_energy_j": 6962.516613887185,
      "combined_energy_wh": 1.9340323927464402,
      "combined_avg_power_w": 269.1728792120616,
      "successful_requests": 80,
      "energy_per_request_j": 87.03145767358981
    }
  ],
  "telemetry_total": {
    "ganymede_GPU-07e36d4f-3eca-a88d-1c31-445fc0d863e8": {
      "energy_j": 6487.474704772238,
      "energy_wh": 1.8020763068811771,
      "covered_s": 273.22885608673096,
      "average_power_w": 23.743739214400254
    },
    "ganymede_GPU-1a75a85d-1f07-6519-507b-f1ff9def0ab9": {
      "energy_j": 5016.154799625869,
      "energy_wh": 1.393376333229408,
      "covered_s": 273.22885608673096,
      "average_power_w": 18.358803207936397
    },
    "ganymede_GPU-4c457bed-02f9-0e41-a2aa-223bc07a6d30": {
      "energy_j": 4355.31755132079,
      "energy_wh": 1.2098104309224416,
      "covered_s": 273.22885608673096,
      "average_power_w": 15.940181478995331
    },
    "ganymede_GPU-4fcfdc09-de3b-156a-5d01-453f2b97235f": {
      "energy_j": 4528.027391977312,
      "energy_wh": 1.2577853866603643,
      "covered_s": 273.22885608673096,
      "average_power_w": 16.572288362324297
    },
    "neptune_GPU-35fd1bf9-5849-1263-ccc4-a5ccc837400f": {
      "energy_j": 16402.194080568566,
      "energy_wh": 4.556165022380157,
      "covered_s": 273.27211904525757,
      "average_power_w": 60.021469214911534
    },
    "neptune_GPU-a59fb458-a10d-49e3-c7e2-39daba72a66d": {
      "energy_j": 8728.994232326753,
      "energy_wh": 2.4247206200907647,
      "covered_s": 273.27211904525757,
      "average_power_w": 31.942498425465473
    },
    "neptune_GPU-ebc2e033-0d59-2451-884a-dfd75a4915e5": {
      "energy_j": 8636.748117841484,
      "energy_wh": 2.399096699400412,
      "covered_s": 273.27211904525757,
      "average_power_w": 31.604937042300758
    },
    "neptune_GPU-5dbe54b5-dc6b-9e84-5431-1900a995efdc": {
      "energy_j": 8566.614937392467,
      "energy_wh": 2.3796152603867964,
      "covered_s": 273.27211904525757,
      "average_power_w": 31.34829475953132
    }
  },
  "host_total_energy_j": {
    "ganymede": 20386.974447696208,
    "neptune": 42334.551368129265
  },
  "telemetry_total_energy_j": 62721.52581582547,
  "telemetry_total_energy_wh": 17.42264605995152,
  "reset_probe_energy_j": 2138.222965254784,
  "reset_probe_energy_wh": 0.5939508236818845,
  "total_recorded_gpu_energy_j": 64859.748781080256,
  "total_recorded_gpu_energy_wh": 18.016596883633405
}
