{
  "slo": {
    "ttft_ms": 500.0,
    "tpot_ms": 200.0
  },
  "saturation_definition": "inconclusive for fixed-count finite-rate Poisson windows; throughput ratio includes arrival spacing and tail drain",
  "power_scope": "8 GPU board-power streams; excludes CPU, RAM, NIC, and fans",
  "power_source": "allocation_wide_multi_gpu_monitor",
  "gpu_stream_count": 8,
  "workloads": [
    {
      "workload": {
        "seq": 1,
        "workload_id": "baseline_short",
        "input_len": 32,
        "output_len": 32,
        "configured_request_rate_rps": 1.0,
        "decision_status": "OK",
        "decision_mode": "safe_min_power",
        "num_candidates": 100,
        "num_safe": 90
      },
      "decision": {
        "status": "OK",
        "decision_mode": "safe_min_power",
        "policy": "latency_plus_saturation",
        "placement": "l40s-prefill-l4-decode",
        "workload": {
          "il": 32,
          "ol": 32,
          "rate": 1.0
        },
        "instances": {
          "prefill": 1,
          "decode": 1
        },
        "slos": {
          "ttft_ms": 500,
          "tpot_ms": 200
        },
        "kv_transfer_model": {
          "enabled": true,
          "formula": "T_kv = input_tokens * (2 * layers * num_kv_heads * head_dim * bytes_per_element) * 8 / effective_bandwidth_gbps",
          "ttft_formula": "predicted_p99_ttft = predicted_p99_queue_plus_prefill + T_kv + T_dispatch",
          "input_tokens": 32,
          "num_layers": 32,
          "num_kv_heads": 8,
          "head_dim": 128,
          "bytes_per_element": 2,
          "kv_bytes_per_token": 131072,
          "kv_total_bytes": 4194304,
          "effective_bandwidth_gbps": 24.076,
          "kv_transfer_ms": 1.393688,
          "dispatch_ms": 0.0
        },
        "saturation_threshold": 0.3,
        "tp_per_role": 1,
        "recommended": {
          "prefill": {
            "phase": "prefill",
            "gpu_type": "l40s",
            "node_group": "neptune",
            "tp": 1,
            "freq_mhz": 480,
            "rec_freq_mhz": 480,
            "is_safe": true,
            "p_violate": 0.0047,
            "rho_phase": 0.0309,
            "rho_total": 0.0402,
            "latency_ms": 112.4,
            "power_per_gpu_w": 104.9,
            "total_power_w": 104.9,
            "p99_ttft_ms": 113.8,
            "p_saturated": 0.024298,
            "p_saturated_min": 0.016867,
            "p_saturated_max": 0.035167,
            "saturation_threshold": 0.3,
            "saturation_safe": true,
            "per_seed": [
              {
                "seed": 3,
                "probability": 0.035167
              },
              {
                "seed": 7,
                "probability": 0.020341
              },
              {
                "seed": 11,
                "probability": 0.016867
              },
              {
                "seed": 19,
                "probability": 0.030239
              },
              {
                "seed": 23,
                "probability": 0.018878
              }
            ],
            "instance_count": 1,
            "effective_request_rate_per_instance": 1.0,
            "p99_queue_plus_prefill_ms": 112.4,
            "kv_transfer_ms": 1.393688,
            "dispatch_ms": 0.0,
            "ttft_components_ms": {
              "queue_plus_prefill": 112.4,
              "kv_transfer": 1.393688,
              "dispatch": 0.0,
              "total": 113.8
            }
          },
          "decode": {
            "phase": "decode",
            "gpu_type": "l4",
            "node_group": "ganymede",
            "tp": 1,
            "freq_mhz": 360,
            "rec_freq_mhz": 360,
            "is_safe": true,
            "p_violate": 0.0711,
            "rho_phase": 0.0098,
            "rho_total": 0.0426,
            "latency_ms": 154.4,
            "power_per_gpu_w": 42.9,
            "total_power_w": 42.9,
            "p99_tpot_ms": 154.4,
            "p_saturated": 0.079869,
            "p_saturated_min": 0.072337,
            "p_saturated_max": 0.084664,
            "saturation_threshold": 0.3,
            "saturation_safe": true,
            "per_seed": [
              {
                "seed": 3,
                "probability": 0.081018
              },
              {
                "seed": 7,
                "probability": 0.076868
              },
              {
                "seed": 11,
                "probability": 0.084664
              },
              {
                "seed": 19,
                "probability": 0.084456
              },
              {
                "seed": 23,
                "probability": 0.072337
              }
            ],
            "instance_count": 1,
            "effective_request_rate_per_instance": 1.0
          },
          "latency_safe": true,
          "saturation_safe": true,
          "is_safe": true,
          "predicted_joint_latency_violation_probability": 0.075466,
          "predicted_joint_saturation_probability": 0.102226,
          "predicted_overload_violation_probability": 0.169978,
          "predicted_ttft_excess_ratio": 0.0,
          "predicted_tpot_excess_ratio": 0.0,
          "predicted_max_slo_excess_ratio": 0.0,
          "predicted_cluster_power_w": 147.8,
          "predicted_energy_per_request_j": 147.8
        },
        "alternatives": [
          {
            "prefill": {
              "phase": "prefill",
              "gpu_type": "l40s",
              "node_group": "neptune",
              "tp": 1,
              "freq_mhz": 480,
              "rec_freq_mhz": 480,
              "is_safe": true,
              "p_violate": 0.0047,
              "rho_phase": 0.0309,
              "rho_total": 0.0402,
              "latency_ms": 112.4,
              "power_per_gpu_w": 104.9,
              "total_power_w": 104.9,
              "p99_ttft_ms": 113.8,
              "p_saturated": 0.024298,
              "p_saturated_min": 0.016867,
              "p_saturated_max": 0.035167,
              "saturation_threshold": 0.3,
              "saturation_safe": true,
              "per_seed": [
                {
                  "seed": 3,
                  "probability": 0.035167
                },
                {
                  "seed": 7,
                  "probability": 0.020341
                },
                {
                  "seed": 11,
                  "probability": 0.016867
                },
                {
                  "seed": 19,
                  "probability": 0.030239
                },
                {
                  "seed": 23,
                  "probability": 0.018878
                }
              ],
              "instance_count": 1,
              "effective_request_rate_per_instance": 1.0,
              "p99_queue_plus_prefill_ms": 112.4,
              "kv_transfer_ms": 1.393688,
              "dispatch_ms": 0.0,
              "ttft_components_ms": {
                "queue_plus_prefill": 112.4,
                "kv_transfer": 1.393688,
                "dispatch": 0.0,
                "total": 113.8
              }
            },
            "decode": {
              "phase": "decode",
              "gpu_type": "l4",
              "node_group": "ganymede",
              "tp": 1,
              "freq_mhz": 570,
              "rec_freq_mhz": 570,
              "is_safe": true,
              "p_violate": 0.0037,
              "rho_phase": 0.0116,
              "rho_total": 0.0503,
              "latency_ms": 151.6,
              "power_per_gpu_w": 43.1,
              "total_power_w": 43.1,
              "p99_tpot_ms": 151.6,
              "p_saturated": 0.076707,
              "p_saturated_min": 0.072337,
              "p_saturated_max": 0.084456,
              "saturation_threshold": 0.3,
              "saturation_safe": true,
              "per_seed": [
                {
                  "seed": 3,
                  "probability": 0.076162
                },
                {
                  "seed": 7,
                  "probability": 0.076868
                },
                {
                  "seed": 11,
                  "probability": 0.073713
                },
                {
                  "seed": 19,
                  "probability": 0.084456
                },
                {
                  "seed": 23,
                  "probability": 0.072337
                }
              ],
              "instance_count": 1,
              "effective_request_rate_per_instance": 1.0
            },
            "latency_safe": true,
            "saturation_safe": true,
            "is_safe": true,
            "predicted_joint_latency_violation_probability": 0.008383,
            "predicted_joint_saturation_probability": 0.099141,
            "predicted_overload_violation_probability": 0.106693,
            "predicted_ttft_excess_ratio": 0.0,
            "predicted_tpot_excess_ratio": 0.0,
            "predicted_max_slo_excess_ratio": 0.0,
            "predicted_cluster_power_w": 148.0,
            "predicted_energy_per_request_j": 148.0
          },
          {
            "prefill": {
              "phase": "prefill",
              "gpu_type": "l40s",
              "node_group": "neptune",
              "tp": 1,
              "freq_mhz": 210,
              "rec_freq_mhz": 210,
              "is_safe": true,
              "p_violate": 0.0232,
              "rho_phase": 0.0518,
              "rho_total": 0.0673,
              "latency_ms": 135.9,
              "power_per_gpu_w": 105.7,
              "total_power_w": 105.7,
              "p99_ttft_ms": 137.3,
              "p_saturated": 0.108784,
              "p_saturated_min": 0.065579,
              "p_saturated_max": 0.231864,
              "saturation_threshold": 0.3,
              "saturation_safe": true,
              "per_seed": [
                {
                  "seed": 3,
                  "probability": 0.091974
                },
                {
                  "seed": 7,
                  "probability": 0.231864
                },
                {
                  "seed": 11,
                  "probability": 0.083063
                },
                {
                  "seed": 19,
                  "probability": 0.065579
                },
                {
                  "seed": 23,
                  "probability": 0.071438
                }
              ],
              "instance_count": 1,
              "effective_request_rate_per_instance": 1.0,
              "p99_queue_plus_prefill_ms": 135.9,
              "kv_transfer_ms": 1.393688,
              "dispatch_ms": 0.0,
              "ttft_components_ms": {
                "queue_plus_prefill": 135.9,
                "kv_transfer": 1.393688,
                "dispatch": 0.0,
                "total": 137.3
              }
            },
            "decode": {
              "phase": "decode",
              "gpu_type": "l4",
              "node_group": "ganymede",
              "tp": 1,
              "freq_mhz": 360,
              "rec_freq_mhz": 360,
              "is_safe": true,
              "p_violate": 0.0711,
              "rho_phase": 0.0098,
              "rho_total": 0.0426,
              "latency_ms": 154.4,
              "power_per_gpu_w": 42.9,
              "total_power_w": 42.9,
              "p99_tpot_ms": 154.4,
              "p_saturated": 0.079869,
              "p_saturated_min": 0.072337,
              "p_saturated_max": 0.084664,
              "saturation_threshold": 0.3,
              "saturation_safe": true,
              "per_seed": [
                {
                  "seed": 3,
                  "probability": 0.081018
                },
                {
                  "seed": 7,
                  "probability": 0.076868
                },
                {
                  "seed": 11,
                  "probability": 0.084664
                },
                {
                  "seed": 19,
                  "probability": 0.084456
                },
                {
                  "seed": 23,
                  "probability": 0.072337
                }
              ],
              "instance_count": 1,
              "effective_request_rate_per_instance": 1.0
            },
            "latency_safe": true,
            "saturation_safe": true,
            "is_safe": true,
            "predicted_joint_latency_violation_probability": 0.09265,
            "predicted_joint_saturation_probability": 0.179965,
            "predicted_overload_violation_probability": 0.255941,
            "predicted_ttft_excess_ratio": 0.0,
            "predicted_tpot_excess_ratio": 0.0,
            "predicted_max_slo_excess_ratio": 0.0,
            "predicted_cluster_power_w": 148.6,
            "predicted_energy_per_request_j": 148.6
          },
          {
            "prefill": {
              "phase": "prefill",
              "gpu_type": "l40s",
              "node_group": "neptune",
              "tp": 1,
              "freq_mhz": 210,
              "rec_freq_mhz": 210,
              "is_safe": true,
              "p_violate": 0.0232,
              "rho_phase": 0.0518,
              "rho_total": 0.0673,
              "latency_ms": 135.9,
              "power_per_gpu_w": 105.7,
              "total_power_w": 105.7,
              "p99_ttft_ms": 137.3,
              "p_saturated": 0.108784,
              "p_saturated_min": 0.065579,
              "p_saturated_max": 0.231864,
              "saturation_threshold": 0.3,
              "saturation_safe": true,
              "per_seed": [
                {
                  "seed": 3,
                  "probability": 0.091974
                },
                {
                  "seed": 7,
                  "probability": 0.231864
                },
                {
                  "seed": 11,
                  "probability": 0.083063
                },
                {
                  "seed": 19,
                  "probability": 0.065579
                },
                {
                  "seed": 23,
                  "probability": 0.071438
                }
              ],
              "instance_count": 1,
              "effective_request_rate_per_instance": 1.0,
              "p99_queue_plus_prefill_ms": 135.9,
              "kv_transfer_ms": 1.393688,
              "dispatch_ms": 0.0,
              "ttft_components_ms": {
                "queue_plus_prefill": 135.9,
                "kv_transfer": 1.393688,
                "dispatch": 0.0,
                "total": 137.3
              }
            },
            "decode": {
              "phase": "decode",
              "gpu_type": "l4",
              "node_group": "ganymede",
              "tp": 1,
              "freq_mhz": 570,
              "rec_freq_mhz": 570,
              "is_safe": true,
              "p_violate": 0.0037,
              "rho_phase": 0.0116,
              "rho_total": 0.0503,
              "latency_ms": 151.6,
              "power_per_gpu_w": 43.1,
              "total_power_w": 43.1,
              "p99_tpot_ms": 151.6,
              "p_saturated": 0.076707,
              "p_saturated_min": 0.072337,
              "p_saturated_max": 0.084456,
              "saturation_threshold": 0.3,
              "saturation_safe": true,
              "per_seed": [
                {
                  "seed": 3,
                  "probability": 0.076162
                },
                {
                  "seed": 7,
                  "probability": 0.076868
                },
                {
                  "seed": 11,
                  "probability": 0.073713
                },
                {
                  "seed": 19,
                  "probability": 0.084456
                },
                {
                  "seed": 23,
                  "probability": 0.072337
                }
              ],
              "instance_count": 1,
              "effective_request_rate_per_instance": 1.0
            },
            "latency_safe": true,
            "saturation_safe": true,
            "is_safe": true,
            "predicted_joint_latency_violation_probability": 0.026814,
            "predicted_joint_saturation_probability": 0.177147,
            "predicted_overload_violation_probability": 0.199211,
            "predicted_ttft_excess_ratio": 0.0,
            "predicted_tpot_excess_ratio": 0.0,
            "predicted_max_slo_excess_ratio": 0.0,
            "predicted_cluster_power_w": 148.8,
            "predicted_energy_per_request_j": 148.8
          }
        ],
        "num_candidates": 100,
        "num_latency_safe": 90,
        "num_saturation_safe": 100,
        "num_safe": 90
      },
      "performance": {
        "successful_requests": 10,
        "failed_requests": 0,
        "benchmark_duration_s": 12.23,
        "request_throughput_rps": 0.82,
        "output_token_throughput_tps": 26.16,
        "total_token_throughput_tps": 51.5,
        "p99_ttft_ms": 282.02,
        "p99_tpot_ms": 64.74,
        "p99_itl_ms": 73.51,
        "throughput_ratio": 0.82,
        "measured_saturated": null,
        "saturation_assessment": "INCONCLUSIVE_FINITE_POISSON",
        "ttft_slo_ok": true,
        "tpot_slo_ok": true
      },
      "telemetry": {
        "decode_ganymede_decode-2": {
          "samples": 0
        },
        "decode_ganymede": {
          "samples": 58,
          "target_freq_mhz": 360.0,
          "gpu_util_avg_pct": 34.41379310344828,
          "gpu_util_max_pct": 100.0,
          "gpu_power_avg_w": 32.16413793103448,
          "gpu_power_max_w": 56.54,
          "gpu_sm_clock_avg_mhz": 360.0,
          "gpu_sm_clock_max_mhz": 360.0,
          "gpu_sm_clock_min_mhz": 360.0,
          "gpu_memory_used_avg_mib": 18667.03448275862,
          "gpu_memory_used_max_mib": 18677.0,
          "gpu_mem_util_avg_pct": 34.48275862068966,
          "gpu_mem_util_max_pct": 100.0,
          "gpu_power_limit_avg_w": 72.0,
          "gpu_power_limit_max_w": 72.0,
          "gpu_mem_clock_avg_mhz": 6251.0,
          "gpu_mem_clock_max_mhz": 6251.0,
          "gpu_temperature_avg_c": 45.89655172413793,
          "gpu_temperature_max_c": 49.0,
          "network_rx_bytes": 55901327.0,
          "network_tx_bytes": 7208707.0,
          "gpu_pstate_mode": "P0"
        },
        "prefill_neptune": {
          "samples": 62,
          "target_freq_mhz": 480.0,
          "gpu_util_avg_pct": 1.7096774193548387,
          "gpu_util_max_pct": 72.0,
          "gpu_power_avg_w": 61.549677419354836,
          "gpu_power_max_w": 76.19,
          "gpu_sm_clock_avg_mhz": 480.0,
          "gpu_sm_clock_max_mhz": 480.0,
          "gpu_sm_clock_min_mhz": 480.0,
          "gpu_memory_used_avg_mib": 37815.8064516129,
          "gpu_memory_used_max_mib": 37817.0,
          "gpu_mem_util_avg_pct": 1.2096774193548387,
          "gpu_mem_util_max_pct": 52.0,
          "gpu_power_limit_avg_w": 350.0,
          "gpu_power_limit_max_w": 350.0,
          "gpu_mem_clock_avg_mhz": 9001.0,
          "gpu_mem_clock_max_mhz": 9001.0,
          "gpu_temperature_avg_c": 28.016129032258064,
          "gpu_temperature_max_c": 29.0,
          "network_rx_bytes": 276715.0,
          "network_tx_bytes": 48836245.0,
          "gpu_pstate_mode": "P0"
        }
      },
      "energy": {
        "gpu_stream_count": 8,
        "covered_gpu_stream_count": 8,
        "min_gpu_coverage_ratio": 1.0,
        "neptune_energy_j": 5739.405094420119,
        "ganymede_energy_j": 2952.923925173998,
        "combined_energy_j": 8692.329019594115,
        "combined_avg_power_w": 237.05944418301726,
        "energy_per_request_j": 869.2329019594115
      },
      "summary": {
        "seq": 1,
        "workload_id": "baseline_short",
        "input_len": 32,
        "output_len": 32,
        "configured_request_rate_rps": 1.0,
        "decision_status": "OK",
        "decision_mode": "safe_min_power",
        "num_candidates": 100,
        "num_safe": 90,
        "recommended_is_safe": true,
        "prefill_gpu": "l40s",
        "prefill_instances": 1,
        "prefill_request_rate_per_instance_rps": 1.0,
        "prefill_target_freq_mhz": 480,
        "prefill_predicted_p99_ttft_ms": 113.8,
        "prefill_predicted_p99_queue_plus_prefill_ms": 112.4,
        "predicted_kv_transfer_ms": 1.393688,
        "predicted_dispatch_ms": 0.0,
        "kv_bytes_per_token": 131072,
        "kv_total_bytes": 4194304,
        "kv_effective_bandwidth_gbps": 24.076,
        "prefill_predicted_p_saturated": 0.024298,
        "decode_gpu": "l4",
        "decode_instances": 1,
        "decode_request_rate_per_instance_rps": 1.0,
        "decode_target_freq_mhz": 360,
        "decode_predicted_p99_tpot_ms": 154.4,
        "decode_predicted_p_saturated": 0.079869,
        "predicted_cluster_power_w": 147.8,
        "actual_successful_requests": 10,
        "actual_failed_requests": 0,
        "actual_benchmark_duration_s": 12.23,
        "actual_request_throughput_rps": 0.82,
        "actual_output_token_throughput_tps": 26.16,
        "actual_total_token_throughput_tps": 51.5,
        "actual_p99_ttft_ms": 282.02,
        "actual_p99_tpot_ms": 64.74,
        "actual_p99_itl_ms": 73.51,
        "actual_throughput_ratio": 0.82,
        "actual_measured_saturated": null,
        "actual_saturation_assessment": "INCONCLUSIVE_FINITE_POISSON",
        "actual_ttft_slo_ok": true,
        "actual_tpot_slo_ok": true,
        "decode_ganymede_decode-2_samples": 0,
        "decode_ganymede_samples": 58,
        "decode_ganymede_target_freq_mhz": 360.0,
        "decode_ganymede_gpu_util_avg_pct": 34.413793,
        "decode_ganymede_gpu_util_max_pct": 100.0,
        "decode_ganymede_gpu_power_avg_w": 32.164138,
        "decode_ganymede_gpu_power_max_w": 56.54,
        "decode_ganymede_gpu_sm_clock_avg_mhz": 360.0,
        "decode_ganymede_gpu_sm_clock_max_mhz": 360.0,
        "decode_ganymede_gpu_sm_clock_min_mhz": 360.0,
        "decode_ganymede_gpu_memory_used_avg_mib": 18667.034483,
        "decode_ganymede_gpu_memory_used_max_mib": 18677.0,
        "decode_ganymede_gpu_mem_util_avg_pct": 34.482759,
        "decode_ganymede_gpu_mem_util_max_pct": 100.0,
        "decode_ganymede_gpu_power_limit_avg_w": 72.0,
        "decode_ganymede_gpu_power_limit_max_w": 72.0,
        "decode_ganymede_gpu_mem_clock_avg_mhz": 6251.0,
        "decode_ganymede_gpu_mem_clock_max_mhz": 6251.0,
        "decode_ganymede_gpu_temperature_avg_c": 45.896552,
        "decode_ganymede_gpu_temperature_max_c": 49.0,
        "decode_ganymede_network_rx_bytes": 55901327.0,
        "decode_ganymede_network_tx_bytes": 7208707.0,
        "decode_ganymede_gpu_pstate_mode": "P0",
        "prefill_neptune_samples": 62,
        "prefill_neptune_target_freq_mhz": 480.0,
        "prefill_neptune_gpu_util_avg_pct": 1.709677,
        "prefill_neptune_gpu_util_max_pct": 72.0,
        "prefill_neptune_gpu_power_avg_w": 61.549677,
        "prefill_neptune_gpu_power_max_w": 76.19,
        "prefill_neptune_gpu_sm_clock_avg_mhz": 480.0,
        "prefill_neptune_gpu_sm_clock_max_mhz": 480.0,
        "prefill_neptune_gpu_sm_clock_min_mhz": 480.0,
        "prefill_neptune_gpu_memory_used_avg_mib": 37815.806452,
        "prefill_neptune_gpu_memory_used_max_mib": 37817.0,
        "prefill_neptune_gpu_mem_util_avg_pct": 1.209677,
        "prefill_neptune_gpu_mem_util_max_pct": 52.0,
        "prefill_neptune_gpu_power_limit_avg_w": 350.0,
        "prefill_neptune_gpu_power_limit_max_w": 350.0,
        "prefill_neptune_gpu_mem_clock_avg_mhz": 9001.0,
        "prefill_neptune_gpu_mem_clock_max_mhz": 9001.0,
        "prefill_neptune_gpu_temperature_avg_c": 28.016129,
        "prefill_neptune_gpu_temperature_max_c": 29.0,
        "prefill_neptune_network_rx_bytes": 276715.0,
        "prefill_neptune_network_tx_bytes": 48836245.0,
        "prefill_neptune_gpu_pstate_mode": "P0",
        "gpu_stream_count": 8,
        "covered_gpu_stream_count": 8,
        "min_gpu_coverage_ratio": 1.0,
        "neptune_energy_j": 5739.405094,
        "ganymede_energy_j": 2952.923925,
        "combined_energy_j": 8692.32902,
        "combined_avg_power_w": 237.059444,
        "energy_per_request_j": 869.232902
      }
    },
    {
      "workload": {
        "seq": 2,
        "workload_id": "decode_scale_to_2",
        "input_len": 32,
        "output_len": 32,
        "configured_request_rate_rps": 8.0,
        "decision_status": "OK",
        "decision_mode": "safe_min_power",
        "num_candidates": 100,
        "num_safe": 90
      },
      "decision": {
        "status": "OK",
        "decision_mode": "safe_min_power",
        "policy": "latency_plus_saturation",
        "placement": "l40s-prefill-l4-decode",
        "workload": {
          "il": 32,
          "ol": 32,
          "rate": 8.0
        },
        "instances": {
          "prefill": 1,
          "decode": 2
        },
        "slos": {
          "ttft_ms": 500,
          "tpot_ms": 200
        },
        "kv_transfer_model": {
          "enabled": true,
          "formula": "T_kv = input_tokens * (2 * layers * num_kv_heads * head_dim * bytes_per_element) * 8 / effective_bandwidth_gbps",
          "ttft_formula": "predicted_p99_ttft = predicted_p99_queue_plus_prefill + T_kv + T_dispatch",
          "input_tokens": 32,
          "num_layers": 32,
          "num_kv_heads": 8,
          "head_dim": 128,
          "bytes_per_element": 2,
          "kv_bytes_per_token": 131072,
          "kv_total_bytes": 4194304,
          "effective_bandwidth_gbps": 24.076,
          "kv_transfer_ms": 1.393688,
          "dispatch_ms": 0.0
        },
        "saturation_threshold": 0.3,
        "tp_per_role": 1,
        "recommended": {
          "prefill": {
            "phase": "prefill",
            "gpu_type": "l40s",
            "node_group": "neptune",
            "tp": 1,
            "freq_mhz": 210,
            "rec_freq_mhz": 210,
            "is_safe": true,
            "p_violate": 0.0473,
            "rho_phase": 0.4141,
            "rho_total": 0.5383,
            "latency_ms": 185.6,
            "power_per_gpu_w": 122.5,
            "total_power_w": 122.5,
            "p99_ttft_ms": 187.0,
            "p_saturated": 0.166341,
            "p_saturated_min": 0.091187,
            "p_saturated_max": 0.234463,
            "saturation_threshold": 0.3,
            "saturation_safe": true,
            "per_seed": [
              {
                "seed": 3,
                "probability": 0.234463
              },
              {
                "seed": 7,
                "probability": 0.190836
              },
              {
                "seed": 11,
                "probability": 0.19287
              },
              {
                "seed": 19,
                "probability": 0.091187
              },
              {
                "seed": 23,
                "probability": 0.122346
              }
            ],
            "instance_count": 1,
            "effective_request_rate_per_instance": 8.0,
            "p99_queue_plus_prefill_ms": 185.6,
            "kv_transfer_ms": 1.393688,
            "dispatch_ms": 0.0,
            "ttft_components_ms": {
              "queue_plus_prefill": 185.6,
              "kv_transfer": 1.393688,
              "dispatch": 0.0,
              "total": 187.0
            }
          },
          "decode": {
            "phase": "decode",
            "gpu_type": "l4",
            "node_group": "ganymede",
            "tp": 1,
            "freq_mhz": 360,
            "rec_freq_mhz": 360,
            "is_safe": true,
            "p_violate": 0.0573,
            "rho_phase": 0.0393,
            "rho_total": 0.1704,
            "latency_ms": 133.1,
            "power_per_gpu_w": 42.7,
            "total_power_w": 42.7,
            "p99_tpot_ms": 133.1,
            "p_saturated": 0.081364,
            "p_saturated_min": 0.072337,
            "p_saturated_max": 0.091933,
            "saturation_threshold": 0.3,
            "saturation_safe": true,
            "per_seed": [
              {
                "seed": 3,
                "probability": 0.081018
              },
              {
                "seed": 7,
                "probability": 0.076868
              },
              {
                "seed": 11,
                "probability": 0.084664
              },
              {
                "seed": 19,
                "probability": 0.091933
              },
              {
                "seed": 23,
                "probability": 0.072337
              }
            ],
            "instance_count": 2,
            "effective_request_rate_per_instance": 4.0
          },
          "latency_safe": true,
          "saturation_safe": true,
          "is_safe": true,
          "predicted_joint_latency_violation_probability": 0.10189,
          "predicted_joint_saturation_probability": 0.234171,
          "predicted_overload_violation_probability": 0.312201,
          "predicted_ttft_excess_ratio": 0.0,
          "predicted_tpot_excess_ratio": 0.0,
          "predicted_max_slo_excess_ratio": 0.0,
          "predicted_cluster_power_w": 207.9,
          "predicted_energy_per_request_j": 25.988
        },
        "alternatives": [
          {
            "prefill": {
              "phase": "prefill",
              "gpu_type": "l40s",
              "node_group": "neptune",
              "tp": 1,
              "freq_mhz": 210,
              "rec_freq_mhz": 210,
              "is_safe": true,
              "p_violate": 0.0473,
              "rho_phase": 0.4141,
              "rho_total": 0.5383,
              "latency_ms": 185.6,
              "power_per_gpu_w": 122.5,
              "total_power_w": 122.5,
              "p99_ttft_ms": 187.0,
              "p_saturated": 0.166341,
              "p_saturated_min": 0.091187,
              "p_saturated_max": 0.234463,
              "saturation_threshold": 0.3,
              "saturation_safe": true,
              "per_seed": [
                {
                  "seed": 3,
                  "probability": 0.234463
                },
                {
                  "seed": 7,
                  "probability": 0.190836
                },
                {
                  "seed": 11,
                  "probability": 0.19287
                },
                {
                  "seed": 19,
                  "probability": 0.091187
                },
                {
                  "seed": 23,
                  "probability": 0.122346
                }
              ],
              "instance_count": 1,
              "effective_request_rate_per_instance": 8.0,
              "p99_queue_plus_prefill_ms": 185.6,
              "kv_transfer_ms": 1.393688,
              "dispatch_ms": 0.0,
              "ttft_components_ms": {
                "queue_plus_prefill": 185.6,
                "kv_transfer": 1.393688,
                "dispatch": 0.0,
                "total": 187.0
              }
            },
            "decode": {
              "phase": "decode",
              "gpu_type": "l4",
              "node_group": "ganymede",
              "tp": 1,
              "freq_mhz": 570,
              "rec_freq_mhz": 570,
              "is_safe": true,
              "p_violate": 0.0046,
              "rho_phase": 0.0464,
              "rho_total": 0.2012,
              "latency_ms": 138.5,
              "power_per_gpu_w": 42.9,
              "total_power_w": 42.9,
              "p99_tpot_ms": 138.5,
              "p_saturated": 0.07748,
              "p_saturated_min": 0.072337,
              "p_saturated_max": 0.08832,
              "saturation_threshold": 0.3,
              "saturation_safe": true,
              "per_seed": [
                {
                  "seed": 3,
                  "probability": 0.076162
                },
                {
                  "seed": 7,
                  "probability": 0.076868
                },
                {
                  "seed": 11,
                  "probability": 0.073713
                },
                {
                  "seed": 19,
                  "probability": 0.08832
                },
                {
                  "seed": 23,
                  "probability": 0.072337
                }
              ],
              "instance_count": 2,
              "effective_request_rate_per_instance": 4.0
            },
            "latency_safe": true,
            "saturation_safe": true,
            "is_safe": true,
            "predicted_joint_latency_violation_probability": 0.051682,
            "predicted_joint_saturation_probability": 0.230933,
            "predicted_overload_violation_probability": 0.27068,
            "predicted_ttft_excess_ratio": 0.0,
            "predicted_tpot_excess_ratio": 0.0,
            "predicted_max_slo_excess_ratio": 0.0,
            "predicted_cluster_power_w": 208.3,
            "predicted_energy_per_request_j": 26.038
          },
          {
            "prefill": {
              "phase": "prefill",
              "gpu_type": "l40s",
              "node_group": "neptune",
              "tp": 1,
              "freq_mhz": 210,
              "rec_freq_mhz": 210,
              "is_safe": true,
              "p_violate": 0.0473,
              "rho_phase": 0.4141,
              "rho_total": 0.5383,
              "latency_ms": 185.6,
              "power_per_gpu_w": 122.5,
              "total_power_w": 122.5,
              "p99_ttft_ms": 187.0,
              "p_saturated": 0.166341,
              "p_saturated_min": 0.091187,
              "p_saturated_max": 0.234463,
              "saturation_threshold": 0.3,
              "saturation_safe": true,
              "per_seed": [
                {
                  "seed": 3,
                  "probability": 0.234463
                },
                {
                  "seed": 7,
                  "probability": 0.190836
                },
                {
                  "seed": 11,
                  "probability": 0.19287
                },
                {
                  "seed": 19,
                  "probability": 0.091187
                },
                {
                  "seed": 23,
                  "probability": 0.122346
                }
              ],
              "instance_count": 1,
              "effective_request_rate_per_instance": 8.0,
              "p99_queue_plus_prefill_ms": 185.6,
              "kv_transfer_ms": 1.393688,
              "dispatch_ms": 0.0,
              "ttft_components_ms": {
                "queue_plus_prefill": 185.6,
                "kv_transfer": 1.393688,
                "dispatch": 0.0,
                "total": 187.0
              }
            },
            "decode": {
              "phase": "decode",
              "gpu_type": "l4",
              "node_group": "ganymede",
              "tp": 1,
              "freq_mhz": 780,
              "rec_freq_mhz": 780,
              "is_safe": true,
              "p_violate": 0.0024,
              "rho_phase": 0.0319,
              "rho_total": 0.1383,
              "latency_ms": 111.6,
              "power_per_gpu_w": 45.8,
              "total_power_w": 45.8,
              "p99_tpot_ms": 111.6,
              "p_saturated": 0.07748,
              "p_saturated_min": 0.072337,
              "p_saturated_max": 0.08832,
              "saturation_threshold": 0.3,
              "saturation_safe": true,
              "per_seed": [
                {
                  "seed": 3,
                  "probability": 0.076162
                },
                {
                  "seed": 7,
                  "probability": 0.076868
                },
                {
                  "seed": 11,
                  "probability": 0.073713
                },
                {
                  "seed": 19,
                  "probability": 0.08832
                },
                {
                  "seed": 23,
                  "probability": 0.072337
                }
              ],
              "instance_count": 2,
              "effective_request_rate_per_instance": 4.0
            },
            "latency_safe": true,
            "saturation_safe": true,
            "is_safe": true,
            "predicted_joint_latency_violation_probability": 0.049586,
            "predicted_joint_saturation_probability": 0.230933,
            "predicted_overload_violation_probability": 0.269068,
            "predicted_ttft_excess_ratio": 0.0,
            "predicted_tpot_excess_ratio": 0.0,
            "predicted_max_slo_excess_ratio": 0.0,
            "predicted_cluster_power_w": 214.1,
            "predicted_energy_per_request_j": 26.762
          },
          {
            "prefill": {
              "phase": "prefill",
              "gpu_type": "l40s",
              "node_group": "neptune",
              "tp": 1,
              "freq_mhz": 210,
              "rec_freq_mhz": 210,
              "is_safe": true,
              "p_violate": 0.0473,
              "rho_phase": 0.4141,
              "rho_total": 0.5383,
              "latency_ms": 185.6,
              "power_per_gpu_w": 122.5,
              "total_power_w": 122.5,
              "p99_ttft_ms": 187.0,
              "p_saturated": 0.166341,
              "p_saturated_min": 0.091187,
              "p_saturated_max": 0.234463,
              "saturation_threshold": 0.3,
              "saturation_safe": true,
              "per_seed": [
                {
                  "seed": 3,
                  "probability": 0.234463
                },
                {
                  "seed": 7,
                  "probability": 0.190836
                },
                {
                  "seed": 11,
                  "probability": 0.19287
                },
                {
                  "seed": 19,
                  "probability": 0.091187
                },
                {
                  "seed": 23,
                  "probability": 0.122346
                }
              ],
              "instance_count": 1,
              "effective_request_rate_per_instance": 8.0,
              "p99_queue_plus_prefill_ms": 185.6,
              "kv_transfer_ms": 1.393688,
              "dispatch_ms": 0.0,
              "ttft_components_ms": {
                "queue_plus_prefill": 185.6,
                "kv_transfer": 1.393688,
                "dispatch": 0.0,
                "total": 187.0
              }
            },
            "decode": {
              "phase": "decode",
              "gpu_type": "l4",
              "node_group": "ganymede",
              "tp": 1,
              "freq_mhz": 990,
              "rec_freq_mhz": 990,
              "is_safe": true,
              "p_violate": 0.0024,
              "rho_phase": 0.0319,
              "rho_total": 0.1383,
              "latency_ms": 107.2,
              "power_per_gpu_w": 46.1,
              "total_power_w": 46.1,
              "p99_tpot_ms": 107.2,
              "p_saturated": 0.075619,
              "p_saturated_min": 0.063033,
              "p_saturated_max": 0.08832,
              "saturation_threshold": 0.3,
              "saturation_safe": true,
              "per_seed": [
                {
                  "seed": 3,
                  "probability": 0.076162
                },
                {
                  "seed": 7,
                  "probability": 0.076868
                },
                {
                  "seed": 11,
                  "probability": 0.073713
                },
                {
                  "seed": 19,
                  "probability": 0.08832
                },
                {
                  "seed": 23,
                  "probability": 0.063033
                }
              ],
              "instance_count": 2,
              "effective_request_rate_per_instance": 4.0
            },
            "latency_safe": true,
            "saturation_safe": true,
            "is_safe": true,
            "predicted_joint_latency_violation_probability": 0.049586,
            "predicted_joint_saturation_probability": 0.229381,
            "predicted_overload_violation_probability": 0.267594,
            "predicted_ttft_excess_ratio": 0.0,
            "predicted_tpot_excess_ratio": 0.0,
            "predicted_max_slo_excess_ratio": 0.0,
            "predicted_cluster_power_w": 214.7,
            "predicted_energy_per_request_j": 26.837
          }
        ],
        "num_candidates": 100,
        "num_latency_safe": 90,
        "num_saturation_safe": 100,
        "num_safe": 90
      },
      "performance": {
        "successful_requests": 80,
        "failed_requests": 0,
        "benchmark_duration_s": 12.4,
        "request_throughput_rps": 6.45,
        "output_token_throughput_tps": 206.53,
        "total_token_throughput_tps": 406.61,
        "p99_ttft_ms": 528.73,
        "p99_tpot_ms": 69.58,
        "p99_itl_ms": 81.25,
        "throughput_ratio": 0.80625,
        "measured_saturated": null,
        "saturation_assessment": "INCONCLUSIVE_FINITE_POISSON",
        "ttft_slo_ok": false,
        "tpot_slo_ok": true
      },
      "telemetry": {
        "decode_ganymede_decode-2": {
          "samples": 41,
          "target_freq_mhz": 360.0,
          "gpu_util_avg_pct": 46.292682926829265,
          "gpu_util_max_pct": 100.0,
          "gpu_power_avg_w": 33.95341463414634,
          "gpu_power_max_w": 52.4,
          "gpu_sm_clock_avg_mhz": 360.0,
          "gpu_sm_clock_max_mhz": 360.0,
          "gpu_sm_clock_min_mhz": 360.0,
          "gpu_memory_used_avg_mib": 18579.048780487807,
          "gpu_memory_used_max_mib": 18719.0,
          "gpu_mem_util_avg_pct": 46.31707317073171,
          "gpu_mem_util_max_pct": 100.0,
          "gpu_power_limit_avg_w": 72.0,
          "gpu_power_limit_max_w": 72.0,
          "gpu_mem_clock_avg_mhz": 6251.0,
          "gpu_mem_clock_max_mhz": 6251.0,
          "gpu_temperature_avg_c": 38.80487804878049,
          "gpu_temperature_max_c": 42.0,
          "network_rx_bytes": 360920930.0,
          "network_tx_bytes": 5487549.0,
          "gpu_pstate_mode": "P0"
        },
        "decode_ganymede": {
          "samples": 41,
          "target_freq_mhz": 360.0,
          "gpu_util_avg_pct": 52.390243902439025,
          "gpu_util_max_pct": 100.0,
          "gpu_power_avg_w": 37.48024390243903,
          "gpu_power_max_w": 56.11,
          "gpu_sm_clock_avg_mhz": 360.0,
          "gpu_sm_clock_max_mhz": 360.0,
          "gpu_sm_clock_min_mhz": 360.0,
          "gpu_memory_used_avg_mib": 18690.219512195123,
          "gpu_memory_used_max_mib": 18721.0,
          "gpu_mem_util_avg_pct": 52.53658536585366,
          "gpu_mem_util_max_pct": 100.0,
          "gpu_power_limit_avg_w": 72.0,
          "gpu_power_limit_max_w": 72.0,
          "gpu_mem_clock_avg_mhz": 6251.0,
          "gpu_mem_clock_max_mhz": 6251.0,
          "gpu_temperature_avg_c": 45.75609756097561,
          "gpu_temperature_max_c": 49.0,
          "network_rx_bytes": 360929283.0,
          "network_tx_bytes": 5511253.0,
          "gpu_pstate_mode": "P0"
        },
        "prefill_neptune": {
          "samples": 44,
          "target_freq_mhz": 210.0,
          "gpu_util_avg_pct": 21.40909090909091,
          "gpu_util_max_pct": 95.0,
          "gpu_power_avg_w": 70.17386363636363,
          "gpu_power_max_w": 103.57,
          "gpu_sm_clock_avg_mhz": 210.0,
          "gpu_sm_clock_max_mhz": 210.0,
          "gpu_sm_clock_min_mhz": 210.0,
          "gpu_memory_used_avg_mib": 37865.72727272727,
          "gpu_memory_used_max_mib": 37919.0,
          "gpu_mem_util_avg_pct": 7.295454545454546,
          "gpu_mem_util_max_pct": 36.0,
          "gpu_power_limit_avg_w": 350.0,
          "gpu_power_limit_max_w": 350.0,
          "gpu_mem_clock_avg_mhz": 9001.0,
          "gpu_mem_clock_max_mhz": 9001.0,
          "gpu_temperature_avg_c": 28.636363636363637,
          "gpu_temperature_max_c": 30.0,
          "network_rx_bytes": 1390908.0,
          "network_tx_bytes": 356908060.0,
          "gpu_pstate_mode": "P0"
        }
      },
      "energy": {
        "gpu_stream_count": 8,
        "covered_gpu_stream_count": 8,
        "min_gpu_coverage_ratio": 1.0,
        "neptune_energy_j": 4266.901428989982,
        "ganymede_energy_j": 2695.615184897202,
        "combined_energy_j": 6962.516613887185,
        "combined_avg_power_w": 269.1728792120616,
        "energy_per_request_j": 87.03145767358981
      },
      "summary": {
        "seq": 2,
        "workload_id": "decode_scale_to_2",
        "input_len": 32,
        "output_len": 32,
        "configured_request_rate_rps": 8.0,
        "decision_status": "OK",
        "decision_mode": "safe_min_power",
        "num_candidates": 100,
        "num_safe": 90,
        "recommended_is_safe": true,
        "prefill_gpu": "l40s",
        "prefill_instances": 1,
        "prefill_request_rate_per_instance_rps": 8.0,
        "prefill_target_freq_mhz": 210,
        "prefill_predicted_p99_ttft_ms": 187.0,
        "prefill_predicted_p99_queue_plus_prefill_ms": 185.6,
        "predicted_kv_transfer_ms": 1.393688,
        "predicted_dispatch_ms": 0.0,
        "kv_bytes_per_token": 131072,
        "kv_total_bytes": 4194304,
        "kv_effective_bandwidth_gbps": 24.076,
        "prefill_predicted_p_saturated": 0.166341,
        "decode_gpu": "l4",
        "decode_instances": 2,
        "decode_request_rate_per_instance_rps": 4.0,
        "decode_target_freq_mhz": 360,
        "decode_predicted_p99_tpot_ms": 133.1,
        "decode_predicted_p_saturated": 0.081364,
        "predicted_cluster_power_w": 207.9,
        "actual_successful_requests": 80,
        "actual_failed_requests": 0,
        "actual_benchmark_duration_s": 12.4,
        "actual_request_throughput_rps": 6.45,
        "actual_output_token_throughput_tps": 206.53,
        "actual_total_token_throughput_tps": 406.61,
        "actual_p99_ttft_ms": 528.73,
        "actual_p99_tpot_ms": 69.58,
        "actual_p99_itl_ms": 81.25,
        "actual_throughput_ratio": 0.80625,
        "actual_measured_saturated": null,
        "actual_saturation_assessment": "INCONCLUSIVE_FINITE_POISSON",
        "actual_ttft_slo_ok": false,
        "actual_tpot_slo_ok": true,
        "decode_ganymede_decode-2_samples": 41,
        "decode_ganymede_decode-2_target_freq_mhz": 360.0,
        "decode_ganymede_decode-2_gpu_util_avg_pct": 46.292683,
        "decode_ganymede_decode-2_gpu_util_max_pct": 100.0,
        "decode_ganymede_decode-2_gpu_power_avg_w": 33.953415,
        "decode_ganymede_decode-2_gpu_power_max_w": 52.4,
        "decode_ganymede_decode-2_gpu_sm_clock_avg_mhz": 360.0,
        "decode_ganymede_decode-2_gpu_sm_clock_max_mhz": 360.0,
        "decode_ganymede_decode-2_gpu_sm_clock_min_mhz": 360.0,
        "decode_ganymede_decode-2_gpu_memory_used_avg_mib": 18579.04878,
        "decode_ganymede_decode-2_gpu_memory_used_max_mib": 18719.0,
        "decode_ganymede_decode-2_gpu_mem_util_avg_pct": 46.317073,
        "decode_ganymede_decode-2_gpu_mem_util_max_pct": 100.0,
        "decode_ganymede_decode-2_gpu_power_limit_avg_w": 72.0,
        "decode_ganymede_decode-2_gpu_power_limit_max_w": 72.0,
        "decode_ganymede_decode-2_gpu_mem_clock_avg_mhz": 6251.0,
        "decode_ganymede_decode-2_gpu_mem_clock_max_mhz": 6251.0,
        "decode_ganymede_decode-2_gpu_temperature_avg_c": 38.804878,
        "decode_ganymede_decode-2_gpu_temperature_max_c": 42.0,
        "decode_ganymede_decode-2_network_rx_bytes": 360920930.0,
        "decode_ganymede_decode-2_network_tx_bytes": 5487549.0,
        "decode_ganymede_decode-2_gpu_pstate_mode": "P0",
        "decode_ganymede_samples": 41,
        "decode_ganymede_target_freq_mhz": 360.0,
        "decode_ganymede_gpu_util_avg_pct": 52.390244,
        "decode_ganymede_gpu_util_max_pct": 100.0,
        "decode_ganymede_gpu_power_avg_w": 37.480244,
        "decode_ganymede_gpu_power_max_w": 56.11,
        "decode_ganymede_gpu_sm_clock_avg_mhz": 360.0,
        "decode_ganymede_gpu_sm_clock_max_mhz": 360.0,
        "decode_ganymede_gpu_sm_clock_min_mhz": 360.0,
        "decode_ganymede_gpu_memory_used_avg_mib": 18690.219512,
        "decode_ganymede_gpu_memory_used_max_mib": 18721.0,
        "decode_ganymede_gpu_mem_util_avg_pct": 52.536585,
        "decode_ganymede_gpu_mem_util_max_pct": 100.0,
        "decode_ganymede_gpu_power_limit_avg_w": 72.0,
        "decode_ganymede_gpu_power_limit_max_w": 72.0,
        "decode_ganymede_gpu_mem_clock_avg_mhz": 6251.0,
        "decode_ganymede_gpu_mem_clock_max_mhz": 6251.0,
        "decode_ganymede_gpu_temperature_avg_c": 45.756098,
        "decode_ganymede_gpu_temperature_max_c": 49.0,
        "decode_ganymede_network_rx_bytes": 360929283.0,
        "decode_ganymede_network_tx_bytes": 5511253.0,
        "decode_ganymede_gpu_pstate_mode": "P0",
        "prefill_neptune_samples": 44,
        "prefill_neptune_target_freq_mhz": 210.0,
        "prefill_neptune_gpu_util_avg_pct": 21.409091,
        "prefill_neptune_gpu_util_max_pct": 95.0,
        "prefill_neptune_gpu_power_avg_w": 70.173864,
        "prefill_neptune_gpu_power_max_w": 103.57,
        "prefill_neptune_gpu_sm_clock_avg_mhz": 210.0,
        "prefill_neptune_gpu_sm_clock_max_mhz": 210.0,
        "prefill_neptune_gpu_sm_clock_min_mhz": 210.0,
        "prefill_neptune_gpu_memory_used_avg_mib": 37865.727273,
        "prefill_neptune_gpu_memory_used_max_mib": 37919.0,
        "prefill_neptune_gpu_mem_util_avg_pct": 7.295455,
        "prefill_neptune_gpu_mem_util_max_pct": 36.0,
        "prefill_neptune_gpu_power_limit_avg_w": 350.0,
        "prefill_neptune_gpu_power_limit_max_w": 350.0,
        "prefill_neptune_gpu_mem_clock_avg_mhz": 9001.0,
        "prefill_neptune_gpu_mem_clock_max_mhz": 9001.0,
        "prefill_neptune_gpu_temperature_avg_c": 28.636364,
        "prefill_neptune_gpu_temperature_max_c": 30.0,
        "prefill_neptune_network_rx_bytes": 1390908.0,
        "prefill_neptune_network_tx_bytes": 356908060.0,
        "prefill_neptune_gpu_pstate_mode": "P0",
        "gpu_stream_count": 8,
        "covered_gpu_stream_count": 8,
        "min_gpu_coverage_ratio": 1.0,
        "neptune_energy_j": 4266.901429,
        "ganymede_energy_j": 2695.615185,
        "combined_energy_j": 6962.516614,
        "combined_avg_power_w": 269.172879,
        "energy_per_request_j": 87.031458
      }
    },
    {
      "workload": {
        "seq": 3,
        "workload_id": "decode_scale_to_3",
        "input_len": 32,
        "output_len": 32,
        "configured_request_rate_rps": 16.0,
        "decision_status": "NOT_EXECUTED"
      },
      "decision": null,
      "performance": {},
      "telemetry": {},
      "energy": {},
      "summary": {
        "seq": 3,
        "workload_id": "decode_scale_to_3",
        "input_len": 32,
        "output_len": 32,
        "configured_request_rate_rps": 16.0,
        "decision_status": "NOT_EXECUTED"
      }
    },
    {
      "workload": {
        "seq": 4,
        "workload_id": "decode_scale_to_4",
        "input_len": 32,
        "output_len": 32,
        "configured_request_rate_rps": 20.0,
        "decision_status": "NOT_EXECUTED"
      },
      "decision": null,
      "performance": {},
      "telemetry": {},
      "energy": {},
      "summary": {
        "seq": 4,
        "workload_id": "decode_scale_to_4",
        "input_len": 32,
        "output_len": 32,
        "configured_request_rate_rps": 20.0,
        "decision_status": "NOT_EXECUTED"
      }
    },
    {
      "workload": {
        "seq": 5,
        "workload_id": "short_r32_capacity",
        "input_len": 32,
        "output_len": 32,
        "configured_request_rate_rps": 32.0,
        "decision_status": "NOT_EXECUTED"
      },
      "decision": null,
      "performance": {},
      "telemetry": {},
      "energy": {},
      "summary": {
        "seq": 5,
        "workload_id": "short_r32_capacity",
        "input_len": 32,
        "output_len": 32,
        "configured_request_rate_rps": 32.0,
        "decision_status": "NOT_EXECUTED"
      }
    },
    {
      "workload": {
        "seq": 6,
        "workload_id": "balanced_prefill_scale_to_3",
        "input_len": 128,
        "output_len": 128,
        "configured_request_rate_rps": 16.0,
        "decision_status": "NOT_EXECUTED"
      },
      "decision": null,
      "performance": {},
      "telemetry": {},
      "energy": {},
      "summary": {
        "seq": 6,
        "workload_id": "balanced_prefill_scale_to_3",
        "input_len": 128,
        "output_len": 128,
        "configured_request_rate_rps": 16.0,
        "decision_status": "NOT_EXECUTED"
      }
    },
    {
      "workload": {
        "seq": 7,
        "workload_id": "balanced_prefill_scale_to_4",
        "input_len": 128,
        "output_len": 128,
        "configured_request_rate_rps": 24.0,
        "decision_status": "NOT_EXECUTED"
      },
      "decision": null,
      "performance": {},
      "telemetry": {},
      "energy": {},
      "summary": {
        "seq": 7,
        "workload_id": "balanced_prefill_scale_to_4",
        "input_len": 128,
        "output_len": 128,
        "configured_request_rate_rps": 24.0,
        "decision_status": "NOT_EXECUTED"
      }
    },
    {
      "workload": {
        "seq": 8,
        "workload_id": "decode_heavy_capacity",
        "input_len": 32,
        "output_len": 512,
        "configured_request_rate_rps": 4.0,
        "decision_status": "NOT_EXECUTED"
      },
      "decision": null,
      "performance": {},
      "telemetry": {},
      "energy": {},
      "summary": {
        "seq": 8,
        "workload_id": "decode_heavy_capacity",
        "input_len": 32,
        "output_len": 512,
        "configured_request_rate_rps": 4.0,
        "decision_status": "NOT_EXECUTED"
      }
    },
    {
      "workload": {
        "seq": 9,
        "workload_id": "long_prompt_capacity",
        "input_len": 1024,
        "output_len": 128,
        "configured_request_rate_rps": 8.0,
        "decision_status": "NOT_EXECUTED"
      },
      "decision": null,
      "performance": {},
      "telemetry": {},
      "energy": {},
      "summary": {
        "seq": 9,
        "workload_id": "long_prompt_capacity",
        "input_len": 1024,
        "output_len": 128,
        "configured_request_rate_rps": 8.0,
        "decision_status": "NOT_EXECUTED"
      }
    },
    {
      "workload": {
        "seq": 10,
        "workload_id": "balanced_extreme_capacity",
        "input_len": 128,
        "output_len": 128,
        "configured_request_rate_rps": 32.0,
        "decision_status": "NOT_EXECUTED"
      },
      "decision": null,
      "performance": {},
      "telemetry": {},
      "energy": {},
      "summary": {
        "seq": 10,
        "workload_id": "balanced_extreme_capacity",
        "input_len": 128,
        "output_len": 128,
        "configured_request_rate_rps": 32.0,
        "decision_status": "NOT_EXECUTED"
      }
    },
    {
      "workload": {
        "seq": 11,
        "workload_id": "extreme_short_rps_capacity",
        "input_len": 2,
        "output_len": 64,
        "configured_request_rate_rps": 50.0,
        "decision_status": "NOT_EXECUTED"
      },
      "decision": null,
      "performance": {},
      "telemetry": {},
      "energy": {},
      "summary": {
        "seq": 11,
        "workload_id": "extreme_short_rps_capacity",
        "input_len": 2,
        "output_len": 64,
        "configured_request_rate_rps": 50.0,
        "decision_status": "NOT_EXECUTED"
      }
    },
    {
      "workload": {
        "seq": 12,
        "workload_id": "long_decode_capacity",
        "input_len": 512,
        "output_len": 1024,
        "configured_request_rate_rps": 1.0,
        "decision_status": "NOT_EXECUTED"
      },
      "decision": null,
      "performance": {},
      "telemetry": {},
      "energy": {},
      "summary": {
        "seq": 12,
        "workload_id": "long_decode_capacity",
        "input_len": 512,
        "output_len": 1024,
        "configured_request_rate_rps": 1.0,
        "decision_status": "NOT_EXECUTED"
      }
    },
    {
      "workload": {
        "seq": 13,
        "workload_id": "very_long_prompt_capacity",
        "input_len": 2048,
        "output_len": 128,
        "configured_request_rate_rps": 2.0,
        "decision_status": "NOT_EXECUTED"
      },
      "decision": null,
      "performance": {},
      "telemetry": {},
      "energy": {},
      "summary": {
        "seq": 13,
        "workload_id": "very_long_prompt_capacity",
        "input_len": 2048,
        "output_len": 128,
        "configured_request_rate_rps": 2.0,
        "decision_status": "NOT_EXECUTED"
      }
    },
    {
      "workload": {
        "seq": 14,
        "workload_id": "recovery_short",
        "input_len": 32,
        "output_len": 32,
        "configured_request_rate_rps": 1.0,
        "decision_status": "NOT_EXECUTED"
      },
      "decision": null,
      "performance": {},
      "telemetry": {},
      "energy": {},
      "summary": {
        "seq": 14,
        "workload_id": "recovery_short",
        "input_len": 32,
        "output_len": 32,
        "configured_request_rate_rps": 1.0,
        "decision_status": "NOT_EXECUTED"
      }
    }
  ]
}
