{
  "scope": "two allocated GPU board-power telemetry; excludes CPU, RAM, NIC, and fans",
  "integration": "piecewise-linear trapezoidal integration",
  "sample_period_s": 0.5,
  "workloads": [
    {
      "seq": 1,
      "workload_id": "steady_start",
      "start_unix_ts": 1785097153.4917324,
      "end_unix_ts": 1785097191.7972512,
      "duration_s": 38.30551886558533,
      "nodes": {
        "neptune_l40s": {
          "energy_j": 2354.858820828199,
          "energy_wh": 0.6541274502300553,
          "covered_s": 38.30551886558533
        },
        "ganymede_l4": {
          "energy_j": 1251.2962711293305,
          "energy_wh": 0.3475822975359251,
          "covered_s": 38.30551886558533
        }
      },
      "combined_energy_j": 3606.1550919575293,
      "combined_energy_wh": 1.0017097477659804,
      "combined_avg_power_w": 94.14191998316443,
      "successful_requests": 12,
      "energy_per_request_j": 300.5129243297941
    },
    {
      "seq": 2,
      "workload_id": "short_ramp",
      "start_unix_ts": 1785097193.6429946,
      "end_unix_ts": 1785097224.3526187,
      "duration_s": 30.70962405204773,
      "nodes": {
        "neptune_l40s": {
          "energy_j": 2000.6667150397495,
          "energy_wh": 0.5557407541777082,
          "covered_s": 30.70962405204773
        },
        "ganymede_l4": {
          "energy_j": 1117.8844864766725,
          "energy_wh": 0.31052346846574236,
          "covered_s": 30.70962405204773
        }
      },
      "combined_energy_j": 3118.551201516422,
      "combined_energy_wh": 0.8662642226434506,
      "combined_avg_power_w": 101.54963786697597,
      "successful_requests": 48,
      "energy_per_request_j": 64.9698166982588
    },
    {
      "seq": 3,
      "workload_id": "prefill_shift",
      "start_unix_ts": 1785097226.2853339,
      "end_unix_ts": 1785097260.9051461,
      "duration_s": 34.61981225013733,
      "nodes": {
        "neptune_l40s": {
          "energy_j": 2264.9119669592383,
          "energy_wh": 0.6291422130442329,
          "covered_s": 34.61981225013733
        },
        "ganymede_l4": {
          "energy_j": 1226.2187141167558,
          "energy_wh": 0.3406163094768766,
          "covered_s": 34.61981225013733
        }
      },
      "combined_energy_j": 3491.1306810759943,
      "combined_energy_wh": 0.9697585225211095,
      "combined_avg_power_w": 100.84198769917205,
      "successful_requests": 36,
      "energy_per_request_j": 96.97585225211095
    },
    {
      "seq": 4,
      "workload_id": "decode_shift",
      "start_unix_ts": 1785097262.792526,
      "end_unix_ts": 1785097304.6813312,
      "duration_s": 41.88880515098572,
      "nodes": {
        "neptune_l40s": {
          "energy_j": 3000.45205223322,
          "energy_wh": 0.8334589033981167,
          "covered_s": 41.88880515098572
        },
        "ganymede_l4": {
          "energy_j": 2353.032803126326,
          "energy_wh": 0.6536202230906462,
          "covered_s": 41.88880515098572
        }
      },
      "combined_energy_j": 5353.484855359546,
      "combined_energy_wh": 1.4870791264887626,
      "combined_avg_power_w": 127.80228120766937,
      "successful_requests": 24,
      "energy_per_request_j": 223.0618689733144
    },
    {
      "seq": 5,
      "workload_id": "sudden_burst",
      "start_unix_ts": 1785097306.578706,
      "end_unix_ts": 1785097340.1595259,
      "duration_s": 33.580819845199585,
      "nodes": {
        "neptune_l40s": {
          "energy_j": 2452.1565212453975,
          "energy_wh": 0.6811545892348326,
          "covered_s": 33.580819845199585
        },
        "ganymede_l4": {
          "energy_j": 1602.8874280800187,
          "energy_wh": 0.4452465078000052,
          "covered_s": 33.580819845199585
        }
      },
      "combined_energy_j": 4055.043949325416,
      "combined_energy_wh": 1.126401097034838,
      "combined_avg_power_w": 120.75476322550503,
      "successful_requests": 80,
      "energy_per_request_j": 50.688049366567704
    },
    {
      "seq": 6,
      "workload_id": "short_recovery",
      "start_unix_ts": 1785097342.026202,
      "end_unix_ts": 1785097371.3421795,
      "duration_s": 29.315977573394775,
      "nodes": {
        "neptune_l40s": {
          "energy_j": 1816.8805474285932,
          "energy_wh": 0.504689040952387,
          "covered_s": 29.315977573394775
        },
        "ganymede_l4": {
          "energy_j": 1080.2619912032576,
          "energy_wh": 0.3000727753342382,
          "covered_s": 29.315977573394775
        }
      },
      "combined_energy_j": 2897.1425386318506,
      "combined_energy_wh": 0.8047618162866251,
      "combined_avg_power_w": 98.82469487427579,
      "successful_requests": 24,
      "energy_per_request_j": 120.71427244299377
    },
    {
      "seq": 7,
      "workload_id": "long_prefill",
      "start_unix_ts": 1785097373.1555974,
      "end_unix_ts": 1785097408.3465004,
      "duration_s": 35.19090294837952,
      "nodes": {
        "neptune_l40s": {
          "energy_j": 2396.118463308812,
          "energy_wh": 0.6655884620302255,
          "covered_s": 35.19090294837952
        },
        "ganymede_l4": {
          "energy_j": 1659.1493492605007,
          "energy_wh": 0.46087481923902796,
          "covered_s": 35.19090294837952
        }
      },
      "combined_energy_j": 4055.267812569313,
      "combined_energy_wh": 1.1264632812692537,
      "combined_avg_power_w": 115.23625348624512,
      "successful_requests": 24,
      "energy_per_request_j": 168.96949219038802
    },
    {
      "seq": 8,
      "workload_id": "mixed_pressure",
      "start_unix_ts": 1785097410.195597,
      "end_unix_ts": 1785097453.4051652,
      "duration_s": 43.20956826210022,
      "nodes": {
        "neptune_l40s": {
          "energy_j": 2860.2675318499123,
          "energy_wh": 0.7945187588471979,
          "covered_s": 43.20956826210022
        },
        "ganymede_l4": {
          "energy_j": 2438.3912816964494,
          "energy_wh": 0.677330911582347,
          "covered_s": 43.20956826210022
        }
      },
      "combined_energy_j": 5298.658813546362,
      "combined_energy_wh": 1.471849670429545,
      "combined_avg_power_w": 122.62697885352159,
      "successful_requests": 30,
      "energy_per_request_j": 176.6219604515454
    },
    {
      "seq": 9,
      "workload_id": "quiet_window",
      "start_unix_ts": 1785097456.2304277,
      "end_unix_ts": 1785097485.7613695,
      "duration_s": 29.53094172477722,
      "nodes": {
        "neptune_l40s": {
          "energy_j": 1788.9831317751011,
          "energy_wh": 0.496939758826417,
          "covered_s": 29.53094172477722
        },
        "ganymede_l4": {
          "energy_j": 1005.2518354300337,
          "energy_wh": 0.2792366209527871,
          "covered_s": 29.53094172477722
        }
      },
      "combined_energy_j": 2794.234967205135,
      "combined_energy_wh": 0.7761763797792042,
      "combined_avg_power_w": 94.62058451257245,
      "successful_requests": 12,
      "energy_per_request_j": 232.85291393376124
    },
    {
      "seq": 10,
      "workload_id": "prefill_peak",
      "start_unix_ts": 1785097488.6171558,
      "end_unix_ts": 1785097517.3553302,
      "duration_s": 28.738174438476562,
      "nodes": {
        "neptune_l40s": {
          "energy_j": 2480.6670692801467,
          "energy_wh": 0.6890741859111519,
          "covered_s": 28.738174438476562
        },
        "ganymede_l4": {
          "energy_j": 1099.0266004551277,
          "energy_wh": 0.30528516679309103,
          "covered_s": 28.738174438476562
        }
      },
      "combined_energy_j": 3579.6936697352744,
      "combined_energy_wh": 0.9943593527042429,
      "combined_avg_power_w": 124.5623196211985,
      "successful_requests": 20,
      "energy_per_request_j": 178.9846834867637
    },
    {
      "seq": 11,
      "workload_id": "decode_peak",
      "start_unix_ts": 1785097519.2318275,
      "end_unix_ts": 1785097608.1611829,
      "duration_s": 88.92935538291931,
      "nodes": {
        "neptune_l40s": {
          "energy_j": 6095.653901953695,
          "energy_wh": 1.6932371949871374,
          "covered_s": 88.92935538291931
        },
        "ganymede_l4": {
          "energy_j": 5500.402753763488,
          "energy_wh": 1.5278896538231912,
          "covered_s": 88.92935538291931
        }
      },
      "combined_energy_j": 11596.056655717184,
      "combined_energy_wh": 3.221126848810329,
      "combined_avg_power_w": 130.39627472599943,
      "successful_requests": 10,
      "energy_per_request_j": 1159.6056655717184
    },
    {
      "seq": 12,
      "workload_id": "final_recovery",
      "start_unix_ts": 1785097609.9849901,
      "end_unix_ts": 1785097640.5059242,
      "duration_s": 30.520934104919434,
      "nodes": {
        "neptune_l40s": {
          "energy_j": 1836.4585447072982,
          "energy_wh": 0.5101273735298051,
          "covered_s": 30.0617458820343
        },
        "ganymede_l4": {
          "energy_j": 1165.1275109887122,
          "energy_wh": 0.32364653083019784,
          "covered_s": 30.312011003494263
        }
      },
      "combined_energy_j": 3001.5860556960106,
      "combined_energy_wh": 0.833773904360003,
      "combined_avg_power_w": 98.34515697906534,
      "successful_requests": 12,
      "energy_per_request_j": 250.1321713080009
    }
  ],
  "telemetry_total": {
    "neptune_l40s": {
      "energy_j": 40551.61942814943,
      "energy_wh": 11.264338730041509,
      "covered_s": 618.1740508079529,
      "average_power_w": 65.59903214175442
    },
    "ganymede_l4": {
      "energy_j": 24812.841204972276,
      "energy_wh": 6.892455890270076,
      "covered_s": 618.2478280067444,
      "average_power_w": 40.13413404939871
    }
  },
  "telemetry_total_energy_j": 65364.46063312171,
  "telemetry_total_energy_wh": 18.156794620311587,
  "reset_probe_energy_j": 1826.231197339296,
  "reset_probe_energy_wh": 0.50728644370536,
  "total_recorded_gpu_energy_j": 67190.691830461,
  "total_recorded_gpu_energy_wh": 18.664081064016944
}
