{
  "scope": "two allocated GPU board-power telemetry; excludes CPU, RAM, NIC, and fans",
  "integration": "piecewise-linear trapezoidal integration",
  "sample_period_s": 0.5,
  "workloads": [
    {
      "seq": 1,
      "workload_id": "threshold_long_prompt",
      "start_unix_ts": 1785144432.03222,
      "end_unix_ts": 1785144482.4517984,
      "duration_s": 50.419578552246094,
      "nodes": {
        "neptune_l40s": {
          "energy_j": 3513.2090859472755,
          "energy_wh": 0.9758914127631321,
          "covered_s": 50.419578552246094
        },
        "ganymede_l4": {
          "energy_j": 2567.4600811155683,
          "energy_wh": 0.7131833558654357,
          "covered_s": 50.419578552246094
        }
      },
      "combined_energy_j": 6080.669167062844,
      "combined_energy_wh": 1.6890747686285679,
      "combined_avg_power_w": 120.6013485567297,
      "successful_requests": 12,
      "energy_per_request_j": 506.7224305885704
    },
    {
      "seq": 2,
      "workload_id": "long_decode",
      "start_unix_ts": 1785144484.346736,
      "end_unix_ts": 1785144638.5391903,
      "duration_s": 154.19245433807373,
      "nodes": {
        "neptune_l40s": {
          "energy_j": 9297.108121006015,
          "energy_wh": 2.5825300336127817,
          "covered_s": 154.19245433807373
        },
        "ganymede_l4": {
          "energy_j": 10419.81757282309,
          "energy_wh": 2.8943937702286364,
          "covered_s": 154.19245433807373
        }
      },
      "combined_energy_j": 19716.925693829107,
      "combined_energy_wh": 5.4769238038414185,
      "combined_avg_power_w": 127.87218271134644,
      "successful_requests": 12,
      "energy_per_request_j": 1643.0771411524256
    },
    {
      "seq": 3,
      "workload_id": "moderate_balanced",
      "start_unix_ts": 1785144640.3409827,
      "end_unix_ts": 1785144699.6741612,
      "duration_s": 59.33317852020264,
      "nodes": {
        "neptune_l40s": {
          "energy_j": 3738.1319847481973,
          "energy_wh": 1.038369995763388,
          "covered_s": 59.33317852020264
        },
        "ganymede_l4": {
          "energy_j": 2973.580169016779,
          "energy_wh": 0.8259944913935497,
          "covered_s": 59.33317852020264
        }
      },
      "combined_energy_j": 6711.712153764976,
      "combined_energy_wh": 1.8643644871569378,
      "combined_avg_power_w": 113.1190393159145,
      "successful_requests": 50,
      "energy_per_request_j": 134.23424307529953
    },
    {
      "seq": 4,
      "workload_id": "extreme_short_rps",
      "start_unix_ts": 1785144701.4111147,
      "end_unix_ts": 1785144865.6646476,
      "duration_s": 164.25353288650513,
      "nodes": {
        "neptune_l40s": {
          "energy_j": 11197.840172119375,
          "energy_wh": 3.1105111589220487,
          "covered_s": 164.25353288650513
        },
        "ganymede_l4": {
          "energy_j": 9382.564839689127,
          "energy_wh": 2.6062680110247576,
          "covered_s": 164.25353288650513
        }
      },
      "combined_energy_j": 20580.4050118085,
      "combined_energy_wh": 5.716779169946806,
      "combined_avg_power_w": 125.29657444889796,
      "successful_requests": 500,
      "energy_per_request_j": 41.160810023616996
    },
    {
      "seq": 5,
      "workload_id": "long_prompt_high_rate",
      "start_unix_ts": 1785144867.57183,
      "end_unix_ts": 1785144932.8383095,
      "duration_s": 65.2664794921875,
      "nodes": {
        "neptune_l40s": {
          "energy_j": 5861.66623225212,
          "energy_wh": 1.6282406200700332,
          "covered_s": 65.2664794921875
        },
        "ganymede_l4": {
          "energy_j": 3818.8104612058023,
          "energy_wh": 1.0607806836682785,
          "covered_s": 65.2664794921875
        }
      },
      "combined_energy_j": 9680.476693457922,
      "combined_energy_wh": 2.6890213037383117,
      "combined_avg_power_w": 148.32233588785328,
      "successful_requests": 50,
      "energy_per_request_j": 193.60953386915844
    },
    {
      "seq": 6,
      "workload_id": "very_long_prompt_r1",
      "start_unix_ts": 1785144935.7426605,
      "end_unix_ts": 1785144984.6003952,
      "duration_s": 48.85773468017578,
      "nodes": {
        "neptune_l40s": {
          "energy_j": 3517.148996399641,
          "energy_wh": 0.9769858323332336,
          "covered_s": 48.85773468017578
        },
        "ganymede_l4": {
          "energy_j": 2627.7596072346764,
          "energy_wh": 0.7299332242318546,
          "covered_s": 48.85773468017578
        }
      },
      "combined_energy_j": 6144.908603634318,
      "combined_energy_wh": 1.7069190565650882,
      "combined_avg_power_w": 125.77145960325579,
      "successful_requests": 12,
      "energy_per_request_j": 512.0757169695265
    },
    {
      "seq": 7,
      "workload_id": "very_long_prompt_r2",
      "start_unix_ts": 1785144986.4059083,
      "end_unix_ts": 1785145033.7697375,
      "duration_s": 47.363829135894775,
      "nodes": {
        "neptune_l40s": {
          "energy_j": 3293.9962643560443,
          "energy_wh": 0.9149989623211234,
          "covered_s": 47.27838754653931
        },
        "ganymede_l4": {
          "energy_j": 2711.8814653989593,
          "energy_wh": 0.7533004070552665,
          "covered_s": 46.7479362487793
        }
      },
      "combined_energy_j": 6005.877729755004,
      "combined_energy_wh": 1.6682993693763901,
      "combined_avg_power_w": 126.80304441862445,
      "successful_requests": 24,
      "energy_per_request_j": 250.2449054064585
    }
  ],
  "telemetry_total": {
    "neptune_l40s": {
      "energy_j": 49325.79438626649,
      "energy_wh": 13.701609551740692,
      "covered_s": 733.0295622348785,
      "average_power_w": 67.2903207830811
    },
    "ganymede_l4": {
      "energy_j": 38592.18985923889,
      "energy_wh": 10.72005273867747,
      "covered_s": 732.428638458252,
      "average_power_w": 52.69071665531089
    }
  },
  "telemetry_total_energy_j": 87917.98424550539,
  "telemetry_total_energy_wh": 24.421662290418162,
  "reset_probe_energy_j": 1839.9416780257225,
  "reset_probe_energy_wh": 0.5110949105627007,
  "total_recorded_gpu_energy_j": 89757.9259235311,
  "total_recorded_gpu_energy_wh": 24.932757200980863
}
