{
  "scope": "two allocated GPU board-power telemetry; excludes CPU, RAM, NIC, and fans",
  "integration": "piecewise-linear trapezoidal integration",
  "sample_period_s": 0.5,
  "workloads": [
    {
      "seq": 1,
      "workload_id": "input_1024_r1",
      "start_unix_ts": 1784994999.7352753,
      "end_unix_ts": 1784995030.4544299,
      "duration_s": 30.719154596328735,
      "nodes": {
        "neptune_l40s": {
          "energy_j": 2331.8918537929476,
          "energy_wh": 0.6477477371647077,
          "covered_s": 30.719154596328735
        },
        "ganymede_l4": {
          "energy_j": 1477.1657569073548,
          "energy_wh": 0.4103238213631541,
          "covered_s": 30.719154596328735
        }
      },
      "combined_energy_j": 3809.0576107003026,
      "combined_energy_wh": 1.0580715585278617,
      "combined_avg_power_w": 123.99617309636267,
      "successful_requests": 12,
      "energy_per_request_j": 317.42146755835853
    },
    {
      "seq": 2,
      "workload_id": "input_1024_r4",
      "start_unix_ts": 1784995038.3560357,
      "end_unix_ts": 1784995065.9920223,
      "duration_s": 27.63598656654358,
      "nodes": {
        "neptune_l40s": {
          "energy_j": 2150.544188237978,
          "energy_wh": 0.5973733856216605,
          "covered_s": 27.63598656654358
        },
        "ganymede_l4": {
          "energy_j": 1167.6920678667077,
          "energy_wh": 0.32435890774075216,
          "covered_s": 27.63598656654358
        }
      },
      "combined_energy_j": 3318.2362561046857,
      "combined_energy_wh": 0.9217322933624127,
      "combined_avg_power_w": 120.06939749065366,
      "successful_requests": 24,
      "energy_per_request_j": 138.2598440043619
    },
    {
      "seq": 3,
      "workload_id": "input_1536_r1",
      "start_unix_ts": 1784995073.8994317,
      "end_unix_ts": 1784995105.5286133,
      "duration_s": 31.629181623458862,
      "nodes": {
        "neptune_l40s": {
          "energy_j": 2290.71920131147,
          "energy_wh": 0.6363108892531861,
          "covered_s": 31.629181623458862
        },
        "ganymede_l4": {
          "energy_j": 1531.236975653652,
          "energy_wh": 0.4253436043482367,
          "covered_s": 31.629181623458862
        }
      },
      "combined_energy_j": 3821.956176965122,
      "combined_energy_wh": 1.0616544936014227,
      "combined_avg_power_w": 120.83639161028553,
      "successful_requests": 12,
      "energy_per_request_j": 318.4963480804268
    },
    {
      "seq": 4,
      "workload_id": "input_1536_r3",
      "start_unix_ts": 1784995112.4084153,
      "end_unix_ts": 1784995143.0474205,
      "duration_s": 30.639005184173584,
      "nodes": {
        "neptune_l40s": {
          "energy_j": 2122.1885203587494,
          "energy_wh": 0.5894968112107637,
          "covered_s": 30.639005184173584
        },
        "ganymede_l4": {
          "energy_j": 1347.3237305968526,
          "energy_wh": 0.374256591832459,
          "covered_s": 30.639005184173584
        }
      },
      "combined_energy_j": 3469.512250955602,
      "combined_energy_wh": 0.9637534030432229,
      "combined_avg_power_w": 113.2384106500873,
      "successful_requests": 24,
      "energy_per_request_j": 144.56301045648343
    },
    {
      "seq": 5,
      "workload_id": "input_2048_r1",
      "start_unix_ts": 1784995150.826528,
      "end_unix_ts": 1784995183.081514,
      "duration_s": 32.25498580932617,
      "nodes": {
        "neptune_l40s": {
          "energy_j": 2299.6989351558327,
          "energy_wh": 0.6388052597655091,
          "covered_s": 32.25498580932617
        },
        "ganymede_l4": {
          "energy_j": 1513.6126500487244,
          "energy_wh": 0.4204479583468679,
          "covered_s": 32.25498580932617
        }
      },
      "combined_energy_j": 3813.311585204557,
      "combined_energy_wh": 1.059253218112377,
      "combined_avg_power_w": 118.22394242387111,
      "successful_requests": 12,
      "energy_per_request_j": 317.7759654337131
    },
    {
      "seq": 6,
      "workload_id": "input_2048_r3",
      "start_unix_ts": 1784995189.920692,
      "end_unix_ts": 1784995220.5240283,
      "duration_s": 30.603336334228516,
      "nodes": {
        "neptune_l40s": {
          "energy_j": 2541.179926270372,
          "energy_wh": 0.7058833128528812,
          "covered_s": 30.603336334228516
        },
        "ganymede_l4": {
          "energy_j": 1400.3183531239406,
          "energy_wh": 0.3889773203122057,
          "covered_s": 30.603336334228516
        }
      },
      "combined_energy_j": 3941.4982793943127,
      "combined_energy_wh": 1.094860633165087,
      "combined_avg_power_w": 128.79309093453045,
      "successful_requests": 24,
      "energy_per_request_j": 164.22909497476303
    },
    {
      "seq": 7,
      "workload_id": "input_2560_r1",
      "start_unix_ts": 1784995228.351864,
      "end_unix_ts": 1784995260.2550025,
      "duration_s": 31.903138399124146,
      "nodes": {
        "neptune_l40s": {
          "energy_j": 2277.8884527137934,
          "energy_wh": 0.6327467924204981,
          "covered_s": 31.903138399124146
        },
        "ganymede_l4": {
          "energy_j": 1513.3299449339695,
          "energy_wh": 0.42036942914832487,
          "covered_s": 31.903138399124146
        }
      },
      "combined_energy_j": 3791.2183976477627,
      "combined_energy_wh": 1.053116221568823,
      "combined_avg_power_w": 118.83528041090293,
      "successful_requests": 12,
      "energy_per_request_j": 315.9348664706469
    },
    {
      "seq": 8,
      "workload_id": "input_2560_r2",
      "start_unix_ts": 1784995268.1035893,
      "end_unix_ts": 1784995301.2990227,
      "duration_s": 33.195433378219604,
      "nodes": {
        "neptune_l40s": {
          "energy_j": 2325.603664487601,
          "energy_wh": 0.6460010179132224,
          "covered_s": 33.195433378219604
        },
        "ganymede_l4": {
          "energy_j": 1515.2854040917612,
          "energy_wh": 0.4209126122477114,
          "covered_s": 33.195433378219604
        }
      },
      "combined_energy_j": 3840.889068579362,
      "combined_energy_wh": 1.0669136301609339,
      "combined_avg_power_w": 115.70534491348049,
      "successful_requests": 20,
      "energy_per_request_j": 192.0444534289681
    },
    {
      "seq": 9,
      "workload_id": "input_3072_r1",
      "start_unix_ts": 1784995309.084873,
      "end_unix_ts": 1784995340.6576805,
      "duration_s": 31.572807550430298,
      "nodes": {
        "neptune_l40s": {
          "energy_j": 2253.804707076822,
          "energy_wh": 0.626056863076895,
          "covered_s": 31.572807550430298
        },
        "ganymede_l4": {
          "energy_j": 1510.2719570379384,
          "energy_wh": 0.419519988066094,
          "covered_s": 31.572807550430298
        }
      },
      "combined_energy_j": 3764.07666411476,
      "combined_energy_wh": 1.045576851142989,
      "combined_avg_power_w": 119.21894047916118,
      "successful_requests": 12,
      "energy_per_request_j": 313.6730553428967
    },
    {
      "seq": 10,
      "workload_id": "input_3072_r2",
      "start_unix_ts": 1784995348.4358428,
      "end_unix_ts": 1784995381.736489,
      "duration_s": 33.30064630508423,
      "nodes": {
        "neptune_l40s": {
          "energy_j": 2247.3462811326986,
          "energy_wh": 0.624262855870194,
          "covered_s": 33.30064630508423
        },
        "ganymede_l4": {
          "energy_j": 1534.6594611902512,
          "energy_wh": 0.4262942947750698,
          "covered_s": 33.30064630508423
        }
      },
      "combined_energy_j": 3782.00574232295,
      "combined_energy_wh": 1.050557150645264,
      "combined_avg_power_w": 113.57154175549819,
      "successful_requests": 20,
      "energy_per_request_j": 189.1002871161475
    }
  ],
  "telemetry_total": {
    "neptune_l40s": {
      "energy_j": 38836.25092355615,
      "energy_wh": 10.787847478765597,
      "covered_s": 497.496652841568,
      "average_power_w": 78.06334113352092
    },
    "ganymede_l4": {
      "energy_j": 20659.439524141548,
      "energy_wh": 5.7387332011504295,
      "covered_s": 497.4954481124878,
      "average_power_w": 41.52689155754904
    }
  },
  "telemetry_total_energy_j": 59495.6904476977,
  "telemetry_total_energy_wh": 16.526580679916027,
  "reset_probe_energy_j": 1839.5335364317893,
  "reset_probe_energy_wh": 0.5109815378977193,
  "total_recorded_gpu_energy_j": 61335.22398412949,
  "total_recorded_gpu_energy_wh": 17.037562217813747
}
