[NVGPUFREQ][INFO] The spank nvgpufreq plugin has been loaded!
[NVGPUFREQ][ERROR] Failed to retrive the job ID from slurmctld! Exit!
host=neptune node_group=neptune role=prefill mode=serve
scheduled_gpu=l40s scheduled_freq_mhz=1755 gpu_id=0
gpu_clock_control_mode=manual
node_ip=10.1.0.6 peer_ip=10.1.0.3 interface=enp160s0f0np0
CUDA_VISIBLE_DEVICES=0
host=ganymede node_group=ganymede role=decode mode=serve
scheduled_gpu=l4 scheduled_freq_mhz=2040 gpu_id=0
gpu_clock_control_mode=manual
enp160s0f0np0    UP             10.1.0.6/16 fe80::6e92:cfff:fe5e:cc00/64 
10.1.0.3 dev enp160s0f0np0 src 10.1.0.6 uid 10271 
    cache 
link_speed_mbps=100000
link_mtu=1500
node_ip=10.1.0.3 peer_ip=10.1.0.6 interface=eno12399np0
CUDA_VISIBLE_DEVICES=0
eno12399np0      UP             10.1.0.3/16 fe80::632:1ff:fe4d:80/64 
10.1.0.6 dev eno12399np0 src 10.1.0.3 uid 10271 
    cache 
link_speed_mbps=100000
link_mtu=1500
index, name, memory.total [MiB], driver_version
0, NVIDIA L40S, 46068 MiB, 595.71.05
1, NVIDIA L40S, 46068 MiB, 595.71.05
2, NVIDIA L40S, 46068 MiB, 595.71.05
3, NVIDIA L40S, 46068 MiB, 595.71.05
index, name, memory.total [MiB], driver_version
0, NVIDIA L4, 23034 MiB, 595.71.05
1, NVIDIA L4, 23034 MiB, 595.71.05
2, NVIDIA L4, 23034 MiB, 595.71.05
3, NVIDIA L4, 23034 MiB, 595.71.05
4, NVIDIA L4, 23034 MiB, 595.71.05
5, NVIDIA L4, 23034 MiB, 595.71.05
6, NVIDIA L4, 23034 MiB, 595.71.05
7, NVIDIA L4, 23034 MiB, 595.71.05
lock_gpu_clock gpu_id=0 target_mhz=1755
lock_gpu_clock gpu_id=0 target_mhz=2040
GPU clocks set to "(gpuClkMin 1755, gpuClkMax 1755)" for GPU 00000000:4A:00.0

Warning: persistence mode is disabled on device 00000000:4A:00.0. See the Known Issues section of the nvidia-smi(1) man page for more information. Run with [--help | -h] switch to get more information on how to enable persistence mode.
All done.
index, name, clocks.current.graphics [MHz], clocks.max.graphics [MHz]
0, NVIDIA L40S, 210 MHz, 2520 MHz
launch_vllm host=neptune role=prefill ip=10.1.0.6 http_port=32141 kv_port=34141
NCCL_NET=Socket NCCL_IB_DISABLE=1 NCCL_SOCKET_IFNAME=enp160s0f0np0
kv_transfer_config={"kv_connector":"P2pNcclConnector","kv_role":"kv_producer","kv_buffer_size":"1e1","kv_port":"34141","kv_connector_extra_config":{"proxy_ip":"10.1.0.3","proxy_port":"31141","http_port":"32141","send_type":"PUT_ASYNC","nccl_num_channels":"16"}}
GPU clocks set to "(gpuClkMin 2040, gpuClkMax 2040)" for GPU 00000000:0D:00.0

Warning: persistence mode is disabled on device 00000000:0D:00.0. See the Known Issues section of the nvidia-smi(1) man page for more information. Run with [--help | -h] switch to get more information on how to enable persistence mode.
All done.
index, name, clocks.current.graphics [MHz], clocks.max.graphics [MHz]
0, NVIDIA L4, 210 MHz, 2040 MHz
launch_vllm host=ganymede role=decode ip=10.1.0.3 http_port=33141 kv_port=34141
NCCL_NET=Socket NCCL_IB_DISABLE=1 NCCL_SOCKET_IFNAME=eno12399np0
kv_transfer_config={"kv_connector":"P2pNcclConnector","kv_role":"kv_consumer","kv_buffer_size":"8e9","kv_port":"34141","kv_connector_extra_config":{"proxy_ip":"10.1.0.3","proxy_port":"31141","http_port":"33141","send_type":"PUT_ASYNC","nccl_num_channels":"16"}}
dynamic_clock_apply host=ganymede seq=1 target_mhz=2040
GPU clocks set to "(gpuClkMin 2040, gpuClkMax 2040)" for GPU 00000000:0D:00.0

Warning: persistence mode is disabled on device 00000000:0D:00.0. See the Known Issues section of the nvidia-smi(1) man page for more information. Run with [--help | -h] switch to get more information on how to enable persistence mode.
All done.
{
  "physical_gpu_id": 0,
  "cuda_visible_devices": "0",
  "iterations": 895,
  "active_samples": 6,
  "active_clock_min_mhz": 1185.0,
  "active_clock_max_mhz": 1260.0,
  "active_clock_mean_mhz": 1242.5
}
dynamic_clock_ack host=ganymede seq=1 target_mhz=2040 rc=33 observed_active_mean_mhz=1242
dynamic_clock_apply host=neptune seq=1 target_mhz=1755
GPU clocks set to "(gpuClkMin 1755, gpuClkMax 1755)" for GPU 00000000:4A:00.0

Warning: persistence mode is disabled on device 00000000:4A:00.0. See the Known Issues section of the nvidia-smi(1) man page for more information. Run with [--help | -h] switch to get more information on how to enable persistence mode.
All done.
{
  "physical_gpu_id": 0,
  "cuda_visible_devices": "0",
  "iterations": 2843,
  "active_samples": 6,
  "active_clock_min_mhz": 1755.0,
  "active_clock_max_mhz": 1755.0,
  "active_clock_mean_mhz": 1755.0
}
dynamic_clock_ack host=neptune seq=1 target_mhz=1755 rc=0 observed_active_mean_mhz=1755
dynamic_clock_apply host=neptune seq=2 target_mhz=2010
dynamic_clock_apply host=ganymede seq=2 target_mhz=1830
GPU clocks set to "(gpuClkMin 2010, gpuClkMax 2010)" for GPU 00000000:4A:00.0

Warning: persistence mode is disabled on device 00000000:4A:00.0. See the Known Issues section of the nvidia-smi(1) man page for more information. Run with [--help | -h] switch to get more information on how to enable persistence mode.
All done.
GPU clocks set to "(gpuClkMin 1830, gpuClkMax 1830)" for GPU 00000000:0D:00.0

Warning: persistence mode is disabled on device 00000000:0D:00.0. See the Known Issues section of the nvidia-smi(1) man page for more information. Run with [--help | -h] switch to get more information on how to enable persistence mode.
All done.
{
  "physical_gpu_id": 0,
  "cuda_visible_devices": "0",
  "iterations": 3220,
  "active_samples": 7,
  "active_clock_min_mhz": 2010.0,
  "active_clock_max_mhz": 2010.0,
  "active_clock_mean_mhz": 2010.0
}
dynamic_clock_ack host=neptune seq=2 target_mhz=2010 rc=0 observed_active_mean_mhz=2010
{
  "physical_gpu_id": 0,
  "cuda_visible_devices": "0",
  "iterations": 895,
  "active_samples": 6,
  "active_clock_min_mhz": 1245.0,
  "active_clock_max_mhz": 1260.0,
  "active_clock_mean_mhz": 1255.0
}
dynamic_clock_ack host=ganymede seq=2 target_mhz=1830 rc=33 observed_active_mean_mhz=1255
dynamic_clock_apply host=ganymede seq=3 target_mhz=2040
GPU clocks set to "(gpuClkMin 2040, gpuClkMax 2040)" for GPU 00000000:0D:00.0

Warning: persistence mode is disabled on device 00000000:0D:00.0. See the Known Issues section of the nvidia-smi(1) man page for more information. Run with [--help | -h] switch to get more information on how to enable persistence mode.
All done.
dynamic_clock_apply host=neptune seq=3 target_mhz=1755
GPU clocks set to "(gpuClkMin 1755, gpuClkMax 1755)" for GPU 00000000:4A:00.0

Warning: persistence mode is disabled on device 00000000:4A:00.0. See the Known Issues section of the nvidia-smi(1) man page for more information. Run with [--help | -h] switch to get more information on how to enable persistence mode.
All done.
{
  "physical_gpu_id": 0,
  "cuda_visible_devices": "0",
  "iterations": 897,
  "active_samples": 6,
  "active_clock_min_mhz": 1215.0,
  "active_clock_max_mhz": 1305.0,
  "active_clock_mean_mhz": 1257.5
}
dynamic_clock_ack host=ganymede seq=3 target_mhz=2040 rc=33 observed_active_mean_mhz=1258
{
  "physical_gpu_id": 0,
  "cuda_visible_devices": "0",
  "iterations": 2839,
  "active_samples": 6,
  "active_clock_min_mhz": 1755.0,
  "active_clock_max_mhz": 1755.0,
  "active_clock_mean_mhz": 1755.0
}
dynamic_clock_ack host=neptune seq=3 target_mhz=1755 rc=0 observed_active_mean_mhz=1755
dynamic_clock_apply host=ganymede seq=4 target_mhz=1830
GPU clocks set to "(gpuClkMin 1830, gpuClkMax 1830)" for GPU 00000000:0D:00.0

Warning: persistence mode is disabled on device 00000000:0D:00.0. See the Known Issues section of the nvidia-smi(1) man page for more information. Run with [--help | -h] switch to get more information on how to enable persistence mode.
All done.
dynamic_clock_apply host=neptune seq=4 target_mhz=1755
GPU clocks set to "(gpuClkMin 1755, gpuClkMax 1755)" for GPU 00000000:4A:00.0

Warning: persistence mode is disabled on device 00000000:4A:00.0. See the Known Issues section of the nvidia-smi(1) man page for more information. Run with [--help | -h] switch to get more information on how to enable persistence mode.
All done.
{
  "physical_gpu_id": 0,
  "cuda_visible_devices": "0",
  "iterations": 2845,
  "active_samples": 6,
  "active_clock_min_mhz": 1755.0,
  "active_clock_max_mhz": 1755.0,
  "active_clock_mean_mhz": 1755.0
}
dynamic_clock_ack host=neptune seq=4 target_mhz=1755 rc=0 observed_active_mean_mhz=1755
{
  "physical_gpu_id": 0,
  "cuda_visible_devices": "0",
  "iterations": 887,
  "active_samples": 6,
  "active_clock_min_mhz": 1185.0,
  "active_clock_max_mhz": 1245.0,
  "active_clock_mean_mhz": 1227.5
}
dynamic_clock_ack host=ganymede seq=4 target_mhz=1830 rc=33 observed_active_mean_mhz=1228
dynamic_clock_apply host=ganymede seq=5 target_mhz=1830
GPU clocks set to "(gpuClkMin 1830, gpuClkMax 1830)" for GPU 00000000:0D:00.0

Warning: persistence mode is disabled on device 00000000:0D:00.0. See the Known Issues section of the nvidia-smi(1) man page for more information. Run with [--help | -h] switch to get more information on how to enable persistence mode.
All done.
dynamic_clock_apply host=neptune seq=5 target_mhz=1755
GPU clocks set to "(gpuClkMin 1755, gpuClkMax 1755)" for GPU 00000000:4A:00.0

Warning: persistence mode is disabled on device 00000000:4A:00.0. See the Known Issues section of the nvidia-smi(1) man page for more information. Run with [--help | -h] switch to get more information on how to enable persistence mode.
All done.
{
  "physical_gpu_id": 0,
  "cuda_visible_devices": "0",
  "iterations": 888,
  "active_samples": 6,
  "active_clock_min_mhz": 1170.0,
  "active_clock_max_mhz": 1260.0,
  "active_clock_mean_mhz": 1235.0
}
dynamic_clock_ack host=ganymede seq=5 target_mhz=1830 rc=33 observed_active_mean_mhz=1235
{
  "physical_gpu_id": 0,
  "cuda_visible_devices": "0",
  "iterations": 2842,
  "active_samples": 6,
  "active_clock_min_mhz": 1755.0,
  "active_clock_max_mhz": 1755.0,
  "active_clock_mean_mhz": 1755.0
}
dynamic_clock_ack host=neptune seq=5 target_mhz=1755 rc=0 observed_active_mean_mhz=1755
