ganymede:121681:121681 [0] NCCL INFO NCCL_SOCKET_IFNAME set to eno12399np0
ganymede:121681:121681 [0] NCCL INFO cudaDriverVersion 13020
ganymede:121681:121681 [0] NCCL INFO NCCL version 2.27.5+cuda12.9
ganymede:121681:121681 [0] NCCL INFO NET/Plugin: Could not find: libnccl-net.so. 
ganymede:121681:121681 [0] NCCL INFO NET/Socket : Using [0]eno12399np0:10.1.0.3<0>
ganymede:121681:121681 [0] NCCL INFO Initialized NET plugin Socket
ganymede:121681:121681 [0] NCCL INFO Assigned NET plugin Socket to comm
ganymede:121681:121681 [0] NCCL INFO Using network Socket
ganymede:121681:121681 [0] NCCL INFO ncclCommInitRank comm 0x64ac1429ed00 rank 0 nranks 2 cudaDev 0 nvmlDev 0 busId d000 commId 0xa8c3073c44ad740 - Init START
ganymede:121681:121681 [0] NCCL INFO RAS client listening socket at 127.0.0.1<28028>
ganymede:121681:121681 [0] NCCL INFO NET/Socket : GPU Direct RDMA Disabled for HCA 0 'eno12399np0'
ganymede:121681:121681 [0] NCCL INFO Setting affinity for GPU 0 to 0,2,4,6,8,10,12,14,64,66,68,70,72,74,76,78
ganymede:121681:121681 [0] NCCL INFO comm 0x64ac1429ed00 rank 0 nRanks 2 nNodes 1 localRanks 2 localRank 0 MNNVL 0
ganymede:121681:121681 [0] NCCL INFO Channel 00/02 : 0 1
ganymede:121681:121681 [0] NCCL INFO Channel 01/02 : 0 1
ganymede:121681:121681 [0] NCCL INFO Trees [0] 1/-1/-1->0->-1 [1] 1/-1/-1->0->-1
ganymede:121681:121681 [0] NCCL INFO P2P Chunksize set to 131072
ganymede:121681:121681 [0] NCCL INFO PROFILER/Plugin: Could not find: libnccl-profiler.so. 
ganymede:121681:121681 [0] NCCL INFO Check P2P Type isAllDirectP2p 0 directMode 0
ganymede:121681:122159 [0] NCCL INFO [Proxy Service] Device 0 CPU core 74
ganymede:121681:122160 [0] NCCL INFO [Proxy Service UDS] Device 0 CPU core 8
ganymede:121681:121681 [0] NCCL INFO threadThresholds 8/8/64 | 16/8/64 | 512 | 512
ganymede:121681:121681 [0] NCCL INFO 2 coll channels, 2 collnet channels, 0 nvls channels, 2 p2p channels, 2 p2p channels per peer
ganymede:121681:121681 [0] NCCL INFO CC Off, workFifoBytes 1048576
ganymede:121681:121681 [0] NCCL INFO TUNER/Plugin: Could not find: libnccl-tuner.so. Using internal tuner plugin.
ganymede:121681:121681 [0] NCCL INFO ncclCommInitRank comm 0x64ac1429ed00 rank 0 nranks 2 cudaDev 0 nvmlDev 0 busId d000 commId 0xa8c3073c44ad740 - Init COMPLETE
ganymede:121681:121681 [0] NCCL INFO Init timings - ncclCommInitRank: rank 0 nranks 2 total 0.24 (kernels 0.19, alloc 0.01, bootstrap 0.03, allgathers 0.00, topo 0.01, graphs 0.00, connections 0.00, rest 0.00)
ganymede:121681:122159 [0] NCCL INFO New proxy recv connection 0 from local rank 0, transport 1
ganymede:121681:122162 [0] NCCL INFO Connected to proxy localRank 0 -> connection 0x79ec38004f40
ganymede:121681:122159 [0] NCCL INFO New proxy recv connection 1 from local rank 0, transport 1
ganymede:121681:122162 [0] NCCL INFO Connected to proxy localRank 0 -> connection 0x79ec38004fb8
ganymede:121681:122159 [0] NCCL INFO New proxy send connection 2 from local rank 0, transport 1
ganymede:121681:122162 [0] NCCL INFO Connected to proxy localRank 0 -> connection 0x79ec38005030
ganymede:121681:122162 [0] NCCL INFO Channel 00 : 0[0] -> 1[1] via SHM/direct/direct
ganymede:121681:122159 [0] NCCL INFO New proxy send connection 3 from local rank 0, transport 1
ganymede:121681:122162 [0] NCCL INFO Connected to proxy localRank 0 -> connection 0x79ec380050a8
ganymede:121681:122162 [0] NCCL INFO Channel 01 : 0[0] -> 1[1] via SHM/direct/direct
ganymede:121681:122159 [0] NCCL INFO New proxy send connection 4 from local rank 1, transport 0
ganymede:121681:122162 [0] NCCL INFO Connected to proxy localRank 1 -> connection 0x70f3fc005120
ganymede:121681:122162 [0] NCCL INFO Connected all rings, use ring PXN 0 GDR 1
ganymede:121681:123057 [0] NCCL INFO Assigned NET plugin Socket to comm
ganymede:121681:123057 [0] NCCL INFO Using network Socket
ganymede:121681:123057 [0] NCCL INFO ncclCommInitRankConfig comm 0x64ac3310e8f0 rank 0 nranks 2 cudaDev 0 nvmlDev 0 busId d000 commId 0xff6b03c6d2148834 - Init START
ganymede:121681:123057 [0] NCCL INFO NET/Socket : GPU Direct RDMA Disabled for HCA 0 'eno12399np0'
ganymede:121681:123057 [0] NCCL INFO Setting affinity for GPU 0 to 0,2,4,6,8,10,12,14,64,66,68,70,72,74,76,78
ganymede:121681:123057 [0] NCCL INFO comm 0x64ac3310e8f0 rank 0 nRanks 2 nNodes 1 localRanks 2 localRank 0 MNNVL 0
ganymede:121681:123057 [0] NCCL INFO Channel 00/02 : 0 1
ganymede:121681:123057 [0] NCCL INFO Channel 01/02 : 0 1
ganymede:121681:123057 [0] NCCL INFO Trees [0] 1/-1/-1->0->-1 [1] 1/-1/-1->0->-1
ganymede:121681:123057 [0] NCCL INFO P2P Chunksize set to 131072
ganymede:121681:123057 [0] NCCL INFO Check P2P Type isAllDirectP2p 0 directMode 0
ganymede:121681:123059 [0] NCCL INFO [Proxy Service] Device 0 CPU core 8
ganymede:121681:123061 [0] NCCL INFO [Proxy Service UDS] Device 0 CPU core 0
ganymede:121681:123057 [0] NCCL INFO threadThresholds 8/8/64 | 16/8/64 | 512 | 512
ganymede:121681:123057 [0] NCCL INFO 2 coll channels, 2 collnet channels, 0 nvls channels, 2 p2p channels, 2 p2p channels per peer
ganymede:121681:123057 [0] NCCL INFO CC Off, workFifoBytes 1048576
ganymede:121681:123057 [0] NCCL INFO ncclCommInitRankConfig comm 0x64ac3310e8f0 rank 0 nranks 2 cudaDev 0 nvmlDev 0 busId d000 commId 0xff6b03c6d2148834 - Init COMPLETE
ganymede:121681:123057 [0] NCCL INFO Init timings - ncclCommInitRankConfig: rank 0 nranks 2 total 0.03 (kernels 0.00, alloc 0.00, bootstrap 0.00, allgathers 0.00, topo 0.01, graphs 0.00, connections 0.01, rest 0.00)
ganymede:121681:123059 [0] NCCL INFO New proxy recv connection 0 from local rank 0, transport 1
ganymede:121681:123064 [0] NCCL INFO Connected to proxy localRank 0 -> connection 0x79e994004f40
ganymede:121681:123059 [0] NCCL INFO New proxy recv connection 1 from local rank 0, transport 1
ganymede:121681:123064 [0] NCCL INFO Connected to proxy localRank 0 -> connection 0x79e994004fb8
ganymede:121681:123059 [0] NCCL INFO New proxy send connection 2 from local rank 0, transport 1
ganymede:121681:123064 [0] NCCL INFO Connected to proxy localRank 0 -> connection 0x79e994005030
ganymede:121681:123064 [0] NCCL INFO Channel 00 : 0[0] -> 1[1] via SHM/direct/direct
ganymede:121681:123059 [0] NCCL INFO New proxy send connection 3 from local rank 0, transport 1
ganymede:121681:123064 [0] NCCL INFO Connected to proxy localRank 0 -> connection 0x79e9940050a8
ganymede:121681:123064 [0] NCCL INFO Channel 01 : 0[0] -> 1[1] via SHM/direct/direct
ganymede:121681:123059 [0] NCCL INFO New proxy send connection 4 from local rank 1, transport 0
ganymede:121681:123064 [0] NCCL INFO Connected to proxy localRank 1 -> connection 0x70f158005120
ganymede:121681:123064 [0] NCCL INFO Connected all rings, use ring PXN 0 GDR 1
ganymede:121681:123467 [0] NCCL INFO socketProgressOpt: abort called
ganymede:121681:123467 [0] NCCL INFO misc/socket.cc:64 -> 3
ganymede:121681:123467 [0] NCCL INFO misc/socket.cc:81 -> 3
ganymede:121681:123467 [0] NCCL INFO misc/socket.cc:863 -> 3
ganymede:121681:123059 [0] NCCL INFO socketProgressOpt: abort called
ganymede:121681:123059 [0] NCCL INFO misc/socket.cc:915 -> 3
ganymede:121681:123467 [0] NCCL INFO socketProgressOpt: abort called
ganymede:121681:123467 [0] NCCL INFO misc/socket.cc:64 -> 3
ganymede:121681:123467 [0] NCCL INFO misc/socket.cc:81 -> 3
ganymede:121681:123467 [0] NCCL INFO misc/socket.cc:863 -> 3
ganymede:121681:123467 [0] NCCL INFO comm 0x64ac3310e8f0 rank 0 nranks 2 cudaDev 0 busId d000 - Abort COMPLETE
