ganymede:121683:121683 [1] NCCL INFO cudaDriverVersion 13020
ganymede:121683:121683 [1] NCCL INFO NCCL_SOCKET_IFNAME set to eno12399np0
ganymede:121683:121683 [1] NCCL INFO NCCL version 2.27.5+cuda12.9
ganymede:121683:121683 [1] NCCL INFO NET/Plugin: Could not find: libnccl-net.so. 
ganymede:121683:121683 [1] NCCL INFO NET/Socket : Using [0]eno12399np0:10.1.0.3<0>
ganymede:121683:121683 [1] NCCL INFO Initialized NET plugin Socket
ganymede:121683:121683 [1] NCCL INFO Assigned NET plugin Socket to comm
ganymede:121683:121683 [1] NCCL INFO Using network Socket
ganymede:121683:121683 [1] NCCL INFO ncclCommInitRank comm 0x56d6430962e0 rank 1 nranks 2 cudaDev 1 nvmlDev 1 busId 37000 commId 0xa8c3073c44ad740 - Init START
ganymede:121683:121683 [1] NCCL INFO RAS client listening socket at 127.0.0.1<28028>
ganymede:121683:121683 [1] NCCL INFO NET/Socket : GPU Direct RDMA Disabled for HCA 0 'eno12399np0'
ganymede:121683:121683 [1] NCCL INFO Setting affinity for GPU 1 to 0,2,4,6,8,10,12,14,64,66,68,70,72,74,76,78
ganymede:121683:121683 [1] NCCL INFO comm 0x56d6430962e0 rank 1 nRanks 2 nNodes 1 localRanks 2 localRank 1 MNNVL 0
ganymede:121683:121683 [1] NCCL INFO Trees [0] -1/-1/-1->1->0 [1] -1/-1/-1->1->0
ganymede:121683:121683 [1] NCCL INFO P2P Chunksize set to 131072
ganymede:121683:121683 [1] NCCL INFO PROFILER/Plugin: Could not find: libnccl-profiler.so. 
ganymede:121683:122158 [1] NCCL INFO [Proxy Service UDS] Device 1 CPU core 14
ganymede:121683:122157 [1] NCCL INFO [Proxy Service] Device 1 CPU core 76
ganymede:121683:121683 [1] NCCL INFO threadThresholds 8/8/64 | 16/8/64 | 512 | 512
ganymede:121683:121683 [1] NCCL INFO 2 coll channels, 2 collnet channels, 0 nvls channels, 2 p2p channels, 2 p2p channels per peer
ganymede:121683:121683 [1] NCCL INFO TUNER/Plugin: Could not find: libnccl-tuner.so. Using internal tuner plugin.
ganymede:121683:121683 [1] NCCL INFO ncclCommInitRank comm 0x56d6430962e0 rank 1 nranks 2 cudaDev 1 nvmlDev 1 busId 37000 commId 0xa8c3073c44ad740 - Init COMPLETE
ganymede:121683:121683 [1] NCCL INFO Init timings - ncclCommInitRank: rank 1 nranks 2 total 0.23 (kernels 0.19, alloc 0.01, bootstrap 0.02, allgathers 0.00, topo 0.01, graphs 0.00, connections 0.00, rest 0.00)
ganymede:121683:122157 [1] NCCL INFO New proxy recv connection 0 from local rank 1, transport 1
ganymede:121683:122161 [1] NCCL INFO Connected to proxy localRank 1 -> connection 0x70f3fc004f40
ganymede:121683:122157 [1] NCCL INFO New proxy recv connection 1 from local rank 1, transport 1
ganymede:121683:122161 [1] NCCL INFO Connected to proxy localRank 1 -> connection 0x70f3fc004fb8
ganymede:121683:122157 [1] NCCL INFO New proxy send connection 2 from local rank 1, transport 1
ganymede:121683:122161 [1] NCCL INFO Connected to proxy localRank 1 -> connection 0x70f3fc005030
ganymede:121683:122161 [1] NCCL INFO Channel 00 : 1[1] -> 0[0] via SHM/direct/direct
ganymede:121683:122157 [1] NCCL INFO New proxy send connection 3 from local rank 1, transport 1
ganymede:121683:122161 [1] NCCL INFO Connected to proxy localRank 1 -> connection 0x70f3fc0050a8
ganymede:121683:122161 [1] NCCL INFO Channel 01 : 1[1] -> 0[0] via SHM/direct/direct
ganymede:121683:122157 [1] NCCL INFO New proxy send connection 4 from local rank 0, transport 0
ganymede:121683:122161 [1] NCCL INFO Connected to proxy localRank 0 -> connection 0x79ec38005120
ganymede:121683:122161 [1] NCCL INFO Connected all rings, use ring PXN 0 GDR 1
