neptune:3689992:3689992 [1] NCCL INFO cudaDriverVersion 13020
neptune:3689992:3689992 [1] NCCL INFO NCCL_SOCKET_IFNAME set to enp160s0f0np0
neptune:3689992:3689992 [1] NCCL INFO NCCL version 2.27.5+cuda12.9
neptune:3689992:3689992 [1] NCCL INFO NET/Plugin: Could not find: libnccl-net.so. 
neptune:3689992:3689992 [1] NCCL INFO NET/Socket : Using [0]enp160s0f0np0:10.1.0.6<0>
neptune:3689992:3689992 [1] NCCL INFO Initialized NET plugin Socket
neptune:3689992:3689992 [1] NCCL INFO Assigned NET plugin Socket to comm
neptune:3689992:3689992 [1] NCCL INFO Using network Socket
neptune:3689992:3689992 [1] NCCL INFO ncclCommInitRank comm 0x5978086538e0 rank 1 nranks 4 cudaDev 1 nvmlDev 1 busId 61000 commId 0xfe018fbf89d09a6a - Init START
neptune:3689992:3689992 [1] NCCL INFO RAS client listening socket at 127.0.0.1<28028>
neptune:3689992:3689992 [1] NCCL INFO NET/Socket : GPU Direct RDMA Disabled for HCA 0 'enp160s0f0np0'
neptune:3689992:3689992 [1] NCCL INFO Setting affinity for GPU 1 to 0,2,4,6,8,10,12,14,16,18,20,22,24,26,28,30,64,66,68,70,72,74,76,78,80,82,84,86,88,90,92,94
neptune:3689992:3689992 [1] NCCL INFO NVLS multicast support is not available on dev 1 (NVLS_NCHANNELS 0)
neptune:3689992:3689992 [1] NCCL INFO comm 0x5978086538e0 rank 1 nRanks 4 nNodes 1 localRanks 4 localRank 1 MNNVL 0
neptune:3689992:3689992 [1] NCCL INFO Trees [0] 2/-1/-1->1->0 [1] 2/-1/-1->1->0
neptune:3689992:3689992 [1] NCCL INFO P2P Chunksize set to 131072
neptune:3689992:3689992 [1] NCCL INFO PROFILER/Plugin: Could not find: libnccl-profiler.so. 
neptune:3689992:3690416 [1] NCCL INFO [Proxy Service] Device 1 CPU core 12
neptune:3689992:3690417 [1] NCCL INFO [Proxy Service UDS] Device 1 CPU core 2
neptune:3689992:3689992 [1] NCCL INFO threadThresholds 8/8/64 | 32/8/64 | 512 | 512
neptune:3689992:3689992 [1] NCCL INFO 2 coll channels, 2 collnet channels, 0 nvls channels, 2 p2p channels, 2 p2p channels per peer
neptune:3689992:3689992 [1] NCCL INFO TUNER/Plugin: Could not find: libnccl-tuner.so. Using internal tuner plugin.
neptune:3689992:3689992 [1] NCCL INFO ncclCommInitRank comm 0x5978086538e0 rank 1 nranks 4 cudaDev 1 nvmlDev 1 busId 61000 commId 0xfe018fbf89d09a6a - Init COMPLETE
neptune:3689992:3689992 [1] NCCL INFO Init timings - ncclCommInitRank: rank 1 nranks 4 total 0.21 (kernels 0.16, alloc 0.00, bootstrap 0.02, allgathers 0.00, topo 0.02, graphs 0.00, connections 0.00, rest 0.00)
neptune:3689992:3690416 [1] NCCL INFO New proxy recv connection 0 from local rank 1, transport 1
neptune:3689992:3690426 [1] NCCL INFO Connected to proxy localRank 1 -> connection 0x7d0200004f40
neptune:3689992:3690416 [1] NCCL INFO New proxy recv connection 1 from local rank 1, transport 1
neptune:3689992:3690426 [1] NCCL INFO Connected to proxy localRank 1 -> connection 0x7d0200004fb8
neptune:3689992:3690416 [1] NCCL INFO New proxy send connection 2 from local rank 1, transport 1
neptune:3689992:3690426 [1] NCCL INFO Connected to proxy localRank 1 -> connection 0x7d0200005030
neptune:3689992:3690426 [1] NCCL INFO Channel 00 : 1[1] -> 2[2] via SHM/direct/direct
neptune:3689992:3690416 [1] NCCL INFO New proxy send connection 3 from local rank 1, transport 1
neptune:3689992:3690426 [1] NCCL INFO Connected to proxy localRank 1 -> connection 0x7d02000050a8
neptune:3689992:3690426 [1] NCCL INFO Channel 01 : 1[1] -> 2[2] via SHM/direct/direct
neptune:3689992:3690426 [1] NCCL INFO Connected to proxy localRank 2 -> connection 0x7da700005120
neptune:3689992:3690416 [1] NCCL INFO New proxy send connection 4 from local rank 0, transport 0
neptune:3689992:3690416 [1] NCCL INFO New proxy send connection 5 from local rank 2, transport 0
neptune:3689992:3690426 [1] NCCL INFO Connected to proxy localRank 0 -> connection 0x79f6b8005198
neptune:3689992:3690426 [1] NCCL INFO Connected all rings, use ring PXN 0 GDR 1
neptune:3689992:3691019 [1] NCCL INFO Assigned NET plugin Socket to comm
neptune:3689992:3691019 [1] NCCL INFO Using network Socket
neptune:3689992:3691019 [1] NCCL INFO ncclCommInitRankConfig comm 0x597829d1d470 rank 1 nranks 4 cudaDev 1 nvmlDev 1 busId 61000 commId 0x2737706818e0f577 - Init START
neptune:3689992:3691019 [1] NCCL INFO NET/Socket : GPU Direct RDMA Disabled for HCA 0 'enp160s0f0np0'
neptune:3689992:3691019 [1] NCCL INFO Setting affinity for GPU 1 to 0,2,4,6,8,10,12,14,16,18,20,22,24,26,28,30,64,66,68,70,72,74,76,78,80,82,84,86,88,90,92,94
neptune:3689992:3691019 [1] NCCL INFO NVLS multicast support is not available on dev 1 (NVLS_NCHANNELS 0)
neptune:3689992:3691019 [1] NCCL INFO comm 0x597829d1d470 rank 1 nRanks 4 nNodes 1 localRanks 4 localRank 1 MNNVL 0
neptune:3689992:3691019 [1] NCCL INFO Trees [0] 2/-1/-1->1->0 [1] 2/-1/-1->1->0
neptune:3689992:3691019 [1] NCCL INFO P2P Chunksize set to 131072
neptune:3689992:3691026 [1] NCCL INFO [Proxy Service UDS] Device 1 CPU core 10
neptune:3689992:3691022 [1] NCCL INFO [Proxy Service] Device 1 CPU core 22
neptune:3689992:3691019 [1] NCCL INFO threadThresholds 8/8/64 | 32/8/64 | 512 | 512
neptune:3689992:3691019 [1] NCCL INFO 2 coll channels, 2 collnet channels, 0 nvls channels, 2 p2p channels, 2 p2p channels per peer
neptune:3689992:3691019 [1] NCCL INFO ncclCommInitRankConfig comm 0x597829d1d470 rank 1 nranks 4 cudaDev 1 nvmlDev 1 busId 61000 commId 0x2737706818e0f577 - Init COMPLETE
neptune:3689992:3691019 [1] NCCL INFO Init timings - ncclCommInitRankConfig: rank 1 nranks 4 total 0.03 (kernels 0.00, alloc 0.00, bootstrap 0.00, allgathers 0.00, topo 0.02, graphs 0.00, connections 0.00, rest 0.00)
neptune:3689992:3691022 [1] NCCL INFO New proxy recv connection 0 from local rank 1, transport 1
neptune:3689992:3691030 [1] NCCL INFO Connected to proxy localRank 1 -> connection 0x7cfffc004f40
neptune:3689992:3691022 [1] NCCL INFO New proxy recv connection 1 from local rank 1, transport 1
neptune:3689992:3691030 [1] NCCL INFO Connected to proxy localRank 1 -> connection 0x7cfffc004fb8
neptune:3689992:3691022 [1] NCCL INFO New proxy send connection 2 from local rank 1, transport 1
neptune:3689992:3691030 [1] NCCL INFO Connected to proxy localRank 1 -> connection 0x7cfffc005030
neptune:3689992:3691030 [1] NCCL INFO Channel 00 : 1[1] -> 2[2] via SHM/direct/direct
neptune:3689992:3691022 [1] NCCL INFO New proxy send connection 3 from local rank 1, transport 1
neptune:3689992:3691030 [1] NCCL INFO Connected to proxy localRank 1 -> connection 0x7cfffc0050a8
neptune:3689992:3691030 [1] NCCL INFO Channel 01 : 1[1] -> 2[2] via SHM/direct/direct
neptune:3689992:3691030 [1] NCCL INFO Connected to proxy localRank 2 -> connection 0x7da500005120
neptune:3689992:3691022 [1] NCCL INFO New proxy send connection 4 from local rank 0, transport 0
neptune:3689992:3691022 [1] NCCL INFO New proxy send connection 5 from local rank 2, transport 0
neptune:3689992:3691030 [1] NCCL INFO Connected to proxy localRank 0 -> connection 0x79f4b8005198
neptune:3689992:3691030 [1] NCCL INFO Connected all rings, use ring PXN 0 GDR 1
