ganymede:4132521:4132521 [1] NCCL INFO cudaDriverVersion 13020
ganymede:4132521:4132521 [1] NCCL INFO NCCL_SOCKET_IFNAME set to eno12399np0
ganymede:4132521:4132521 [1] NCCL INFO NCCL version 2.27.5+cuda12.9
ganymede:4132521:4132521 [1] NCCL INFO NET/Plugin: Could not find: libnccl-net.so. 
ganymede:4132521:4132521 [1] NCCL INFO NET/Socket : Using [0]eno12399np0:10.1.0.3<0>
ganymede:4132521:4132521 [1] NCCL INFO Initialized NET plugin Socket
ganymede:4132521:4132521 [1] NCCL INFO Assigned NET plugin Socket to comm
ganymede:4132521:4132521 [1] NCCL INFO Using network Socket
ganymede:4132521:4132521 [1] NCCL INFO ncclCommInitRank comm 0x5c88a7d846a0 rank 1 nranks 4 cudaDev 1 nvmlDev 1 busId 37000 commId 0xf3b79a3a508d4a27 - Init START
ganymede:4132521:4132521 [1] NCCL INFO RAS client listening socket at 127.0.0.1<28028>
ganymede:4132521:4132521 [1] NCCL INFO NET/Socket : GPU Direct RDMA Disabled for HCA 0 'eno12399np0'
ganymede:4132521:4132521 [1] NCCL INFO Setting affinity for GPU 1 to 0,2,4,6,8,10,12,14,16,18,20,22,24,26,28,30,64,66,68,70,72,74,76,78,80,82,84,86,88,90,92,94
ganymede:4132521:4132521 [1] NCCL INFO NVLS multicast support is not available on dev 1 (NVLS_NCHANNELS 0)
ganymede:4132521:4132521 [1] NCCL INFO comm 0x5c88a7d846a0 rank 1 nRanks 4 nNodes 1 localRanks 4 localRank 1 MNNVL 0
ganymede:4132521:4132521 [1] NCCL INFO Trees [0] 2/-1/-1->1->0 [1] 2/-1/-1->1->0
ganymede:4132521:4132521 [1] NCCL INFO P2P Chunksize set to 131072
ganymede:4132521:4132521 [1] NCCL INFO PROFILER/Plugin: Could not find: libnccl-profiler.so. 
ganymede:4132521:4132981 [1] NCCL INFO [Proxy Service] Device 1 CPU core 22
ganymede:4132521:4132982 [1] NCCL INFO [Proxy Service UDS] Device 1 CPU core 88
ganymede:4132521:4132521 [1] NCCL INFO threadThresholds 8/8/64 | 32/8/64 | 512 | 512
ganymede:4132521:4132521 [1] NCCL INFO 2 coll channels, 2 collnet channels, 0 nvls channels, 2 p2p channels, 2 p2p channels per peer
ganymede:4132521:4132521 [1] NCCL INFO TUNER/Plugin: Could not find: libnccl-tuner.so. Using internal tuner plugin.
ganymede:4132521:4132521 [1] NCCL INFO ncclCommInitRank comm 0x5c88a7d846a0 rank 1 nranks 4 cudaDev 1 nvmlDev 1 busId 37000 commId 0xf3b79a3a508d4a27 - Init COMPLETE
ganymede:4132521:4132521 [1] NCCL INFO Init timings - ncclCommInitRank: rank 1 nranks 4 total 0.24 (kernels 0.18, alloc 0.01, bootstrap 0.03, allgathers 0.00, topo 0.02, graphs 0.00, connections 0.00, rest 0.00)
ganymede:4132521:4132981 [1] NCCL INFO New proxy recv connection 0 from local rank 1, transport 1
ganymede:4132521:4132983 [1] NCCL INFO Connected to proxy localRank 1 -> connection 0x77b6d8004f40
ganymede:4132521:4132981 [1] NCCL INFO New proxy recv connection 1 from local rank 1, transport 1
ganymede:4132521:4132983 [1] NCCL INFO Connected to proxy localRank 1 -> connection 0x77b6d8004fb8
ganymede:4132521:4132981 [1] NCCL INFO New proxy send connection 2 from local rank 1, transport 1
ganymede:4132521:4132983 [1] NCCL INFO Connected to proxy localRank 1 -> connection 0x77b6d8005030
ganymede:4132521:4132983 [1] NCCL INFO Channel 00 : 1[1] -> 2[2] via SHM/direct/direct
ganymede:4132521:4132981 [1] NCCL INFO New proxy send connection 3 from local rank 1, transport 1
ganymede:4132521:4132983 [1] NCCL INFO Connected to proxy localRank 1 -> connection 0x77b6d80050a8
ganymede:4132521:4132983 [1] NCCL INFO Channel 01 : 1[1] -> 2[2] via SHM/direct/direct
ganymede:4132521:4132983 [1] NCCL INFO Connected to proxy localRank 2 -> connection 0x7d1ea0005120
ganymede:4132521:4132981 [1] NCCL INFO New proxy send connection 4 from local rank 0, transport 0
ganymede:4132521:4132981 [1] NCCL INFO New proxy send connection 5 from local rank 2, transport 0
ganymede:4132521:4132983 [1] NCCL INFO Connected to proxy localRank 0 -> connection 0x777a78005198
ganymede:4132521:4132983 [1] NCCL INFO Connected all rings, use ring PXN 0 GDR 1
ganymede:4132521:4133798 [1] NCCL INFO Assigned NET plugin Socket to comm
ganymede:4132521:4133798 [1] NCCL INFO Using network Socket
ganymede:4132521:4133798 [1] NCCL INFO ncclCommInitRankConfig comm 0x5c88c93e7a30 rank 1 nranks 4 cudaDev 1 nvmlDev 1 busId 37000 commId 0xa3337957218f20bf - Init START
ganymede:4132521:4133798 [1] NCCL INFO NET/Socket : GPU Direct RDMA Disabled for HCA 0 'eno12399np0'
ganymede:4132521:4133798 [1] NCCL INFO Setting affinity for GPU 1 to 0,2,4,6,8,10,12,14,16,18,20,22,24,26,28,30,64,66,68,70,72,74,76,78,80,82,84,86,88,90,92,94
ganymede:4132521:4133798 [1] NCCL INFO NVLS multicast support is not available on dev 1 (NVLS_NCHANNELS 0)
ganymede:4132521:4133798 [1] NCCL INFO comm 0x5c88c93e7a30 rank 1 nRanks 4 nNodes 1 localRanks 4 localRank 1 MNNVL 0
ganymede:4132521:4133798 [1] NCCL INFO Trees [0] 2/-1/-1->1->0 [1] 2/-1/-1->1->0
ganymede:4132521:4133798 [1] NCCL INFO P2P Chunksize set to 131072
ganymede:4132521:4133804 [1] NCCL INFO [Proxy Service UDS] Device 1 CPU core 80
ganymede:4132521:4133800 [1] NCCL INFO [Proxy Service] Device 1 CPU core 18
ganymede:4132521:4133798 [1] NCCL INFO threadThresholds 8/8/64 | 32/8/64 | 512 | 512
ganymede:4132521:4133798 [1] NCCL INFO 2 coll channels, 2 collnet channels, 0 nvls channels, 2 p2p channels, 2 p2p channels per peer
ganymede:4132521:4133798 [1] NCCL INFO ncclCommInitRankConfig comm 0x5c88c93e7a30 rank 1 nranks 4 cudaDev 1 nvmlDev 1 busId 37000 commId 0xa3337957218f20bf - Init COMPLETE
ganymede:4132521:4133798 [1] NCCL INFO Init timings - ncclCommInitRankConfig: rank 1 nranks 4 total 0.03 (kernels 0.00, alloc 0.00, bootstrap 0.00, allgathers 0.00, topo 0.02, graphs 0.00, connections 0.00, rest 0.00)
ganymede:4132521:4133800 [1] NCCL INFO New proxy recv connection 0 from local rank 1, transport 1
ganymede:4132521:4133810 [1] NCCL INFO Connected to proxy localRank 1 -> connection 0x77b4d0004f40
ganymede:4132521:4133800 [1] NCCL INFO New proxy recv connection 1 from local rank 1, transport 1
ganymede:4132521:4133810 [1] NCCL INFO Connected to proxy localRank 1 -> connection 0x77b4d0004fb8
ganymede:4132521:4133800 [1] NCCL INFO New proxy send connection 2 from local rank 1, transport 1
ganymede:4132521:4133810 [1] NCCL INFO Connected to proxy localRank 1 -> connection 0x77b4d0005030
ganymede:4132521:4133810 [1] NCCL INFO Channel 00 : 1[1] -> 2[2] via SHM/direct/direct
ganymede:4132521:4133800 [1] NCCL INFO New proxy send connection 3 from local rank 1, transport 1
ganymede:4132521:4133810 [1] NCCL INFO Connected to proxy localRank 1 -> connection 0x77b4d00050a8
ganymede:4132521:4133810 [1] NCCL INFO Channel 01 : 1[1] -> 2[2] via SHM/direct/direct
ganymede:4132521:4133800 [1] NCCL INFO New proxy send connection 4 from local rank 0, transport 0
ganymede:4132521:4133810 [1] NCCL INFO Connected to proxy localRank 2 -> connection 0x7d1c98005120
ganymede:4132521:4133800 [1] NCCL INFO New proxy send connection 5 from local rank 2, transport 0
ganymede:4132521:4133810 [1] NCCL INFO Connected to proxy localRank 0 -> connection 0x777864005198
ganymede:4132521:4133810 [1] NCCL INFO Connected all rings, use ring PXN 0 GDR 1
