ganymede:4132520:4132520 [0] NCCL INFO NCCL_SOCKET_IFNAME set to eno12399np0
ganymede:4132520:4132520 [0] NCCL INFO cudaDriverVersion 13020
ganymede:4132520:4132520 [0] NCCL INFO NCCL version 2.27.5+cuda12.9
ganymede:4132520:4132520 [0] NCCL INFO NET/Plugin: Could not find: libnccl-net.so. 
ganymede:4132520:4132520 [0] NCCL INFO NET/Socket : Using [0]eno12399np0:10.1.0.3<0>
ganymede:4132520:4132520 [0] NCCL INFO Initialized NET plugin Socket
ganymede:4132520:4132520 [0] NCCL INFO Assigned NET plugin Socket to comm
ganymede:4132520:4132520 [0] NCCL INFO Using network Socket
ganymede:4132520:4132520 [0] NCCL INFO ncclCommInitRank comm 0x5c5c98969570 rank 0 nranks 4 cudaDev 0 nvmlDev 0 busId d000 commId 0xf3b79a3a508d4a27 - Init START
ganymede:4132520:4132520 [0] NCCL INFO RAS client listening socket at 127.0.0.1<28028>
ganymede:4132520:4132520 [0] NCCL INFO NET/Socket : GPU Direct RDMA Disabled for HCA 0 'eno12399np0'
ganymede:4132520:4132520 [0] NCCL INFO Setting affinity for GPU 0 to 0,2,4,6,8,10,12,14,16,18,20,22,24,26,28,30,64,66,68,70,72,74,76,78,80,82,84,86,88,90,92,94
ganymede:4132520:4132520 [0] NCCL INFO NVLS multicast support is not available on dev 0 (NVLS_NCHANNELS 0)
ganymede:4132520:4132520 [0] NCCL INFO comm 0x5c5c98969570 rank 0 nRanks 4 nNodes 1 localRanks 4 localRank 0 MNNVL 0
ganymede:4132520:4132520 [0] NCCL INFO Channel 00/02 : 0 1 2 3
ganymede:4132520:4132520 [0] NCCL INFO Channel 01/02 : 0 1 2 3
ganymede:4132520:4132520 [0] NCCL INFO Trees [0] 1/-1/-1->0->-1 [1] 1/-1/-1->0->-1
ganymede:4132520:4132520 [0] NCCL INFO P2P Chunksize set to 131072
ganymede:4132520:4132520 [0] NCCL INFO PROFILER/Plugin: Could not find: libnccl-profiler.so. 
ganymede:4132520:4132520 [0] NCCL INFO Check P2P Type isAllDirectP2p 0 directMode 0
ganymede:4132520:4132977 [0] NCCL INFO [Proxy Service] Device 0 CPU core 70
ganymede:4132520:4132979 [0] NCCL INFO [Proxy Service UDS] Device 0 CPU core 28
ganymede:4132520:4132520 [0] NCCL INFO threadThresholds 8/8/64 | 32/8/64 | 512 | 512
ganymede:4132520:4132520 [0] NCCL INFO 2 coll channels, 2 collnet channels, 0 nvls channels, 2 p2p channels, 2 p2p channels per peer
ganymede:4132520:4132520 [0] NCCL INFO CC Off, workFifoBytes 1048576
ganymede:4132520:4132520 [0] NCCL INFO TUNER/Plugin: Could not find: libnccl-tuner.so. Using internal tuner plugin.
ganymede:4132520:4132520 [0] NCCL INFO ncclCommInitRank comm 0x5c5c98969570 rank 0 nranks 4 cudaDev 0 nvmlDev 0 busId d000 commId 0xf3b79a3a508d4a27 - Init COMPLETE
ganymede:4132520:4132520 [0] NCCL INFO Init timings - ncclCommInitRank: rank 0 nranks 4 total 0.26 (kernels 0.18, alloc 0.01, bootstrap 0.04, allgathers 0.00, topo 0.02, graphs 0.00, connections 0.01, rest 0.00)
ganymede:4132520:4132977 [0] NCCL INFO New proxy recv connection 0 from local rank 0, transport 1
ganymede:4132520:4132985 [0] NCCL INFO Connected to proxy localRank 0 -> connection 0x777a78004f40
ganymede:4132520:4132977 [0] NCCL INFO New proxy recv connection 1 from local rank 0, transport 1
ganymede:4132520:4132985 [0] NCCL INFO Connected to proxy localRank 0 -> connection 0x777a78004fb8
ganymede:4132520:4132977 [0] NCCL INFO New proxy send connection 2 from local rank 0, transport 1
ganymede:4132520:4132985 [0] NCCL INFO Connected to proxy localRank 0 -> connection 0x777a78005030
ganymede:4132520:4132985 [0] NCCL INFO Channel 00 : 0[0] -> 1[1] via SHM/direct/direct
ganymede:4132520:4132977 [0] NCCL INFO New proxy send connection 3 from local rank 0, transport 1
ganymede:4132520:4132985 [0] NCCL INFO Connected to proxy localRank 0 -> connection 0x777a780050a8
ganymede:4132520:4132985 [0] NCCL INFO Channel 01 : 0[0] -> 1[1] via SHM/direct/direct
ganymede:4132520:4132985 [0] NCCL INFO Connected to proxy localRank 1 -> connection 0x77b6d8005120
ganymede:4132520:4132977 [0] NCCL INFO New proxy send connection 4 from local rank 3, transport 0
ganymede:4132520:4132977 [0] NCCL INFO New proxy send connection 5 from local rank 1, transport 0
ganymede:4132520:4132985 [0] NCCL INFO Connected to proxy localRank 3 -> connection 0x7fa2bc005198
ganymede:4132520:4132985 [0] NCCL INFO Connected all rings, use ring PXN 0 GDR 1
ganymede:4132520:4133795 [0] NCCL INFO Assigned NET plugin Socket to comm
ganymede:4132520:4133795 [0] NCCL INFO Using network Socket
ganymede:4132520:4133795 [0] NCCL INFO ncclCommInitRankConfig comm 0x5c5cb9fc1dd0 rank 0 nranks 4 cudaDev 0 nvmlDev 0 busId d000 commId 0xa3337957218f20bf - Init START
ganymede:4132520:4133795 [0] NCCL INFO NET/Socket : GPU Direct RDMA Disabled for HCA 0 'eno12399np0'
ganymede:4132520:4133795 [0] NCCL INFO Setting affinity for GPU 0 to 0,2,4,6,8,10,12,14,16,18,20,22,24,26,28,30,64,66,68,70,72,74,76,78,80,82,84,86,88,90,92,94
ganymede:4132520:4133795 [0] NCCL INFO NVLS multicast support is not available on dev 0 (NVLS_NCHANNELS 0)
ganymede:4132520:4133795 [0] NCCL INFO comm 0x5c5cb9fc1dd0 rank 0 nRanks 4 nNodes 1 localRanks 4 localRank 0 MNNVL 0
ganymede:4132520:4133795 [0] NCCL INFO Channel 00/02 : 0 1 2 3
ganymede:4132520:4133795 [0] NCCL INFO Channel 01/02 : 0 1 2 3
ganymede:4132520:4133795 [0] NCCL INFO Trees [0] 1/-1/-1->0->-1 [1] 1/-1/-1->0->-1
ganymede:4132520:4133795 [0] NCCL INFO P2P Chunksize set to 131072
ganymede:4132520:4133795 [0] NCCL INFO Check P2P Type isAllDirectP2p 0 directMode 0
ganymede:4132520:4133806 [0] NCCL INFO [Proxy Service UDS] Device 0 CPU core 68
ganymede:4132520:4133801 [0] NCCL INFO [Proxy Service] Device 0 CPU core 12
ganymede:4132520:4133795 [0] NCCL INFO threadThresholds 8/8/64 | 32/8/64 | 512 | 512
ganymede:4132520:4133795 [0] NCCL INFO 2 coll channels, 2 collnet channels, 0 nvls channels, 2 p2p channels, 2 p2p channels per peer
ganymede:4132520:4133795 [0] NCCL INFO CC Off, workFifoBytes 1048576
ganymede:4132520:4133795 [0] NCCL INFO ncclCommInitRankConfig comm 0x5c5cb9fc1dd0 rank 0 nranks 4 cudaDev 0 nvmlDev 0 busId d000 commId 0xa3337957218f20bf - Init COMPLETE
ganymede:4132520:4133795 [0] NCCL INFO Init timings - ncclCommInitRankConfig: rank 0 nranks 4 total 0.03 (kernels 0.00, alloc 0.00, bootstrap 0.00, allgathers 0.00, topo 0.02, graphs 0.00, connections 0.00, rest 0.00)
ganymede:4132520:4133801 [0] NCCL INFO New proxy recv connection 0 from local rank 0, transport 1
ganymede:4132520:4133809 [0] NCCL INFO Connected to proxy localRank 0 -> connection 0x777864004f40
ganymede:4132520:4133801 [0] NCCL INFO New proxy recv connection 1 from local rank 0, transport 1
ganymede:4132520:4133809 [0] NCCL INFO Connected to proxy localRank 0 -> connection 0x777864004fb8
ganymede:4132520:4133801 [0] NCCL INFO New proxy send connection 2 from local rank 0, transport 1
ganymede:4132520:4133809 [0] NCCL INFO Connected to proxy localRank 0 -> connection 0x777864005030
ganymede:4132520:4133809 [0] NCCL INFO Channel 00 : 0[0] -> 1[1] via SHM/direct/direct
ganymede:4132520:4133801 [0] NCCL INFO New proxy send connection 3 from local rank 0, transport 1
ganymede:4132520:4133809 [0] NCCL INFO Connected to proxy localRank 0 -> connection 0x7778640050a8
ganymede:4132520:4133809 [0] NCCL INFO Channel 01 : 0[0] -> 1[1] via SHM/direct/direct
ganymede:4132520:4133809 [0] NCCL INFO Connected to proxy localRank 1 -> connection 0x77b4d0005120
ganymede:4132520:4133801 [0] NCCL INFO New proxy send connection 4 from local rank 3, transport 0
ganymede:4132520:4133801 [0] NCCL INFO New proxy send connection 5 from local rank 1, transport 0
ganymede:4132520:4133809 [0] NCCL INFO Connected to proxy localRank 3 -> connection 0x7fa0b4005198
ganymede:4132520:4133809 [0] NCCL INFO Connected all rings, use ring PXN 0 GDR 1
