neptune:3689993:3689993 [2] NCCL INFO cudaDriverVersion 13020
neptune:3689993:3689993 [2] NCCL INFO NCCL_SOCKET_IFNAME set to enp160s0f0np0
neptune:3689993:3689993 [2] NCCL INFO NCCL version 2.27.5+cuda12.9
neptune:3689993:3689993 [2] NCCL INFO NET/Plugin: Could not find: libnccl-net.so. 
neptune:3689993:3689993 [2] NCCL INFO NET/Socket : Using [0]enp160s0f0np0:10.1.0.6<0>
neptune:3689993:3689993 [2] NCCL INFO Initialized NET plugin Socket
neptune:3689993:3689993 [2] NCCL INFO Assigned NET plugin Socket to comm
neptune:3689993:3689993 [2] NCCL INFO Using network Socket
neptune:3689993:3689993 [2] NCCL INFO ncclCommInitRank comm 0x61c1b130d370 rank 2 nranks 4 cudaDev 2 nvmlDev 2 busId ca000 commId 0xfe018fbf89d09a6a - Init START
neptune:3689993:3689993 [2] NCCL INFO RAS client listening socket at 127.0.0.1<28028>
neptune:3689993:3689993 [2] NCCL INFO NET/Socket : GPU Direct RDMA Disabled for HCA 0 'enp160s0f0np0'
neptune:3689993:3689993 [2] NCCL INFO NVLS multicast support is not available on dev 2 (NVLS_NCHANNELS 0)
neptune:3689993:3689993 [2] NCCL INFO comm 0x61c1b130d370 rank 2 nRanks 4 nNodes 1 localRanks 4 localRank 2 MNNVL 0
neptune:3689993:3689993 [2] NCCL INFO Trees [0] 3/-1/-1->2->1 [1] 3/-1/-1->2->1
neptune:3689993:3689993 [2] NCCL INFO P2P Chunksize set to 131072
neptune:3689993:3689993 [2] NCCL INFO PROFILER/Plugin: Could not find: libnccl-profiler.so. 
neptune:3689993:3690418 [2] NCCL INFO [Proxy Service] Device 2 CPU core 6
neptune:3689993:3690421 [2] NCCL INFO [Proxy Service UDS] Device 2 CPU core 28
neptune:3689993:3689993 [2] NCCL INFO threadThresholds 8/8/64 | 32/8/64 | 512 | 512
neptune:3689993:3689993 [2] NCCL INFO 2 coll channels, 2 collnet channels, 0 nvls channels, 2 p2p channels, 2 p2p channels per peer
neptune:3689993:3689993 [2] NCCL INFO TUNER/Plugin: Could not find: libnccl-tuner.so. Using internal tuner plugin.
neptune:3689993:3689993 [2] NCCL INFO ncclCommInitRank comm 0x61c1b130d370 rank 2 nranks 4 cudaDev 2 nvmlDev 2 busId ca000 commId 0xfe018fbf89d09a6a - Init COMPLETE
neptune:3689993:3689993 [2] NCCL INFO Init timings - ncclCommInitRank: rank 2 nranks 4 total 0.21 (kernels 0.16, alloc 0.00, bootstrap 0.02, allgathers 0.00, topo 0.02, graphs 0.00, connections 0.00, rest 0.00)
neptune:3689993:3690418 [2] NCCL INFO New proxy recv connection 0 from local rank 2, transport 1
neptune:3689993:3690424 [2] NCCL INFO Connected to proxy localRank 2 -> connection 0x7da700004f40
neptune:3689993:3690418 [2] NCCL INFO New proxy recv connection 1 from local rank 2, transport 1
neptune:3689993:3690424 [2] NCCL INFO Connected to proxy localRank 2 -> connection 0x7da700004fb8
neptune:3689993:3690418 [2] NCCL INFO New proxy send connection 2 from local rank 2, transport 1
neptune:3689993:3690424 [2] NCCL INFO Connected to proxy localRank 2 -> connection 0x7da700005030
neptune:3689993:3690424 [2] NCCL INFO Channel 00 : 2[2] -> 3[3] via SHM/direct/direct
neptune:3689993:3690418 [2] NCCL INFO New proxy send connection 3 from local rank 2, transport 1
neptune:3689993:3690424 [2] NCCL INFO Connected to proxy localRank 2 -> connection 0x7da7000050a8
neptune:3689993:3690424 [2] NCCL INFO Channel 01 : 2[2] -> 3[3] via SHM/direct/direct
neptune:3689993:3690418 [2] NCCL INFO New proxy send connection 4 from local rank 1, transport 0
neptune:3689993:3690424 [2] NCCL INFO Connected to proxy localRank 3 -> connection 0x70409c005120
neptune:3689993:3690418 [2] NCCL INFO New proxy send connection 5 from local rank 3, transport 0
neptune:3689993:3690424 [2] NCCL INFO Connected to proxy localRank 1 -> connection 0x7d0200005198
neptune:3689993:3690424 [2] NCCL INFO Connected all rings, use ring PXN 0 GDR 1
neptune:3689993:3691021 [2] NCCL INFO Assigned NET plugin Socket to comm
neptune:3689993:3691021 [2] NCCL INFO Using network Socket
neptune:3689993:3691021 [2] NCCL INFO ncclCommInitRankConfig comm 0x61c1d29d8cb0 rank 2 nranks 4 cudaDev 2 nvmlDev 2 busId ca000 commId 0x2737706818e0f577 - Init START
neptune:3689993:3691021 [2] NCCL INFO NET/Socket : GPU Direct RDMA Disabled for HCA 0 'enp160s0f0np0'
neptune:3689993:3691021 [2] NCCL INFO NVLS multicast support is not available on dev 2 (NVLS_NCHANNELS 0)
neptune:3689993:3691021 [2] NCCL INFO comm 0x61c1d29d8cb0 rank 2 nRanks 4 nNodes 1 localRanks 4 localRank 2 MNNVL 0
neptune:3689993:3691021 [2] NCCL INFO Trees [0] 3/-1/-1->2->1 [1] 3/-1/-1->2->1
neptune:3689993:3691021 [2] NCCL INFO P2P Chunksize set to 131072
neptune:3689993:3691025 [2] NCCL INFO [Proxy Service] Device 2 CPU core 0
neptune:3689993:3691029 [2] NCCL INFO [Proxy Service UDS] Device 2 CPU core 90
neptune:3689993:3691021 [2] NCCL INFO threadThresholds 8/8/64 | 32/8/64 | 512 | 512
neptune:3689993:3691021 [2] NCCL INFO 2 coll channels, 2 collnet channels, 0 nvls channels, 2 p2p channels, 2 p2p channels per peer
neptune:3689993:3691021 [2] NCCL INFO ncclCommInitRankConfig comm 0x61c1d29d8cb0 rank 2 nranks 4 cudaDev 2 nvmlDev 2 busId ca000 commId 0x2737706818e0f577 - Init COMPLETE
neptune:3689993:3691021 [2] NCCL INFO Init timings - ncclCommInitRankConfig: rank 2 nranks 4 total 0.03 (kernels 0.00, alloc 0.00, bootstrap 0.00, allgathers 0.00, topo 0.02, graphs 0.00, connections 0.00, rest 0.00)
neptune:3689993:3691025 [2] NCCL INFO New proxy recv connection 0 from local rank 2, transport 1
neptune:3689993:3691032 [2] NCCL INFO Connected to proxy localRank 2 -> connection 0x7da500004f40
neptune:3689993:3691025 [2] NCCL INFO New proxy recv connection 1 from local rank 2, transport 1
neptune:3689993:3691032 [2] NCCL INFO Connected to proxy localRank 2 -> connection 0x7da500004fb8
neptune:3689993:3691025 [2] NCCL INFO New proxy send connection 2 from local rank 2, transport 1
neptune:3689993:3691032 [2] NCCL INFO Connected to proxy localRank 2 -> connection 0x7da500005030
neptune:3689993:3691032 [2] NCCL INFO Channel 00 : 2[2] -> 3[3] via SHM/direct/direct
neptune:3689993:3691025 [2] NCCL INFO New proxy send connection 3 from local rank 2, transport 1
neptune:3689993:3691032 [2] NCCL INFO Connected to proxy localRank 2 -> connection 0x7da5000050a8
neptune:3689993:3691032 [2] NCCL INFO Channel 01 : 2[2] -> 3[3] via SHM/direct/direct
neptune:3689993:3691032 [2] NCCL INFO Connected to proxy localRank 3 -> connection 0x703e94005120
neptune:3689993:3691025 [2] NCCL INFO New proxy send connection 4 from local rank 1, transport 0
neptune:3689993:3691032 [2] NCCL INFO Connected to proxy localRank 1 -> connection 0x7cfffc005198
neptune:3689993:3691025 [2] NCCL INFO New proxy send connection 5 from local rank 3, transport 0
neptune:3689993:3691032 [2] NCCL INFO Connected all rings, use ring PXN 0 GDR 1
