neptune:3689995:3689995 [3] NCCL INFO cudaDriverVersion 13020
neptune:3689995:3689995 [3] NCCL INFO NCCL_SOCKET_IFNAME set to enp160s0f0np0
neptune:3689995:3689995 [3] NCCL INFO NCCL version 2.27.5+cuda12.9
neptune:3689995:3689995 [3] NCCL INFO NET/Plugin: Could not find: libnccl-net.so. 
neptune:3689995:3689995 [3] NCCL INFO NET/Socket : Using [0]enp160s0f0np0:10.1.0.6<0>
neptune:3689995:3689995 [3] NCCL INFO Initialized NET plugin Socket
neptune:3689995:3689995 [3] NCCL INFO Assigned NET plugin Socket to comm
neptune:3689995:3689995 [3] NCCL INFO Using network Socket
neptune:3689995:3689995 [3] NCCL INFO ncclCommInitRank comm 0x5fc9f19e0640 rank 3 nranks 4 cudaDev 3 nvmlDev 3 busId e1000 commId 0xfe018fbf89d09a6a - Init START
neptune:3689995:3689995 [3] NCCL INFO RAS client listening socket at 127.0.0.1<28028>
neptune:3689995:3689995 [3] NCCL INFO NET/Socket : GPU Direct RDMA Disabled for HCA 0 'enp160s0f0np0'
neptune:3689995:3689995 [3] NCCL INFO NVLS multicast support is not available on dev 3 (NVLS_NCHANNELS 0)
neptune:3689995:3689995 [3] NCCL INFO comm 0x5fc9f19e0640 rank 3 nRanks 4 nNodes 1 localRanks 4 localRank 3 MNNVL 0
neptune:3689995:3689995 [3] NCCL INFO Trees [0] -1/-1/-1->3->2 [1] -1/-1/-1->3->2
neptune:3689995:3689995 [3] NCCL INFO P2P Chunksize set to 131072
neptune:3689995:3689995 [3] NCCL INFO PROFILER/Plugin: Could not find: libnccl-profiler.so. 
neptune:3689995:3690423 [3] NCCL INFO [Proxy Service UDS] Device 3 CPU core 90
neptune:3689995:3690422 [3] NCCL INFO [Proxy Service] Device 3 CPU core 18
neptune:3689995:3689995 [3] NCCL INFO threadThresholds 8/8/64 | 32/8/64 | 512 | 512
neptune:3689995:3689995 [3] NCCL INFO 2 coll channels, 2 collnet channels, 0 nvls channels, 2 p2p channels, 2 p2p channels per peer
neptune:3689995:3689995 [3] NCCL INFO TUNER/Plugin: Could not find: libnccl-tuner.so. Using internal tuner plugin.
neptune:3689995:3689995 [3] NCCL INFO ncclCommInitRank comm 0x5fc9f19e0640 rank 3 nranks 4 cudaDev 3 nvmlDev 3 busId e1000 commId 0xfe018fbf89d09a6a - Init COMPLETE
neptune:3689995:3689995 [3] NCCL INFO Init timings - ncclCommInitRank: rank 3 nranks 4 total 0.20 (kernels 0.16, alloc 0.00, bootstrap 0.01, allgathers 0.00, topo 0.02, graphs 0.00, connections 0.00, rest 0.00)
neptune:3689995:3690422 [3] NCCL INFO New proxy recv connection 0 from local rank 3, transport 1
neptune:3689995:3690427 [3] NCCL INFO Connected to proxy localRank 3 -> connection 0x70409c004f40
neptune:3689995:3690422 [3] NCCL INFO New proxy recv connection 1 from local rank 3, transport 1
neptune:3689995:3690427 [3] NCCL INFO Connected to proxy localRank 3 -> connection 0x70409c004fb8
neptune:3689995:3690422 [3] NCCL INFO New proxy send connection 2 from local rank 3, transport 1
neptune:3689995:3690427 [3] NCCL INFO Connected to proxy localRank 3 -> connection 0x70409c005030
neptune:3689995:3690427 [3] NCCL INFO Channel 00 : 3[3] -> 0[0] via SHM/direct/direct
neptune:3689995:3690422 [3] NCCL INFO New proxy send connection 3 from local rank 3, transport 1
neptune:3689995:3690427 [3] NCCL INFO Connected to proxy localRank 3 -> connection 0x70409c0050a8
neptune:3689995:3690427 [3] NCCL INFO Channel 01 : 3[3] -> 0[0] via SHM/direct/direct
neptune:3689995:3690422 [3] NCCL INFO New proxy send connection 4 from local rank 2, transport 0
neptune:3689995:3690427 [3] NCCL INFO Connected to proxy localRank 0 -> connection 0x79f6b8005120
neptune:3689995:3690427 [3] NCCL INFO Connected to proxy localRank 2 -> connection 0x7da700005198
neptune:3689995:3690422 [3] NCCL INFO New proxy send connection 5 from local rank 0, transport 0
neptune:3689995:3690427 [3] NCCL INFO Connected all rings, use ring PXN 0 GDR 1
neptune:3689995:3691020 [3] NCCL INFO Assigned NET plugin Socket to comm
neptune:3689995:3691020 [3] NCCL INFO Using network Socket
neptune:3689995:3691020 [3] NCCL INFO ncclCommInitRankConfig comm 0x5fca130ad9f0 rank 3 nranks 4 cudaDev 3 nvmlDev 3 busId e1000 commId 0x2737706818e0f577 - Init START
neptune:3689995:3691020 [3] NCCL INFO NET/Socket : GPU Direct RDMA Disabled for HCA 0 'enp160s0f0np0'
neptune:3689995:3691020 [3] NCCL INFO NVLS multicast support is not available on dev 3 (NVLS_NCHANNELS 0)
neptune:3689995:3691020 [3] NCCL INFO comm 0x5fca130ad9f0 rank 3 nRanks 4 nNodes 1 localRanks 4 localRank 3 MNNVL 0
neptune:3689995:3691020 [3] NCCL INFO Trees [0] -1/-1/-1->3->2 [1] -1/-1/-1->3->2
neptune:3689995:3691020 [3] NCCL INFO P2P Chunksize set to 131072
neptune:3689995:3691027 [3] NCCL INFO [Proxy Service UDS] Device 3 CPU core 90
neptune:3689995:3691023 [3] NCCL INFO [Proxy Service] Device 3 CPU core 16
neptune:3689995:3691020 [3] NCCL INFO threadThresholds 8/8/64 | 32/8/64 | 512 | 512
neptune:3689995:3691020 [3] NCCL INFO 2 coll channels, 2 collnet channels, 0 nvls channels, 2 p2p channels, 2 p2p channels per peer
neptune:3689995:3691020 [3] NCCL INFO ncclCommInitRankConfig comm 0x5fca130ad9f0 rank 3 nranks 4 cudaDev 3 nvmlDev 3 busId e1000 commId 0x2737706818e0f577 - Init COMPLETE
neptune:3689995:3691020 [3] NCCL INFO Init timings - ncclCommInitRankConfig: rank 3 nranks 4 total 0.03 (kernels 0.00, alloc 0.00, bootstrap 0.00, allgathers 0.00, topo 0.02, graphs 0.00, connections 0.00, rest 0.00)
neptune:3689995:3691023 [3] NCCL INFO New proxy recv connection 0 from local rank 3, transport 1
neptune:3689995:3691031 [3] NCCL INFO Connected to proxy localRank 3 -> connection 0x703e94004f40
neptune:3689995:3691023 [3] NCCL INFO New proxy recv connection 1 from local rank 3, transport 1
neptune:3689995:3691031 [3] NCCL INFO Connected to proxy localRank 3 -> connection 0x703e94004fb8
neptune:3689995:3691023 [3] NCCL INFO New proxy send connection 2 from local rank 3, transport 1
neptune:3689995:3691031 [3] NCCL INFO Connected to proxy localRank 3 -> connection 0x703e94005030
neptune:3689995:3691031 [3] NCCL INFO Channel 00 : 3[3] -> 0[0] via SHM/direct/direct
neptune:3689995:3691023 [3] NCCL INFO New proxy send connection 3 from local rank 3, transport 1
neptune:3689995:3691031 [3] NCCL INFO Connected to proxy localRank 3 -> connection 0x703e940050a8
neptune:3689995:3691031 [3] NCCL INFO Channel 01 : 3[3] -> 0[0] via SHM/direct/direct
neptune:3689995:3691023 [3] NCCL INFO New proxy send connection 4 from local rank 2, transport 0
neptune:3689995:3691031 [3] NCCL INFO Connected to proxy localRank 0 -> connection 0x79f4b8005120
neptune:3689995:3691031 [3] NCCL INFO Connected to proxy localRank 2 -> connection 0x7da500005198
neptune:3689995:3691023 [3] NCCL INFO New proxy send connection 5 from local rank 0, transport 0
neptune:3689995:3691031 [3] NCCL INFO Connected all rings, use ring PXN 0 GDR 1
