ganymede:4132523:4132523 [3] NCCL INFO cudaDriverVersion 13020
ganymede:4132523:4132523 [3] NCCL INFO NCCL_SOCKET_IFNAME set to eno12399np0
ganymede:4132523:4132523 [3] NCCL INFO NCCL version 2.27.5+cuda12.9
ganymede:4132523:4132523 [3] NCCL INFO NET/Plugin: Could not find: libnccl-net.so. 
ganymede:4132523:4132523 [3] NCCL INFO NET/Socket : Using [0]eno12399np0:10.1.0.3<0>
ganymede:4132523:4132523 [3] NCCL INFO Initialized NET plugin Socket
ganymede:4132523:4132523 [3] NCCL INFO Assigned NET plugin Socket to comm
ganymede:4132523:4132523 [3] NCCL INFO Using network Socket
ganymede:4132523:4132523 [3] NCCL INFO ncclCommInitRank comm 0x607f587fc0a0 rank 3 nranks 4 cudaDev 3 nvmlDev 3 busId 61000 commId 0xf3b79a3a508d4a27 - Init START
ganymede:4132523:4132523 [3] NCCL INFO RAS client listening socket at 127.0.0.1<28028>
ganymede:4132523:4132523 [3] NCCL INFO NET/Socket : GPU Direct RDMA Disabled for HCA 0 'eno12399np0'
ganymede:4132523:4132523 [3] NCCL INFO Setting affinity for GPU 3 to 0,2,4,6,8,10,12,14,16,18,20,22,24,26,28,30,64,66,68,70,72,74,76,78,80,82,84,86,88,90,92,94
ganymede:4132523:4132523 [3] NCCL INFO NVLS multicast support is not available on dev 3 (NVLS_NCHANNELS 0)
ganymede:4132523:4132523 [3] NCCL INFO comm 0x607f587fc0a0 rank 3 nRanks 4 nNodes 1 localRanks 4 localRank 3 MNNVL 0
ganymede:4132523:4132523 [3] NCCL INFO Trees [0] -1/-1/-1->3->2 [1] -1/-1/-1->3->2
ganymede:4132523:4132523 [3] NCCL INFO P2P Chunksize set to 131072
ganymede:4132523:4132523 [3] NCCL INFO PROFILER/Plugin: Could not find: libnccl-profiler.so. 
ganymede:4132523:4132978 [3] NCCL INFO [Proxy Service] Device 3 CPU core 68
ganymede:4132523:4132980 [3] NCCL INFO [Proxy Service UDS] Device 3 CPU core 20
ganymede:4132523:4132523 [3] NCCL INFO threadThresholds 8/8/64 | 32/8/64 | 512 | 512
ganymede:4132523:4132523 [3] NCCL INFO 2 coll channels, 2 collnet channels, 0 nvls channels, 2 p2p channels, 2 p2p channels per peer
ganymede:4132523:4132523 [3] NCCL INFO TUNER/Plugin: Could not find: libnccl-tuner.so. Using internal tuner plugin.
ganymede:4132523:4132523 [3] NCCL INFO ncclCommInitRank comm 0x607f587fc0a0 rank 3 nranks 4 cudaDev 3 nvmlDev 3 busId 61000 commId 0xf3b79a3a508d4a27 - Init COMPLETE
ganymede:4132523:4132523 [3] NCCL INFO Init timings - ncclCommInitRank: rank 3 nranks 4 total 0.24 (kernels 0.20, alloc 0.01, bootstrap 0.00, allgathers 0.00, topo 0.02, graphs 0.00, connections 0.01, rest 0.00)
ganymede:4132523:4132978 [3] NCCL INFO New proxy recv connection 0 from local rank 3, transport 1
ganymede:4132523:4132984 [3] NCCL INFO Connected to proxy localRank 3 -> connection 0x7fa2bc004f40
ganymede:4132523:4132978 [3] NCCL INFO New proxy recv connection 1 from local rank 3, transport 1
ganymede:4132523:4132984 [3] NCCL INFO Connected to proxy localRank 3 -> connection 0x7fa2bc004fb8
ganymede:4132523:4132978 [3] NCCL INFO New proxy send connection 2 from local rank 3, transport 1
ganymede:4132523:4132984 [3] NCCL INFO Connected to proxy localRank 3 -> connection 0x7fa2bc005030
ganymede:4132523:4132984 [3] NCCL INFO Channel 00 : 3[3] -> 0[0] via SHM/direct/direct
ganymede:4132523:4132978 [3] NCCL INFO New proxy send connection 3 from local rank 3, transport 1
ganymede:4132523:4132984 [3] NCCL INFO Connected to proxy localRank 3 -> connection 0x7fa2bc0050a8
ganymede:4132523:4132984 [3] NCCL INFO Channel 01 : 3[3] -> 0[0] via SHM/direct/direct
ganymede:4132523:4132978 [3] NCCL INFO New proxy send connection 4 from local rank 2, transport 0
ganymede:4132523:4132984 [3] NCCL INFO Connected to proxy localRank 0 -> connection 0x777a78005120
ganymede:4132523:4132984 [3] NCCL INFO Connected to proxy localRank 2 -> connection 0x7d1ea0005198
ganymede:4132523:4132978 [3] NCCL INFO New proxy send connection 5 from local rank 0, transport 0
ganymede:4132523:4132984 [3] NCCL INFO Connected all rings, use ring PXN 0 GDR 1
ganymede:4132523:4133796 [3] NCCL INFO Assigned NET plugin Socket to comm
ganymede:4132523:4133796 [3] NCCL INFO Using network Socket
ganymede:4132523:4133796 [3] NCCL INFO ncclCommInitRankConfig comm 0x607f79e5d070 rank 3 nranks 4 cudaDev 3 nvmlDev 3 busId 61000 commId 0xa3337957218f20bf - Init START
ganymede:4132523:4133796 [3] NCCL INFO NET/Socket : GPU Direct RDMA Disabled for HCA 0 'eno12399np0'
ganymede:4132523:4133796 [3] NCCL INFO Setting affinity for GPU 3 to 0,2,4,6,8,10,12,14,16,18,20,22,24,26,28,30,64,66,68,70,72,74,76,78,80,82,84,86,88,90,92,94
ganymede:4132523:4133796 [3] NCCL INFO NVLS multicast support is not available on dev 3 (NVLS_NCHANNELS 0)
ganymede:4132523:4133796 [3] NCCL INFO comm 0x607f79e5d070 rank 3 nRanks 4 nNodes 1 localRanks 4 localRank 3 MNNVL 0
ganymede:4132523:4133796 [3] NCCL INFO Trees [0] -1/-1/-1->3->2 [1] -1/-1/-1->3->2
ganymede:4132523:4133796 [3] NCCL INFO P2P Chunksize set to 131072
ganymede:4132523:4133803 [3] NCCL INFO [Proxy Service UDS] Device 3 CPU core 16
ganymede:4132523:4133799 [3] NCCL INFO [Proxy Service] Device 3 CPU core 18
ganymede:4132523:4133796 [3] NCCL INFO threadThresholds 8/8/64 | 32/8/64 | 512 | 512
ganymede:4132523:4133796 [3] NCCL INFO 2 coll channels, 2 collnet channels, 0 nvls channels, 2 p2p channels, 2 p2p channels per peer
ganymede:4132523:4133796 [3] NCCL INFO ncclCommInitRankConfig comm 0x607f79e5d070 rank 3 nranks 4 cudaDev 3 nvmlDev 3 busId 61000 commId 0xa3337957218f20bf - Init COMPLETE
ganymede:4132523:4133796 [3] NCCL INFO Init timings - ncclCommInitRankConfig: rank 3 nranks 4 total 0.03 (kernels 0.00, alloc 0.00, bootstrap 0.00, allgathers 0.00, topo 0.02, graphs 0.00, connections 0.00, rest 0.00)
ganymede:4132523:4133799 [3] NCCL INFO New proxy recv connection 0 from local rank 3, transport 1
ganymede:4132523:4133808 [3] NCCL INFO Connected to proxy localRank 3 -> connection 0x7fa0b4004f40
ganymede:4132523:4133799 [3] NCCL INFO New proxy recv connection 1 from local rank 3, transport 1
ganymede:4132523:4133808 [3] NCCL INFO Connected to proxy localRank 3 -> connection 0x7fa0b4004fb8
ganymede:4132523:4133799 [3] NCCL INFO New proxy send connection 2 from local rank 3, transport 1
ganymede:4132523:4133808 [3] NCCL INFO Connected to proxy localRank 3 -> connection 0x7fa0b4005030
ganymede:4132523:4133808 [3] NCCL INFO Channel 00 : 3[3] -> 0[0] via SHM/direct/direct
ganymede:4132523:4133799 [3] NCCL INFO New proxy send connection 3 from local rank 3, transport 1
ganymede:4132523:4133808 [3] NCCL INFO Connected to proxy localRank 3 -> connection 0x7fa0b40050a8
ganymede:4132523:4133808 [3] NCCL INFO Channel 01 : 3[3] -> 0[0] via SHM/direct/direct
ganymede:4132523:4133799 [3] NCCL INFO New proxy send connection 4 from local rank 2, transport 0
ganymede:4132523:4133808 [3] NCCL INFO Connected to proxy localRank 0 -> connection 0x777864005120
ganymede:4132523:4133808 [3] NCCL INFO Connected to proxy localRank 2 -> connection 0x7d1c98005198
ganymede:4132523:4133799 [3] NCCL INFO New proxy send connection 5 from local rank 0, transport 0
ganymede:4132523:4133808 [3] NCCL INFO Connected all rings, use ring PXN 0 GDR 1
