{
  "scope": "4 GPU board-power streams; excludes CPU, RAM, NIC, and fans",
  "power_source": "allocation_wide_multi_gpu_monitor",
  "gpu_stream_count": 4,
  "stream_metadata": {
    "ganymede_GPU-07e36d4f-3eca-a88d-1c31-445fc0d863e8": {
      "host": "ganymede",
      "gpu_uuid": "GPU-07e36d4f-3eca-a88d-1c31-445fc0d863e8",
      "gpu_index": "0",
      "source_file": "allocation_ganymede_power.csv"
    },
    "ganymede_GPU-1a75a85d-1f07-6519-507b-f1ff9def0ab9": {
      "host": "ganymede",
      "gpu_uuid": "GPU-1a75a85d-1f07-6519-507b-f1ff9def0ab9",
      "gpu_index": "1",
      "source_file": "allocation_ganymede_power.csv"
    },
    "uranus_GPU-6755bd3b-01b2-2c3d-ffd4-0bd39bfa5cbf": {
      "host": "uranus",
      "gpu_uuid": "GPU-6755bd3b-01b2-2c3d-ffd4-0bd39bfa5cbf",
      "gpu_index": "0",
      "source_file": "allocation_uranus_power.csv"
    },
    "uranus_GPU-f86d44b5-2a98-9fec-5dfa-846305de5c6e": {
      "host": "uranus",
      "gpu_uuid": "GPU-f86d44b5-2a98-9fec-5dfa-846305de5c6e",
      "gpu_index": "1",
      "source_file": "allocation_uranus_power.csv"
    }
  },
  "integration": "piecewise-linear trapezoidal integration",
  "sample_period_s": 0.5,
  "workloads": [
    {
      "seq": 1,
      "workload_id": "input512_r2_o128",
      "start_unix_ts": 1786006973.7570322,
      "end_unix_ts": 1786007005.6947064,
      "duration_s": 31.937674283981323,
      "nodes": {
        "ganymede_GPU-07e36d4f-3eca-a88d-1c31-445fc0d863e8": {
          "energy_j": 1473.1317623478515,
          "energy_wh": 0.40920326731884765,
          "covered_s": 31.937674283981323
        },
        "ganymede_GPU-1a75a85d-1f07-6519-507b-f1ff9def0ab9": {
          "energy_j": 1471.5414689790805,
          "energy_wh": 0.4087615191608557,
          "covered_s": 31.937674283981323
        },
        "uranus_GPU-6755bd3b-01b2-2c3d-ffd4-0bd39bfa5cbf": {
          "energy_j": 2694.723481029597,
          "energy_wh": 0.7485343002859992,
          "covered_s": 31.937674283981323
        },
        "uranus_GPU-f86d44b5-2a98-9fec-5dfa-846305de5c6e": {
          "energy_j": 2701.7552844083307,
          "energy_wh": 0.7504875790023141,
          "covered_s": 31.937674283981323
        }
      },
      "gpu_stream_count": 4,
      "covered_gpu_stream_count": 4,
      "min_gpu_coverage_ratio": 1.0,
      "gpu_coverage_ratio": {
        "ganymede_GPU-07e36d4f-3eca-a88d-1c31-445fc0d863e8": 1.0,
        "ganymede_GPU-1a75a85d-1f07-6519-507b-f1ff9def0ab9": 1.0,
        "uranus_GPU-6755bd3b-01b2-2c3d-ffd4-0bd39bfa5cbf": 1.0,
        "uranus_GPU-f86d44b5-2a98-9fec-5dfa-846305de5c6e": 1.0
      },
      "host_energy_j": {
        "ganymede": 2944.673231326932,
        "uranus": 5396.478765437928
      },
      "combined_energy_j": 8341.15199676486,
      "combined_energy_wh": 2.3169866657680167,
      "combined_avg_power_w": 261.1696744915597,
      "successful_requests": 20,
      "energy_per_request_j": 417.057599838243
    },
    {
      "seq": 2,
      "workload_id": "input2048_r2_o128",
      "start_unix_ts": 1786007015.947148,
      "end_unix_ts": 1786007040.7812288,
      "duration_s": 24.834080696105957,
      "nodes": {
        "ganymede_GPU-07e36d4f-3eca-a88d-1c31-445fc0d863e8": {
          "energy_j": 1303.5371958746184,
          "energy_wh": 0.36209366552072736,
          "covered_s": 24.834080696105957
        },
        "ganymede_GPU-1a75a85d-1f07-6519-507b-f1ff9def0ab9": {
          "energy_j": 1297.9426521978942,
          "energy_wh": 0.36053962561052616,
          "covered_s": 24.834080696105957
        },
        "uranus_GPU-6755bd3b-01b2-2c3d-ffd4-0bd39bfa5cbf": {
          "energy_j": 2418.442772190015,
          "energy_wh": 0.6717896589416709,
          "covered_s": 24.834080696105957
        },
        "uranus_GPU-f86d44b5-2a98-9fec-5dfa-846305de5c6e": {
          "energy_j": 2431.674750400782,
          "energy_wh": 0.6754652084446617,
          "covered_s": 24.834080696105957
        }
      },
      "gpu_stream_count": 4,
      "covered_gpu_stream_count": 4,
      "min_gpu_coverage_ratio": 1.0,
      "gpu_coverage_ratio": {
        "ganymede_GPU-07e36d4f-3eca-a88d-1c31-445fc0d863e8": 1.0,
        "ganymede_GPU-1a75a85d-1f07-6519-507b-f1ff9def0ab9": 1.0,
        "uranus_GPU-6755bd3b-01b2-2c3d-ffd4-0bd39bfa5cbf": 1.0,
        "uranus_GPU-f86d44b5-2a98-9fec-5dfa-846305de5c6e": 1.0
      },
      "host_energy_j": {
        "ganymede": 2601.4798480725126,
        "uranus": 4850.117522590797
      },
      "combined_energy_j": 7451.59737066331,
      "combined_energy_wh": 2.0698881585175863,
      "combined_avg_power_w": 300.05529344324543,
      "successful_requests": 20,
      "energy_per_request_j": 372.5798685331655
    },
    {
      "seq": 3,
      "workload_id": "input4096_r1_o256",
      "start_unix_ts": 1786007051.0950515,
      "end_unix_ts": 1786007084.667477,
      "duration_s": 33.572425365448,
      "nodes": {
        "ganymede_GPU-07e36d4f-3eca-a88d-1c31-445fc0d863e8": {
          "energy_j": 1891.5819234852102,
          "energy_wh": 0.5254394231903362,
          "covered_s": 33.572425365448
        },
        "ganymede_GPU-1a75a85d-1f07-6519-507b-f1ff9def0ab9": {
          "energy_j": 1884.9105743349444,
          "energy_wh": 0.5235862706485956,
          "covered_s": 33.572425365448
        },
        "uranus_GPU-6755bd3b-01b2-2c3d-ffd4-0bd39bfa5cbf": {
          "energy_j": 3064.2683898985388,
          "energy_wh": 0.8511856638607053,
          "covered_s": 33.572425365448
        },
        "uranus_GPU-f86d44b5-2a98-9fec-5dfa-846305de5c6e": {
          "energy_j": 3080.2882914144325,
          "energy_wh": 0.855635636504009,
          "covered_s": 33.572425365448
        }
      },
      "gpu_stream_count": 4,
      "covered_gpu_stream_count": 4,
      "min_gpu_coverage_ratio": 1.0,
      "gpu_coverage_ratio": {
        "ganymede_GPU-07e36d4f-3eca-a88d-1c31-445fc0d863e8": 1.0,
        "ganymede_GPU-1a75a85d-1f07-6519-507b-f1ff9def0ab9": 1.0,
        "uranus_GPU-6755bd3b-01b2-2c3d-ffd4-0bd39bfa5cbf": 1.0,
        "uranus_GPU-f86d44b5-2a98-9fec-5dfa-846305de5c6e": 1.0
      },
      "host_energy_j": {
        "ganymede": 3776.4924978201543,
        "uranus": 6144.556681312972
      },
      "combined_energy_j": 9921.049179133126,
      "combined_energy_wh": 2.755846994203646,
      "combined_avg_power_w": 295.5118395867715,
      "successful_requests": 12,
      "energy_per_request_j": 826.7540982610939
    },
    {
      "seq": 4,
      "workload_id": "input8192_r1_o128",
      "start_unix_ts": 1786007094.9258046,
      "end_unix_ts": 1786007121.6502497,
      "duration_s": 26.724445104599,
      "nodes": {
        "ganymede_GPU-07e36d4f-3eca-a88d-1c31-445fc0d863e8": {
          "energy_j": 1463.620596256422,
          "energy_wh": 0.406561276737895,
          "covered_s": 26.724445104599
        },
        "ganymede_GPU-1a75a85d-1f07-6519-507b-f1ff9def0ab9": {
          "energy_j": 1452.181633322874,
          "energy_wh": 0.40338378703413164,
          "covered_s": 26.724445104599
        },
        "uranus_GPU-6755bd3b-01b2-2c3d-ffd4-0bd39bfa5cbf": {
          "energy_j": 2861.4398352573794,
          "energy_wh": 0.7948443986826054,
          "covered_s": 26.724445104599
        },
        "uranus_GPU-f86d44b5-2a98-9fec-5dfa-846305de5c6e": {
          "energy_j": 2849.9208438272403,
          "energy_wh": 0.7916446788409001,
          "covered_s": 26.724445104599
        }
      },
      "gpu_stream_count": 4,
      "covered_gpu_stream_count": 4,
      "min_gpu_coverage_ratio": 1.0,
      "gpu_coverage_ratio": {
        "ganymede_GPU-07e36d4f-3eca-a88d-1c31-445fc0d863e8": 1.0,
        "ganymede_GPU-1a75a85d-1f07-6519-507b-f1ff9def0ab9": 1.0,
        "uranus_GPU-6755bd3b-01b2-2c3d-ffd4-0bd39bfa5cbf": 1.0,
        "uranus_GPU-f86d44b5-2a98-9fec-5dfa-846305de5c6e": 1.0
      },
      "host_energy_j": {
        "ganymede": 2915.802229579296,
        "uranus": 5711.36067908462
      },
      "combined_energy_j": 8627.162908663915,
      "combined_energy_wh": 2.396434141295532,
      "combined_avg_power_w": 322.8191595708481,
      "successful_requests": 12,
      "energy_per_request_j": 718.9302423886596
    }
  ],
  "telemetry_total": {
    "ganymede_GPU-07e36d4f-3eca-a88d-1c31-445fc0d863e8": {
      "energy_j": 10908.881985666752,
      "energy_wh": 3.0302449960185425,
      "covered_s": 305.2377030849457,
      "average_power_w": 35.7389728575925
    },
    "ganymede_GPU-1a75a85d-1f07-6519-507b-f1ff9def0ab9": {
      "energy_j": 10817.491808284529,
      "energy_wh": 3.0048588356345913,
      "covered_s": 305.2377030849457,
      "average_power_w": 35.4395662755793
    },
    "uranus_GPU-6755bd3b-01b2-2c3d-ffd4-0bd39bfa5cbf": {
      "energy_j": 23982.30869104507,
      "energy_wh": 6.661752414179186,
      "covered_s": 305.28554487228394,
      "average_power_w": 78.55697426184413
    },
    "uranus_GPU-f86d44b5-2a98-9fec-5dfa-846305de5c6e": {
      "energy_j": 24084.6360614693,
      "energy_wh": 6.6901766837414725,
      "covered_s": 305.28554487228394,
      "average_power_w": 78.89216003183215
    }
  },
  "host_total_energy_j": {
    "ganymede": 21726.37379395128,
    "uranus": 48066.94475251437
  },
  "telemetry_total_energy_j": 69793.31854646564,
  "telemetry_total_energy_wh": 19.387032929573788,
  "reset_probe_energy_j": 0,
  "reset_probe_energy_wh": 0.0,
  "total_recorded_gpu_energy_j": 69793.31854646564,
  "total_recorded_gpu_energy_wh": 19.387032929573788
}
