{
  "slo": {
    "ttft_ms": 500.0,
    "tpot_ms": 200.0
  },
  "saturation_definition": "inconclusive for fixed-count finite-rate Poisson windows; throughput ratio includes arrival spacing and tail drain",
  "power_scope": "4 GPU board-power streams; excludes CPU, RAM, NIC, and fans",
  "power_source": "allocation_wide_multi_gpu_monitor",
  "gpu_stream_count": 4,
  "workloads": [
    {
      "workload": {
        "seq": 1,
        "workload_id": "input512_r2_o128",
        "input_len": 512,
        "output_len": 128,
        "configured_request_rate_rps": 2.0,
        "decision_status": "FIXED_AUTO_DVFS",
        "prefill_gpu": "l40s",
        "decode_gpu": "l4"
      },
      "decision": null,
      "performance": {
        "successful_requests": 20,
        "failed_requests": 0,
        "benchmark_duration_s": 14.11,
        "request_throughput_rps": 1.42,
        "output_token_throughput_tps": 181.41,
        "total_token_throughput_tps": 905.63,
        "p99_ttft_ms": 300.82,
        "p99_tpot_ms": 32.93,
        "p99_itl_ms": 63.52,
        "throughput_ratio": 0.71,
        "measured_saturated": null,
        "saturation_assessment": "INCONCLUSIVE_FINITE_POISSON",
        "ttft_slo_ok": true,
        "tpot_slo_ok": true
      },
      "telemetry": {
        "decode_ganymede": {
          "samples": 68,
          "target_freq_mhz": 0.0,
          "gpu_util_avg_pct": 41.161764705882355,
          "gpu_util_max_pct": 100.0,
          "gpu_power_avg_w": 45.18882352941176,
          "gpu_power_max_w": 73.4,
          "gpu_sm_clock_avg_mhz": 1937.4264705882354,
          "gpu_sm_clock_max_mhz": 2040.0,
          "gpu_sm_clock_min_mhz": 1635.0,
          "gpu_memory_used_avg_mib": 18325.823529411766,
          "gpu_memory_used_max_mib": 18690.0,
          "gpu_mem_util_avg_pct": 41.1764705882353,
          "gpu_mem_util_max_pct": 100.0,
          "gpu_power_limit_avg_w": 72.0,
          "gpu_power_limit_max_w": 72.0,
          "gpu_mem_clock_avg_mhz": 6251.0,
          "gpu_mem_clock_max_mhz": 6251.0,
          "gpu_temperature_avg_c": 46.30882352941177,
          "gpu_temperature_max_c": 53.0,
          "network_rx_bytes": 1411932179.0,
          "network_tx_bytes": 8732530.0,
          "gpu_pstate_mode": "P0"
        },
        "prefill_uranus": {
          "samples": 86,
          "target_freq_mhz": 0.0,
          "gpu_util_avg_pct": 3.3255813953488373,
          "gpu_util_max_pct": 95.0,
          "gpu_power_avg_w": 84.58011627906977,
          "gpu_power_max_w": 117.14,
          "gpu_sm_clock_avg_mhz": 2520.0,
          "gpu_sm_clock_max_mhz": 2520.0,
          "gpu_sm_clock_min_mhz": 2520.0,
          "gpu_memory_used_avg_mib": 37514.17441860465,
          "gpu_memory_used_max_mib": 37840.0,
          "gpu_mem_util_avg_pct": 1.1395348837209303,
          "gpu_mem_util_max_pct": 32.0,
          "gpu_power_limit_avg_w": 350.0,
          "gpu_power_limit_max_w": 350.0,
          "gpu_mem_clock_avg_mhz": 9001.0,
          "gpu_mem_clock_max_mhz": 9001.0,
          "gpu_temperature_avg_c": 32.27906976744186,
          "gpu_temperature_max_c": 36.0,
          "network_rx_bytes": 2049236.0,
          "network_tx_bytes": 1405095817.0,
          "gpu_pstate_mode": "P0"
        }
      },
      "energy": {
        "gpu_stream_count": 4,
        "covered_gpu_stream_count": 4,
        "min_gpu_coverage_ratio": 1.0,
        "neptune_energy_j": null,
        "ganymede_energy_j": 2944.673231326932,
        "combined_energy_j": 8341.15199676486,
        "combined_avg_power_w": 261.1696744915597,
        "energy_per_request_j": 417.057599838243
      },
      "summary": {
        "seq": 1,
        "workload_id": "input512_r2_o128",
        "input_len": 512,
        "output_len": 128,
        "configured_request_rate_rps": 2.0,
        "decision_status": "FIXED_AUTO_DVFS",
        "prefill_gpu": "l40s",
        "decode_gpu": "l4",
        "actual_successful_requests": 20,
        "actual_failed_requests": 0,
        "actual_benchmark_duration_s": 14.11,
        "actual_request_throughput_rps": 1.42,
        "actual_output_token_throughput_tps": 181.41,
        "actual_total_token_throughput_tps": 905.63,
        "actual_p99_ttft_ms": 300.82,
        "actual_p99_tpot_ms": 32.93,
        "actual_p99_itl_ms": 63.52,
        "actual_throughput_ratio": 0.71,
        "actual_measured_saturated": null,
        "actual_saturation_assessment": "INCONCLUSIVE_FINITE_POISSON",
        "actual_ttft_slo_ok": true,
        "actual_tpot_slo_ok": true,
        "decode_ganymede_samples": 68,
        "decode_ganymede_target_freq_mhz": 0.0,
        "decode_ganymede_gpu_util_avg_pct": 41.161765,
        "decode_ganymede_gpu_util_max_pct": 100.0,
        "decode_ganymede_gpu_power_avg_w": 45.188824,
        "decode_ganymede_gpu_power_max_w": 73.4,
        "decode_ganymede_gpu_sm_clock_avg_mhz": 1937.426471,
        "decode_ganymede_gpu_sm_clock_max_mhz": 2040.0,
        "decode_ganymede_gpu_sm_clock_min_mhz": 1635.0,
        "decode_ganymede_gpu_memory_used_avg_mib": 18325.823529,
        "decode_ganymede_gpu_memory_used_max_mib": 18690.0,
        "decode_ganymede_gpu_mem_util_avg_pct": 41.176471,
        "decode_ganymede_gpu_mem_util_max_pct": 100.0,
        "decode_ganymede_gpu_power_limit_avg_w": 72.0,
        "decode_ganymede_gpu_power_limit_max_w": 72.0,
        "decode_ganymede_gpu_mem_clock_avg_mhz": 6251.0,
        "decode_ganymede_gpu_mem_clock_max_mhz": 6251.0,
        "decode_ganymede_gpu_temperature_avg_c": 46.308824,
        "decode_ganymede_gpu_temperature_max_c": 53.0,
        "decode_ganymede_network_rx_bytes": 1411932179.0,
        "decode_ganymede_network_tx_bytes": 8732530.0,
        "decode_ganymede_gpu_pstate_mode": "P0",
        "prefill_uranus_samples": 86,
        "prefill_uranus_target_freq_mhz": 0.0,
        "prefill_uranus_gpu_util_avg_pct": 3.325581,
        "prefill_uranus_gpu_util_max_pct": 95.0,
        "prefill_uranus_gpu_power_avg_w": 84.580116,
        "prefill_uranus_gpu_power_max_w": 117.14,
        "prefill_uranus_gpu_sm_clock_avg_mhz": 2520.0,
        "prefill_uranus_gpu_sm_clock_max_mhz": 2520.0,
        "prefill_uranus_gpu_sm_clock_min_mhz": 2520.0,
        "prefill_uranus_gpu_memory_used_avg_mib": 37514.174419,
        "prefill_uranus_gpu_memory_used_max_mib": 37840.0,
        "prefill_uranus_gpu_mem_util_avg_pct": 1.139535,
        "prefill_uranus_gpu_mem_util_max_pct": 32.0,
        "prefill_uranus_gpu_power_limit_avg_w": 350.0,
        "prefill_uranus_gpu_power_limit_max_w": 350.0,
        "prefill_uranus_gpu_mem_clock_avg_mhz": 9001.0,
        "prefill_uranus_gpu_mem_clock_max_mhz": 9001.0,
        "prefill_uranus_gpu_temperature_avg_c": 32.27907,
        "prefill_uranus_gpu_temperature_max_c": 36.0,
        "prefill_uranus_network_rx_bytes": 2049236.0,
        "prefill_uranus_network_tx_bytes": 1405095817.0,
        "prefill_uranus_gpu_pstate_mode": "P0",
        "gpu_stream_count": 4,
        "covered_gpu_stream_count": 4,
        "min_gpu_coverage_ratio": 1.0,
        "neptune_energy_j": null,
        "ganymede_energy_j": 2944.673231,
        "combined_energy_j": 8341.151997,
        "combined_avg_power_w": 261.169674,
        "energy_per_request_j": 417.0576
      }
    },
    {
      "workload": {
        "seq": 2,
        "workload_id": "input2048_r2_o128",
        "input_len": 2048,
        "output_len": 128,
        "configured_request_rate_rps": 2.0,
        "decision_status": "FIXED_AUTO_DVFS",
        "prefill_gpu": "l40s",
        "decode_gpu": "l4"
      },
      "decision": null,
      "performance": {
        "successful_requests": 20,
        "failed_requests": 0,
        "benchmark_duration_s": 14.69,
        "request_throughput_rps": 1.36,
        "output_token_throughput_tps": 174.26,
        "total_token_throughput_tps": 2961.0,
        "p99_ttft_ms": 598.06,
        "p99_tpot_ms": 39.09,
        "p99_itl_ms": 75.28,
        "throughput_ratio": 0.68,
        "measured_saturated": null,
        "saturation_assessment": "INCONCLUSIVE_FINITE_POISSON",
        "ttft_slo_ok": false,
        "tpot_slo_ok": true
      },
      "telemetry": {
        "decode_ganymede": {
          "samples": 54,
          "target_freq_mhz": 0.0,
          "gpu_util_avg_pct": 54.51851851851852,
          "gpu_util_max_pct": 100.0,
          "gpu_power_avg_w": 51.7712962962963,
          "gpu_power_max_w": 72.4,
          "gpu_sm_clock_avg_mhz": 1831.6666666666667,
          "gpu_sm_clock_max_mhz": 2040.0,
          "gpu_sm_clock_min_mhz": 1560.0,
          "gpu_memory_used_avg_mib": 19248.055555555555,
          "gpu_memory_used_max_mib": 20230.0,
          "gpu_mem_util_avg_pct": 53.648148148148145,
          "gpu_mem_util_max_pct": 100.0,
          "gpu_power_limit_avg_w": 72.0,
          "gpu_power_limit_max_w": 72.0,
          "gpu_mem_clock_avg_mhz": 6251.0,
          "gpu_mem_clock_max_mhz": 6251.0,
          "gpu_temperature_avg_c": 51.77777777777778,
          "gpu_temperature_max_c": 57.0,
          "network_rx_bytes": 5619600826.0,
          "network_tx_bytes": 9354377.0,
          "gpu_pstate_mode": "P0"
        },
        "prefill_uranus": {
          "samples": 66,
          "target_freq_mhz": 0.0,
          "gpu_util_avg_pct": 6.7272727272727275,
          "gpu_util_max_pct": 98.0,
          "gpu_power_avg_w": 95.91909090909091,
          "gpu_power_max_w": 154.91,
          "gpu_sm_clock_avg_mhz": 2520.0,
          "gpu_sm_clock_max_mhz": 2520.0,
          "gpu_sm_clock_min_mhz": 2520.0,
          "gpu_memory_used_avg_mib": 37745.01515151515,
          "gpu_memory_used_max_mib": 38312.0,
          "gpu_mem_util_avg_pct": 1.393939393939394,
          "gpu_mem_util_max_pct": 21.0,
          "gpu_power_limit_avg_w": 350.0,
          "gpu_power_limit_max_w": 350.0,
          "gpu_mem_clock_avg_mhz": 9001.0,
          "gpu_mem_clock_max_mhz": 9001.0,
          "gpu_temperature_avg_c": 33.60606060606061,
          "gpu_temperature_max_c": 39.0,
          "network_rx_bytes": 7352257.0,
          "network_tx_bytes": 5618095562.0,
          "gpu_pstate_mode": "P0"
        }
      },
      "energy": {
        "gpu_stream_count": 4,
        "covered_gpu_stream_count": 4,
        "min_gpu_coverage_ratio": 1.0,
        "neptune_energy_j": null,
        "ganymede_energy_j": 2601.4798480725126,
        "combined_energy_j": 7451.59737066331,
        "combined_avg_power_w": 300.05529344324543,
        "energy_per_request_j": 372.5798685331655
      },
      "summary": {
        "seq": 2,
        "workload_id": "input2048_r2_o128",
        "input_len": 2048,
        "output_len": 128,
        "configured_request_rate_rps": 2.0,
        "decision_status": "FIXED_AUTO_DVFS",
        "prefill_gpu": "l40s",
        "decode_gpu": "l4",
        "actual_successful_requests": 20,
        "actual_failed_requests": 0,
        "actual_benchmark_duration_s": 14.69,
        "actual_request_throughput_rps": 1.36,
        "actual_output_token_throughput_tps": 174.26,
        "actual_total_token_throughput_tps": 2961.0,
        "actual_p99_ttft_ms": 598.06,
        "actual_p99_tpot_ms": 39.09,
        "actual_p99_itl_ms": 75.28,
        "actual_throughput_ratio": 0.68,
        "actual_measured_saturated": null,
        "actual_saturation_assessment": "INCONCLUSIVE_FINITE_POISSON",
        "actual_ttft_slo_ok": false,
        "actual_tpot_slo_ok": true,
        "decode_ganymede_samples": 54,
        "decode_ganymede_target_freq_mhz": 0.0,
        "decode_ganymede_gpu_util_avg_pct": 54.518519,
        "decode_ganymede_gpu_util_max_pct": 100.0,
        "decode_ganymede_gpu_power_avg_w": 51.771296,
        "decode_ganymede_gpu_power_max_w": 72.4,
        "decode_ganymede_gpu_sm_clock_avg_mhz": 1831.666667,
        "decode_ganymede_gpu_sm_clock_max_mhz": 2040.0,
        "decode_ganymede_gpu_sm_clock_min_mhz": 1560.0,
        "decode_ganymede_gpu_memory_used_avg_mib": 19248.055556,
        "decode_ganymede_gpu_memory_used_max_mib": 20230.0,
        "decode_ganymede_gpu_mem_util_avg_pct": 53.648148,
        "decode_ganymede_gpu_mem_util_max_pct": 100.0,
        "decode_ganymede_gpu_power_limit_avg_w": 72.0,
        "decode_ganymede_gpu_power_limit_max_w": 72.0,
        "decode_ganymede_gpu_mem_clock_avg_mhz": 6251.0,
        "decode_ganymede_gpu_mem_clock_max_mhz": 6251.0,
        "decode_ganymede_gpu_temperature_avg_c": 51.777778,
        "decode_ganymede_gpu_temperature_max_c": 57.0,
        "decode_ganymede_network_rx_bytes": 5619600826.0,
        "decode_ganymede_network_tx_bytes": 9354377.0,
        "decode_ganymede_gpu_pstate_mode": "P0",
        "prefill_uranus_samples": 66,
        "prefill_uranus_target_freq_mhz": 0.0,
        "prefill_uranus_gpu_util_avg_pct": 6.727273,
        "prefill_uranus_gpu_util_max_pct": 98.0,
        "prefill_uranus_gpu_power_avg_w": 95.919091,
        "prefill_uranus_gpu_power_max_w": 154.91,
        "prefill_uranus_gpu_sm_clock_avg_mhz": 2520.0,
        "prefill_uranus_gpu_sm_clock_max_mhz": 2520.0,
        "prefill_uranus_gpu_sm_clock_min_mhz": 2520.0,
        "prefill_uranus_gpu_memory_used_avg_mib": 37745.015152,
        "prefill_uranus_gpu_memory_used_max_mib": 38312.0,
        "prefill_uranus_gpu_mem_util_avg_pct": 1.393939,
        "prefill_uranus_gpu_mem_util_max_pct": 21.0,
        "prefill_uranus_gpu_power_limit_avg_w": 350.0,
        "prefill_uranus_gpu_power_limit_max_w": 350.0,
        "prefill_uranus_gpu_mem_clock_avg_mhz": 9001.0,
        "prefill_uranus_gpu_mem_clock_max_mhz": 9001.0,
        "prefill_uranus_gpu_temperature_avg_c": 33.606061,
        "prefill_uranus_gpu_temperature_max_c": 39.0,
        "prefill_uranus_network_rx_bytes": 7352257.0,
        "prefill_uranus_network_tx_bytes": 5618095562.0,
        "prefill_uranus_gpu_pstate_mode": "P0",
        "gpu_stream_count": 4,
        "covered_gpu_stream_count": 4,
        "min_gpu_coverage_ratio": 1.0,
        "neptune_energy_j": null,
        "ganymede_energy_j": 2601.479848,
        "combined_energy_j": 7451.597371,
        "combined_avg_power_w": 300.055293,
        "energy_per_request_j": 372.579869
      }
    },
    {
      "workload": {
        "seq": 3,
        "workload_id": "input4096_r1_o256",
        "input_len": 4096,
        "output_len": 256,
        "configured_request_rate_rps": 1.0,
        "decision_status": "FIXED_AUTO_DVFS",
        "prefill_gpu": "l40s",
        "decode_gpu": "l4"
      },
      "decision": null,
      "performance": {
        "successful_requests": 12,
        "failed_requests": 0,
        "benchmark_duration_s": 22.75,
        "request_throughput_rps": 0.53,
        "output_token_throughput_tps": 135.04,
        "total_token_throughput_tps": 2295.12,
        "p99_ttft_ms": 376.89,
        "p99_tpot_ms": 45.14,
        "p99_itl_ms": 57.53,
        "throughput_ratio": 0.53,
        "measured_saturated": null,
        "saturation_assessment": "INCONCLUSIVE_FINITE_POISSON",
        "ttft_slo_ok": true,
        "tpot_slo_ok": true
      },
      "telemetry": {
        "decode_ganymede": {
          "samples": 72,
          "target_freq_mhz": 0.0,
          "gpu_util_avg_pct": 64.66666666666667,
          "gpu_util_max_pct": 100.0,
          "gpu_power_avg_w": 56.26875,
          "gpu_power_max_w": 73.52,
          "gpu_sm_clock_avg_mhz": 1757.5,
          "gpu_sm_clock_max_mhz": 2040.0,
          "gpu_sm_clock_min_mhz": 1320.0,
          "gpu_memory_used_avg_mib": 20991.944444444445,
          "gpu_memory_used_max_mib": 22210.0,
          "gpu_mem_util_avg_pct": 63.77777777777778,
          "gpu_mem_util_max_pct": 100.0,
          "gpu_power_limit_avg_w": 72.0,
          "gpu_power_limit_max_w": 72.0,
          "gpu_mem_clock_avg_mhz": 6251.0,
          "gpu_mem_clock_max_mhz": 6251.0,
          "gpu_temperature_avg_c": 56.013888888888886,
          "gpu_temperature_max_c": 61.0,
          "network_rx_bytes": 6745019825.0,
          "network_tx_bytes": 14743318.0,
          "gpu_pstate_mode": "P0"
        },
        "prefill_uranus": {
          "samples": 90,
          "target_freq_mhz": 0.0,
          "gpu_util_avg_pct": 8.033333333333333,
          "gpu_util_max_pct": 99.0,
          "gpu_power_avg_w": 92.98544444444445,
          "gpu_power_max_w": 141.36,
          "gpu_sm_clock_avg_mhz": 2520.0,
          "gpu_sm_clock_max_mhz": 2520.0,
          "gpu_sm_clock_min_mhz": 2520.0,
          "gpu_memory_used_avg_mib": 38059.5,
          "gpu_memory_used_max_mib": 38312.0,
          "gpu_mem_util_avg_pct": 1.4777777777777779,
          "gpu_mem_util_max_pct": 18.0,
          "gpu_power_limit_avg_w": 350.0,
          "gpu_power_limit_max_w": 350.0,
          "gpu_mem_clock_avg_mhz": 9001.0,
          "gpu_mem_clock_max_mhz": 9001.0,
          "gpu_temperature_avg_c": 33.87777777777778,
          "gpu_temperature_max_c": 39.0,
          "network_rx_bytes": 14916806.0,
          "network_tx_bytes": 6741338461.0,
          "gpu_pstate_mode": "P0"
        }
      },
      "energy": {
        "gpu_stream_count": 4,
        "covered_gpu_stream_count": 4,
        "min_gpu_coverage_ratio": 1.0,
        "neptune_energy_j": null,
        "ganymede_energy_j": 3776.4924978201543,
        "combined_energy_j": 9921.049179133126,
        "combined_avg_power_w": 295.5118395867715,
        "energy_per_request_j": 826.7540982610939
      },
      "summary": {
        "seq": 3,
        "workload_id": "input4096_r1_o256",
        "input_len": 4096,
        "output_len": 256,
        "configured_request_rate_rps": 1.0,
        "decision_status": "FIXED_AUTO_DVFS",
        "prefill_gpu": "l40s",
        "decode_gpu": "l4",
        "actual_successful_requests": 12,
        "actual_failed_requests": 0,
        "actual_benchmark_duration_s": 22.75,
        "actual_request_throughput_rps": 0.53,
        "actual_output_token_throughput_tps": 135.04,
        "actual_total_token_throughput_tps": 2295.12,
        "actual_p99_ttft_ms": 376.89,
        "actual_p99_tpot_ms": 45.14,
        "actual_p99_itl_ms": 57.53,
        "actual_throughput_ratio": 0.53,
        "actual_measured_saturated": null,
        "actual_saturation_assessment": "INCONCLUSIVE_FINITE_POISSON",
        "actual_ttft_slo_ok": true,
        "actual_tpot_slo_ok": true,
        "decode_ganymede_samples": 72,
        "decode_ganymede_target_freq_mhz": 0.0,
        "decode_ganymede_gpu_util_avg_pct": 64.666667,
        "decode_ganymede_gpu_util_max_pct": 100.0,
        "decode_ganymede_gpu_power_avg_w": 56.26875,
        "decode_ganymede_gpu_power_max_w": 73.52,
        "decode_ganymede_gpu_sm_clock_avg_mhz": 1757.5,
        "decode_ganymede_gpu_sm_clock_max_mhz": 2040.0,
        "decode_ganymede_gpu_sm_clock_min_mhz": 1320.0,
        "decode_ganymede_gpu_memory_used_avg_mib": 20991.944444,
        "decode_ganymede_gpu_memory_used_max_mib": 22210.0,
        "decode_ganymede_gpu_mem_util_avg_pct": 63.777778,
        "decode_ganymede_gpu_mem_util_max_pct": 100.0,
        "decode_ganymede_gpu_power_limit_avg_w": 72.0,
        "decode_ganymede_gpu_power_limit_max_w": 72.0,
        "decode_ganymede_gpu_mem_clock_avg_mhz": 6251.0,
        "decode_ganymede_gpu_mem_clock_max_mhz": 6251.0,
        "decode_ganymede_gpu_temperature_avg_c": 56.013889,
        "decode_ganymede_gpu_temperature_max_c": 61.0,
        "decode_ganymede_network_rx_bytes": 6745019825.0,
        "decode_ganymede_network_tx_bytes": 14743318.0,
        "decode_ganymede_gpu_pstate_mode": "P0",
        "prefill_uranus_samples": 90,
        "prefill_uranus_target_freq_mhz": 0.0,
        "prefill_uranus_gpu_util_avg_pct": 8.033333,
        "prefill_uranus_gpu_util_max_pct": 99.0,
        "prefill_uranus_gpu_power_avg_w": 92.985444,
        "prefill_uranus_gpu_power_max_w": 141.36,
        "prefill_uranus_gpu_sm_clock_avg_mhz": 2520.0,
        "prefill_uranus_gpu_sm_clock_max_mhz": 2520.0,
        "prefill_uranus_gpu_sm_clock_min_mhz": 2520.0,
        "prefill_uranus_gpu_memory_used_avg_mib": 38059.5,
        "prefill_uranus_gpu_memory_used_max_mib": 38312.0,
        "prefill_uranus_gpu_mem_util_avg_pct": 1.477778,
        "prefill_uranus_gpu_mem_util_max_pct": 18.0,
        "prefill_uranus_gpu_power_limit_avg_w": 350.0,
        "prefill_uranus_gpu_power_limit_max_w": 350.0,
        "prefill_uranus_gpu_mem_clock_avg_mhz": 9001.0,
        "prefill_uranus_gpu_mem_clock_max_mhz": 9001.0,
        "prefill_uranus_gpu_temperature_avg_c": 33.877778,
        "prefill_uranus_gpu_temperature_max_c": 39.0,
        "prefill_uranus_network_rx_bytes": 14916806.0,
        "prefill_uranus_network_tx_bytes": 6741338461.0,
        "prefill_uranus_gpu_pstate_mode": "P0",
        "gpu_stream_count": 4,
        "covered_gpu_stream_count": 4,
        "min_gpu_coverage_ratio": 1.0,
        "neptune_energy_j": null,
        "ganymede_energy_j": 3776.492498,
        "combined_energy_j": 9921.049179,
        "combined_avg_power_w": 295.51184,
        "energy_per_request_j": 826.754098
      }
    },
    {
      "workload": {
        "seq": 4,
        "workload_id": "input8192_r1_o128",
        "input_len": 8192,
        "output_len": 128,
        "configured_request_rate_rps": 1.0,
        "decision_status": "FIXED_AUTO_DVFS",
        "prefill_gpu": "l40s",
        "decode_gpu": "l4"
      },
      "decision": null,
      "performance": {
        "successful_requests": 12,
        "failed_requests": 0,
        "benchmark_duration_s": 17.18,
        "request_throughput_rps": 0.7,
        "output_token_throughput_tps": 89.42,
        "total_token_throughput_tps": 5811.86,
        "p99_ttft_ms": 552.51,
        "p99_tpot_ms": 41.04,
        "p99_itl_ms": 66.8,
        "throughput_ratio": 0.7,
        "measured_saturated": null,
        "saturation_assessment": "INCONCLUSIVE_FINITE_POISSON",
        "ttft_slo_ok": false,
        "tpot_slo_ok": true
      },
      "telemetry": {
        "decode_ganymede": {
          "samples": 58,
          "target_freq_mhz": 0.0,
          "gpu_util_avg_pct": 58.08620689655172,
          "gpu_util_max_pct": 100.0,
          "gpu_power_avg_w": 54.22396551724138,
          "gpu_power_max_w": 73.39,
          "gpu_sm_clock_avg_mhz": 1825.344827586207,
          "gpu_sm_clock_max_mhz": 2040.0,
          "gpu_sm_clock_min_mhz": 1485.0,
          "gpu_memory_used_avg_mib": 22263.810344827587,
          "gpu_memory_used_max_mib": 22563.0,
          "gpu_mem_util_avg_pct": 57.89655172413793,
          "gpu_mem_util_max_pct": 100.0,
          "gpu_power_limit_avg_w": 72.0,
          "gpu_power_limit_max_w": 72.0,
          "gpu_mem_clock_avg_mhz": 6251.0,
          "gpu_mem_clock_max_mhz": 6251.0,
          "gpu_temperature_avg_c": 58.60344827586207,
          "gpu_temperature_max_c": 63.0,
          "network_rx_bytes": 13431326699.0,
          "network_tx_bytes": 27176774.0,
          "gpu_pstate_mode": "P0"
        },
        "prefill_uranus": {
          "samples": 70,
          "target_freq_mhz": 0.0,
          "gpu_util_avg_pct": 13.442857142857143,
          "gpu_util_max_pct": 100.0,
          "gpu_power_avg_w": 107.56185714285714,
          "gpu_power_max_w": 190.41,
          "gpu_sm_clock_avg_mhz": 2520.0,
          "gpu_sm_clock_max_mhz": 2520.0,
          "gpu_sm_clock_min_mhz": 2520.0,
          "gpu_memory_used_avg_mib": 38085.1,
          "gpu_memory_used_max_mib": 38368.0,
          "gpu_mem_util_avg_pct": 2.3285714285714287,
          "gpu_mem_util_max_pct": 18.0,
          "gpu_power_limit_avg_w": 350.0,
          "gpu_power_limit_max_w": 350.0,
          "gpu_mem_clock_avg_mhz": 9001.0,
          "gpu_mem_clock_max_mhz": 9001.0,
          "gpu_temperature_avg_c": 34.785714285714285,
          "gpu_temperature_max_c": 40.0,
          "network_rx_bytes": 24930890.0,
          "network_tx_bytes": 13429573394.0,
          "gpu_pstate_mode": "P0"
        }
      },
      "energy": {
        "gpu_stream_count": 4,
        "covered_gpu_stream_count": 4,
        "min_gpu_coverage_ratio": 1.0,
        "neptune_energy_j": null,
        "ganymede_energy_j": 2915.802229579296,
        "combined_energy_j": 8627.162908663915,
        "combined_avg_power_w": 322.8191595708481,
        "energy_per_request_j": 718.9302423886596
      },
      "summary": {
        "seq": 4,
        "workload_id": "input8192_r1_o128",
        "input_len": 8192,
        "output_len": 128,
        "configured_request_rate_rps": 1.0,
        "decision_status": "FIXED_AUTO_DVFS",
        "prefill_gpu": "l40s",
        "decode_gpu": "l4",
        "actual_successful_requests": 12,
        "actual_failed_requests": 0,
        "actual_benchmark_duration_s": 17.18,
        "actual_request_throughput_rps": 0.7,
        "actual_output_token_throughput_tps": 89.42,
        "actual_total_token_throughput_tps": 5811.86,
        "actual_p99_ttft_ms": 552.51,
        "actual_p99_tpot_ms": 41.04,
        "actual_p99_itl_ms": 66.8,
        "actual_throughput_ratio": 0.7,
        "actual_measured_saturated": null,
        "actual_saturation_assessment": "INCONCLUSIVE_FINITE_POISSON",
        "actual_ttft_slo_ok": false,
        "actual_tpot_slo_ok": true,
        "decode_ganymede_samples": 58,
        "decode_ganymede_target_freq_mhz": 0.0,
        "decode_ganymede_gpu_util_avg_pct": 58.086207,
        "decode_ganymede_gpu_util_max_pct": 100.0,
        "decode_ganymede_gpu_power_avg_w": 54.223966,
        "decode_ganymede_gpu_power_max_w": 73.39,
        "decode_ganymede_gpu_sm_clock_avg_mhz": 1825.344828,
        "decode_ganymede_gpu_sm_clock_max_mhz": 2040.0,
        "decode_ganymede_gpu_sm_clock_min_mhz": 1485.0,
        "decode_ganymede_gpu_memory_used_avg_mib": 22263.810345,
        "decode_ganymede_gpu_memory_used_max_mib": 22563.0,
        "decode_ganymede_gpu_mem_util_avg_pct": 57.896552,
        "decode_ganymede_gpu_mem_util_max_pct": 100.0,
        "decode_ganymede_gpu_power_limit_avg_w": 72.0,
        "decode_ganymede_gpu_power_limit_max_w": 72.0,
        "decode_ganymede_gpu_mem_clock_avg_mhz": 6251.0,
        "decode_ganymede_gpu_mem_clock_max_mhz": 6251.0,
        "decode_ganymede_gpu_temperature_avg_c": 58.603448,
        "decode_ganymede_gpu_temperature_max_c": 63.0,
        "decode_ganymede_network_rx_bytes": 13431326699.0,
        "decode_ganymede_network_tx_bytes": 27176774.0,
        "decode_ganymede_gpu_pstate_mode": "P0",
        "prefill_uranus_samples": 70,
        "prefill_uranus_target_freq_mhz": 0.0,
        "prefill_uranus_gpu_util_avg_pct": 13.442857,
        "prefill_uranus_gpu_util_max_pct": 100.0,
        "prefill_uranus_gpu_power_avg_w": 107.561857,
        "prefill_uranus_gpu_power_max_w": 190.41,
        "prefill_uranus_gpu_sm_clock_avg_mhz": 2520.0,
        "prefill_uranus_gpu_sm_clock_max_mhz": 2520.0,
        "prefill_uranus_gpu_sm_clock_min_mhz": 2520.0,
        "prefill_uranus_gpu_memory_used_avg_mib": 38085.1,
        "prefill_uranus_gpu_memory_used_max_mib": 38368.0,
        "prefill_uranus_gpu_mem_util_avg_pct": 2.328571,
        "prefill_uranus_gpu_mem_util_max_pct": 18.0,
        "prefill_uranus_gpu_power_limit_avg_w": 350.0,
        "prefill_uranus_gpu_power_limit_max_w": 350.0,
        "prefill_uranus_gpu_mem_clock_avg_mhz": 9001.0,
        "prefill_uranus_gpu_mem_clock_max_mhz": 9001.0,
        "prefill_uranus_gpu_temperature_avg_c": 34.785714,
        "prefill_uranus_gpu_temperature_max_c": 40.0,
        "prefill_uranus_network_rx_bytes": 24930890.0,
        "prefill_uranus_network_tx_bytes": 13429573394.0,
        "prefill_uranus_gpu_pstate_mode": "P0",
        "gpu_stream_count": 4,
        "covered_gpu_stream_count": 4,
        "min_gpu_coverage_ratio": 1.0,
        "neptune_energy_j": null,
        "ganymede_energy_j": 2915.80223,
        "combined_energy_j": 8627.162909,
        "combined_avg_power_w": 322.81916,
        "energy_per_request_j": 718.930242
      }
    }
  ]
}
