uranus:13799:13799 [1] NCCL INFO cudaDriverVersion 13020
uranus:13799:13799 [1] NCCL INFO NCCL_SOCKET_IFNAME set to enp160s0f0np0
uranus:13799:13799 [1] NCCL INFO NCCL version 2.27.5+cuda12.9
uranus:13799:13799 [1] NCCL INFO NET/Plugin: Could not find: libnccl-net.so. 
uranus:13799:13799 [1] NCCL INFO NET/Socket : Using [0]enp160s0f0np0:10.1.0.5<0>
uranus:13799:13799 [1] NCCL INFO Initialized NET plugin Socket
uranus:13799:13799 [1] NCCL INFO Assigned NET plugin Socket to comm
uranus:13799:13799 [1] NCCL INFO Using network Socket
uranus:13799:13799 [1] NCCL INFO ncclCommInitRank comm 0x5e7978baeca0 rank 1 nranks 2 cudaDev 1 nvmlDev 1 busId 61000 commId 0xccb0072bd86e9cbf - Init START
uranus:13799:13799 [1] NCCL INFO RAS client listening socket at 127.0.0.1<28028>
uranus:13799:13799 [1] NCCL INFO NET/Socket : GPU Direct RDMA Disabled for HCA 0 'enp160s0f0np0'
uranus:13799:13799 [1] NCCL INFO Setting affinity for GPU 1 to 0,2,4,6,64,66,68,70
uranus:13799:13799 [1] NCCL INFO comm 0x5e7978baeca0 rank 1 nRanks 2 nNodes 1 localRanks 2 localRank 1 MNNVL 0
uranus:13799:13799 [1] NCCL INFO Trees [0] -1/-1/-1->1->0 [1] -1/-1/-1->1->0
uranus:13799:13799 [1] NCCL INFO P2P Chunksize set to 131072
uranus:13799:13799 [1] NCCL INFO PROFILER/Plugin: Could not find: libnccl-profiler.so. 
uranus:13799:13973 [1] NCCL INFO [Proxy Service] Device 1 CPU core 64
uranus:13799:13974 [1] NCCL INFO [Proxy Service UDS] Device 1 CPU core 2
uranus:13799:13799 [1] NCCL INFO threadThresholds 8/8/64 | 16/8/64 | 512 | 512
uranus:13799:13799 [1] NCCL INFO 2 coll channels, 2 collnet channels, 0 nvls channels, 2 p2p channels, 2 p2p channels per peer
uranus:13799:13799 [1] NCCL INFO TUNER/Plugin: Could not find: libnccl-tuner.so. Using internal tuner plugin.
uranus:13799:13799 [1] NCCL INFO ncclCommInitRank comm 0x5e7978baeca0 rank 1 nranks 2 cudaDev 1 nvmlDev 1 busId 61000 commId 0xccb0072bd86e9cbf - Init COMPLETE
uranus:13799:13799 [1] NCCL INFO Init timings - ncclCommInitRank: rank 1 nranks 2 total 0.59 (kernels 0.54, alloc 0.01, bootstrap 0.00, allgathers 0.00, topo 0.01, graphs 0.00, connections 0.00, rest 0.02)
uranus:13799:13973 [1] NCCL INFO New proxy recv connection 0 from local rank 1, transport 1
uranus:13799:13981 [1] NCCL INFO Connected to proxy localRank 1 -> connection 0x708b90004f40
uranus:13799:13973 [1] NCCL INFO New proxy recv connection 1 from local rank 1, transport 1
uranus:13799:13981 [1] NCCL INFO Connected to proxy localRank 1 -> connection 0x708b90004fb8
uranus:13799:13973 [1] NCCL INFO New proxy send connection 2 from local rank 1, transport 1
uranus:13799:13981 [1] NCCL INFO Connected to proxy localRank 1 -> connection 0x708b90005030
uranus:13799:13981 [1] NCCL INFO Channel 00 : 1[1] -> 0[0] via SHM/direct/direct
uranus:13799:13973 [1] NCCL INFO New proxy send connection 3 from local rank 1, transport 1
uranus:13799:13981 [1] NCCL INFO Connected to proxy localRank 1 -> connection 0x708b900050a8
uranus:13799:13981 [1] NCCL INFO Channel 01 : 1[1] -> 0[0] via SHM/direct/direct
uranus:13799:13973 [1] NCCL INFO New proxy send connection 4 from local rank 0, transport 0
uranus:13799:13981 [1] NCCL INFO Connected to proxy localRank 0 -> connection 0x7404f4005120
uranus:13799:13981 [1] NCCL INFO Connected all rings, use ring PXN 0 GDR 1
uranus:13799:14616 [1] NCCL INFO Assigned NET plugin Socket to comm
uranus:13799:14616 [1] NCCL INFO Using network Socket
uranus:13799:14616 [1] NCCL INFO ncclCommInitRankConfig comm 0x5e7997dd3120 rank 1 nranks 2 cudaDev 1 nvmlDev 1 busId 61000 commId 0x174f88cf528e021 - Init START
uranus:13799:14616 [1] NCCL INFO NET/Socket : GPU Direct RDMA Disabled for HCA 0 'enp160s0f0np0'
uranus:13799:14616 [1] NCCL INFO Setting affinity for GPU 1 to 0,2,4,6,64,66,68,70
uranus:13799:14616 [1] NCCL INFO comm 0x5e7997dd3120 rank 1 nRanks 2 nNodes 1 localRanks 2 localRank 1 MNNVL 0
uranus:13799:14616 [1] NCCL INFO Trees [0] -1/-1/-1->1->0 [1] -1/-1/-1->1->0
uranus:13799:14616 [1] NCCL INFO P2P Chunksize set to 131072
uranus:13799:14620 [1] NCCL INFO [Proxy Service UDS] Device 1 CPU core 70
uranus:13799:14618 [1] NCCL INFO [Proxy Service] Device 1 CPU core 2
uranus:13799:14616 [1] NCCL INFO threadThresholds 8/8/64 | 16/8/64 | 512 | 512
uranus:13799:14616 [1] NCCL INFO 2 coll channels, 2 collnet channels, 0 nvls channels, 2 p2p channels, 2 p2p channels per peer
uranus:13799:14616 [1] NCCL INFO ncclCommInitRankConfig comm 0x5e7997dd3120 rank 1 nranks 2 cudaDev 1 nvmlDev 1 busId 61000 commId 0x174f88cf528e021 - Init COMPLETE
uranus:13799:14616 [1] NCCL INFO Init timings - ncclCommInitRankConfig: rank 1 nranks 2 total 0.03 (kernels 0.00, alloc 0.00, bootstrap 0.00, allgathers 0.00, topo 0.01, graphs 0.00, connections 0.01, rest 0.00)
uranus:13799:14618 [1] NCCL INFO New proxy recv connection 0 from local rank 1, transport 1
uranus:13799:14623 [1] NCCL INFO Connected to proxy localRank 1 -> connection 0x70888c004f40
uranus:13799:14618 [1] NCCL INFO New proxy recv connection 1 from local rank 1, transport 1
uranus:13799:14623 [1] NCCL INFO Connected to proxy localRank 1 -> connection 0x70888c004fb8
uranus:13799:14618 [1] NCCL INFO New proxy send connection 2 from local rank 1, transport 1
uranus:13799:14623 [1] NCCL INFO Connected to proxy localRank 1 -> connection 0x70888c005030
uranus:13799:14623 [1] NCCL INFO Channel 00 : 1[1] -> 0[0] via SHM/direct/direct
uranus:13799:14618 [1] NCCL INFO New proxy send connection 3 from local rank 1, transport 1
uranus:13799:14623 [1] NCCL INFO Connected to proxy localRank 1 -> connection 0x70888c0050a8
uranus:13799:14623 [1] NCCL INFO Channel 01 : 1[1] -> 0[0] via SHM/direct/direct
uranus:13799:14618 [1] NCCL INFO New proxy send connection 4 from local rank 0, transport 0
uranus:13799:14623 [1] NCCL INFO Connected to proxy localRank 0 -> connection 0x7401f4005120
uranus:13799:14623 [1] NCCL INFO Connected all rings, use ring PXN 0 GDR 1
