uranus:13798:13798 [0] NCCL INFO NCCL_SOCKET_IFNAME set to enp160s0f0np0
uranus:13798:13798 [0] NCCL INFO cudaDriverVersion 13020
uranus:13798:13798 [0] NCCL INFO NCCL version 2.27.5+cuda12.9
uranus:13798:13798 [0] NCCL INFO NET/Plugin: Could not find: libnccl-net.so. 
uranus:13798:13798 [0] NCCL INFO NET/Socket : Using [0]enp160s0f0np0:10.1.0.5<0>
uranus:13798:13798 [0] NCCL INFO Initialized NET plugin Socket
uranus:13798:13798 [0] NCCL INFO Assigned NET plugin Socket to comm
uranus:13798:13798 [0] NCCL INFO Using network Socket
uranus:13798:13798 [0] NCCL INFO ncclCommInitRank comm 0x5785cd176a50 rank 0 nranks 2 cudaDev 0 nvmlDev 0 busId 4a000 commId 0xccb0072bd86e9cbf - Init START
uranus:13798:13798 [0] NCCL INFO RAS client listening socket at 127.0.0.1<28028>
uranus:13798:13798 [0] NCCL INFO NET/Socket : GPU Direct RDMA Disabled for HCA 0 'enp160s0f0np0'
uranus:13798:13798 [0] NCCL INFO Setting affinity for GPU 0 to 0,2,4,6,64,66,68,70
uranus:13798:13798 [0] NCCL INFO comm 0x5785cd176a50 rank 0 nRanks 2 nNodes 1 localRanks 2 localRank 0 MNNVL 0
uranus:13798:13798 [0] NCCL INFO Channel 00/02 : 0 1
uranus:13798:13798 [0] NCCL INFO Channel 01/02 : 0 1
uranus:13798:13798 [0] NCCL INFO Trees [0] 1/-1/-1->0->-1 [1] 1/-1/-1->0->-1
uranus:13798:13798 [0] NCCL INFO P2P Chunksize set to 131072
uranus:13798:13798 [0] NCCL INFO PROFILER/Plugin: Could not find: libnccl-profiler.so. 
uranus:13798:13798 [0] NCCL INFO Check P2P Type isAllDirectP2p 0 directMode 0
uranus:13798:13972 [0] NCCL INFO [Proxy Service UDS] Device 0 CPU core 70
uranus:13798:13971 [0] NCCL INFO [Proxy Service] Device 0 CPU core 68
uranus:13798:13798 [0] NCCL INFO threadThresholds 8/8/64 | 16/8/64 | 512 | 512
uranus:13798:13798 [0] NCCL INFO 2 coll channels, 2 collnet channels, 0 nvls channels, 2 p2p channels, 2 p2p channels per peer
uranus:13798:13798 [0] NCCL INFO CC Off, workFifoBytes 1048576
uranus:13798:13798 [0] NCCL INFO TUNER/Plugin: Could not find: libnccl-tuner.so. Using internal tuner plugin.
uranus:13798:13798 [0] NCCL INFO ncclCommInitRank comm 0x5785cd176a50 rank 0 nranks 2 cudaDev 0 nvmlDev 0 busId 4a000 commId 0xccb0072bd86e9cbf - Init COMPLETE
uranus:13798:13798 [0] NCCL INFO Init timings - ncclCommInitRank: rank 0 nranks 2 total 0.60 (kernels 0.55, alloc 0.01, bootstrap 0.00, allgathers 0.00, topo 0.01, graphs 0.00, connections 0.00, rest 0.02)
uranus:13798:13971 [0] NCCL INFO New proxy recv connection 0 from local rank 0, transport 1
uranus:13798:13980 [0] NCCL INFO Connected to proxy localRank 0 -> connection 0x7404f4004f40
uranus:13798:13971 [0] NCCL INFO New proxy recv connection 1 from local rank 0, transport 1
uranus:13798:13980 [0] NCCL INFO Connected to proxy localRank 0 -> connection 0x7404f4004fb8
uranus:13798:13971 [0] NCCL INFO New proxy send connection 2 from local rank 0, transport 1
uranus:13798:13980 [0] NCCL INFO Connected to proxy localRank 0 -> connection 0x7404f4005030
uranus:13798:13980 [0] NCCL INFO Channel 00 : 0[0] -> 1[1] via SHM/direct/direct
uranus:13798:13971 [0] NCCL INFO New proxy send connection 3 from local rank 0, transport 1
uranus:13798:13980 [0] NCCL INFO Connected to proxy localRank 0 -> connection 0x7404f40050a8
uranus:13798:13980 [0] NCCL INFO Channel 01 : 0[0] -> 1[1] via SHM/direct/direct
uranus:13798:13971 [0] NCCL INFO New proxy send connection 4 from local rank 1, transport 0
uranus:13798:13980 [0] NCCL INFO Connected to proxy localRank 1 -> connection 0x708b90005120
uranus:13798:13980 [0] NCCL INFO Connected all rings, use ring PXN 0 GDR 1
