ganymede:430475:430475 [0] NCCL INFO NCCL_SOCKET_IFNAME set to eno12399np0
ganymede:430475:430475 [0] NCCL INFO cudaDriverVersion 13020
ganymede:430475:430475 [0] NCCL INFO NCCL version 2.27.5+cuda12.9
ganymede:430475:430475 [0] NCCL INFO NET/Plugin: Could not find: libnccl-net.so. 
ganymede:430475:430475 [0] NCCL INFO NET/Socket : Using [0]eno12399np0:10.1.0.3<0>
ganymede:430475:430475 [0] NCCL INFO Initialized NET plugin Socket
ganymede:430475:430475 [0] NCCL INFO Assigned NET plugin Socket to comm
ganymede:430475:430475 [0] NCCL INFO Using network Socket
ganymede:430475:430475 [0] NCCL INFO ncclCommInitRank comm 0x57ce73af98b0 rank 0 nranks 2 cudaDev 0 nvmlDev 0 busId d000 commId 0xb175d562a7264a00 - Init START
ganymede:430475:430475 [0] NCCL INFO RAS client listening socket at 127.0.0.1<28028>
ganymede:430475:430475 [0] NCCL INFO NET/Socket : GPU Direct RDMA Disabled for HCA 0 'eno12399np0'
ganymede:430475:430475 [0] NCCL INFO Setting affinity for GPU 0 to 0,2,4,6,64,66,68,70
ganymede:430475:430475 [0] NCCL INFO comm 0x57ce73af98b0 rank 0 nRanks 2 nNodes 1 localRanks 2 localRank 0 MNNVL 0
ganymede:430475:430475 [0] NCCL INFO Channel 00/02 : 0 1
ganymede:430475:430475 [0] NCCL INFO Channel 01/02 : 0 1
ganymede:430475:430475 [0] NCCL INFO Trees [0] 1/-1/-1->0->-1 [1] 1/-1/-1->0->-1
ganymede:430475:430475 [0] NCCL INFO P2P Chunksize set to 131072
ganymede:430475:430475 [0] NCCL INFO PROFILER/Plugin: Could not find: libnccl-profiler.so. 
ganymede:430475:430475 [0] NCCL INFO Check P2P Type isAllDirectP2p 0 directMode 0
ganymede:430475:430650 [0] NCCL INFO [Proxy Service] Device 0 CPU core 70
ganymede:430475:430651 [0] NCCL INFO [Proxy Service UDS] Device 0 CPU core 2
ganymede:430475:430475 [0] NCCL INFO threadThresholds 8/8/64 | 16/8/64 | 512 | 512
ganymede:430475:430475 [0] NCCL INFO 2 coll channels, 2 collnet channels, 0 nvls channels, 2 p2p channels, 2 p2p channels per peer
ganymede:430475:430475 [0] NCCL INFO CC Off, workFifoBytes 1048576
ganymede:430475:430475 [0] NCCL INFO TUNER/Plugin: Could not find: libnccl-tuner.so. Using internal tuner plugin.
ganymede:430475:430475 [0] NCCL INFO ncclCommInitRank comm 0x57ce73af98b0 rank 0 nranks 2 cudaDev 0 nvmlDev 0 busId d000 commId 0xb175d562a7264a00 - Init COMPLETE
ganymede:430475:430475 [0] NCCL INFO Init timings - ncclCommInitRank: rank 0 nranks 2 total 0.22 (kernels 0.18, alloc 0.01, bootstrap 0.02, allgathers 0.00, topo 0.01, graphs 0.00, connections 0.00, rest 0.00)
ganymede:430475:430650 [0] NCCL INFO New proxy recv connection 0 from local rank 0, transport 1
ganymede:430475:430653 [0] NCCL INFO Connected to proxy localRank 0 -> connection 0x7a0180004f40
ganymede:430475:430650 [0] NCCL INFO New proxy recv connection 1 from local rank 0, transport 1
ganymede:430475:430653 [0] NCCL INFO Connected to proxy localRank 0 -> connection 0x7a0180004fb8
ganymede:430475:430650 [0] NCCL INFO New proxy send connection 2 from local rank 0, transport 1
ganymede:430475:430653 [0] NCCL INFO Connected to proxy localRank 0 -> connection 0x7a0180005030
ganymede:430475:430653 [0] NCCL INFO Channel 00 : 0[0] -> 1[1] via SHM/direct/direct
ganymede:430475:430650 [0] NCCL INFO New proxy send connection 3 from local rank 0, transport 1
ganymede:430475:430653 [0] NCCL INFO Connected to proxy localRank 0 -> connection 0x7a01800050a8
ganymede:430475:430653 [0] NCCL INFO Channel 01 : 0[0] -> 1[1] via SHM/direct/direct
ganymede:430475:430650 [0] NCCL INFO New proxy send connection 4 from local rank 1, transport 0
ganymede:430475:430653 [0] NCCL INFO Connected to proxy localRank 1 -> connection 0x7c9554005120
ganymede:430475:430653 [0] NCCL INFO Connected all rings, use ring PXN 0 GDR 1
ganymede:430475:430955 [0] NCCL INFO Assigned NET plugin Socket to comm
ganymede:430475:430955 [0] NCCL INFO Using network Socket
ganymede:430475:430955 [0] NCCL INFO ncclCommInitRankConfig comm 0x57ce92a2c2f0 rank 0 nranks 2 cudaDev 0 nvmlDev 0 busId d000 commId 0x266edcdfe5c2f0cd - Init START
ganymede:430475:430955 [0] NCCL INFO NET/Socket : GPU Direct RDMA Disabled for HCA 0 'eno12399np0'
ganymede:430475:430955 [0] NCCL INFO Setting affinity for GPU 0 to 0,2,4,6,64,66,68,70
ganymede:430475:430955 [0] NCCL INFO comm 0x57ce92a2c2f0 rank 0 nRanks 2 nNodes 1 localRanks 2 localRank 0 MNNVL 0
ganymede:430475:430955 [0] NCCL INFO Channel 00/02 : 0 1
ganymede:430475:430955 [0] NCCL INFO Channel 01/02 : 0 1
ganymede:430475:430955 [0] NCCL INFO Trees [0] 1/-1/-1->0->-1 [1] 1/-1/-1->0->-1
ganymede:430475:430955 [0] NCCL INFO P2P Chunksize set to 131072
ganymede:430475:430955 [0] NCCL INFO Check P2P Type isAllDirectP2p 0 directMode 0
ganymede:430475:430957 [0] NCCL INFO [Proxy Service] Device 0 CPU core 66
ganymede:430475:430959 [0] NCCL INFO [Proxy Service UDS] Device 0 CPU core 64
ganymede:430475:430955 [0] NCCL INFO threadThresholds 8/8/64 | 16/8/64 | 512 | 512
ganymede:430475:430955 [0] NCCL INFO 2 coll channels, 2 collnet channels, 0 nvls channels, 2 p2p channels, 2 p2p channels per peer
ganymede:430475:430955 [0] NCCL INFO CC Off, workFifoBytes 1048576
ganymede:430475:430955 [0] NCCL INFO ncclCommInitRankConfig comm 0x57ce92a2c2f0 rank 0 nranks 2 cudaDev 0 nvmlDev 0 busId d000 commId 0x266edcdfe5c2f0cd - Init COMPLETE
ganymede:430475:430955 [0] NCCL INFO Init timings - ncclCommInitRankConfig: rank 0 nranks 2 total 0.03 (kernels 0.00, alloc 0.00, bootstrap 0.00, allgathers 0.00, topo 0.01, graphs 0.00, connections 0.01, rest 0.00)
ganymede:430475:430957 [0] NCCL INFO New proxy recv connection 0 from local rank 0, transport 1
ganymede:430475:430962 [0] NCCL INFO Connected to proxy localRank 0 -> connection 0x79fe80004f40
ganymede:430475:430957 [0] NCCL INFO New proxy recv connection 1 from local rank 0, transport 1
ganymede:430475:430962 [0] NCCL INFO Connected to proxy localRank 0 -> connection 0x79fe80004fb8
ganymede:430475:430957 [0] NCCL INFO New proxy send connection 2 from local rank 0, transport 1
ganymede:430475:430962 [0] NCCL INFO Connected to proxy localRank 0 -> connection 0x79fe80005030
ganymede:430475:430962 [0] NCCL INFO Channel 00 : 0[0] -> 1[1] via SHM/direct/direct
ganymede:430475:430957 [0] NCCL INFO New proxy send connection 3 from local rank 0, transport 1
ganymede:430475:430962 [0] NCCL INFO Connected to proxy localRank 0 -> connection 0x79fe800050a8
ganymede:430475:430962 [0] NCCL INFO Channel 01 : 0[0] -> 1[1] via SHM/direct/direct
ganymede:430475:430957 [0] NCCL INFO New proxy send connection 4 from local rank 1, transport 0
ganymede:430475:430962 [0] NCCL INFO Connected to proxy localRank 1 -> connection 0x7c924c005120
ganymede:430475:430962 [0] NCCL INFO Connected all rings, use ring PXN 0 GDR 1
ganymede:430475:431061 [0] NCCL INFO Assigned NET plugin Socket to comm
ganymede:430475:431061 [0] NCCL INFO Using network Socket
ganymede:430475:431061 [0] NCCL INFO ncclCommInitRank comm 0x79fef4007420 rank 1 nranks 2 cudaDev 0 nvmlDev 0 busId d000 commId 0x884e9b93bf32cf03 - Init START
ganymede:430475:431061 [0] NCCL INFO NET/Socket : GPU Direct RDMA Disabled for HCA 0 'eno12399np0'
ganymede:430475:431061 [0] NCCL INFO Setting affinity for GPU 0 to 0,2,4,6,64,66,68,70
ganymede:430475:431061 [0] NCCL INFO comm 0x79fef4007420 rank 1 nRanks 2 nNodes 2 localRanks 1 localRank 0 MNNVL 0
ganymede:430475:431061 [0] NCCL INFO Trees [0] -1/-1/-1->1->0 [1] 0/-1/-1->1->-1
ganymede:430475:431061 [0] NCCL INFO P2P Chunksize set to 131072
ganymede:430475:432622 [0] NCCL INFO [Proxy Service] Device 0 CPU core 4
ganymede:430475:432623 [0] NCCL INFO [Proxy Service UDS] Device 0 CPU core 66
ganymede:430475:431061 [0] NCCL INFO threadThresholds 8/8/64 | 16/8/64 | 512 | 512
ganymede:430475:431061 [0] NCCL INFO 2 coll channels, 2 collnet channels, 0 nvls channels, 2 p2p channels, 2 p2p channels per peer
ganymede:430475:431061 [0] NCCL INFO ncclCommInitRank comm 0x79fef4007420 rank 1 nranks 2 cudaDev 0 nvmlDev 0 busId d000 commId 0x884e9b93bf32cf03 - Init COMPLETE
ganymede:430475:431061 [0] NCCL INFO Init timings - ncclCommInitRank: rank 1 nranks 2 total 0.01 (kernels 0.00, alloc 0.00, bootstrap 0.00, allgathers 0.00, topo 0.00, graphs 0.00, connections 0.00, rest 0.00)
ganymede:430475:432622 [0] NCCL INFO New proxy recv connection 0 from local rank 0, transport 2
ganymede:430475:432626 [0] NCCL INFO Connected to proxy localRank 0 -> connection 0x79fee8004f40
ganymede:430475:432633 [0] NCCL INFO [Proxy Progress] Device 0 CPU core 64
ganymede:430475:432626 [0] NCCL INFO Channel 00/1 : 0[0] -> 1[0] [receive] via NET/Socket/0/Shared
ganymede:430475:432622 [0] NCCL INFO New proxy recv connection 1 from local rank 0, transport 2
ganymede:430475:432626 [0] NCCL INFO Connected to proxy localRank 0 -> connection 0x79fee8004fb8
ganymede:430475:432626 [0] NCCL INFO Channel 01/1 : 0[0] -> 1[0] [receive] via NET/Socket/0/Shared
