{
  "scope": "8 GPU board-power streams; excludes CPU, RAM, NIC, and fans",
  "power_source": "allocation_wide_multi_gpu_monitor",
  "gpu_stream_count": 8,
  "stream_metadata": {
    "ganymede_GPU-07e36d4f-3eca-a88d-1c31-445fc0d863e8": {
      "host": "ganymede",
      "gpu_uuid": "GPU-07e36d4f-3eca-a88d-1c31-445fc0d863e8",
      "gpu_index": "0",
      "source_file": "allocation_ganymede_power.csv"
    },
    "ganymede_GPU-1a75a85d-1f07-6519-507b-f1ff9def0ab9": {
      "host": "ganymede",
      "gpu_uuid": "GPU-1a75a85d-1f07-6519-507b-f1ff9def0ab9",
      "gpu_index": "1",
      "source_file": "allocation_ganymede_power.csv"
    },
    "ganymede_GPU-4c457bed-02f9-0e41-a2aa-223bc07a6d30": {
      "host": "ganymede",
      "gpu_uuid": "GPU-4c457bed-02f9-0e41-a2aa-223bc07a6d30",
      "gpu_index": "2",
      "source_file": "allocation_ganymede_power.csv"
    },
    "ganymede_GPU-4fcfdc09-de3b-156a-5d01-453f2b97235f": {
      "host": "ganymede",
      "gpu_uuid": "GPU-4fcfdc09-de3b-156a-5d01-453f2b97235f",
      "gpu_index": "3",
      "source_file": "allocation_ganymede_power.csv"
    },
    "neptune_GPU-35fd1bf9-5849-1263-ccc4-a5ccc837400f": {
      "host": "neptune",
      "gpu_uuid": "GPU-35fd1bf9-5849-1263-ccc4-a5ccc837400f",
      "gpu_index": "0",
      "source_file": "allocation_neptune_power.csv"
    },
    "neptune_GPU-a59fb458-a10d-49e3-c7e2-39daba72a66d": {
      "host": "neptune",
      "gpu_uuid": "GPU-a59fb458-a10d-49e3-c7e2-39daba72a66d",
      "gpu_index": "1",
      "source_file": "allocation_neptune_power.csv"
    },
    "neptune_GPU-ebc2e033-0d59-2451-884a-dfd75a4915e5": {
      "host": "neptune",
      "gpu_uuid": "GPU-ebc2e033-0d59-2451-884a-dfd75a4915e5",
      "gpu_index": "2",
      "source_file": "allocation_neptune_power.csv"
    },
    "neptune_GPU-5dbe54b5-dc6b-9e84-5431-1900a995efdc": {
      "host": "neptune",
      "gpu_uuid": "GPU-5dbe54b5-dc6b-9e84-5431-1900a995efdc",
      "gpu_index": "3",
      "source_file": "allocation_neptune_power.csv"
    }
  },
  "integration": "piecewise-linear trapezoidal integration",
  "sample_period_s": 0.5,
  "workloads": [
    {
      "seq": 1,
      "workload_id": "short_low",
      "start_unix_ts": 1785933531.407694,
      "end_unix_ts": 1785933831.7724159,
      "duration_s": 300.36472177505493,
      "nodes": {
        "ganymede_GPU-07e36d4f-3eca-a88d-1c31-445fc0d863e8": {
          "energy_j": 6375.00481535792,
          "energy_wh": 1.7708346709327556,
          "covered_s": 300.36472177505493
        },
        "ganymede_GPU-1a75a85d-1f07-6519-507b-f1ff9def0ab9": {
          "energy_j": 6226.513578394654,
          "energy_wh": 1.7295871051096263,
          "covered_s": 300.36472177505493
        },
        "ganymede_GPU-4c457bed-02f9-0e41-a2aa-223bc07a6d30": {
          "energy_j": 6107.04411809925,
          "energy_wh": 1.6964011439164584,
          "covered_s": 300.36472177505493
        },
        "ganymede_GPU-4fcfdc09-de3b-156a-5d01-453f2b97235f": {
          "energy_j": 6232.846107903548,
          "energy_wh": 1.731346141084319,
          "covered_s": 300.36472177505493
        },
        "neptune_GPU-35fd1bf9-5849-1263-ccc4-a5ccc837400f": {
          "energy_j": 1051.5323936367033,
          "energy_wh": 0.29209233156575093,
          "covered_s": 18.0673508644104
        },
        "neptune_GPU-a59fb458-a10d-49e3-c7e2-39daba72a66d": {
          "energy_j": 1074.0343633985517,
          "energy_wh": 0.2983428787218199,
          "covered_s": 18.0673508644104
        },
        "neptune_GPU-ebc2e033-0d59-2451-884a-dfd75a4915e5": {
          "energy_j": 1062.6537857552755,
          "energy_wh": 0.2951816071542432,
          "covered_s": 18.0673508644104
        },
        "neptune_GPU-5dbe54b5-dc6b-9e84-5431-1900a995efdc": {
          "energy_j": 1058.4661669939103,
          "energy_wh": 0.29401837972053063,
          "covered_s": 18.0673508644104
        }
      },
      "gpu_stream_count": 8,
      "covered_gpu_stream_count": 8,
      "min_gpu_coverage_ratio": 0.06015137449444265,
      "gpu_coverage_ratio": {
        "ganymede_GPU-07e36d4f-3eca-a88d-1c31-445fc0d863e8": 1.0,
        "ganymede_GPU-1a75a85d-1f07-6519-507b-f1ff9def0ab9": 1.0,
        "ganymede_GPU-4c457bed-02f9-0e41-a2aa-223bc07a6d30": 1.0,
        "ganymede_GPU-4fcfdc09-de3b-156a-5d01-453f2b97235f": 1.0,
        "neptune_GPU-35fd1bf9-5849-1263-ccc4-a5ccc837400f": 0.06015137449444265,
        "neptune_GPU-a59fb458-a10d-49e3-c7e2-39daba72a66d": 0.06015137449444265,
        "neptune_GPU-ebc2e033-0d59-2451-884a-dfd75a4915e5": 0.06015137449444265,
        "neptune_GPU-5dbe54b5-dc6b-9e84-5431-1900a995efdc": 0.06015137449444265
      },
      "host_energy_j": {
        "ganymede": 24941.408619755373,
        "neptune": 4246.6867097844415
      },
      "combined_energy_j": 29188.09532953981,
      "combined_energy_wh": 8.107804258205503,
      "combined_avg_power_w": 97.1755110155678,
      "successful_requests": null,
      "energy_per_request_j": null
    }
  ],
  "telemetry_total": {
    "ganymede_GPU-07e36d4f-3eca-a88d-1c31-445fc0d863e8": {
      "energy_j": 15462.661115938416,
      "energy_wh": 4.295183643316227,
      "covered_s": 639.4684960842133,
      "average_power_w": 24.180489282308752
    },
    "ganymede_GPU-1a75a85d-1f07-6519-507b-f1ff9def0ab9": {
      "energy_j": 15162.96101814505,
      "energy_wh": 4.211933616151403,
      "covered_s": 639.4684960842133,
      "average_power_w": 23.711818660333503
    },
    "ganymede_GPU-4c457bed-02f9-0e41-a2aa-223bc07a6d30": {
      "energy_j": 13640.540303267228,
      "energy_wh": 3.7890389731297853,
      "covered_s": 639.4684960842133,
      "average_power_w": 21.3310591323812
    },
    "ganymede_GPU-4fcfdc09-de3b-156a-5d01-453f2b97235f": {
      "energy_j": 13974.724228982948,
      "energy_wh": 3.8818678413841523,
      "covered_s": 639.4684960842133,
      "average_power_w": 21.853655519477822
    },
    "neptune_GPU-35fd1bf9-5849-1263-ccc4-a5ccc837400f": {
      "energy_j": 21608.175060976744,
      "energy_wh": 6.002270850271318,
      "covered_s": 289.97700810432434,
      "average_power_w": 74.51685636125615
    },
    "neptune_GPU-a59fb458-a10d-49e3-c7e2-39daba72a66d": {
      "energy_j": 22805.489149978122,
      "energy_wh": 6.334858097216145,
      "covered_s": 289.97700810432434,
      "average_power_w": 78.64585299043242
    },
    "neptune_GPU-ebc2e033-0d59-2451-884a-dfd75a4915e5": {
      "energy_j": 15342.377199459072,
      "energy_wh": 4.261771444294187,
      "covered_s": 289.97700810432434,
      "average_power_w": 52.90894371163172
    },
    "neptune_GPU-5dbe54b5-dc6b-9e84-5431-1900a995efdc": {
      "energy_j": 15205.129907145492,
      "energy_wh": 4.223647196429304,
      "covered_s": 289.97700810432434,
      "average_power_w": 52.435639661732004
    }
  },
  "host_total_energy_j": {
    "ganymede": 58240.88666633364,
    "neptune": 74961.17131755943
  },
  "telemetry_total_energy_j": 133202.05798389306,
  "telemetry_total_energy_wh": 37.00057166219251,
  "reset_probe_energy_j": 628.9942717015743,
  "reset_probe_energy_wh": 0.17472063102821508,
  "total_recorded_gpu_energy_j": 133831.05225559464,
  "total_recorded_gpu_energy_wh": 37.175292293220735
}
