ganymede:166424:166424 [0] NCCL INFO NCCL_SOCKET_IFNAME set to eno12399np0
ganymede:166424:166424 [0] NCCL INFO cudaDriverVersion 13020
ganymede:166424:166424 [0] NCCL INFO NCCL version 2.27.5+cuda12.9
ganymede:166424:166424 [0] NCCL INFO NET/Plugin: Could not find: libnccl-net.so. 
ganymede:166424:166424 [0] NCCL INFO NET/Socket : Using [0]eno12399np0:10.1.0.3<0>
ganymede:166424:166424 [0] NCCL INFO Initialized NET plugin Socket
ganymede:166424:166424 [0] NCCL INFO Assigned NET plugin Socket to comm
ganymede:166424:166424 [0] NCCL INFO Using network Socket
ganymede:166424:166424 [0] NCCL INFO ncclCommInitRank comm 0x579a4b4564e0 rank 0 nranks 2 cudaDev 0 nvmlDev 0 busId d000 commId 0xaefe053fcb777a62 - Init START
ganymede:166424:166424 [0] NCCL INFO RAS client listening socket at 127.0.0.1<28028>
ganymede:166424:166424 [0] NCCL INFO NET/Socket : GPU Direct RDMA Disabled for HCA 0 'eno12399np0'
ganymede:166424:166424 [0] NCCL INFO Setting affinity for GPU 0 to 0,2,4,6,8,10,12,14,64,66,68,70,72,74,76,78
ganymede:166424:166424 [0] NCCL INFO comm 0x579a4b4564e0 rank 0 nRanks 2 nNodes 1 localRanks 2 localRank 0 MNNVL 0
ganymede:166424:166424 [0] NCCL INFO Channel 00/02 : 0 1
ganymede:166424:166424 [0] NCCL INFO Channel 01/02 : 0 1
ganymede:166424:166424 [0] NCCL INFO Trees [0] 1/-1/-1->0->-1 [1] 1/-1/-1->0->-1
ganymede:166424:166424 [0] NCCL INFO P2P Chunksize set to 131072
ganymede:166424:166424 [0] NCCL INFO PROFILER/Plugin: Could not find: libnccl-profiler.so. 
ganymede:166424:166424 [0] NCCL INFO Check P2P Type isAllDirectP2p 0 directMode 0
ganymede:166424:166598 [0] NCCL INFO [Proxy Service] Device 0 CPU core 68
ganymede:166424:166599 [0] NCCL INFO [Proxy Service UDS] Device 0 CPU core 0
ganymede:166424:166424 [0] NCCL INFO threadThresholds 8/8/64 | 16/8/64 | 512 | 512
ganymede:166424:166424 [0] NCCL INFO 2 coll channels, 2 collnet channels, 0 nvls channels, 2 p2p channels, 2 p2p channels per peer
ganymede:166424:166424 [0] NCCL INFO CC Off, workFifoBytes 1048576
ganymede:166424:166424 [0] NCCL INFO TUNER/Plugin: Could not find: libnccl-tuner.so. Using internal tuner plugin.
ganymede:166424:166424 [0] NCCL INFO ncclCommInitRank comm 0x579a4b4564e0 rank 0 nranks 2 cudaDev 0 nvmlDev 0 busId d000 commId 0xaefe053fcb777a62 - Init COMPLETE
ganymede:166424:166424 [0] NCCL INFO Init timings - ncclCommInitRank: rank 0 nranks 2 total 0.23 (kernels 0.17, alloc 0.01, bootstrap 0.03, allgathers 0.00, topo 0.01, graphs 0.00, connections 0.00, rest 0.00)
ganymede:166424:166598 [0] NCCL INFO New proxy recv connection 0 from local rank 0, transport 1
ganymede:166424:166601 [0] NCCL INFO Connected to proxy localRank 0 -> connection 0x7b4d90004f40
ganymede:166424:166598 [0] NCCL INFO New proxy recv connection 1 from local rank 0, transport 1
ganymede:166424:166601 [0] NCCL INFO Connected to proxy localRank 0 -> connection 0x7b4d90004fb8
ganymede:166424:166598 [0] NCCL INFO New proxy send connection 2 from local rank 0, transport 1
ganymede:166424:166601 [0] NCCL INFO Connected to proxy localRank 0 -> connection 0x7b4d90005030
ganymede:166424:166601 [0] NCCL INFO Channel 00 : 0[0] -> 1[1] via SHM/direct/direct
ganymede:166424:166598 [0] NCCL INFO New proxy send connection 3 from local rank 0, transport 1
ganymede:166424:166601 [0] NCCL INFO Connected to proxy localRank 0 -> connection 0x7b4d900050a8
ganymede:166424:166601 [0] NCCL INFO Channel 01 : 0[0] -> 1[1] via SHM/direct/direct
ganymede:166424:166598 [0] NCCL INFO New proxy send connection 4 from local rank 1, transport 0
ganymede:166424:166601 [0] NCCL INFO Connected to proxy localRank 1 -> connection 0x7b8e38005120
ganymede:166424:166601 [0] NCCL INFO Connected all rings, use ring PXN 0 GDR 1
ganymede:166424:166877 [0] NCCL INFO Assigned NET plugin Socket to comm
ganymede:166424:166877 [0] NCCL INFO Using network Socket
ganymede:166424:166877 [0] NCCL INFO ncclCommInitRankConfig comm 0x579a6a2d5bf0 rank 0 nranks 2 cudaDev 0 nvmlDev 0 busId d000 commId 0xda4f0ab47824f99 - Init START
ganymede:166424:166877 [0] NCCL INFO NET/Socket : GPU Direct RDMA Disabled for HCA 0 'eno12399np0'
ganymede:166424:166877 [0] NCCL INFO Setting affinity for GPU 0 to 0,2,4,6,8,10,12,14,64,66,68,70,72,74,76,78
ganymede:166424:166877 [0] NCCL INFO comm 0x579a6a2d5bf0 rank 0 nRanks 2 nNodes 1 localRanks 2 localRank 0 MNNVL 0
ganymede:166424:166877 [0] NCCL INFO Channel 00/02 : 0 1
ganymede:166424:166877 [0] NCCL INFO Channel 01/02 : 0 1
ganymede:166424:166877 [0] NCCL INFO Trees [0] 1/-1/-1->0->-1 [1] 1/-1/-1->0->-1
ganymede:166424:166877 [0] NCCL INFO P2P Chunksize set to 131072
ganymede:166424:166877 [0] NCCL INFO Check P2P Type isAllDirectP2p 0 directMode 0
ganymede:166424:166879 [0] NCCL INFO [Proxy Service] Device 0 CPU core 0
ganymede:166424:166881 [0] NCCL INFO [Proxy Service UDS] Device 0 CPU core 4
ganymede:166424:166877 [0] NCCL INFO threadThresholds 8/8/64 | 16/8/64 | 512 | 512
ganymede:166424:166877 [0] NCCL INFO 2 coll channels, 2 collnet channels, 0 nvls channels, 2 p2p channels, 2 p2p channels per peer
ganymede:166424:166877 [0] NCCL INFO CC Off, workFifoBytes 1048576
ganymede:166424:166877 [0] NCCL INFO ncclCommInitRankConfig comm 0x579a6a2d5bf0 rank 0 nranks 2 cudaDev 0 nvmlDev 0 busId d000 commId 0xda4f0ab47824f99 - Init COMPLETE
ganymede:166424:166877 [0] NCCL INFO Init timings - ncclCommInitRankConfig: rank 0 nranks 2 total 0.02 (kernels 0.00, alloc 0.00, bootstrap 0.00, allgathers 0.00, topo 0.01, graphs 0.00, connections 0.00, rest 0.00)
ganymede:166424:166879 [0] NCCL INFO New proxy recv connection 0 from local rank 0, transport 1
ganymede:166424:166883 [0] NCCL INFO Connected to proxy localRank 0 -> connection 0x7b4ae8004f40
ganymede:166424:166879 [0] NCCL INFO New proxy recv connection 1 from local rank 0, transport 1
ganymede:166424:166883 [0] NCCL INFO Connected to proxy localRank 0 -> connection 0x7b4ae8004fb8
ganymede:166424:166879 [0] NCCL INFO New proxy send connection 2 from local rank 0, transport 1
ganymede:166424:166883 [0] NCCL INFO Connected to proxy localRank 0 -> connection 0x7b4ae8005030
ganymede:166424:166883 [0] NCCL INFO Channel 00 : 0[0] -> 1[1] via SHM/direct/direct
ganymede:166424:166879 [0] NCCL INFO New proxy send connection 3 from local rank 0, transport 1
ganymede:166424:166883 [0] NCCL INFO Connected to proxy localRank 0 -> connection 0x7b4ae80050a8
ganymede:166424:166883 [0] NCCL INFO Channel 01 : 0[0] -> 1[1] via SHM/direct/direct
ganymede:166424:166879 [0] NCCL INFO New proxy send connection 4 from local rank 1, transport 0
ganymede:166424:166883 [0] NCCL INFO Connected to proxy localRank 1 -> connection 0x7b8b8c005120
ganymede:166424:166883 [0] NCCL INFO Connected all rings, use ring PXN 0 GDR 1
ganymede:166424:167001 [0] NCCL INFO Assigned NET plugin Socket to comm
ganymede:166424:167001 [0] NCCL INFO Using network Socket
ganymede:166424:167001 [0] NCCL INFO ncclCommInitRank comm 0x7b42e0007420 rank 1 nranks 2 cudaDev 0 nvmlDev 0 busId d000 commId 0x817f1a3742edd72b - Init START
ganymede:166424:167001 [0] NCCL INFO NET/Socket : GPU Direct RDMA Disabled for HCA 0 'eno12399np0'
ganymede:166424:167001 [0] NCCL INFO Setting affinity for GPU 0 to 0,2,4,6,8,10,12,14,64,66,68,70,72,74,76,78
ganymede:166424:167001 [0] NCCL INFO comm 0x7b42e0007420 rank 1 nRanks 2 nNodes 2 localRanks 1 localRank 0 MNNVL 0
ganymede:166424:167001 [0] NCCL INFO Trees [0] -1/-1/-1->1->0 [1] 0/-1/-1->1->-1
ganymede:166424:167001 [0] NCCL INFO P2P Chunksize set to 131072
ganymede:166424:177692 [0] NCCL INFO [Proxy Service] Device 0 CPU core 12
ganymede:166424:177693 [0] NCCL INFO [Proxy Service UDS] Device 0 CPU core 66
ganymede:166424:167001 [0] NCCL INFO threadThresholds 8/8/64 | 16/8/64 | 512 | 512
ganymede:166424:167001 [0] NCCL INFO 2 coll channels, 2 collnet channels, 0 nvls channels, 2 p2p channels, 2 p2p channels per peer
ganymede:166424:167001 [0] NCCL INFO ncclCommInitRank comm 0x7b42e0007420 rank 1 nranks 2 cudaDev 0 nvmlDev 0 busId d000 commId 0x817f1a3742edd72b - Init COMPLETE
ganymede:166424:167001 [0] NCCL INFO Init timings - ncclCommInitRank: rank 1 nranks 2 total 12.65 (kernels 0.00, alloc 0.00, bootstrap 0.00, allgathers 12.64, topo 0.00, graphs 0.00, connections 0.00, rest 0.00)
ganymede:166424:177692 [0] NCCL INFO New proxy recv connection 0 from local rank 0, transport 2
ganymede:166424:177695 [0] NCCL INFO Connected to proxy localRank 0 -> connection 0x7b42d8004f40
ganymede:166424:177696 [0] NCCL INFO [Proxy Progress] Device 0 CPU core 12
ganymede:166424:177695 [0] NCCL INFO Channel 00/1 : 0[0] -> 1[0] [receive] via NET/Socket/0/Shared
ganymede:166424:177692 [0] NCCL INFO New proxy recv connection 1 from local rank 0, transport 2
ganymede:166424:177695 [0] NCCL INFO Connected to proxy localRank 0 -> connection 0x7b42d8004fb8
ganymede:166424:177695 [0] NCCL INFO Channel 01/1 : 0[0] -> 1[0] [receive] via NET/Socket/0/Shared

[2026-08-05 14:43:57] ganymede:166424:177696 [0] misc/socket.cc:72 NCCL WARN socketProgress: Connection closed by remote peer neptune<34936>
ganymede:166424:177696 [0] NCCL INFO misc/socket.cc:840 -> 6
ganymede:166424:177696 [0] NCCL INFO transport/net_socket.cc:553 -> 6
ganymede:166424:177696 [0] NCCL INFO transport/net.cc:1393 -> 6
