neptune:3883408:3883408 [1] NCCL INFO cudaDriverVersion 13020
neptune:3883408:3883408 [1] NCCL INFO NCCL_SOCKET_IFNAME set to enp160s0f0np0
neptune:3883408:3883408 [1] NCCL INFO NCCL version 2.27.5+cuda12.9
neptune:3883408:3883408 [1] NCCL INFO NET/Plugin: Could not find: libnccl-net.so. 
neptune:3883408:3883408 [1] NCCL INFO NET/Socket : Using [0]enp160s0f0np0:10.1.0.6<0>
neptune:3883408:3883408 [1] NCCL INFO Initialized NET plugin Socket
neptune:3883408:3883408 [1] NCCL INFO Assigned NET plugin Socket to comm
neptune:3883408:3883408 [1] NCCL INFO Using network Socket
neptune:3883408:3883408 [1] NCCL INFO ncclCommInitRank comm 0x6262a17f9af0 rank 1 nranks 2 cudaDev 1 nvmlDev 3 busId e1000 commId 0x63818939eb5bc40e - Init START
neptune:3883408:3883408 [1] NCCL INFO RAS client listening socket at 127.0.0.1<28028>
neptune:3883408:3883408 [1] NCCL INFO NET/Socket : GPU Direct RDMA Disabled for HCA 0 'enp160s0f0np0'
neptune:3883408:3883408 [1] NCCL INFO comm 0x6262a17f9af0 rank 1 nRanks 2 nNodes 1 localRanks 2 localRank 1 MNNVL 0
neptune:3883408:3883408 [1] NCCL INFO Trees [0] -1/-1/-1->1->0 [1] -1/-1/-1->1->0
neptune:3883408:3883408 [1] NCCL INFO P2P Chunksize set to 131072
neptune:3883408:3883408 [1] NCCL INFO PROFILER/Plugin: Could not find: libnccl-profiler.so. 
neptune:3883408:3883888 [1] NCCL INFO [Proxy Service UDS] Device 1 CPU core 92
neptune:3883408:3883887 [1] NCCL INFO [Proxy Service] Device 1 CPU core 90
neptune:3883408:3883408 [1] NCCL INFO threadThresholds 8/8/64 | 16/8/64 | 512 | 512
neptune:3883408:3883408 [1] NCCL INFO 2 coll channels, 2 collnet channels, 0 nvls channels, 2 p2p channels, 2 p2p channels per peer
neptune:3883408:3883408 [1] NCCL INFO TUNER/Plugin: Could not find: libnccl-tuner.so. Using internal tuner plugin.
neptune:3883408:3883408 [1] NCCL INFO ncclCommInitRank comm 0x6262a17f9af0 rank 1 nranks 2 cudaDev 1 nvmlDev 3 busId e1000 commId 0x63818939eb5bc40e - Init COMPLETE
neptune:3883408:3883408 [1] NCCL INFO Init timings - ncclCommInitRank: rank 1 nranks 2 total 0.17 (kernels 0.16, alloc 0.00, bootstrap 0.00, allgathers 0.00, topo 0.01, graphs 0.00, connections 0.00, rest 0.00)
neptune:3883408:3883887 [1] NCCL INFO New proxy recv connection 0 from local rank 1, transport 1
neptune:3883408:3883892 [1] NCCL INFO Connected to proxy localRank 1 -> connection 0x7d8b9c004f40
neptune:3883408:3883887 [1] NCCL INFO New proxy recv connection 1 from local rank 1, transport 1
neptune:3883408:3883892 [1] NCCL INFO Connected to proxy localRank 1 -> connection 0x7d8b9c004fb8
neptune:3883408:3883887 [1] NCCL INFO New proxy send connection 2 from local rank 1, transport 1
neptune:3883408:3883892 [1] NCCL INFO Connected to proxy localRank 1 -> connection 0x7d8b9c005030
neptune:3883408:3883892 [1] NCCL INFO Channel 00 : 1[3] -> 0[2] via SHM/direct/direct
neptune:3883408:3883887 [1] NCCL INFO New proxy send connection 3 from local rank 1, transport 1
neptune:3883408:3883892 [1] NCCL INFO Connected to proxy localRank 1 -> connection 0x7d8b9c0050a8
neptune:3883408:3883892 [1] NCCL INFO Channel 01 : 1[3] -> 0[2] via SHM/direct/direct
neptune:3883408:3883887 [1] NCCL INFO New proxy send connection 4 from local rank 0, transport 0
neptune:3883408:3883892 [1] NCCL INFO Connected to proxy localRank 0 -> connection 0x799ca0005120
neptune:3883408:3883892 [1] NCCL INFO Connected all rings, use ring PXN 0 GDR 1
neptune:3883408:3884535 [1] NCCL INFO Assigned NET plugin Socket to comm
neptune:3883408:3884535 [1] NCCL INFO Using network Socket
neptune:3883408:3884535 [1] NCCL INFO ncclCommInitRankConfig comm 0x6262c039aaa0 rank 1 nranks 2 cudaDev 1 nvmlDev 3 busId e1000 commId 0xcbacb7248f35a020 - Init START
neptune:3883408:3884535 [1] NCCL INFO NET/Socket : GPU Direct RDMA Disabled for HCA 0 'enp160s0f0np0'
neptune:3883408:3884535 [1] NCCL INFO comm 0x6262c039aaa0 rank 1 nRanks 2 nNodes 1 localRanks 2 localRank 1 MNNVL 0
neptune:3883408:3884535 [1] NCCL INFO Trees [0] -1/-1/-1->1->0 [1] -1/-1/-1->1->0
neptune:3883408:3884535 [1] NCCL INFO P2P Chunksize set to 131072
neptune:3883408:3884540 [1] NCCL INFO [Proxy Service] Device 1 CPU core 92
neptune:3883408:3884542 [1] NCCL INFO [Proxy Service UDS] Device 1 CPU core 82
neptune:3883408:3884535 [1] NCCL INFO threadThresholds 8/8/64 | 16/8/64 | 512 | 512
neptune:3883408:3884535 [1] NCCL INFO 2 coll channels, 2 collnet channels, 0 nvls channels, 2 p2p channels, 2 p2p channels per peer
neptune:3883408:3884535 [1] NCCL INFO ncclCommInitRankConfig comm 0x6262c039aaa0 rank 1 nranks 2 cudaDev 1 nvmlDev 3 busId e1000 commId 0xcbacb7248f35a020 - Init COMPLETE
neptune:3883408:3884535 [1] NCCL INFO Init timings - ncclCommInitRankConfig: rank 1 nranks 2 total 0.02 (kernels 0.00, alloc 0.00, bootstrap 0.00, allgathers 0.00, topo 0.01, graphs 0.00, connections 0.00, rest 0.00)
neptune:3883408:3884540 [1] NCCL INFO New proxy recv connection 0 from local rank 1, transport 1
neptune:3883408:3884544 [1] NCCL INFO Connected to proxy localRank 1 -> connection 0x7d8908004f40
neptune:3883408:3884540 [1] NCCL INFO New proxy recv connection 1 from local rank 1, transport 1
neptune:3883408:3884544 [1] NCCL INFO Connected to proxy localRank 1 -> connection 0x7d8908004fb8
neptune:3883408:3884540 [1] NCCL INFO New proxy send connection 2 from local rank 1, transport 1
neptune:3883408:3884544 [1] NCCL INFO Connected to proxy localRank 1 -> connection 0x7d8908005030
neptune:3883408:3884544 [1] NCCL INFO Channel 00 : 1[3] -> 0[2] via SHM/direct/direct
neptune:3883408:3884540 [1] NCCL INFO New proxy send connection 3 from local rank 1, transport 1
neptune:3883408:3884544 [1] NCCL INFO Connected to proxy localRank 1 -> connection 0x7d89080050a8
neptune:3883408:3884544 [1] NCCL INFO Channel 01 : 1[3] -> 0[2] via SHM/direct/direct
neptune:3883408:3884544 [1] NCCL INFO Connected to proxy localRank 0 -> connection 0x799a00005120
neptune:3883408:3884540 [1] NCCL INFO New proxy send connection 4 from local rank 0, transport 0
neptune:3883408:3884544 [1] NCCL INFO Connected all rings, use ring PXN 0 GDR 1
