ganymede:169157:169157 [1] NCCL INFO cudaDriverVersion 13020
ganymede:169157:169157 [1] NCCL INFO NCCL_SOCKET_IFNAME set to eno12399np0
ganymede:169157:169157 [1] NCCL INFO NCCL version 2.27.5+cuda12.9
ganymede:169157:169157 [1] NCCL INFO NET/Plugin: Could not find: libnccl-net.so. 
ganymede:169157:169157 [1] NCCL INFO NET/Socket : Using [0]eno12399np0:10.1.0.3<0>
ganymede:169157:169157 [1] NCCL INFO Initialized NET plugin Socket
ganymede:169157:169157 [1] NCCL INFO Assigned NET plugin Socket to comm
ganymede:169157:169157 [1] NCCL INFO Using network Socket
ganymede:169157:169157 [1] NCCL INFO ncclCommInitRank comm 0x56dd7e8720d0 rank 1 nranks 2 cudaDev 1 nvmlDev 3 busId 61000 commId 0x32642eceb91fedb3 - Init START
ganymede:169157:169157 [1] NCCL INFO RAS client listening socket at 127.0.0.1<28028>
ganymede:169157:169157 [1] NCCL INFO NET/Socket : GPU Direct RDMA Disabled for HCA 0 'eno12399np0'
ganymede:169157:169157 [1] NCCL INFO Setting affinity for GPU 3 to 16,18,20,22,24,26,28,30,80,82,84,86,88,90,92,94
ganymede:169157:169157 [1] NCCL INFO comm 0x56dd7e8720d0 rank 1 nRanks 2 nNodes 1 localRanks 2 localRank 1 MNNVL 0
ganymede:169157:169157 [1] NCCL INFO Trees [0] -1/-1/-1->1->0 [1] -1/-1/-1->1->0
ganymede:169157:169157 [1] NCCL INFO P2P Chunksize set to 131072
ganymede:169157:169157 [1] NCCL INFO PROFILER/Plugin: Could not find: libnccl-profiler.so. 
ganymede:169157:169567 [1] NCCL INFO [Proxy Service UDS] Device 1 CPU core 24
ganymede:169157:169566 [1] NCCL INFO [Proxy Service] Device 1 CPU core 86
ganymede:169157:169157 [1] NCCL INFO threadThresholds 8/8/64 | 16/8/64 | 512 | 512
ganymede:169157:169157 [1] NCCL INFO 2 coll channels, 2 collnet channels, 0 nvls channels, 2 p2p channels, 2 p2p channels per peer
ganymede:169157:169157 [1] NCCL INFO TUNER/Plugin: Could not find: libnccl-tuner.so. Using internal tuner plugin.
ganymede:169157:169157 [1] NCCL INFO ncclCommInitRank comm 0x56dd7e8720d0 rank 1 nranks 2 cudaDev 1 nvmlDev 3 busId 61000 commId 0x32642eceb91fedb3 - Init COMPLETE
ganymede:169157:169157 [1] NCCL INFO Init timings - ncclCommInitRank: rank 1 nranks 2 total 0.17 (kernels 0.13, alloc 0.00, bootstrap 0.02, allgathers 0.00, topo 0.01, graphs 0.00, connections 0.00, rest 0.00)
ganymede:169157:169566 [1] NCCL INFO New proxy recv connection 0 from local rank 1, transport 1
ganymede:169157:169570 [1] NCCL INFO Connected to proxy localRank 1 -> connection 0x7ba8e4004f40
ganymede:169157:169566 [1] NCCL INFO New proxy recv connection 1 from local rank 1, transport 1
ganymede:169157:169570 [1] NCCL INFO Connected to proxy localRank 1 -> connection 0x7ba8e4004fb8
ganymede:169157:169566 [1] NCCL INFO New proxy send connection 2 from local rank 1, transport 1
ganymede:169157:169570 [1] NCCL INFO Connected to proxy localRank 1 -> connection 0x7ba8e4005030
ganymede:169157:169570 [1] NCCL INFO Channel 00 : 1[3] -> 0[2] via SHM/direct/direct
ganymede:169157:169566 [1] NCCL INFO New proxy send connection 3 from local rank 1, transport 1
ganymede:169157:169570 [1] NCCL INFO Connected to proxy localRank 1 -> connection 0x7ba8e40050a8
ganymede:169157:169570 [1] NCCL INFO Channel 01 : 1[3] -> 0[2] via SHM/direct/direct
ganymede:169157:169566 [1] NCCL INFO New proxy send connection 4 from local rank 0, transport 0
ganymede:169157:169570 [1] NCCL INFO Connected to proxy localRank 0 -> connection 0x7ba19c005120
ganymede:169157:169570 [1] NCCL INFO Connected all rings, use ring PXN 0 GDR 1
