ganymede:169156:169156 [0] NCCL INFO NCCL_SOCKET_IFNAME set to eno12399np0
ganymede:169156:169156 [0] NCCL INFO cudaDriverVersion 13020
ganymede:169156:169156 [0] NCCL INFO NCCL version 2.27.5+cuda12.9
ganymede:169156:169156 [0] NCCL INFO NET/Plugin: Could not find: libnccl-net.so. 
ganymede:169156:169156 [0] NCCL INFO NET/Socket : Using [0]eno12399np0:10.1.0.3<0>
ganymede:169156:169156 [0] NCCL INFO Initialized NET plugin Socket
ganymede:169156:169156 [0] NCCL INFO Assigned NET plugin Socket to comm
ganymede:169156:169156 [0] NCCL INFO Using network Socket
ganymede:169156:169156 [0] NCCL INFO ncclCommInitRank comm 0x58fc2a2530c0 rank 0 nranks 2 cudaDev 0 nvmlDev 2 busId 4a000 commId 0x32642eceb91fedb3 - Init START
ganymede:169156:169156 [0] NCCL INFO RAS client listening socket at 127.0.0.1<28028>
ganymede:169156:169156 [0] NCCL INFO NET/Socket : GPU Direct RDMA Disabled for HCA 0 'eno12399np0'
ganymede:169156:169156 [0] NCCL INFO Setting affinity for GPU 2 to 16,18,20,22,24,26,28,30,80,82,84,86,88,90,92,94
ganymede:169156:169156 [0] NCCL INFO comm 0x58fc2a2530c0 rank 0 nRanks 2 nNodes 1 localRanks 2 localRank 0 MNNVL 0
ganymede:169156:169156 [0] NCCL INFO Channel 00/02 : 0 1
ganymede:169156:169156 [0] NCCL INFO Channel 01/02 : 0 1
ganymede:169156:169156 [0] NCCL INFO Trees [0] 1/-1/-1->0->-1 [1] 1/-1/-1->0->-1
ganymede:169156:169156 [0] NCCL INFO P2P Chunksize set to 131072
ganymede:169156:169156 [0] NCCL INFO PROFILER/Plugin: Could not find: libnccl-profiler.so. 
ganymede:169156:169156 [0] NCCL INFO Check P2P Type isAllDirectP2p 0 directMode 0
ganymede:169156:169568 [0] NCCL INFO [Proxy Service] Device 0 CPU core 30
ganymede:169156:169569 [0] NCCL INFO [Proxy Service UDS] Device 0 CPU core 28
ganymede:169156:169156 [0] NCCL INFO threadThresholds 8/8/64 | 16/8/64 | 512 | 512
ganymede:169156:169156 [0] NCCL INFO 2 coll channels, 2 collnet channels, 0 nvls channels, 2 p2p channels, 2 p2p channels per peer
ganymede:169156:169156 [0] NCCL INFO CC Off, workFifoBytes 1048576
ganymede:169156:169156 [0] NCCL INFO TUNER/Plugin: Could not find: libnccl-tuner.so. Using internal tuner plugin.
ganymede:169156:169156 [0] NCCL INFO ncclCommInitRank comm 0x58fc2a2530c0 rank 0 nranks 2 cudaDev 0 nvmlDev 2 busId 4a000 commId 0x32642eceb91fedb3 - Init COMPLETE
ganymede:169156:169156 [0] NCCL INFO Init timings - ncclCommInitRank: rank 0 nranks 2 total 0.18 (kernels 0.13, alloc 0.00, bootstrap 0.03, allgathers 0.00, topo 0.01, graphs 0.00, connections 0.00, rest 0.00)
ganymede:169156:169568 [0] NCCL INFO New proxy recv connection 0 from local rank 0, transport 1
ganymede:169156:169571 [0] NCCL INFO Connected to proxy localRank 0 -> connection 0x7ba19c004f40
ganymede:169156:169568 [0] NCCL INFO New proxy recv connection 1 from local rank 0, transport 1
ganymede:169156:169571 [0] NCCL INFO Connected to proxy localRank 0 -> connection 0x7ba19c004fb8
ganymede:169156:169568 [0] NCCL INFO New proxy send connection 2 from local rank 0, transport 1
ganymede:169156:169571 [0] NCCL INFO Connected to proxy localRank 0 -> connection 0x7ba19c005030
ganymede:169156:169571 [0] NCCL INFO Channel 00 : 0[2] -> 1[3] via SHM/direct/direct
ganymede:169156:169568 [0] NCCL INFO New proxy send connection 3 from local rank 0, transport 1
ganymede:169156:169571 [0] NCCL INFO Connected to proxy localRank 0 -> connection 0x7ba19c0050a8
ganymede:169156:169571 [0] NCCL INFO Channel 01 : 0[2] -> 1[3] via SHM/direct/direct
ganymede:169156:169568 [0] NCCL INFO New proxy send connection 4 from local rank 1, transport 0
ganymede:169156:169571 [0] NCCL INFO Connected to proxy localRank 1 -> connection 0x7ba8e4005120
ganymede:169156:169571 [0] NCCL INFO Connected all rings, use ring PXN 0 GDR 1
ganymede:169156:170153 [0] NCCL INFO Assigned NET plugin Socket to comm
ganymede:169156:170153 [0] NCCL INFO Using network Socket
ganymede:169156:170153 [0] NCCL INFO ncclCommInitRankConfig comm 0x58fc490d1570 rank 0 nranks 2 cudaDev 0 nvmlDev 2 busId 4a000 commId 0x15db3719a7ef592f - Init START
ganymede:169156:170153 [0] NCCL INFO NET/Socket : GPU Direct RDMA Disabled for HCA 0 'eno12399np0'
ganymede:169156:170153 [0] NCCL INFO Setting affinity for GPU 2 to 16,18,20,22,24,26,28,30,80,82,84,86,88,90,92,94
ganymede:169156:170153 [0] NCCL INFO comm 0x58fc490d1570 rank 0 nRanks 2 nNodes 1 localRanks 2 localRank 0 MNNVL 0
ganymede:169156:170153 [0] NCCL INFO Channel 00/02 : 0 1
ganymede:169156:170153 [0] NCCL INFO Channel 01/02 : 0 1
ganymede:169156:170153 [0] NCCL INFO Trees [0] 1/-1/-1->0->-1 [1] 1/-1/-1->0->-1
ganymede:169156:170153 [0] NCCL INFO P2P Chunksize set to 131072
ganymede:169156:170153 [0] NCCL INFO Check P2P Type isAllDirectP2p 0 directMode 0
ganymede:169156:170155 [0] NCCL INFO [Proxy Service] Device 0 CPU core 94
ganymede:169156:170157 [0] NCCL INFO [Proxy Service UDS] Device 0 CPU core 88
ganymede:169156:170153 [0] NCCL INFO threadThresholds 8/8/64 | 16/8/64 | 512 | 512
ganymede:169156:170153 [0] NCCL INFO 2 coll channels, 2 collnet channels, 0 nvls channels, 2 p2p channels, 2 p2p channels per peer
ganymede:169156:170153 [0] NCCL INFO CC Off, workFifoBytes 1048576
ganymede:169156:170153 [0] NCCL INFO ncclCommInitRankConfig comm 0x58fc490d1570 rank 0 nranks 2 cudaDev 0 nvmlDev 2 busId 4a000 commId 0x15db3719a7ef592f - Init COMPLETE
ganymede:169156:170153 [0] NCCL INFO Init timings - ncclCommInitRankConfig: rank 0 nranks 2 total 0.02 (kernels 0.00, alloc 0.00, bootstrap 0.00, allgathers 0.00, topo 0.01, graphs 0.00, connections 0.00, rest 0.00)
ganymede:169156:170155 [0] NCCL INFO New proxy recv connection 0 from local rank 0, transport 1
ganymede:169156:170160 [0] NCCL INFO Connected to proxy localRank 0 -> connection 0x7b9ef4004f40
ganymede:169156:170155 [0] NCCL INFO New proxy recv connection 1 from local rank 0, transport 1
ganymede:169156:170160 [0] NCCL INFO Connected to proxy localRank 0 -> connection 0x7b9ef4004fb8
ganymede:169156:170155 [0] NCCL INFO New proxy send connection 2 from local rank 0, transport 1
ganymede:169156:170160 [0] NCCL INFO Connected to proxy localRank 0 -> connection 0x7b9ef4005030
ganymede:169156:170160 [0] NCCL INFO Channel 00 : 0[2] -> 1[3] via SHM/direct/direct
ganymede:169156:170155 [0] NCCL INFO New proxy send connection 3 from local rank 0, transport 1
ganymede:169156:170160 [0] NCCL INFO Connected to proxy localRank 0 -> connection 0x7b9ef40050a8
ganymede:169156:170160 [0] NCCL INFO Channel 01 : 0[2] -> 1[3] via SHM/direct/direct
ganymede:169156:170160 [0] NCCL INFO Connected to proxy localRank 1 -> connection 0x7ba644005120
ganymede:169156:170155 [0] NCCL INFO New proxy send connection 4 from local rank 1, transport 0
ganymede:169156:170160 [0] NCCL INFO Connected all rings, use ring PXN 0 GDR 1
ganymede:169156:170575 [0] NCCL INFO Assigned NET plugin Socket to comm
ganymede:169156:170575 [0] NCCL INFO Using network Socket
ganymede:169156:170575 [0] NCCL INFO ncclCommInitRank comm 0x7b96ec007420 rank 1 nranks 2 cudaDev 0 nvmlDev 2 busId 4a000 commId 0xe53e350ee106539 - Init START
ganymede:169156:170575 [0] NCCL INFO NET/Socket : GPU Direct RDMA Disabled for HCA 0 'eno12399np0'
ganymede:169156:170575 [0] NCCL INFO Setting affinity for GPU 2 to 16,18,20,22,24,26,28,30,80,82,84,86,88,90,92,94
ganymede:169156:170575 [0] NCCL INFO comm 0x7b96ec007420 rank 1 nRanks 2 nNodes 2 localRanks 1 localRank 0 MNNVL 0
ganymede:169156:170575 [0] NCCL INFO Trees [0] -1/-1/-1->1->0 [1] 0/-1/-1->1->-1
ganymede:169156:170575 [0] NCCL INFO P2P Chunksize set to 131072
ganymede:169156:182436 [0] NCCL INFO [Proxy Service] Device 0 CPU core 30
ganymede:169156:182437 [0] NCCL INFO [Proxy Service UDS] Device 0 CPU core 16
ganymede:169156:170575 [0] NCCL INFO threadThresholds 8/8/64 | 16/8/64 | 512 | 512
ganymede:169156:170575 [0] NCCL INFO 2 coll channels, 2 collnet channels, 0 nvls channels, 2 p2p channels, 2 p2p channels per peer
ganymede:169156:170575 [0] NCCL INFO ncclCommInitRank comm 0x7b96ec007420 rank 1 nranks 2 cudaDev 0 nvmlDev 2 busId 4a000 commId 0xe53e350ee106539 - Init COMPLETE
ganymede:169156:170575 [0] NCCL INFO Init timings - ncclCommInitRank: rank 1 nranks 2 total 4.16 (kernels 0.00, alloc 0.00, bootstrap 0.00, allgathers 4.15, topo 0.00, graphs 0.00, connections 0.01, rest 0.00)
