neptune:3883407:3883407 [0] NCCL INFO NCCL_SOCKET_IFNAME set to enp160s0f0np0
neptune:3883407:3883407 [0] NCCL INFO cudaDriverVersion 13020
neptune:3883407:3883407 [0] NCCL INFO NCCL version 2.27.5+cuda12.9
neptune:3883407:3883407 [0] NCCL INFO NET/Plugin: Could not find: libnccl-net.so. 
neptune:3883407:3883407 [0] NCCL INFO NET/Socket : Using [0]enp160s0f0np0:10.1.0.6<0>
neptune:3883407:3883407 [0] NCCL INFO Initialized NET plugin Socket
neptune:3883407:3883407 [0] NCCL INFO Assigned NET plugin Socket to comm
neptune:3883407:3883407 [0] NCCL INFO Using network Socket
neptune:3883407:3883407 [0] NCCL INFO ncclCommInitRank comm 0x60eb7d3f55f0 rank 0 nranks 2 cudaDev 0 nvmlDev 2 busId ca000 commId 0x63818939eb5bc40e - Init START
neptune:3883407:3883407 [0] NCCL INFO RAS client listening socket at 127.0.0.1<28028>
neptune:3883407:3883407 [0] NCCL INFO NET/Socket : GPU Direct RDMA Disabled for HCA 0 'enp160s0f0np0'
neptune:3883407:3883407 [0] NCCL INFO comm 0x60eb7d3f55f0 rank 0 nRanks 2 nNodes 1 localRanks 2 localRank 0 MNNVL 0
neptune:3883407:3883407 [0] NCCL INFO Channel 00/02 : 0 1
neptune:3883407:3883407 [0] NCCL INFO Channel 01/02 : 0 1
neptune:3883407:3883407 [0] NCCL INFO Trees [0] 1/-1/-1->0->-1 [1] 1/-1/-1->0->-1
neptune:3883407:3883407 [0] NCCL INFO P2P Chunksize set to 131072
neptune:3883407:3883407 [0] NCCL INFO PROFILER/Plugin: Could not find: libnccl-profiler.so. 
neptune:3883407:3883407 [0] NCCL INFO Check P2P Type isAllDirectP2p 0 directMode 0
neptune:3883407:3883890 [0] NCCL INFO [Proxy Service UDS] Device 0 CPU core 84
neptune:3883407:3883889 [0] NCCL INFO [Proxy Service] Device 0 CPU core 18
neptune:3883407:3883407 [0] NCCL INFO threadThresholds 8/8/64 | 16/8/64 | 512 | 512
neptune:3883407:3883407 [0] NCCL INFO 2 coll channels, 2 collnet channels, 0 nvls channels, 2 p2p channels, 2 p2p channels per peer
neptune:3883407:3883407 [0] NCCL INFO CC Off, workFifoBytes 1048576
neptune:3883407:3883407 [0] NCCL INFO TUNER/Plugin: Could not find: libnccl-tuner.so. Using internal tuner plugin.
neptune:3883407:3883407 [0] NCCL INFO ncclCommInitRank comm 0x60eb7d3f55f0 rank 0 nranks 2 cudaDev 0 nvmlDev 2 busId ca000 commId 0x63818939eb5bc40e - Init COMPLETE
neptune:3883407:3883407 [0] NCCL INFO Init timings - ncclCommInitRank: rank 0 nranks 2 total 0.18 (kernels 0.16, alloc 0.00, bootstrap 0.00, allgathers 0.00, topo 0.01, graphs 0.00, connections 0.00, rest 0.00)
neptune:3883407:3883889 [0] NCCL INFO New proxy recv connection 0 from local rank 0, transport 1
neptune:3883407:3883891 [0] NCCL INFO Connected to proxy localRank 0 -> connection 0x799ca0004f40
neptune:3883407:3883889 [0] NCCL INFO New proxy recv connection 1 from local rank 0, transport 1
neptune:3883407:3883891 [0] NCCL INFO Connected to proxy localRank 0 -> connection 0x799ca0004fb8
neptune:3883407:3883889 [0] NCCL INFO New proxy send connection 2 from local rank 0, transport 1
neptune:3883407:3883891 [0] NCCL INFO Connected to proxy localRank 0 -> connection 0x799ca0005030
neptune:3883407:3883891 [0] NCCL INFO Channel 00 : 0[2] -> 1[3] via SHM/direct/direct
neptune:3883407:3883889 [0] NCCL INFO New proxy send connection 3 from local rank 0, transport 1
neptune:3883407:3883891 [0] NCCL INFO Connected to proxy localRank 0 -> connection 0x799ca00050a8
neptune:3883407:3883891 [0] NCCL INFO Channel 01 : 0[2] -> 1[3] via SHM/direct/direct
neptune:3883407:3883889 [0] NCCL INFO New proxy send connection 4 from local rank 1, transport 0
neptune:3883407:3883891 [0] NCCL INFO Connected to proxy localRank 1 -> connection 0x7d8b9c005120
neptune:3883407:3883891 [0] NCCL INFO Connected all rings, use ring PXN 0 GDR 1
neptune:3883407:3884534 [0] NCCL INFO Assigned NET plugin Socket to comm
neptune:3883407:3884534 [0] NCCL INFO Using network Socket
neptune:3883407:3884534 [0] NCCL INFO ncclCommInitRankConfig comm 0x60eb9bf91130 rank 0 nranks 2 cudaDev 0 nvmlDev 2 busId ca000 commId 0xcbacb7248f35a020 - Init START
neptune:3883407:3884534 [0] NCCL INFO NET/Socket : GPU Direct RDMA Disabled for HCA 0 'enp160s0f0np0'
neptune:3883407:3884534 [0] NCCL INFO comm 0x60eb9bf91130 rank 0 nRanks 2 nNodes 1 localRanks 2 localRank 0 MNNVL 0
neptune:3883407:3884534 [0] NCCL INFO Channel 00/02 : 0 1
neptune:3883407:3884534 [0] NCCL INFO Channel 01/02 : 0 1
neptune:3883407:3884534 [0] NCCL INFO Trees [0] 1/-1/-1->0->-1 [1] 1/-1/-1->0->-1
neptune:3883407:3884534 [0] NCCL INFO P2P Chunksize set to 131072
neptune:3883407:3884534 [0] NCCL INFO Check P2P Type isAllDirectP2p 0 directMode 0
neptune:3883407:3884539 [0] NCCL INFO [Proxy Service] Device 0 CPU core 26
neptune:3883407:3884541 [0] NCCL INFO [Proxy Service UDS] Device 0 CPU core 92
neptune:3883407:3884534 [0] NCCL INFO threadThresholds 8/8/64 | 16/8/64 | 512 | 512
neptune:3883407:3884534 [0] NCCL INFO 2 coll channels, 2 collnet channels, 0 nvls channels, 2 p2p channels, 2 p2p channels per peer
neptune:3883407:3884534 [0] NCCL INFO CC Off, workFifoBytes 1048576
neptune:3883407:3884534 [0] NCCL INFO ncclCommInitRankConfig comm 0x60eb9bf91130 rank 0 nranks 2 cudaDev 0 nvmlDev 2 busId ca000 commId 0xcbacb7248f35a020 - Init COMPLETE
neptune:3883407:3884534 [0] NCCL INFO Init timings - ncclCommInitRankConfig: rank 0 nranks 2 total 0.02 (kernels 0.00, alloc 0.00, bootstrap 0.00, allgathers 0.01, topo 0.01, graphs 0.00, connections 0.00, rest 0.00)
neptune:3883407:3884539 [0] NCCL INFO New proxy recv connection 0 from local rank 0, transport 1
neptune:3883407:3884543 [0] NCCL INFO Connected to proxy localRank 0 -> connection 0x799a00004f40
neptune:3883407:3884539 [0] NCCL INFO New proxy recv connection 1 from local rank 0, transport 1
neptune:3883407:3884543 [0] NCCL INFO Connected to proxy localRank 0 -> connection 0x799a00004fb8
neptune:3883407:3884539 [0] NCCL INFO New proxy send connection 2 from local rank 0, transport 1
neptune:3883407:3884543 [0] NCCL INFO Connected to proxy localRank 0 -> connection 0x799a00005030
neptune:3883407:3884543 [0] NCCL INFO Channel 00 : 0[2] -> 1[3] via SHM/direct/direct
neptune:3883407:3884539 [0] NCCL INFO New proxy send connection 3 from local rank 0, transport 1
neptune:3883407:3884543 [0] NCCL INFO Connected to proxy localRank 0 -> connection 0x799a000050a8
neptune:3883407:3884543 [0] NCCL INFO Channel 01 : 0[2] -> 1[3] via SHM/direct/direct
neptune:3883407:3884539 [0] NCCL INFO New proxy send connection 4 from local rank 1, transport 0
neptune:3883407:3884543 [0] NCCL INFO Connected to proxy localRank 1 -> connection 0x7d8908005120
neptune:3883407:3884543 [0] NCCL INFO Connected all rings, use ring PXN 0 GDR 1
neptune:3883407:3885017 [0] NCCL INFO Assigned NET plugin Socket to comm
neptune:3883407:3885017 [0] NCCL INFO Using network Socket
neptune:3883407:3885017 [0] NCCL INFO ncclCommInitRank comm 0x7991f40115c0 rank 0 nranks 2 cudaDev 0 nvmlDev 2 busId ca000 commId 0xe53e350ee106539 - Init START
neptune:3883407:3885017 [0] NCCL INFO NET/Socket : GPU Direct RDMA Disabled for HCA 0 'enp160s0f0np0'
neptune:3883407:3885017 [0] NCCL INFO comm 0x7991f40115c0 rank 0 nRanks 2 nNodes 2 localRanks 1 localRank 0 MNNVL 0
neptune:3883407:3885017 [0] NCCL INFO Channel 00/02 : 0 1
neptune:3883407:3885017 [0] NCCL INFO Channel 01/02 : 0 1
neptune:3883407:3885017 [0] NCCL INFO Trees [0] 1/-1/-1->0->-1 [1] -1/-1/-1->0->1
neptune:3883407:3885017 [0] NCCL INFO P2P Chunksize set to 131072
neptune:3883407:3885017 [0] NCCL INFO Check P2P Type isAllDirectP2p 0 directMode 0
neptune:3883407:3890678 [0] NCCL INFO [Proxy Service] Device 0 CPU core 86
neptune:3883407:3890679 [0] NCCL INFO [Proxy Service UDS] Device 0 CPU core 16
neptune:3883407:3885017 [0] NCCL INFO threadThresholds 8/8/64 | 16/8/64 | 512 | 512
neptune:3883407:3885017 [0] NCCL INFO 2 coll channels, 2 collnet channels, 0 nvls channels, 2 p2p channels, 2 p2p channels per peer
neptune:3883407:3885017 [0] NCCL INFO CC Off, workFifoBytes 1048576
neptune:3883407:3885017 [0] NCCL INFO ncclCommInitRank comm 0x7991f40115c0 rank 0 nranks 2 cudaDev 0 nvmlDev 2 busId ca000 commId 0xe53e350ee106539 - Init COMPLETE
neptune:3883407:3885017 [0] NCCL INFO Init timings - ncclCommInitRank: rank 0 nranks 2 total 16.36 (kernels 0.00, alloc 0.00, bootstrap 0.01, allgathers 2.61, topo 1.54, graphs 0.00, connections 12.20, rest 0.00)
neptune:3883407:3890678 [0] NCCL INFO New proxy send connection 0 from local rank 0, transport 2
neptune:3883407:3890736 [0] NCCL INFO Connected to proxy localRank 0 -> connection 0x7991f0004f40
neptune:3883407:3890737 [0] NCCL INFO [Proxy Progress] Device 0 CPU core 92
neptune:3883407:3890736 [0] NCCL INFO Channel 00/1 : 0[2] -> 1[2] [send] via NET/Socket/0/Shared
neptune:3883407:3890678 [0] NCCL INFO New proxy send connection 1 from local rank 0, transport 2
neptune:3883407:3890736 [0] NCCL INFO Connected to proxy localRank 0 -> connection 0x7991f0004fb8
neptune:3883407:3890736 [0] NCCL INFO Channel 01/1 : 0[2] -> 1[2] [send] via NET/Socket/0/Shared
