neptune:3878835:3878835 [1] NCCL INFO cudaDriverVersion 13020
neptune:3878835:3878835 [1] NCCL INFO NCCL_SOCKET_IFNAME set to enp160s0f0np0
neptune:3878835:3878835 [1] NCCL INFO NCCL version 2.27.5+cuda12.9
neptune:3878835:3878835 [1] NCCL INFO NET/Plugin: Could not find: libnccl-net.so. 
neptune:3878835:3878835 [1] NCCL INFO NET/Socket : Using [0]enp160s0f0np0:10.1.0.6<0>
neptune:3878835:3878835 [1] NCCL INFO Initialized NET plugin Socket
neptune:3878835:3878835 [1] NCCL INFO Assigned NET plugin Socket to comm
neptune:3878835:3878835 [1] NCCL INFO Using network Socket
neptune:3878835:3878835 [1] NCCL INFO ncclCommInitRank comm 0x57ea0116d580 rank 1 nranks 2 cudaDev 1 nvmlDev 1 busId 61000 commId 0x640e5e4f162dca93 - Init START
neptune:3878835:3878835 [1] NCCL INFO RAS client listening socket at 127.0.0.1<28028>
neptune:3878835:3878835 [1] NCCL INFO NET/Socket : GPU Direct RDMA Disabled for HCA 0 'enp160s0f0np0'
neptune:3878835:3878835 [1] NCCL INFO Setting affinity for GPU 1 to 0,2,4,6,8,10,12,14,64,66,68,70,72,74,76,78
neptune:3878835:3878835 [1] NCCL INFO comm 0x57ea0116d580 rank 1 nRanks 2 nNodes 1 localRanks 2 localRank 1 MNNVL 0
neptune:3878835:3878835 [1] NCCL INFO Trees [0] -1/-1/-1->1->0 [1] -1/-1/-1->1->0
neptune:3878835:3878835 [1] NCCL INFO P2P Chunksize set to 131072
neptune:3878835:3878835 [1] NCCL INFO PROFILER/Plugin: Could not find: libnccl-profiler.so. 
neptune:3878835:3879038 [1] NCCL INFO [Proxy Service UDS] Device 1 CPU core 72
neptune:3878835:3879037 [1] NCCL INFO [Proxy Service] Device 1 CPU core 2
neptune:3878835:3878835 [1] NCCL INFO threadThresholds 8/8/64 | 16/8/64 | 512 | 512
neptune:3878835:3878835 [1] NCCL INFO 2 coll channels, 2 collnet channels, 0 nvls channels, 2 p2p channels, 2 p2p channels per peer
neptune:3878835:3878835 [1] NCCL INFO TUNER/Plugin: Could not find: libnccl-tuner.so. Using internal tuner plugin.
neptune:3878835:3878835 [1] NCCL INFO ncclCommInitRank comm 0x57ea0116d580 rank 1 nranks 2 cudaDev 1 nvmlDev 1 busId 61000 commId 0x640e5e4f162dca93 - Init COMPLETE
neptune:3878835:3878835 [1] NCCL INFO Init timings - ncclCommInitRank: rank 1 nranks 2 total 0.25 (kernels 0.22, alloc 0.00, bootstrap 0.00, allgathers 0.00, topo 0.01, graphs 0.00, connections 0.00, rest 0.01)
neptune:3878835:3879037 [1] NCCL INFO New proxy recv connection 0 from local rank 1, transport 1
neptune:3878835:3879041 [1] NCCL INFO Connected to proxy localRank 1 -> connection 0x714b28004f40
neptune:3878835:3879037 [1] NCCL INFO New proxy recv connection 1 from local rank 1, transport 1
neptune:3878835:3879041 [1] NCCL INFO Connected to proxy localRank 1 -> connection 0x714b28004fb8
neptune:3878835:3879037 [1] NCCL INFO New proxy send connection 2 from local rank 1, transport 1
neptune:3878835:3879041 [1] NCCL INFO Connected to proxy localRank 1 -> connection 0x714b28005030
neptune:3878835:3879041 [1] NCCL INFO Channel 00 : 1[1] -> 0[0] via SHM/direct/direct
neptune:3878835:3879037 [1] NCCL INFO New proxy send connection 3 from local rank 1, transport 1
neptune:3878835:3879041 [1] NCCL INFO Connected to proxy localRank 1 -> connection 0x714b280050a8
neptune:3878835:3879041 [1] NCCL INFO Channel 01 : 1[1] -> 0[0] via SHM/direct/direct
neptune:3878835:3879041 [1] NCCL INFO Connected to proxy localRank 0 -> connection 0x752830005120
neptune:3878835:3879037 [1] NCCL INFO New proxy send connection 4 from local rank 0, transport 0
neptune:3878835:3879041 [1] NCCL INFO Connected all rings, use ring PXN 0 GDR 1
