
===== scale_launch time=2026-08-05T14:36:14+02:00 role=prefill ordinal=2 =====
[NVGPUFREQ][INFO] The spank nvgpufreq plugin has been loaded!
[NVGPUFREQ][ERROR] Failed to retrive the job ID from slurmctld! Exit!
host=neptune node_group=neptune role=prefill instance_id=prefill-2 mode=serve
scheduled_gpu=l40s scheduled_freq_mhz=210 gpu_id=2
gpu_clock_control_mode=manual
gpu_startup_clock_mode=max
defer_instance_telemetry_until_ready=true
clock_ack_mode=monitor
tensor_parallel_size=2
max_num_seqs=32
max_model_len=4096 max_num_batched_tokens=4096
node_ip=10.1.0.6 peer_ip=10.1.0.3 interface=enp160s0f0np0
CUDA_VISIBLE_DEVICES=2,3
enp160s0f0np0    UP             10.1.0.6/16 fe80::6e92:cfff:fe5e:cc00/64 
10.1.0.3 dev enp160s0f0np0 src 10.1.0.6 uid 10271 
    cache 
link_speed_mbps=100000
link_mtu=1500
index, name, memory.total [MiB], driver_version
0, NVIDIA L40S, 46068 MiB, 595.71.05
1, NVIDIA L40S, 46068 MiB, 595.71.05
2, NVIDIA L40S, 46068 MiB, 595.71.05
3, NVIDIA L40S, 46068 MiB, 595.71.05
lock_gpu_clocks gpu_ids=2,3 target_mhz=2520 startup_mode=max scheduled_mhz=210
GPU clocks set to "(gpuClkMin 2520, gpuClkMax 2520)" for GPU 00000000:CA:00.0

Warning: persistence mode is disabled on device 00000000:CA:00.0. See the Known Issues section of the nvidia-smi(1) man page for more information. Run with [--help | -h] switch to get more information on how to enable persistence mode.
All done.
GPU clocks set to "(gpuClkMin 2520, gpuClkMax 2520)" for GPU 00000000:E1:00.0

Warning: persistence mode is disabled on device 00000000:E1:00.0. See the Known Issues section of the nvidia-smi(1) man page for more information. Run with [--help | -h] switch to get more information on how to enable persistence mode.
All done.
index, name, clocks.current.graphics [MHz], clocks.max.graphics [MHz]
2, NVIDIA L40S, 210 MHz, 2520 MHz
index, name, clocks.current.graphics [MHz], clocks.max.graphics [MHz]
3, NVIDIA L40S, 210 MHz, 2520 MHz
launch_vllm host=neptune role=prefill instance_id=prefill-2 ip=10.1.0.6 http_port=32566 kv_port=34567
NCCL_NET=Socket NCCL_IB_DISABLE=1 NCCL_SOCKET_IFNAME=enp160s0f0np0
kv_transfer_config={"kv_connector":"P2pNcclConnector","kv_role":"kv_producer","kv_buffer_size":"1e1","kv_port":"34567","kv_connector_extra_config":{"proxy_ip":"10.1.0.3","proxy_port":"31565","http_port":"32566","send_type":"PUT_ASYNC","nccl_num_channels":"16"}}
instance_telemetry_waiting_for_http=true url=http://127.0.0.1:32566/v1/models
