[NVGPUFREQ][INFO] The spank nvgpufreq plugin has been loaded!
[NVGPUFREQ][ERROR] Failed to retrive the job ID from slurmctld! Exit!
host=ganymede node_group=ganymede role=decode instance_id=primary mode=serve
scheduled_gpu=l4 scheduled_freq_mhz=360 gpu_id=0
gpu_clock_control_mode=manual
gpu_startup_clock_mode=max
defer_instance_telemetry_until_ready=true
clock_ack_mode=monitor
tensor_parallel_size=4
max_num_seqs=32
max_model_len=4096 max_num_batched_tokens=4096
node_ip=10.1.0.3 peer_ip=10.1.0.5 interface=eno12399np0
CUDA_VISIBLE_DEVICES=0,1,2,3
eno12399np0      UP             10.1.0.3/16 fe80::632:1ff:fe4d:80/64 
10.1.0.5 dev eno12399np0 src 10.1.0.3 uid 10271 
    cache 
link_speed_mbps=100000
link_mtu=1500
index, name, memory.total [MiB], driver_version
0, NVIDIA L4, 23034 MiB, 595.71.05
1, NVIDIA L4, 23034 MiB, 595.71.05
2, NVIDIA L4, 23034 MiB, 595.71.05
3, NVIDIA L4, 23034 MiB, 595.71.05
4, NVIDIA L4, 23034 MiB, 595.71.05
5, NVIDIA L4, 23034 MiB, 595.71.05
6, NVIDIA L4, 23034 MiB, 595.71.05
7, NVIDIA L4, 23034 MiB, 595.71.05
