uranus:500332:500332 [0] NCCL INFO NCCL_SOCKET_IFNAME set to enp160s0f0np0
uranus:500332:500332 [0] NCCL INFO cudaDriverVersion 13020
uranus:500332:500332 [0] NCCL INFO NCCL version 2.27.5+cuda12.9
uranus:500332:500332 [0] NCCL INFO NET/Plugin: Could not find: libnccl-net.so. 
uranus:500332:500332 [0] NCCL INFO NET/Socket : Using [0]enp160s0f0np0:10.1.0.5<0>
uranus:500332:500332 [0] NCCL INFO Initialized NET plugin Socket
uranus:500332:500332 [0] NCCL INFO Assigned NET plugin Socket to comm
uranus:500332:500332 [0] NCCL INFO Using network Socket
uranus:500332:500332 [0] NCCL INFO ncclCommInitRank comm 0x5e5a5f4b4020 rank 0 nranks 4 cudaDev 0 nvmlDev 0 busId 4a000 commId 0xf21b7144b5a0ee8 - Init START
uranus:500332:500332 [0] NCCL INFO RAS client listening socket at 127.0.0.1<28028>
uranus:500332:500332 [0] NCCL INFO NET/Socket : GPU Direct RDMA Disabled for HCA 0 'enp160s0f0np0'
uranus:500332:500332 [0] NCCL INFO Setting affinity for GPU 0 to 0,2,4,6,8,10,12,14,64,66,68,70,72,74,76,78
uranus:500332:500332 [0] NCCL INFO NVLS multicast support is not available on dev 0 (NVLS_NCHANNELS 0)
uranus:500332:500332 [0] NCCL INFO comm 0x5e5a5f4b4020 rank 0 nRanks 4 nNodes 1 localRanks 4 localRank 0 MNNVL 0
uranus:500332:500332 [0] NCCL INFO Channel 00/02 : 0 1 2 3
uranus:500332:500332 [0] NCCL INFO Channel 01/02 : 0 1 2 3
uranus:500332:500332 [0] NCCL INFO Trees [0] 1/-1/-1->0->-1 [1] 1/-1/-1->0->-1
uranus:500332:500332 [0] NCCL INFO P2P Chunksize set to 131072
uranus:500332:500332 [0] NCCL INFO PROFILER/Plugin: Could not find: libnccl-profiler.so. 
uranus:500332:500332 [0] NCCL INFO Check P2P Type isAllDirectP2p 0 directMode 0
uranus:500332:500596 [0] NCCL INFO [Proxy Service UDS] Device 0 CPU core 70
uranus:500332:500595 [0] NCCL INFO [Proxy Service] Device 0 CPU core 2
uranus:500332:500332 [0] NCCL INFO threadThresholds 8/8/64 | 32/8/64 | 512 | 512
uranus:500332:500332 [0] NCCL INFO 2 coll channels, 2 collnet channels, 0 nvls channels, 2 p2p channels, 2 p2p channels per peer
uranus:500332:500332 [0] NCCL INFO CC Off, workFifoBytes 1048576
uranus:500332:500332 [0] NCCL INFO TUNER/Plugin: Could not find: libnccl-tuner.so. Using internal tuner plugin.
uranus:500332:500332 [0] NCCL INFO ncclCommInitRank comm 0x5e5a5f4b4020 rank 0 nranks 4 cudaDev 0 nvmlDev 0 busId 4a000 commId 0xf21b7144b5a0ee8 - Init COMPLETE
uranus:500332:500332 [0] NCCL INFO Init timings - ncclCommInitRank: rank 0 nranks 4 total 0.57 (kernels 0.46, alloc 0.03, bootstrap 0.02, allgathers 0.00, topo 0.02, graphs 0.00, connections 0.01, rest 0.03)
uranus:500332:500595 [0] NCCL INFO New proxy recv connection 0 from local rank 0, transport 1
uranus:500332:500602 [0] NCCL INFO Connected to proxy localRank 0 -> connection 0x70a658004f40
uranus:500332:500595 [0] NCCL INFO New proxy recv connection 1 from local rank 0, transport 1
uranus:500332:500602 [0] NCCL INFO Connected to proxy localRank 0 -> connection 0x70a658004fb8
uranus:500332:500595 [0] NCCL INFO New proxy send connection 2 from local rank 0, transport 1
uranus:500332:500602 [0] NCCL INFO Connected to proxy localRank 0 -> connection 0x70a658005030
uranus:500332:500602 [0] NCCL INFO Channel 00 : 0[0] -> 1[1] via SHM/direct/direct
uranus:500332:500595 [0] NCCL INFO New proxy send connection 3 from local rank 0, transport 1
uranus:500332:500602 [0] NCCL INFO Connected to proxy localRank 0 -> connection 0x70a6580050a8
uranus:500332:500602 [0] NCCL INFO Channel 01 : 0[0] -> 1[1] via SHM/direct/direct
uranus:500332:500595 [0] NCCL INFO New proxy send connection 4 from local rank 3, transport 0
uranus:500332:500602 [0] NCCL INFO Connected to proxy localRank 1 -> connection 0x71b220005120
uranus:500332:500595 [0] NCCL INFO New proxy send connection 5 from local rank 1, transport 0
uranus:500332:500602 [0] NCCL INFO Connected to proxy localRank 3 -> connection 0x74a9fc005198
uranus:500332:500602 [0] NCCL INFO Connected all rings, use ring PXN 0 GDR 1
uranus:500332:501465 [0] NCCL INFO Assigned NET plugin Socket to comm
uranus:500332:501465 [0] NCCL INFO Using network Socket
uranus:500332:501465 [0] NCCL INFO ncclCommInitRankConfig comm 0x5e5a80814580 rank 0 nranks 4 cudaDev 0 nvmlDev 0 busId 4a000 commId 0xdd43597040c597d1 - Init START
uranus:500332:501465 [0] NCCL INFO NET/Socket : GPU Direct RDMA Disabled for HCA 0 'enp160s0f0np0'
uranus:500332:501465 [0] NCCL INFO Setting affinity for GPU 0 to 0,2,4,6,8,10,12,14,64,66,68,70,72,74,76,78
uranus:500332:501465 [0] NCCL INFO NVLS multicast support is not available on dev 0 (NVLS_NCHANNELS 0)
uranus:500332:501465 [0] NCCL INFO comm 0x5e5a80814580 rank 0 nRanks 4 nNodes 1 localRanks 4 localRank 0 MNNVL 0
uranus:500332:501465 [0] NCCL INFO Channel 00/02 : 0 1 2 3
uranus:500332:501465 [0] NCCL INFO Channel 01/02 : 0 1 2 3
uranus:500332:501465 [0] NCCL INFO Trees [0] 1/-1/-1->0->-1 [1] 1/-1/-1->0->-1
uranus:500332:501465 [0] NCCL INFO P2P Chunksize set to 131072
uranus:500332:501465 [0] NCCL INFO Check P2P Type isAllDirectP2p 0 directMode 0
uranus:500332:501471 [0] NCCL INFO [Proxy Service] Device 0 CPU core 0
uranus:500332:501475 [0] NCCL INFO [Proxy Service UDS] Device 0 CPU core 8
uranus:500332:501465 [0] NCCL INFO threadThresholds 8/8/64 | 32/8/64 | 512 | 512
uranus:500332:501465 [0] NCCL INFO 2 coll channels, 2 collnet channels, 0 nvls channels, 2 p2p channels, 2 p2p channels per peer
uranus:500332:501465 [0] NCCL INFO CC Off, workFifoBytes 1048576
uranus:500332:501465 [0] NCCL INFO ncclCommInitRankConfig comm 0x5e5a80814580 rank 0 nranks 4 cudaDev 0 nvmlDev 0 busId 4a000 commId 0xdd43597040c597d1 - Init COMPLETE
uranus:500332:501465 [0] NCCL INFO Init timings - ncclCommInitRankConfig: rank 0 nranks 4 total 0.03 (kernels 0.00, alloc 0.00, bootstrap 0.00, allgathers 0.00, topo 0.02, graphs 0.00, connections 0.00, rest 0.00)
uranus:500332:501471 [0] NCCL INFO New proxy recv connection 0 from local rank 0, transport 1
uranus:500332:501479 [0] NCCL INFO Connected to proxy localRank 0 -> connection 0x70a4a0005020
uranus:500332:501471 [0] NCCL INFO New proxy recv connection 1 from local rank 0, transport 1
uranus:500332:501479 [0] NCCL INFO Connected to proxy localRank 0 -> connection 0x70a4a0005098
uranus:500332:501471 [0] NCCL INFO New proxy send connection 2 from local rank 0, transport 1
uranus:500332:501479 [0] NCCL INFO Connected to proxy localRank 0 -> connection 0x70a4a0005110
uranus:500332:501479 [0] NCCL INFO Channel 00 : 0[0] -> 1[1] via SHM/direct/direct
uranus:500332:501471 [0] NCCL INFO New proxy send connection 3 from local rank 0, transport 1
uranus:500332:501479 [0] NCCL INFO Connected to proxy localRank 0 -> connection 0x70a4a0005188
uranus:500332:501479 [0] NCCL INFO Channel 01 : 0[0] -> 1[1] via SHM/direct/direct
uranus:500332:501479 [0] NCCL INFO Connected to proxy localRank 1 -> connection 0x71b060005120
uranus:500332:501471 [0] NCCL INFO New proxy send connection 4 from local rank 3, transport 0
uranus:500332:501479 [0] NCCL INFO Connected to proxy localRank 3 -> connection 0x74a840005198
uranus:500332:501471 [0] NCCL INFO New proxy send connection 5 from local rank 1, transport 0
uranus:500332:501479 [0] NCCL INFO Connected all rings, use ring PXN 0 GDR 1
uranus:500332:501625 [0] NCCL INFO Assigned NET plugin Socket to comm
uranus:500332:501625 [0] NCCL INFO Using network Socket
uranus:500332:501625 [0] NCCL INFO ncclCommInitRank comm 0x70a4980115c0 rank 0 nranks 2 cudaDev 0 nvmlDev 0 busId 4a000 commId 0x3829bac80deeb5ee - Init START
uranus:500332:501625 [0] NCCL INFO NET/Socket : GPU Direct RDMA Disabled for HCA 0 'enp160s0f0np0'
uranus:500332:501625 [0] NCCL INFO Setting affinity for GPU 0 to 0,2,4,6,8,10,12,14,64,66,68,70,72,74,76,78
uranus:500332:501625 [0] NCCL INFO comm 0x70a4980115c0 rank 0 nRanks 2 nNodes 2 localRanks 1 localRank 0 MNNVL 0
uranus:500332:501625 [0] NCCL INFO Channel 00/02 : 0 1
uranus:500332:501625 [0] NCCL INFO Channel 01/02 : 0 1
uranus:500332:501625 [0] NCCL INFO Trees [0] 1/-1/-1->0->-1 [1] -1/-1/-1->0->1
uranus:500332:501625 [0] NCCL INFO P2P Chunksize set to 131072
uranus:500332:501625 [0] NCCL INFO Check P2P Type isAllDirectP2p 0 directMode 0
uranus:500332:501804 [0] NCCL INFO [Proxy Service] Device 0 CPU core 66
uranus:500332:501805 [0] NCCL INFO [Proxy Service UDS] Device 0 CPU core 70
uranus:500332:501625 [0] NCCL INFO threadThresholds 8/8/64 | 16/8/64 | 512 | 512
uranus:500332:501625 [0] NCCL INFO 2 coll channels, 2 collnet channels, 0 nvls channels, 2 p2p channels, 2 p2p channels per peer
uranus:500332:501625 [0] NCCL INFO CC Off, workFifoBytes 1048576
uranus:500332:501625 [0] NCCL INFO ncclCommInitRank comm 0x70a4980115c0 rank 0 nranks 2 cudaDev 0 nvmlDev 0 busId 4a000 commId 0x3829bac80deeb5ee - Init COMPLETE
uranus:500332:501625 [0] NCCL INFO Init timings - ncclCommInitRank: rank 0 nranks 2 total 0.02 (kernels 0.00, alloc 0.00, bootstrap 0.01, allgathers 0.00, topo 0.01, graphs 0.00, connections 0.01, rest 0.00)
uranus:500332:501804 [0] NCCL INFO New proxy send connection 0 from local rank 0, transport 2
uranus:500332:501806 [0] NCCL INFO Connected to proxy localRank 0 -> connection 0x709444004f40
uranus:500332:501806 [0] NCCL INFO Channel 00/1 : 0[0] -> 1[0] [send] via NET/Socket/0/Shared
uranus:500332:501804 [0] NCCL INFO New proxy send connection 1 from local rank 0, transport 2
uranus:500332:501806 [0] NCCL INFO Connected to proxy localRank 0 -> connection 0x709444004fb8
uranus:500332:501816 [0] NCCL INFO [Proxy Progress] Device 0 CPU core 12
uranus:500332:501806 [0] NCCL INFO Channel 01/1 : 0[0] -> 1[0] [send] via NET/Socket/0/Shared
