uranus:500335:500335 [3] NCCL INFO cudaDriverVersion 13020
uranus:500335:500335 [3] NCCL INFO NCCL_SOCKET_IFNAME set to enp160s0f0np0
uranus:500335:500335 [3] NCCL INFO NCCL version 2.27.5+cuda12.9
uranus:500335:500335 [3] NCCL INFO NET/Plugin: Could not find: libnccl-net.so. 
uranus:500335:500335 [3] NCCL INFO NET/Socket : Using [0]enp160s0f0np0:10.1.0.5<0>
uranus:500335:500335 [3] NCCL INFO Initialized NET plugin Socket
uranus:500335:500335 [3] NCCL INFO Assigned NET plugin Socket to comm
uranus:500335:500335 [3] NCCL INFO Using network Socket
uranus:500335:500335 [3] NCCL INFO ncclCommInitRank comm 0x57b569e23d40 rank 3 nranks 4 cudaDev 3 nvmlDev 3 busId e1000 commId 0xf21b7144b5a0ee8 - Init START
uranus:500335:500335 [3] NCCL INFO RAS client listening socket at 127.0.0.1<28028>
uranus:500335:500335 [3] NCCL INFO NET/Socket : GPU Direct RDMA Disabled for HCA 0 'enp160s0f0np0'
uranus:500335:500335 [3] NCCL INFO Setting affinity for GPU 3 to 1,3,5,7,9,11,13,15,65,67,69,71,73,75,77,79
uranus:500335:500335 [3] NCCL INFO NVLS multicast support is not available on dev 3 (NVLS_NCHANNELS 0)
uranus:500335:500335 [3] NCCL INFO comm 0x57b569e23d40 rank 3 nRanks 4 nNodes 1 localRanks 4 localRank 3 MNNVL 0
uranus:500335:500335 [3] NCCL INFO Trees [0] -1/-1/-1->3->2 [1] -1/-1/-1->3->2
uranus:500335:500335 [3] NCCL INFO P2P Chunksize set to 131072
uranus:500335:500335 [3] NCCL INFO PROFILER/Plugin: Could not find: libnccl-profiler.so. 
uranus:500335:500597 [3] NCCL INFO [Proxy Service] Device 3 CPU core 11
uranus:500335:500598 [3] NCCL INFO [Proxy Service UDS] Device 3 CPU core 5
uranus:500335:500335 [3] NCCL INFO threadThresholds 8/8/64 | 32/8/64 | 512 | 512
uranus:500335:500335 [3] NCCL INFO 2 coll channels, 2 collnet channels, 0 nvls channels, 2 p2p channels, 2 p2p channels per peer
uranus:500335:500335 [3] NCCL INFO TUNER/Plugin: Could not find: libnccl-tuner.so. Using internal tuner plugin.
uranus:500335:500335 [3] NCCL INFO ncclCommInitRank comm 0x57b569e23d40 rank 3 nranks 4 cudaDev 3 nvmlDev 3 busId e1000 commId 0xf21b7144b5a0ee8 - Init COMPLETE
uranus:500335:500335 [3] NCCL INFO Init timings - ncclCommInitRank: rank 3 nranks 4 total 0.55 (kernels 0.44, alloc 0.03, bootstrap 0.02, allgathers 0.01, topo 0.02, graphs 0.00, connections 0.01, rest 0.02)
uranus:500335:500597 [3] NCCL INFO New proxy recv connection 0 from local rank 3, transport 1
uranus:500335:500599 [3] NCCL INFO Connected to proxy localRank 3 -> connection 0x74a9fc004f40
uranus:500335:500597 [3] NCCL INFO New proxy recv connection 1 from local rank 3, transport 1
uranus:500335:500599 [3] NCCL INFO Connected to proxy localRank 3 -> connection 0x74a9fc004fb8
uranus:500335:500597 [3] NCCL INFO New proxy send connection 2 from local rank 3, transport 1
uranus:500335:500599 [3] NCCL INFO Connected to proxy localRank 3 -> connection 0x74a9fc005030
uranus:500335:500599 [3] NCCL INFO Channel 00 : 3[3] -> 0[0] via SHM/direct/direct
uranus:500335:500597 [3] NCCL INFO New proxy send connection 3 from local rank 3, transport 1
uranus:500335:500599 [3] NCCL INFO Connected to proxy localRank 3 -> connection 0x74a9fc0050a8
uranus:500335:500599 [3] NCCL INFO Channel 01 : 3[3] -> 0[0] via SHM/direct/direct
uranus:500335:500597 [3] NCCL INFO New proxy send connection 4 from local rank 2, transport 0
uranus:500335:500599 [3] NCCL INFO Connected to proxy localRank 0 -> connection 0x70a658005120
uranus:500335:500599 [3] NCCL INFO Connected to proxy localRank 2 -> connection 0x7967dc005198
uranus:500335:500597 [3] NCCL INFO New proxy send connection 5 from local rank 0, transport 0
uranus:500335:500599 [3] NCCL INFO Connected all rings, use ring PXN 0 GDR 1
uranus:500335:501467 [3] NCCL INFO Assigned NET plugin Socket to comm
uranus:500335:501467 [3] NCCL INFO Using network Socket
uranus:500335:501467 [3] NCCL INFO ncclCommInitRankConfig comm 0x57b58b42d420 rank 3 nranks 4 cudaDev 3 nvmlDev 3 busId e1000 commId 0xdd43597040c597d1 - Init START
uranus:500335:501467 [3] NCCL INFO NET/Socket : GPU Direct RDMA Disabled for HCA 0 'enp160s0f0np0'
uranus:500335:501467 [3] NCCL INFO Setting affinity for GPU 3 to 1,3,5,7,9,11,13,15,65,67,69,71,73,75,77,79
uranus:500335:501467 [3] NCCL INFO NVLS multicast support is not available on dev 3 (NVLS_NCHANNELS 0)
uranus:500335:501467 [3] NCCL INFO comm 0x57b58b42d420 rank 3 nRanks 4 nNodes 1 localRanks 4 localRank 3 MNNVL 0
uranus:500335:501467 [3] NCCL INFO Trees [0] -1/-1/-1->3->2 [1] -1/-1/-1->3->2
uranus:500335:501467 [3] NCCL INFO P2P Chunksize set to 131072
uranus:500335:501473 [3] NCCL INFO [Proxy Service UDS] Device 3 CPU core 65
uranus:500335:501469 [3] NCCL INFO [Proxy Service] Device 3 CPU core 67
uranus:500335:501467 [3] NCCL INFO threadThresholds 8/8/64 | 32/8/64 | 512 | 512
uranus:500335:501467 [3] NCCL INFO 2 coll channels, 2 collnet channels, 0 nvls channels, 2 p2p channels, 2 p2p channels per peer
uranus:500335:501467 [3] NCCL INFO ncclCommInitRankConfig comm 0x57b58b42d420 rank 3 nranks 4 cudaDev 3 nvmlDev 3 busId e1000 commId 0xdd43597040c597d1 - Init COMPLETE
uranus:500335:501467 [3] NCCL INFO Init timings - ncclCommInitRankConfig: rank 3 nranks 4 total 0.03 (kernels 0.00, alloc 0.00, bootstrap 0.00, allgathers 0.00, topo 0.02, graphs 0.00, connections 0.00, rest 0.00)
uranus:500335:501469 [3] NCCL INFO New proxy recv connection 0 from local rank 3, transport 1
uranus:500335:501477 [3] NCCL INFO Connected to proxy localRank 3 -> connection 0x74a840004f40
uranus:500335:501469 [3] NCCL INFO New proxy recv connection 1 from local rank 3, transport 1
uranus:500335:501477 [3] NCCL INFO Connected to proxy localRank 3 -> connection 0x74a840004fb8
uranus:500335:501469 [3] NCCL INFO New proxy send connection 2 from local rank 3, transport 1
uranus:500335:501477 [3] NCCL INFO Connected to proxy localRank 3 -> connection 0x74a840005030
uranus:500335:501477 [3] NCCL INFO Channel 00 : 3[3] -> 0[0] via SHM/direct/direct
uranus:500335:501469 [3] NCCL INFO New proxy send connection 3 from local rank 3, transport 1
uranus:500335:501477 [3] NCCL INFO Connected to proxy localRank 3 -> connection 0x74a8400050a8
uranus:500335:501477 [3] NCCL INFO Channel 01 : 3[3] -> 0[0] via SHM/direct/direct
uranus:500335:501469 [3] NCCL INFO New proxy send connection 4 from local rank 2, transport 0
uranus:500335:501477 [3] NCCL INFO Connected to proxy localRank 0 -> connection 0x70a4a0005200
uranus:500335:501469 [3] NCCL INFO New proxy send connection 5 from local rank 0, transport 0
uranus:500335:501477 [3] NCCL INFO Connected to proxy localRank 2 -> connection 0x796618005198
uranus:500335:501477 [3] NCCL INFO Connected all rings, use ring PXN 0 GDR 1
