uranus:500333:500333 [1] NCCL INFO cudaDriverVersion 13020
uranus:500333:500333 [1] NCCL INFO NCCL_SOCKET_IFNAME set to enp160s0f0np0
uranus:500333:500333 [1] NCCL INFO NCCL version 2.27.5+cuda12.9
uranus:500333:500333 [1] NCCL INFO NET/Plugin: Could not find: libnccl-net.so. 
uranus:500333:500333 [1] NCCL INFO NET/Socket : Using [0]enp160s0f0np0:10.1.0.5<0>
uranus:500333:500333 [1] NCCL INFO Initialized NET plugin Socket
uranus:500333:500333 [1] NCCL INFO Assigned NET plugin Socket to comm
uranus:500333:500333 [1] NCCL INFO Using network Socket
uranus:500333:500333 [1] NCCL INFO ncclCommInitRank comm 0x63a424e43d00 rank 1 nranks 4 cudaDev 1 nvmlDev 1 busId 61000 commId 0xf21b7144b5a0ee8 - Init START
uranus:500333:500333 [1] NCCL INFO RAS client listening socket at 127.0.0.1<28028>
uranus:500333:500333 [1] NCCL INFO NET/Socket : GPU Direct RDMA Disabled for HCA 0 'enp160s0f0np0'
uranus:500333:500333 [1] NCCL INFO Setting affinity for GPU 1 to 0,2,4,6,8,10,12,14,64,66,68,70,72,74,76,78
uranus:500333:500333 [1] NCCL INFO NVLS multicast support is not available on dev 1 (NVLS_NCHANNELS 0)
uranus:500333:500333 [1] NCCL INFO comm 0x63a424e43d00 rank 1 nRanks 4 nNodes 1 localRanks 4 localRank 1 MNNVL 0
uranus:500333:500333 [1] NCCL INFO Trees [0] 2/-1/-1->1->0 [1] 2/-1/-1->1->0
uranus:500333:500333 [1] NCCL INFO P2P Chunksize set to 131072
uranus:500333:500333 [1] NCCL INFO PROFILER/Plugin: Could not find: libnccl-profiler.so. 
uranus:500333:500594 [1] NCCL INFO [Proxy Service UDS] Device 1 CPU core 78
uranus:500333:500593 [1] NCCL INFO [Proxy Service] Device 1 CPU core 76
uranus:500333:500333 [1] NCCL INFO threadThresholds 8/8/64 | 32/8/64 | 512 | 512
uranus:500333:500333 [1] NCCL INFO 2 coll channels, 2 collnet channels, 0 nvls channels, 2 p2p channels, 2 p2p channels per peer
uranus:500333:500333 [1] NCCL INFO TUNER/Plugin: Could not find: libnccl-tuner.so. Using internal tuner plugin.
uranus:500333:500333 [1] NCCL INFO ncclCommInitRank comm 0x63a424e43d00 rank 1 nranks 4 cudaDev 1 nvmlDev 1 busId 61000 commId 0xf21b7144b5a0ee8 - Init COMPLETE
uranus:500333:500333 [1] NCCL INFO Init timings - ncclCommInitRank: rank 1 nranks 4 total 0.55 (kernels 0.44, alloc 0.03, bootstrap 0.02, allgathers 0.00, topo 0.02, graphs 0.01, connections 0.01, rest 0.02)
uranus:500333:500593 [1] NCCL INFO New proxy recv connection 0 from local rank 1, transport 1
uranus:500333:500601 [1] NCCL INFO Connected to proxy localRank 1 -> connection 0x71b220004f40
uranus:500333:500593 [1] NCCL INFO New proxy recv connection 1 from local rank 1, transport 1
uranus:500333:500601 [1] NCCL INFO Connected to proxy localRank 1 -> connection 0x71b220004fb8
uranus:500333:500593 [1] NCCL INFO New proxy send connection 2 from local rank 1, transport 1
uranus:500333:500601 [1] NCCL INFO Connected to proxy localRank 1 -> connection 0x71b220005030
uranus:500333:500601 [1] NCCL INFO Channel 00 : 1[1] -> 2[2] via SHM/direct/direct
uranus:500333:500593 [1] NCCL INFO New proxy send connection 3 from local rank 1, transport 1
uranus:500333:500601 [1] NCCL INFO Connected to proxy localRank 1 -> connection 0x71b2200050a8
uranus:500333:500601 [1] NCCL INFO Channel 01 : 1[1] -> 2[2] via SHM/direct/direct
uranus:500333:500593 [1] NCCL INFO New proxy send connection 4 from local rank 0, transport 0
uranus:500333:500601 [1] NCCL INFO Connected to proxy localRank 2 -> connection 0x7967dc005120
uranus:500333:500593 [1] NCCL INFO New proxy send connection 5 from local rank 2, transport 0
uranus:500333:500601 [1] NCCL INFO Connected to proxy localRank 0 -> connection 0x70a658005198
uranus:500333:500601 [1] NCCL INFO Connected all rings, use ring PXN 0 GDR 1
