ganymede:657209:657209 [3] NCCL INFO cudaDriverVersion 13020
ganymede:657209:657209 [3] NCCL INFO NCCL_SOCKET_IFNAME set to eno12399np0
ganymede:657209:657209 [3] NCCL INFO NCCL version 2.27.5+cuda12.9
ganymede:657209:657209 [3] NCCL INFO NET/Plugin: Could not find: libnccl-net.so. 
ganymede:657209:657209 [3] NCCL INFO NET/Socket : Using [0]eno12399np0:10.1.0.3<0>
ganymede:657209:657209 [3] NCCL INFO Initialized NET plugin Socket
ganymede:657209:657209 [3] NCCL INFO Assigned NET plugin Socket to comm
ganymede:657209:657209 [3] NCCL INFO Using network Socket
ganymede:657209:657209 [3] NCCL INFO ncclCommInitRank comm 0x63bc393d42b0 rank 3 nranks 4 cudaDev 3 nvmlDev 3 busId 61000 commId 0x98dffc5cb4b8d95a - Init START
ganymede:657209:657209 [3] NCCL INFO RAS client listening socket at 127.0.0.1<28028>
ganymede:657209:657209 [3] NCCL INFO NET/Socket : GPU Direct RDMA Disabled for HCA 0 'eno12399np0'
ganymede:657209:657209 [3] NCCL INFO Setting affinity for GPU 3 to 0,2,4,6,8,10,12,14,64,66,68,70,72,74,76,78
ganymede:657209:657209 [3] NCCL INFO NVLS multicast support is not available on dev 3 (NVLS_NCHANNELS 0)
ganymede:657209:657209 [3] NCCL INFO comm 0x63bc393d42b0 rank 3 nRanks 4 nNodes 1 localRanks 4 localRank 3 MNNVL 0
ganymede:657209:657209 [3] NCCL INFO Trees [0] -1/-1/-1->3->2 [1] -1/-1/-1->3->2
ganymede:657209:657209 [3] NCCL INFO P2P Chunksize set to 131072
ganymede:657209:657209 [3] NCCL INFO PROFILER/Plugin: Could not find: libnccl-profiler.so. 
ganymede:657209:657470 [3] NCCL INFO [Proxy Service UDS] Device 3 CPU core 72
ganymede:657209:657468 [3] NCCL INFO [Proxy Service] Device 3 CPU core 0
ganymede:657209:657209 [3] NCCL INFO threadThresholds 8/8/64 | 32/8/64 | 512 | 512
ganymede:657209:657209 [3] NCCL INFO 2 coll channels, 2 collnet channels, 0 nvls channels, 2 p2p channels, 2 p2p channels per peer
ganymede:657209:657209 [3] NCCL INFO TUNER/Plugin: Could not find: libnccl-tuner.so. Using internal tuner plugin.
ganymede:657209:657209 [3] NCCL INFO ncclCommInitRank comm 0x63bc393d42b0 rank 3 nranks 4 cudaDev 3 nvmlDev 3 busId 61000 commId 0x98dffc5cb4b8d95a - Init COMPLETE
ganymede:657209:657209 [3] NCCL INFO Init timings - ncclCommInitRank: rank 3 nranks 4 total 0.24 (kernels 0.19, alloc 0.01, bootstrap 0.00, allgathers 0.00, topo 0.02, graphs 0.00, connections 0.01, rest 0.01)
ganymede:657209:657468 [3] NCCL INFO New proxy recv connection 0 from local rank 3, transport 1
ganymede:657209:657474 [3] NCCL INFO Connected to proxy localRank 3 -> connection 0x73da20004f40
ganymede:657209:657468 [3] NCCL INFO New proxy recv connection 1 from local rank 3, transport 1
ganymede:657209:657474 [3] NCCL INFO Connected to proxy localRank 3 -> connection 0x73da20004fb8
ganymede:657209:657468 [3] NCCL INFO New proxy send connection 2 from local rank 3, transport 1
ganymede:657209:657474 [3] NCCL INFO Connected to proxy localRank 3 -> connection 0x73da20005030
ganymede:657209:657474 [3] NCCL INFO Channel 00 : 3[3] -> 0[0] via SHM/direct/direct
ganymede:657209:657468 [3] NCCL INFO New proxy send connection 3 from local rank 3, transport 1
ganymede:657209:657474 [3] NCCL INFO Connected to proxy localRank 3 -> connection 0x73da200050a8
ganymede:657209:657474 [3] NCCL INFO Channel 01 : 3[3] -> 0[0] via SHM/direct/direct
ganymede:657209:657468 [3] NCCL INFO New proxy send connection 4 from local rank 2, transport 0
ganymede:657209:657474 [3] NCCL INFO Connected to proxy localRank 0 -> connection 0x799e74005120
ganymede:657209:657474 [3] NCCL INFO Connected to proxy localRank 2 -> connection 0x72e0a4005198
ganymede:657209:657468 [3] NCCL INFO New proxy send connection 5 from local rank 0, transport 0
ganymede:657209:657474 [3] NCCL INFO Connected all rings, use ring PXN 0 GDR 1
