ganymede:657206:657206 [0] NCCL INFO NCCL_SOCKET_IFNAME set to eno12399np0
ganymede:657206:657206 [0] NCCL INFO cudaDriverVersion 13020
ganymede:657206:657206 [0] NCCL INFO NCCL version 2.27.5+cuda12.9
ganymede:657206:657206 [0] NCCL INFO NET/Plugin: Could not find: libnccl-net.so. 
ganymede:657206:657206 [0] NCCL INFO NET/Socket : Using [0]eno12399np0:10.1.0.3<0>
ganymede:657206:657206 [0] NCCL INFO Initialized NET plugin Socket
ganymede:657206:657206 [0] NCCL INFO Assigned NET plugin Socket to comm
ganymede:657206:657206 [0] NCCL INFO Using network Socket
ganymede:657206:657206 [0] NCCL INFO ncclCommInitRank comm 0x5aa207167a40 rank 0 nranks 4 cudaDev 0 nvmlDev 0 busId d000 commId 0x98dffc5cb4b8d95a - Init START
ganymede:657206:657206 [0] NCCL INFO RAS client listening socket at 127.0.0.1<28028>
ganymede:657206:657206 [0] NCCL INFO NET/Socket : GPU Direct RDMA Disabled for HCA 0 'eno12399np0'
ganymede:657206:657206 [0] NCCL INFO Setting affinity for GPU 0 to 0,2,4,6,8,10,12,14,64,66,68,70,72,74,76,78
ganymede:657206:657206 [0] NCCL INFO NVLS multicast support is not available on dev 0 (NVLS_NCHANNELS 0)
ganymede:657206:657206 [0] NCCL INFO comm 0x5aa207167a40 rank 0 nRanks 4 nNodes 1 localRanks 4 localRank 0 MNNVL 0
ganymede:657206:657206 [0] NCCL INFO Channel 00/02 : 0 1 2 3
ganymede:657206:657206 [0] NCCL INFO Channel 01/02 : 0 1 2 3
ganymede:657206:657206 [0] NCCL INFO Trees [0] 1/-1/-1->0->-1 [1] 1/-1/-1->0->-1
ganymede:657206:657206 [0] NCCL INFO P2P Chunksize set to 131072
ganymede:657206:657206 [0] NCCL INFO PROFILER/Plugin: Could not find: libnccl-profiler.so. 
ganymede:657206:657206 [0] NCCL INFO Check P2P Type isAllDirectP2p 0 directMode 0
ganymede:657206:657472 [0] NCCL INFO [Proxy Service UDS] Device 0 CPU core 78
ganymede:657206:657471 [0] NCCL INFO [Proxy Service] Device 0 CPU core 76
ganymede:657206:657206 [0] NCCL INFO threadThresholds 8/8/64 | 32/8/64 | 512 | 512
ganymede:657206:657206 [0] NCCL INFO 2 coll channels, 2 collnet channels, 0 nvls channels, 2 p2p channels, 2 p2p channels per peer
ganymede:657206:657206 [0] NCCL INFO CC Off, workFifoBytes 1048576
ganymede:657206:657206 [0] NCCL INFO TUNER/Plugin: Could not find: libnccl-tuner.so. Using internal tuner plugin.
ganymede:657206:657206 [0] NCCL INFO ncclCommInitRank comm 0x5aa207167a40 rank 0 nranks 4 cudaDev 0 nvmlDev 0 busId d000 commId 0x98dffc5cb4b8d95a - Init COMPLETE
ganymede:657206:657206 [0] NCCL INFO Init timings - ncclCommInitRank: rank 0 nranks 4 total 0.25 (kernels 0.19, alloc 0.01, bootstrap 0.02, allgathers 0.00, topo 0.02, graphs 0.00, connections 0.01, rest 0.01)
ganymede:657206:657471 [0] NCCL INFO New proxy recv connection 0 from local rank 0, transport 1
ganymede:657206:657475 [0] NCCL INFO Connected to proxy localRank 0 -> connection 0x799e74004f40
ganymede:657206:657471 [0] NCCL INFO New proxy recv connection 1 from local rank 0, transport 1
ganymede:657206:657475 [0] NCCL INFO Connected to proxy localRank 0 -> connection 0x799e74004fb8
ganymede:657206:657471 [0] NCCL INFO New proxy send connection 2 from local rank 0, transport 1
ganymede:657206:657475 [0] NCCL INFO Connected to proxy localRank 0 -> connection 0x799e74005030
ganymede:657206:657475 [0] NCCL INFO Channel 00 : 0[0] -> 1[1] via SHM/direct/direct
ganymede:657206:657471 [0] NCCL INFO New proxy send connection 3 from local rank 0, transport 1
ganymede:657206:657475 [0] NCCL INFO Connected to proxy localRank 0 -> connection 0x799e740050a8
ganymede:657206:657475 [0] NCCL INFO Channel 01 : 0[0] -> 1[1] via SHM/direct/direct
ganymede:657206:657471 [0] NCCL INFO New proxy send connection 4 from local rank 3, transport 0
ganymede:657206:657475 [0] NCCL INFO Connected to proxy localRank 1 -> connection 0x77abb8005120
ganymede:657206:657471 [0] NCCL INFO New proxy send connection 5 from local rank 1, transport 0
ganymede:657206:657475 [0] NCCL INFO Connected to proxy localRank 3 -> connection 0x73da20005198
ganymede:657206:657475 [0] NCCL INFO Connected all rings, use ring PXN 0 GDR 1
