ganymede:657208:657208 [2] NCCL INFO cudaDriverVersion 13020
ganymede:657208:657208 [2] NCCL INFO NCCL_SOCKET_IFNAME set to eno12399np0
ganymede:657208:657208 [2] NCCL INFO NCCL version 2.27.5+cuda12.9
ganymede:657208:657208 [2] NCCL INFO NET/Plugin: Could not find: libnccl-net.so. 
ganymede:657208:657208 [2] NCCL INFO NET/Socket : Using [0]eno12399np0:10.1.0.3<0>
ganymede:657208:657208 [2] NCCL INFO Initialized NET plugin Socket
ganymede:657208:657208 [2] NCCL INFO Assigned NET plugin Socket to comm
ganymede:657208:657208 [2] NCCL INFO Using network Socket
ganymede:657208:657208 [2] NCCL INFO ncclCommInitRank comm 0x5708c73a8a20 rank 2 nranks 4 cudaDev 2 nvmlDev 2 busId 4a000 commId 0x98dffc5cb4b8d95a - Init START
ganymede:657208:657208 [2] NCCL INFO RAS client listening socket at 127.0.0.1<28028>
ganymede:657208:657208 [2] NCCL INFO NET/Socket : GPU Direct RDMA Disabled for HCA 0 'eno12399np0'
ganymede:657208:657208 [2] NCCL INFO Setting affinity for GPU 2 to 0,2,4,6,8,10,12,14,64,66,68,70,72,74,76,78
ganymede:657208:657208 [2] NCCL INFO NVLS multicast support is not available on dev 2 (NVLS_NCHANNELS 0)
ganymede:657208:657208 [2] NCCL INFO comm 0x5708c73a8a20 rank 2 nRanks 4 nNodes 1 localRanks 4 localRank 2 MNNVL 0
ganymede:657208:657208 [2] NCCL INFO Trees [0] 3/-1/-1->2->1 [1] 3/-1/-1->2->1
ganymede:657208:657208 [2] NCCL INFO P2P Chunksize set to 131072
ganymede:657208:657208 [2] NCCL INFO PROFILER/Plugin: Could not find: libnccl-profiler.so. 
ganymede:657208:657466 [2] NCCL INFO [Proxy Service UDS] Device 2 CPU core 76
ganymede:657208:657465 [2] NCCL INFO [Proxy Service] Device 2 CPU core 72
ganymede:657208:657208 [2] NCCL INFO threadThresholds 8/8/64 | 32/8/64 | 512 | 512
ganymede:657208:657208 [2] NCCL INFO 2 coll channels, 2 collnet channels, 0 nvls channels, 2 p2p channels, 2 p2p channels per peer
ganymede:657208:657208 [2] NCCL INFO TUNER/Plugin: Could not find: libnccl-tuner.so. Using internal tuner plugin.
ganymede:657208:657208 [2] NCCL INFO ncclCommInitRank comm 0x5708c73a8a20 rank 2 nranks 4 cudaDev 2 nvmlDev 2 busId 4a000 commId 0x98dffc5cb4b8d95a - Init COMPLETE
ganymede:657208:657208 [2] NCCL INFO Init timings - ncclCommInitRank: rank 2 nranks 4 total 0.23 (kernels 0.18, alloc 0.01, bootstrap 0.00, allgathers 0.00, topo 0.02, graphs 0.00, connections 0.01, rest 0.01)
ganymede:657208:657465 [2] NCCL INFO New proxy recv connection 0 from local rank 2, transport 1
ganymede:657208:657476 [2] NCCL INFO Connected to proxy localRank 2 -> connection 0x72e0a4004f40
ganymede:657208:657465 [2] NCCL INFO New proxy recv connection 1 from local rank 2, transport 1
ganymede:657208:657476 [2] NCCL INFO Connected to proxy localRank 2 -> connection 0x72e0a4004fb8
ganymede:657208:657465 [2] NCCL INFO New proxy send connection 2 from local rank 2, transport 1
ganymede:657208:657476 [2] NCCL INFO Connected to proxy localRank 2 -> connection 0x72e0a4005030
ganymede:657208:657476 [2] NCCL INFO Channel 00 : 2[2] -> 3[3] via SHM/direct/direct
ganymede:657208:657465 [2] NCCL INFO New proxy send connection 3 from local rank 2, transport 1
ganymede:657208:657476 [2] NCCL INFO Connected to proxy localRank 2 -> connection 0x72e0a40050a8
ganymede:657208:657476 [2] NCCL INFO Channel 01 : 2[2] -> 3[3] via SHM/direct/direct
ganymede:657208:657465 [2] NCCL INFO New proxy send connection 4 from local rank 1, transport 0
ganymede:657208:657476 [2] NCCL INFO Connected to proxy localRank 3 -> connection 0x73da20005120
ganymede:657208:657476 [2] NCCL INFO Connected to proxy localRank 1 -> connection 0x77abb8005198
ganymede:657208:657465 [2] NCCL INFO New proxy send connection 5 from local rank 3, transport 0
ganymede:657208:657476 [2] NCCL INFO Connected all rings, use ring PXN 0 GDR 1
ganymede:657208:657827 [2] NCCL INFO Assigned NET plugin Socket to comm
ganymede:657208:657827 [2] NCCL INFO Using network Socket
ganymede:657208:657827 [2] NCCL INFO ncclCommInitRankConfig comm 0x5708e83c2fe0 rank 2 nranks 4 cudaDev 2 nvmlDev 2 busId 4a000 commId 0xd60ae0757ae625a9 - Init START
ganymede:657208:657827 [2] NCCL INFO NET/Socket : GPU Direct RDMA Disabled for HCA 0 'eno12399np0'
ganymede:657208:657827 [2] NCCL INFO Setting affinity for GPU 2 to 0,2,4,6,8,10,12,14,64,66,68,70,72,74,76,78
ganymede:657208:657827 [2] NCCL INFO NVLS multicast support is not available on dev 2 (NVLS_NCHANNELS 0)
ganymede:657208:657827 [2] NCCL INFO comm 0x5708e83c2fe0 rank 2 nRanks 4 nNodes 1 localRanks 4 localRank 2 MNNVL 0
ganymede:657208:657827 [2] NCCL INFO Trees [0] 3/-1/-1->2->1 [1] 3/-1/-1->2->1
ganymede:657208:657827 [2] NCCL INFO P2P Chunksize set to 131072
ganymede:657208:657834 [2] NCCL INFO [Proxy Service UDS] Device 2 CPU core 0
ganymede:657208:657831 [2] NCCL INFO [Proxy Service] Device 2 CPU core 10
ganymede:657208:657827 [2] NCCL INFO threadThresholds 8/8/64 | 32/8/64 | 512 | 512
ganymede:657208:657827 [2] NCCL INFO 2 coll channels, 2 collnet channels, 0 nvls channels, 2 p2p channels, 2 p2p channels per peer
ganymede:657208:657827 [2] NCCL INFO ncclCommInitRankConfig comm 0x5708e83c2fe0 rank 2 nranks 4 cudaDev 2 nvmlDev 2 busId 4a000 commId 0xd60ae0757ae625a9 - Init COMPLETE
ganymede:657208:657827 [2] NCCL INFO Init timings - ncclCommInitRankConfig: rank 2 nranks 4 total 0.04 (kernels 0.00, alloc 0.00, bootstrap 0.00, allgathers 0.00, topo 0.02, graphs 0.00, connections 0.01, rest 0.00)
ganymede:657208:657831 [2] NCCL INFO New proxy recv connection 0 from local rank 2, transport 1
ganymede:657208:657839 [2] NCCL INFO Connected to proxy localRank 2 -> connection 0x72ded4004f40
ganymede:657208:657831 [2] NCCL INFO New proxy recv connection 1 from local rank 2, transport 1
ganymede:657208:657839 [2] NCCL INFO Connected to proxy localRank 2 -> connection 0x72ded4004fb8
ganymede:657208:657831 [2] NCCL INFO New proxy send connection 2 from local rank 2, transport 1
ganymede:657208:657839 [2] NCCL INFO Connected to proxy localRank 2 -> connection 0x72ded4005030
ganymede:657208:657839 [2] NCCL INFO Channel 00 : 2[2] -> 3[3] via SHM/direct/direct
ganymede:657208:657831 [2] NCCL INFO New proxy send connection 3 from local rank 2, transport 1
ganymede:657208:657839 [2] NCCL INFO Connected to proxy localRank 2 -> connection 0x72ded40050a8
ganymede:657208:657839 [2] NCCL INFO Channel 01 : 2[2] -> 3[3] via SHM/direct/direct
ganymede:657208:657831 [2] NCCL INFO New proxy send connection 4 from local rank 1, transport 0
ganymede:657208:657839 [2] NCCL INFO Connected to proxy localRank 3 -> connection 0x73d85c005120
ganymede:657208:657839 [2] NCCL INFO Connected to proxy localRank 1 -> connection 0x77a9f8005198
ganymede:657208:657831 [2] NCCL INFO New proxy send connection 5 from local rank 3, transport 0
ganymede:657208:657839 [2] NCCL INFO Connected all rings, use ring PXN 0 GDR 1
