uranus:500334:500334 [2] NCCL INFO cudaDriverVersion 13020
uranus:500334:500334 [2] NCCL INFO NCCL_SOCKET_IFNAME set to enp160s0f0np0
uranus:500334:500334 [2] NCCL INFO NCCL version 2.27.5+cuda12.9
uranus:500334:500334 [2] NCCL INFO NET/Plugin: Could not find: libnccl-net.so. 
uranus:500334:500334 [2] NCCL INFO NET/Socket : Using [0]enp160s0f0np0:10.1.0.5<0>
uranus:500334:500334 [2] NCCL INFO Initialized NET plugin Socket
uranus:500334:500334 [2] NCCL INFO Assigned NET plugin Socket to comm
uranus:500334:500334 [2] NCCL INFO Using network Socket
uranus:500334:500334 [2] NCCL INFO ncclCommInitRank comm 0x5c5371d65c50 rank 2 nranks 4 cudaDev 2 nvmlDev 2 busId ca000 commId 0xf21b7144b5a0ee8 - Init START
uranus:500334:500334 [2] NCCL INFO RAS client listening socket at 127.0.0.1<28028>
uranus:500334:500334 [2] NCCL INFO NET/Socket : GPU Direct RDMA Disabled for HCA 0 'enp160s0f0np0'
uranus:500334:500334 [2] NCCL INFO Setting affinity for GPU 2 to 1,3,5,7,9,11,13,15,65,67,69,71,73,75,77,79
uranus:500334:500334 [2] NCCL INFO NVLS multicast support is not available on dev 2 (NVLS_NCHANNELS 0)
uranus:500334:500334 [2] NCCL INFO comm 0x5c5371d65c50 rank 2 nRanks 4 nNodes 1 localRanks 4 localRank 2 MNNVL 0
uranus:500334:500334 [2] NCCL INFO Trees [0] 3/-1/-1->2->1 [1] 3/-1/-1->2->1
uranus:500334:500334 [2] NCCL INFO P2P Chunksize set to 131072
uranus:500334:500334 [2] NCCL INFO PROFILER/Plugin: Could not find: libnccl-profiler.so. 
uranus:500334:500592 [2] NCCL INFO [Proxy Service UDS] Device 2 CPU core 77
uranus:500334:500591 [2] NCCL INFO [Proxy Service] Device 2 CPU core 7
uranus:500334:500334 [2] NCCL INFO threadThresholds 8/8/64 | 32/8/64 | 512 | 512
uranus:500334:500334 [2] NCCL INFO 2 coll channels, 2 collnet channels, 0 nvls channels, 2 p2p channels, 2 p2p channels per peer
uranus:500334:500334 [2] NCCL INFO TUNER/Plugin: Could not find: libnccl-tuner.so. Using internal tuner plugin.
uranus:500334:500334 [2] NCCL INFO ncclCommInitRank comm 0x5c5371d65c50 rank 2 nranks 4 cudaDev 2 nvmlDev 2 busId ca000 commId 0xf21b7144b5a0ee8 - Init COMPLETE
uranus:500334:500334 [2] NCCL INFO Init timings - ncclCommInitRank: rank 2 nranks 4 total 0.55 (kernels 0.45, alloc 0.03, bootstrap 0.02, allgathers 0.01, topo 0.02, graphs 0.00, connections 0.01, rest 0.02)
uranus:500334:500591 [2] NCCL INFO New proxy recv connection 0 from local rank 2, transport 1
uranus:500334:500600 [2] NCCL INFO Connected to proxy localRank 2 -> connection 0x7967dc004f40
uranus:500334:500591 [2] NCCL INFO New proxy recv connection 1 from local rank 2, transport 1
uranus:500334:500600 [2] NCCL INFO Connected to proxy localRank 2 -> connection 0x7967dc004fb8
uranus:500334:500591 [2] NCCL INFO New proxy send connection 2 from local rank 2, transport 1
uranus:500334:500600 [2] NCCL INFO Connected to proxy localRank 2 -> connection 0x7967dc005030
uranus:500334:500600 [2] NCCL INFO Channel 00 : 2[2] -> 3[3] via SHM/direct/direct
uranus:500334:500591 [2] NCCL INFO New proxy send connection 3 from local rank 2, transport 1
uranus:500334:500600 [2] NCCL INFO Connected to proxy localRank 2 -> connection 0x7967dc0050a8
uranus:500334:500600 [2] NCCL INFO Channel 01 : 2[2] -> 3[3] via SHM/direct/direct
uranus:500334:500600 [2] NCCL INFO Connected to proxy localRank 3 -> connection 0x74a9fc005120
uranus:500334:500591 [2] NCCL INFO New proxy send connection 4 from local rank 1, transport 0
uranus:500334:500600 [2] NCCL INFO Connected to proxy localRank 1 -> connection 0x71b220005198
uranus:500334:500591 [2] NCCL INFO New proxy send connection 5 from local rank 3, transport 0
uranus:500334:500600 [2] NCCL INFO Connected all rings, use ring PXN 0 GDR 1
uranus:500334:501466 [2] NCCL INFO Assigned NET plugin Socket to comm
uranus:500334:501466 [2] NCCL INFO Using network Socket
uranus:500334:501466 [2] NCCL INFO ncclCommInitRankConfig comm 0x5c539336c9a0 rank 2 nranks 4 cudaDev 2 nvmlDev 2 busId ca000 commId 0xdd43597040c597d1 - Init START
uranus:500334:501466 [2] NCCL INFO NET/Socket : GPU Direct RDMA Disabled for HCA 0 'enp160s0f0np0'
uranus:500334:501466 [2] NCCL INFO Setting affinity for GPU 2 to 1,3,5,7,9,11,13,15,65,67,69,71,73,75,77,79
uranus:500334:501466 [2] NCCL INFO NVLS multicast support is not available on dev 2 (NVLS_NCHANNELS 0)
uranus:500334:501466 [2] NCCL INFO comm 0x5c539336c9a0 rank 2 nRanks 4 nNodes 1 localRanks 4 localRank 2 MNNVL 0
uranus:500334:501466 [2] NCCL INFO Trees [0] 3/-1/-1->2->1 [1] 3/-1/-1->2->1
uranus:500334:501466 [2] NCCL INFO P2P Chunksize set to 131072
uranus:500334:501474 [2] NCCL INFO [Proxy Service UDS] Device 2 CPU core 73
uranus:500334:501470 [2] NCCL INFO [Proxy Service] Device 2 CPU core 11
uranus:500334:501466 [2] NCCL INFO threadThresholds 8/8/64 | 32/8/64 | 512 | 512
uranus:500334:501466 [2] NCCL INFO 2 coll channels, 2 collnet channels, 0 nvls channels, 2 p2p channels, 2 p2p channels per peer
uranus:500334:501466 [2] NCCL INFO ncclCommInitRankConfig comm 0x5c539336c9a0 rank 2 nranks 4 cudaDev 2 nvmlDev 2 busId ca000 commId 0xdd43597040c597d1 - Init COMPLETE
uranus:500334:501466 [2] NCCL INFO Init timings - ncclCommInitRankConfig: rank 2 nranks 4 total 0.03 (kernels 0.00, alloc 0.00, bootstrap 0.00, allgathers 0.00, topo 0.02, graphs 0.00, connections 0.00, rest 0.00)
uranus:500334:501470 [2] NCCL INFO New proxy recv connection 0 from local rank 2, transport 1
uranus:500334:501478 [2] NCCL INFO Connected to proxy localRank 2 -> connection 0x796618004f40
uranus:500334:501470 [2] NCCL INFO New proxy recv connection 1 from local rank 2, transport 1
uranus:500334:501478 [2] NCCL INFO Connected to proxy localRank 2 -> connection 0x796618004fb8
uranus:500334:501470 [2] NCCL INFO New proxy send connection 2 from local rank 2, transport 1
uranus:500334:501478 [2] NCCL INFO Connected to proxy localRank 2 -> connection 0x796618005030
uranus:500334:501478 [2] NCCL INFO Channel 00 : 2[2] -> 3[3] via SHM/direct/direct
uranus:500334:501470 [2] NCCL INFO New proxy send connection 3 from local rank 2, transport 1
uranus:500334:501478 [2] NCCL INFO Connected to proxy localRank 2 -> connection 0x7966180050a8
uranus:500334:501478 [2] NCCL INFO Channel 01 : 2[2] -> 3[3] via SHM/direct/direct
uranus:500334:501470 [2] NCCL INFO New proxy send connection 4 from local rank 1, transport 0
uranus:500334:501478 [2] NCCL INFO Connected to proxy localRank 3 -> connection 0x74a840005120
uranus:500334:501470 [2] NCCL INFO New proxy send connection 5 from local rank 3, transport 0
uranus:500334:501478 [2] NCCL INFO Connected to proxy localRank 1 -> connection 0x71b060005198
uranus:500334:501478 [2] NCCL INFO Connected all rings, use ring PXN 0 GDR 1
uranus:500334:501634 [2] NCCL INFO Assigned NET plugin Socket to comm
uranus:500334:501634 [2] NCCL INFO Using network Socket
uranus:500334:501634 [2] NCCL INFO ncclCommInitRank comm 0x79661c011110 rank 0 nranks 2 cudaDev 2 nvmlDev 2 busId ca000 commId 0x1a73429bd16c26ef - Init START
uranus:500334:501634 [2] NCCL INFO NET/Socket : GPU Direct RDMA Disabled for HCA 0 'enp160s0f0np0'
uranus:500334:501634 [2] NCCL INFO Setting affinity for GPU 2 to 1,3,5,7,9,11,13,15,65,67,69,71,73,75,77,79
uranus:500334:501634 [2] NCCL INFO comm 0x79661c011110 rank 0 nRanks 2 nNodes 2 localRanks 1 localRank 0 MNNVL 0
uranus:500334:501634 [2] NCCL INFO Channel 00/02 : 0 1
uranus:500334:501634 [2] NCCL INFO Channel 01/02 : 0 1
uranus:500334:501634 [2] NCCL INFO Trees [0] 1/-1/-1->0->-1 [1] -1/-1/-1->0->1
uranus:500334:501634 [2] NCCL INFO P2P Chunksize set to 131072
uranus:500334:501634 [2] NCCL INFO Check P2P Type isAllDirectP2p 0 directMode 0
uranus:500334:501813 [2] NCCL INFO [Proxy Service] Device 2 CPU core 75
uranus:500334:501814 [2] NCCL INFO [Proxy Service UDS] Device 2 CPU core 67
uranus:500334:501634 [2] NCCL INFO threadThresholds 8/8/64 | 16/8/64 | 512 | 512
uranus:500334:501634 [2] NCCL INFO 2 coll channels, 2 collnet channels, 0 nvls channels, 2 p2p channels, 2 p2p channels per peer
uranus:500334:501634 [2] NCCL INFO CC Off, workFifoBytes 1048576
uranus:500334:501634 [2] NCCL INFO ncclCommInitRank comm 0x79661c011110 rank 0 nranks 2 cudaDev 2 nvmlDev 2 busId ca000 commId 0x1a73429bd16c26ef - Init COMPLETE
uranus:500334:501634 [2] NCCL INFO Init timings - ncclCommInitRank: rank 0 nranks 2 total 0.04 (kernels 0.00, alloc 0.00, bootstrap 0.00, allgathers 0.02, topo 0.01, graphs 0.00, connections 0.00, rest 0.00)
uranus:500334:501813 [2] NCCL INFO New proxy send connection 0 from local rank 0, transport 2
uranus:500334:501925 [2] NCCL INFO Connected to proxy localRank 0 -> connection 0x7955cc005380
uranus:500334:501928 [2] NCCL INFO [Proxy Progress] Device 2 CPU core 75
uranus:500334:501925 [2] NCCL INFO Channel 00/1 : 0[2] -> 1[2] [send] via NET/Socket/0/Shared
uranus:500334:501813 [2] NCCL INFO New proxy send connection 1 from local rank 0, transport 2
uranus:500334:501925 [2] NCCL INFO Connected to proxy localRank 0 -> connection 0x7955cc0053f8
uranus:500334:501925 [2] NCCL INFO Channel 01/1 : 0[2] -> 1[2] [send] via NET/Socket/0/Shared
