[NVGPUFREQ][INFO] The spank nvgpufreq plugin has been loaded!
[NVGPUFREQ][ERROR] Failed to retrive the job ID from slurmctld! Exit!
host=uranus node_group=uranus role=prefill instance_id=primary mode=reset
scheduled_gpu=l40s scheduled_freq_mhz=480 gpu_id=0
gpu_clock_control_mode=manual
gpu_startup_clock_mode=max
defer_instance_telemetry_until_ready=true
clock_ack_mode=monitor
tensor_parallel_size=4
max_num_seqs=32
max_model_len=4096 max_num_batched_tokens=4096
node_ip=10.1.0.5 peer_ip=10.1.0.3 interface=enp160s0f0np0
CUDA_VISIBLE_DEVICES=0,1,2,3
enp160s0f0np0    UP             10.1.0.5/16 fe80::6e92:cfff:fe5e:da60/64 
10.1.0.3 dev enp160s0f0np0 src 10.1.0.5 uid 10271 
    cache 
link_speed_mbps=100000
link_mtu=1500
index, name, memory.total [MiB], driver_version
0, NVIDIA L40S, 46068 MiB, 595.71.05
1, NVIDIA L40S, 46068 MiB, 595.71.05
2, NVIDIA L40S, 46068 MiB, 595.71.05
3, NVIDIA L40S, 46068 MiB, 595.71.05
parent_reset_step=true host=uranus gpu_ids=0,1,2,3 rec_freq_mhz=480
reset_command_initial=sudo_nvidia_smi_rgc
All done.
All done.
All done.
All done.
{
  "physical_gpu_id": 0,
  "cuda_visible_devices": "0",
  "iterations": 9110,
  "active_samples": 19,
  "active_clock_min_mhz": 2160.0,
  "active_clock_max_mhz": 2220.0,
  "active_clock_mean_mhz": 2190.0
}
reset_probe_active_min_mhz=2160 reset_probe_active_max_mhz=2220 gpu_max_mhz=2520 previous_rec_freq_mhz=480
reset_probe_departed_previous_target=true
reset_command_final=sudo_nvidia_smi_rgc
All done.
All done.
All done.
All done.
reset_gpu_clock_verified=true verification=double_rgc_final_operation host=uranus gpu_id=0
[NVGPUFREQ][INFO] The spank nvgpufreq plugin has been loaded!
[NVGPUFREQ][ERROR] Failed to retrive the job ID from slurmctld! Exit!
host=ganymede node_group=ganymede role=decode instance_id=primary mode=reset
scheduled_gpu=l4 scheduled_freq_mhz=360 gpu_id=0
gpu_clock_control_mode=manual
gpu_startup_clock_mode=max
defer_instance_telemetry_until_ready=true
clock_ack_mode=monitor
tensor_parallel_size=4
max_num_seqs=32
max_model_len=4096 max_num_batched_tokens=4096
node_ip=10.1.0.3 peer_ip=10.1.0.5 interface=eno12399np0
CUDA_VISIBLE_DEVICES=0,1,2,3
eno12399np0      UP             10.1.0.3/16 fe80::632:1ff:fe4d:80/64 
10.1.0.5 dev eno12399np0 src 10.1.0.3 uid 10271 
    cache 
link_speed_mbps=100000
link_mtu=1500
index, name, memory.total [MiB], driver_version
0, NVIDIA L4, 23034 MiB, 595.71.05
1, NVIDIA L4, 23034 MiB, 595.71.05
2, NVIDIA L4, 23034 MiB, 595.71.05
3, NVIDIA L4, 23034 MiB, 595.71.05
4, NVIDIA L4, 23034 MiB, 595.71.05
5, NVIDIA L4, 23034 MiB, 595.71.05
6, NVIDIA L4, 23034 MiB, 595.71.05
7, NVIDIA L4, 23034 MiB, 595.71.05
parent_reset_step=true host=ganymede gpu_ids=0,1,2,3 rec_freq_mhz=360
reset_command_initial=sudo_nvidia_smi_rgc
All done.
All done.
All done.
All done.
