{
  "scope": "two allocated GPU board-power telemetry; excludes CPU, RAM, NIC, and fans",
  "integration": "piecewise-linear trapezoidal integration",
  "sample_period_s": 0.5,
  "workloads": [
    {
      "seq": 1,
      "workload_id": "input_4032_burst",
      "start_unix_ts": 1785056102.6230373,
      "end_unix_ts": 1785056158.2794363,
      "duration_s": 55.65639901161194,
      "nodes": {
        "neptune_l40s": {
          "energy_j": 6503.243345854279,
          "energy_wh": 1.806456484959522,
          "covered_s": 55.65639901161194
        },
        "ganymede_l4": {
          "energy_j": 2820.60146260676,
          "energy_wh": 0.7835004062796556,
          "covered_s": 55.65639901161194
        }
      },
      "combined_energy_j": 9323.844808461039,
      "combined_energy_wh": 2.5899568912391775,
      "combined_avg_power_w": 167.52511793865332,
      "successful_requests": 32,
      "energy_per_request_j": 291.37015026440747
    },
    {
      "seq": 2,
      "workload_id": "input_4095_limit",
      "start_unix_ts": 1785056160.1339667,
      "end_unix_ts": 1785056208.1238806,
      "duration_s": 47.98991394042969,
      "nodes": {
        "neptune_l40s": {
          "energy_j": 3326.5576414610946,
          "energy_wh": 0.9240437892947485,
          "covered_s": 47.98991394042969
        },
        "ganymede_l4": {
          "energy_j": 1423.6721917269404,
          "energy_wh": 0.3954644977019279,
          "covered_s": 47.98991394042969
        }
      },
      "combined_energy_j": 4750.229833188035,
      "combined_energy_wh": 1.3195082869966763,
      "combined_avg_power_w": 98.98392064391984,
      "successful_requests": 32,
      "energy_per_request_j": 148.44468228712608
    },
    {
      "seq": 3,
      "workload_id": "input_4095_burst",
      "start_unix_ts": 1785056211.0823777,
      "end_unix_ts": 1785056247.7411056,
      "duration_s": 36.6587278842926,
      "nodes": {
        "neptune_l40s": {
          "energy_j": 2444.697058037519,
          "energy_wh": 0.6790825161215331,
          "covered_s": 36.11683773994446
        },
        "ganymede_l4": {
          "energy_j": 1045.4076350077162,
          "energy_wh": 0.2903910097243656,
          "covered_s": 36.07255411148071
        }
      },
      "combined_energy_j": 3490.1046930452353,
      "combined_energy_wh": 0.9694735258458987,
      "combined_avg_power_w": 95.20528655716564,
      "successful_requests": 32,
      "energy_per_request_j": 109.0657716576636
    }
  ],
  "telemetry_total": {
    "neptune_l40s": {
      "energy_j": 21006.34312716245,
      "energy_wh": 5.83509531310068,
      "covered_s": 276.02086663246155,
      "average_power_w": 76.10418510544591
    },
    "ganymede_l4": {
      "energy_j": 8856.466578879352,
      "energy_wh": 2.4601296052442643,
      "covered_s": 275.89185547828674,
      "average_power_w": 32.10122518305501
    }
  },
  "telemetry_total_energy_j": 29862.8097060418,
  "telemetry_total_energy_wh": 8.295224918344944,
  "reset_probe_energy_j": 1847.6453059363366,
  "reset_probe_energy_wh": 0.513234807204538,
  "total_recorded_gpu_energy_j": 31710.455011978138,
  "total_recorded_gpu_energy_wh": 8.808459725549483
}
