neptune:3387792:3388900 [0] NCCL INFO NCCL_SOCKET_IFNAME set to enp160s0f0np0
neptune:3387792:3388900 [0] NCCL INFO cudaDriverVersion 13020
neptune:3387792:3388900 [0] NCCL INFO NCCL version 2.27.5+cuda12.9
neptune:3387792:3388900 [0] NCCL INFO NET/Plugin: Could not find: libnccl-net.so. 
neptune:3387792:3388900 [0] NCCL INFO NET/Socket : Using [0]enp160s0f0np0:10.1.0.6<0>
neptune:3387792:3388900 [0] NCCL INFO Initialized NET plugin Socket
neptune:3387792:3388900 [0] NCCL INFO Assigned NET plugin Socket to comm
neptune:3387792:3388900 [0] NCCL INFO Using network Socket
neptune:3387792:3388900 [0] NCCL INFO ncclCommInitRank comm 0x7ce3c4031880 rank 0 nranks 2 cudaDev 0 nvmlDev 0 busId 4a000 commId 0x9cafe0226351e7af - Init START
neptune:3387792:3388900 [0] NCCL INFO RAS client listening socket at 127.0.0.1<28028>
neptune:3387792:3388900 [0] NCCL INFO NET/Socket : GPU Direct RDMA Disabled for HCA 0 'enp160s0f0np0'
neptune:3387792:3388900 [0] NCCL INFO Setting affinity for GPU 0 to 0,2,4,6,64,66,68,70
neptune:3387792:3388900 [0] NCCL INFO comm 0x7ce3c4031880 rank 0 nRanks 2 nNodes 2 localRanks 1 localRank 0 MNNVL 0
neptune:3387792:3388900 [0] NCCL INFO Channel 00/16 : 0 1
neptune:3387792:3388900 [0] NCCL INFO Channel 01/16 : 0 1
neptune:3387792:3388900 [0] NCCL INFO Channel 02/16 : 0 1
neptune:3387792:3388900 [0] NCCL INFO Channel 03/16 : 0 1
neptune:3387792:3388900 [0] NCCL INFO Channel 04/16 : 0 1
neptune:3387792:3388900 [0] NCCL INFO Channel 05/16 : 0 1
neptune:3387792:3388900 [0] NCCL INFO Channel 06/16 : 0 1
neptune:3387792:3388900 [0] NCCL INFO Channel 07/16 : 0 1
neptune:3387792:3388900 [0] NCCL INFO Channel 08/16 : 0 1
neptune:3387792:3388900 [0] NCCL INFO Channel 09/16 : 0 1
neptune:3387792:3388900 [0] NCCL INFO Channel 10/16 : 0 1
neptune:3387792:3388900 [0] NCCL INFO Channel 11/16 : 0 1
neptune:3387792:3388900 [0] NCCL INFO Channel 12/16 : 0 1
neptune:3387792:3388900 [0] NCCL INFO Channel 13/16 : 0 1
neptune:3387792:3388900 [0] NCCL INFO Channel 14/16 : 0 1
neptune:3387792:3388900 [0] NCCL INFO Channel 15/16 : 0 1
neptune:3387792:3388900 [0] NCCL INFO Trees [0] 1/-1/-1->0->-1 [1] -1/-1/-1->0->1 [2] 1/-1/-1->0->-1 [3] -1/-1/-1->0->1 [4] 1/-1/-1->0->-1 [5] -1/-1/-1->0->1 [6] 1/-1/-1->0->-1 [7] -1/-1/-1->0->1 [8] 1/-1/-1->0->-1 [9] -1/-1/-1->0->1 [10] 1/-1/-1->0->-1 [11] -1/-1/-1->0->1 [12] 1/-1/-1->0->-1 [13] -1/-1/-1->0->1 [14] 1/-1/-1->0->-1 [15] -1/-1/-1->0->1
neptune:3387792:3388900 [0] NCCL INFO P2P Chunksize set to 131072
neptune:3387792:3388900 [0] NCCL INFO PROFILER/Plugin: Could not find: libnccl-profiler.so. 
neptune:3387792:3388900 [0] NCCL INFO Check P2P Type isAllDirectP2p 0 directMode 0
neptune:3387792:3389406 [0] NCCL INFO [Proxy Service] Device 0 CPU core 66
neptune:3387792:3389407 [0] NCCL INFO [Proxy Service UDS] Device 0 CPU core 70
neptune:3387792:3388900 [0] NCCL INFO threadThresholds 8/8/64 | 16/8/64 | 512 | 512
neptune:3387792:3388900 [0] NCCL INFO 16 coll channels, 16 collnet channels, 0 nvls channels, 16 p2p channels, 2 p2p channels per peer
neptune:3387792:3388900 [0] NCCL INFO CC Off, workFifoBytes 1048576
neptune:3387792:3388900 [0] NCCL INFO TUNER/Plugin: Could not find: libnccl-tuner.so. Using internal tuner plugin.
neptune:3387792:3388900 [0] NCCL INFO ncclCommInitRank comm 0x7ce3c4031880 rank 0 nranks 2 cudaDev 0 nvmlDev 0 busId 4a000 commId 0x9cafe0226351e7af - Init COMPLETE
neptune:3387792:3388900 [0] NCCL INFO Init timings - ncclCommInitRank: rank 0 nranks 2 total 0.28 (kernels 0.17, alloc 0.01, bootstrap 0.07, allgathers 0.01, topo 0.00, graphs 0.00, connections 0.01, rest 0.00)
neptune:3387792:3389406 [0] NCCL INFO New proxy send connection 0 from local rank 0, transport 2
neptune:3387792:3389408 [0] NCCL INFO Connected to proxy localRank 0 -> connection 0x7cddf0004f60
neptune:3387792:3389409 [0] NCCL INFO [Proxy Progress] Device 0 CPU core 70
neptune:3387792:3389408 [0] NCCL INFO Channel 01/1 : 0[0] -> 1[0] [send] via NET/Socket/0/Shared
neptune:3387792:3389406 [0] NCCL INFO New proxy send connection 1 from local rank 0, transport 2
neptune:3387792:3389408 [0] NCCL INFO Connected to proxy localRank 0 -> connection 0x7cddf0004fd8
neptune:3387792:3389408 [0] NCCL INFO Channel 09/1 : 0[0] -> 1[0] [send] via NET/Socket/0/Shared
neptune:3387792:3388900 [0] NCCL INFO Assigned NET plugin Socket to comm
neptune:3387792:3388900 [0] NCCL INFO Using network Socket
neptune:3387792:3388900 [0] NCCL INFO ncclCommInitRank comm 0x7ce3c7d714f0 rank 0 nranks 2 cudaDev 0 nvmlDev 0 busId 4a000 commId 0x8e797db6712cdd93 - Init START
neptune:3387792:3388900 [0] NCCL INFO NET/Socket : GPU Direct RDMA Disabled for HCA 0 'enp160s0f0np0'
neptune:3387792:3388900 [0] NCCL INFO Setting affinity for GPU 0 to 0,2,4,6,64,66,68,70
neptune:3387792:3388900 [0] NCCL INFO comm 0x7ce3c7d714f0 rank 0 nRanks 2 nNodes 2 localRanks 1 localRank 0 MNNVL 0
neptune:3387792:3388900 [0] NCCL INFO Channel 00/16 : 0 1
neptune:3387792:3388900 [0] NCCL INFO Channel 01/16 : 0 1
neptune:3387792:3388900 [0] NCCL INFO Channel 02/16 : 0 1
neptune:3387792:3388900 [0] NCCL INFO Channel 03/16 : 0 1
neptune:3387792:3388900 [0] NCCL INFO Channel 04/16 : 0 1
neptune:3387792:3388900 [0] NCCL INFO Channel 05/16 : 0 1
neptune:3387792:3388900 [0] NCCL INFO Channel 06/16 : 0 1
neptune:3387792:3388900 [0] NCCL INFO Channel 07/16 : 0 1
neptune:3387792:3388900 [0] NCCL INFO Channel 08/16 : 0 1
neptune:3387792:3388900 [0] NCCL INFO Channel 09/16 : 0 1
neptune:3387792:3388900 [0] NCCL INFO Channel 10/16 : 0 1
neptune:3387792:3388900 [0] NCCL INFO Channel 11/16 : 0 1
neptune:3387792:3388900 [0] NCCL INFO Channel 12/16 : 0 1
neptune:3387792:3388900 [0] NCCL INFO Channel 13/16 : 0 1
neptune:3387792:3388900 [0] NCCL INFO Channel 14/16 : 0 1
neptune:3387792:3388900 [0] NCCL INFO Channel 15/16 : 0 1
neptune:3387792:3388900 [0] NCCL INFO Trees [0] 1/-1/-1->0->-1 [1] -1/-1/-1->0->1 [2] 1/-1/-1->0->-1 [3] -1/-1/-1->0->1 [4] 1/-1/-1->0->-1 [5] -1/-1/-1->0->1 [6] 1/-1/-1->0->-1 [7] -1/-1/-1->0->1 [8] 1/-1/-1->0->-1 [9] -1/-1/-1->0->1 [10] 1/-1/-1->0->-1 [11] -1/-1/-1->0->1 [12] 1/-1/-1->0->-1 [13] -1/-1/-1->0->1 [14] 1/-1/-1->0->-1 [15] -1/-1/-1->0->1
neptune:3387792:3388900 [0] NCCL INFO P2P Chunksize set to 131072
neptune:3387792:3388900 [0] NCCL INFO Check P2P Type isAllDirectP2p 0 directMode 0
neptune:3387792:3394754 [0] NCCL INFO [Proxy Service] Device 0 CPU core 4
neptune:3387792:3394755 [0] NCCL INFO [Proxy Service UDS] Device 0 CPU core 64
neptune:3387792:3388900 [0] NCCL INFO threadThresholds 8/8/64 | 16/8/64 | 512 | 512
neptune:3387792:3388900 [0] NCCL INFO 16 coll channels, 16 collnet channels, 0 nvls channels, 16 p2p channels, 2 p2p channels per peer
neptune:3387792:3388900 [0] NCCL INFO CC Off, workFifoBytes 1048576
neptune:3387792:3388900 [0] NCCL INFO ncclCommInitRank comm 0x7ce3c7d714f0 rank 0 nranks 2 cudaDev 0 nvmlDev 0 busId 4a000 commId 0x8e797db6712cdd93 - Init COMPLETE
neptune:3387792:3388900 [0] NCCL INFO Init timings - ncclCommInitRank: rank 0 nranks 2 total 0.22 (kernels 0.00, alloc 0.00, bootstrap 0.21, allgathers 0.00, topo 0.01, graphs 0.00, connections 0.01, rest 0.00)
neptune:3387792:3394754 [0] NCCL INFO New proxy send connection 0 from local rank 0, transport 2
neptune:3387792:3394757 [0] NCCL INFO [Proxy Progress] Device 0 CPU core 6
neptune:3387792:3394756 [0] NCCL INFO Connected to proxy localRank 0 -> connection 0x7cdda0004f40
neptune:3387792:3394756 [0] NCCL INFO Channel 01/1 : 0[0] -> 1[1] [send] via NET/Socket/0/Shared
neptune:3387792:3394754 [0] NCCL INFO New proxy send connection 1 from local rank 0, transport 2
neptune:3387792:3394756 [0] NCCL INFO Connected to proxy localRank 0 -> connection 0x7cdda0004fb8
neptune:3387792:3394756 [0] NCCL INFO Channel 09/1 : 0[0] -> 1[1] [send] via NET/Socket/0/Shared
