ganymede:3701161:3702519 [0] NCCL INFO cudaDriverVersion 13020
ganymede:3701161:3702519 [0] NCCL INFO NCCL_SOCKET_IFNAME set to eno12399np0
ganymede:3701161:3702519 [0] NCCL INFO NCCL version 2.27.5+cuda12.9
ganymede:3701161:3702519 [0] NCCL INFO NET/Plugin: Could not find: libnccl-net.so. 
ganymede:3701161:3702519 [0] NCCL INFO NET/Socket : Using [0]eno12399np0:10.1.0.3<0>
ganymede:3701161:3702519 [0] NCCL INFO Initialized NET plugin Socket
ganymede:3701161:3702519 [0] NCCL INFO Assigned NET plugin Socket to comm
ganymede:3701161:3702519 [0] NCCL INFO Using network Socket
ganymede:3701161:3702519 [0] NCCL INFO ncclCommInitRank comm 0x7e2dd4027db0 rank 1 nranks 2 cudaDev 0 nvmlDev 0 busId d000 commId 0x9cafe0226351e7af - Init START
ganymede:3701161:3702519 [0] NCCL INFO RAS client listening socket at 127.0.0.1<28028>
ganymede:3701161:3702519 [0] NCCL INFO NET/Socket : GPU Direct RDMA Disabled for HCA 0 'eno12399np0'
ganymede:3701161:3702519 [0] NCCL INFO Setting affinity for GPU 0 to 0,2,4,6,64,66,68,70
ganymede:3701161:3702519 [0] NCCL INFO comm 0x7e2dd4027db0 rank 1 nRanks 2 nNodes 2 localRanks 1 localRank 0 MNNVL 0
ganymede:3701161:3702519 [0] NCCL INFO Trees [0] -1/-1/-1->1->0 [1] 0/-1/-1->1->-1 [2] -1/-1/-1->1->0 [3] 0/-1/-1->1->-1 [4] -1/-1/-1->1->0 [5] 0/-1/-1->1->-1 [6] -1/-1/-1->1->0 [7] 0/-1/-1->1->-1 [8] -1/-1/-1->1->0 [9] 0/-1/-1->1->-1 [10] -1/-1/-1->1->0 [11] 0/-1/-1->1->-1 [12] -1/-1/-1->1->0 [13] 0/-1/-1->1->-1 [14] -1/-1/-1->1->0 [15] 0/-1/-1->1->-1
ganymede:3701161:3702519 [0] NCCL INFO P2P Chunksize set to 131072
ganymede:3701161:3702519 [0] NCCL INFO PROFILER/Plugin: Could not find: libnccl-profiler.so. 
ganymede:3701161:3702746 [0] NCCL INFO [Proxy Service] Device 0 CPU core 64
ganymede:3701161:3702747 [0] NCCL INFO [Proxy Service UDS] Device 0 CPU core 4
ganymede:3701161:3702519 [0] NCCL INFO threadThresholds 8/8/64 | 16/8/64 | 512 | 512
ganymede:3701161:3702519 [0] NCCL INFO 16 coll channels, 16 collnet channels, 0 nvls channels, 16 p2p channels, 2 p2p channels per peer
ganymede:3701161:3702519 [0] NCCL INFO TUNER/Plugin: Could not find: libnccl-tuner.so. Using internal tuner plugin.
ganymede:3701161:3702519 [0] NCCL INFO ncclCommInitRank comm 0x7e2dd4027db0 rank 1 nranks 2 cudaDev 0 nvmlDev 0 busId d000 commId 0x9cafe0226351e7af - Init COMPLETE
ganymede:3701161:3702519 [0] NCCL INFO Init timings - ncclCommInitRank: rank 1 nranks 2 total 0.28 (kernels 0.21, alloc 0.02, bootstrap 0.00, allgathers 0.00, topo 0.00, graphs 0.00, connections 0.01, rest 0.02)
ganymede:3701161:3702746 [0] NCCL INFO New proxy recv connection 0 from local rank 0, transport 2
ganymede:3701161:3702748 [0] NCCL INFO Connected to proxy localRank 0 -> connection 0x7e2c88004f60
ganymede:3701161:3702749 [0] NCCL INFO [Proxy Progress] Device 0 CPU core 70
ganymede:3701161:3702748 [0] NCCL INFO Channel 01/1 : 0[0] -> 1[0] [receive] via NET/Socket/0/Shared
ganymede:3701161:3702746 [0] NCCL INFO New proxy recv connection 1 from local rank 0, transport 2
ganymede:3701161:3702748 [0] NCCL INFO Connected to proxy localRank 0 -> connection 0x7e2c88004fd8
ganymede:3701161:3702748 [0] NCCL INFO Channel 09/1 : 0[0] -> 1[0] [receive] via NET/Socket/0/Shared
