ganymede:3731080:3735367 [0] NCCL INFO cudaDriverVersion 13020
ganymede:3731080:3735367 [0] NCCL INFO NCCL_SOCKET_IFNAME set to eno12399np0
ganymede:3731080:3735367 [0] NCCL INFO NCCL version 2.27.5+cuda12.9
ganymede:3731080:3735367 [0] NCCL INFO NET/Plugin: Could not find: libnccl-net.so. 
ganymede:3731080:3735367 [0] NCCL INFO NET/Socket : Using [0]eno12399np0:10.1.0.3<0>
ganymede:3731080:3735367 [0] NCCL INFO Initialized NET plugin Socket
ganymede:3731080:3735367 [0] NCCL INFO Assigned NET plugin Socket to comm
ganymede:3731080:3735367 [0] NCCL INFO Using network Socket
ganymede:3731080:3735367 [0] NCCL INFO ncclCommInitRank comm 0x7d9318025920 rank 1 nranks 2 cudaDev 0 nvmlDev 5 busId b5000 commId 0x71129cf161c98e12 - Init START
ganymede:3731080:3735367 [0] NCCL INFO RAS client listening socket at 127.0.0.1<28028>
ganymede:3731080:3735367 [0] NCCL INFO NET/Socket : GPU Direct RDMA Disabled for HCA 0 'eno12399np0'
ganymede:3731080:3735367 [0] NCCL INFO comm 0x7d9318025920 rank 1 nRanks 2 nNodes 2 localRanks 1 localRank 0 MNNVL 0
ganymede:3731080:3735367 [0] NCCL INFO Trees [0] -1/-1/-1->1->0 [1] 0/-1/-1->1->-1 [2] -1/-1/-1->1->0 [3] 0/-1/-1->1->-1 [4] -1/-1/-1->1->0 [5] 0/-1/-1->1->-1 [6] -1/-1/-1->1->0 [7] 0/-1/-1->1->-1 [8] -1/-1/-1->1->0 [9] 0/-1/-1->1->-1 [10] -1/-1/-1->1->0 [11] 0/-1/-1->1->-1 [12] -1/-1/-1->1->0 [13] 0/-1/-1->1->-1 [14] -1/-1/-1->1->0 [15] 0/-1/-1->1->-1
ganymede:3731080:3735367 [0] NCCL INFO P2P Chunksize set to 131072
ganymede:3731080:3735367 [0] NCCL INFO PROFILER/Plugin: Could not find: libnccl-profiler.so. 
ganymede:3731080:3744937 [0] NCCL INFO [Proxy Service] Device 0 CPU core 42
ganymede:3731080:3744938 [0] NCCL INFO [Proxy Service UDS] Device 0 CPU core 46
ganymede:3731080:3735367 [0] NCCL INFO threadThresholds 8/8/64 | 16/8/64 | 512 | 512
ganymede:3731080:3735367 [0] NCCL INFO 16 coll channels, 16 collnet channels, 0 nvls channels, 16 p2p channels, 2 p2p channels per peer
ganymede:3731080:3735367 [0] NCCL INFO TUNER/Plugin: Could not find: libnccl-tuner.so. Using internal tuner plugin.
ganymede:3731080:3735367 [0] NCCL INFO ncclCommInitRank comm 0x7d9318025920 rank 1 nranks 2 cudaDev 0 nvmlDev 5 busId b5000 commId 0x71129cf161c98e12 - Init COMPLETE
ganymede:3731080:3735367 [0] NCCL INFO Init timings - ncclCommInitRank: rank 1 nranks 2 total 0.21 (kernels 0.17, alloc 0.01, bootstrap 0.00, allgathers 0.01, topo 0.00, graphs 0.00, connections 0.01, rest 0.00)
ganymede:3731080:3744937 [0] NCCL INFO New proxy recv connection 0 from local rank 0, transport 2
ganymede:3731080:3744939 [0] NCCL INFO Connected to proxy localRank 0 -> connection 0x7d91ac004f40
ganymede:3731080:3744948 [0] NCCL INFO [Proxy Progress] Device 0 CPU core 108
ganymede:3731080:3744939 [0] NCCL INFO Channel 01/1 : 0[1] -> 1[5] [receive] via NET/Socket/0/Shared
ganymede:3731080:3744937 [0] NCCL INFO New proxy recv connection 1 from local rank 0, transport 2
ganymede:3731080:3744939 [0] NCCL INFO Connected to proxy localRank 0 -> connection 0x7d91ac004fb8
ganymede:3731080:3744939 [0] NCCL INFO Channel 09/1 : 0[1] -> 1[5] [receive] via NET/Socket/0/Shared
ganymede:3731080:3735367 [0] NCCL INFO Assigned NET plugin Socket to comm
ganymede:3731080:3735367 [0] NCCL INFO Using network Socket
ganymede:3731080:3735367 [0] NCCL INFO ncclCommInitRank comm 0x7d931bde9270 rank 1 nranks 2 cudaDev 0 nvmlDev 5 busId b5000 commId 0xf2c201bcc7be2c66 - Init START
ganymede:3731080:3735367 [0] NCCL INFO NET/Socket : GPU Direct RDMA Disabled for HCA 0 'eno12399np0'
ganymede:3731080:3735367 [0] NCCL INFO comm 0x7d931bde9270 rank 1 nRanks 2 nNodes 2 localRanks 1 localRank 0 MNNVL 0
ganymede:3731080:3735367 [0] NCCL INFO Trees [0] -1/-1/-1->1->0 [1] 0/-1/-1->1->-1 [2] -1/-1/-1->1->0 [3] 0/-1/-1->1->-1 [4] -1/-1/-1->1->0 [5] 0/-1/-1->1->-1 [6] -1/-1/-1->1->0 [7] 0/-1/-1->1->-1 [8] -1/-1/-1->1->0 [9] 0/-1/-1->1->-1 [10] -1/-1/-1->1->0 [11] 0/-1/-1->1->-1 [12] -1/-1/-1->1->0 [13] 0/-1/-1->1->-1 [14] -1/-1/-1->1->0 [15] 0/-1/-1->1->-1
ganymede:3731080:3735367 [0] NCCL INFO P2P Chunksize set to 131072
ganymede:3731080:3767667 [0] NCCL INFO [Proxy Service] Device 0 CPU core 106
ganymede:3731080:3767668 [0] NCCL INFO [Proxy Service UDS] Device 0 CPU core 40
ganymede:3731080:3735367 [0] NCCL INFO threadThresholds 8/8/64 | 16/8/64 | 512 | 512
ganymede:3731080:3735367 [0] NCCL INFO 16 coll channels, 16 collnet channels, 0 nvls channels, 16 p2p channels, 2 p2p channels per peer
ganymede:3731080:3735367 [0] NCCL INFO ncclCommInitRank comm 0x7d931bde9270 rank 1 nranks 2 cudaDev 0 nvmlDev 5 busId b5000 commId 0xf2c201bcc7be2c66 - Init COMPLETE
ganymede:3731080:3735367 [0] NCCL INFO Init timings - ncclCommInitRank: rank 1 nranks 2 total 0.29 (kernels 0.00, alloc 0.00, bootstrap 0.00, allgathers 0.00, topo 0.01, graphs 0.00, connections 0.27, rest 0.00)
ganymede:3731080:3767667 [0] NCCL INFO New proxy recv connection 0 from local rank 0, transport 2
ganymede:3731080:3767707 [0] NCCL INFO Connected to proxy localRank 0 -> connection 0x7d9188004f40
ganymede:3731080:3767716 [0] NCCL INFO [Proxy Progress] Device 0 CPU core 110
ganymede:3731080:3767707 [0] NCCL INFO Channel 01/1 : 0[0] -> 1[5] [receive] via NET/Socket/0/Shared
ganymede:3731080:3767667 [0] NCCL INFO New proxy recv connection 1 from local rank 0, transport 2
ganymede:3731080:3767707 [0] NCCL INFO Connected to proxy localRank 0 -> connection 0x7d9188004fb8
ganymede:3731080:3767707 [0] NCCL INFO Channel 09/1 : 0[0] -> 1[5] [receive] via NET/Socket/0/Shared
ganymede:3731080:3735367 [0] NCCL INFO Assigned NET plugin Socket to comm
ganymede:3731080:3735367 [0] NCCL INFO Using network Socket
ganymede:3731080:3735367 [0] NCCL INFO ncclCommInitRank comm 0x7d916c000040 rank 1 nranks 2 cudaDev 0 nvmlDev 5 busId b5000 commId 0xb000649bc2ad3d8 - Init START
ganymede:3731080:3735367 [0] NCCL INFO NET/Socket : GPU Direct RDMA Disabled for HCA 0 'eno12399np0'
ganymede:3731080:3735367 [0] NCCL INFO comm 0x7d916c000040 rank 1 nRanks 2 nNodes 2 localRanks 1 localRank 0 MNNVL 0
ganymede:3731080:3735367 [0] NCCL INFO Trees [0] -1/-1/-1->1->0 [1] 0/-1/-1->1->-1 [2] -1/-1/-1->1->0 [3] 0/-1/-1->1->-1 [4] -1/-1/-1->1->0 [5] 0/-1/-1->1->-1 [6] -1/-1/-1->1->0 [7] 0/-1/-1->1->-1 [8] -1/-1/-1->1->0 [9] 0/-1/-1->1->-1 [10] -1/-1/-1->1->0 [11] 0/-1/-1->1->-1 [12] -1/-1/-1->1->0 [13] 0/-1/-1->1->-1 [14] -1/-1/-1->1->0 [15] 0/-1/-1->1->-1
ganymede:3731080:3735367 [0] NCCL INFO P2P Chunksize set to 131072
ganymede:3731080:3767861 [0] NCCL INFO [Proxy Service] Device 0 CPU core 110
ganymede:3731080:3767862 [0] NCCL INFO [Proxy Service UDS] Device 0 CPU core 44
ganymede:3731080:3735367 [0] NCCL INFO threadThresholds 8/8/64 | 16/8/64 | 512 | 512
ganymede:3731080:3735367 [0] NCCL INFO 16 coll channels, 16 collnet channels, 0 nvls channels, 16 p2p channels, 2 p2p channels per peer
ganymede:3731080:3735367 [0] NCCL INFO ncclCommInitRank comm 0x7d916c000040 rank 1 nranks 2 cudaDev 0 nvmlDev 5 busId b5000 commId 0xb000649bc2ad3d8 - Init COMPLETE
ganymede:3731080:3735367 [0] NCCL INFO Init timings - ncclCommInitRank: rank 1 nranks 2 total 0.68 (kernels 0.00, alloc 0.00, bootstrap 0.00, allgathers 0.07, topo 0.03, graphs 0.00, connections 0.58, rest 0.00)
ganymede:3731080:3767861 [0] NCCL INFO New proxy recv connection 0 from local rank 0, transport 2
ganymede:3731080:3767889 [0] NCCL INFO [Proxy Progress] Device 0 CPU core 46
ganymede:3731080:3767883 [0] NCCL INFO Connected to proxy localRank 0 -> connection 0x7d9184004c00
ganymede:3731080:3767883 [0] NCCL INFO Channel 01/1 : 0[2] -> 1[5] [receive] via NET/Socket/0/Shared
ganymede:3731080:3767861 [0] NCCL INFO New proxy recv connection 1 from local rank 0, transport 2
ganymede:3731080:3767883 [0] NCCL INFO Connected to proxy localRank 0 -> connection 0x7d9184004c78
ganymede:3731080:3767883 [0] NCCL INFO Channel 09/1 : 0[2] -> 1[5] [receive] via NET/Socket/0/Shared
