ganymede:3748237:3754065 [0] NCCL INFO cudaDriverVersion 13020
ganymede:3748237:3754065 [0] NCCL INFO NCCL_SOCKET_IFNAME set to eno12399np0
ganymede:3748237:3754065 [0] NCCL INFO NCCL version 2.27.5+cuda12.9
ganymede:3748237:3754065 [0] NCCL INFO NET/Plugin: Could not find: libnccl-net.so. 
ganymede:3748237:3754065 [0] NCCL INFO NET/Socket : Using [0]eno12399np0:10.1.0.3<0>
ganymede:3748237:3754065 [0] NCCL INFO Initialized NET plugin Socket
ganymede:3748237:3754065 [0] NCCL INFO Assigned NET plugin Socket to comm
ganymede:3748237:3754065 [0] NCCL INFO Using network Socket
ganymede:3748237:3754065 [0] NCCL INFO ncclCommInitRank comm 0x76cc68025930 rank 1 nranks 2 cudaDev 0 nvmlDev 6 busId ca000 commId 0x8849151a81995636 - Init START
ganymede:3748237:3754065 [0] NCCL INFO RAS client listening socket at 127.0.0.1<28028>
ganymede:3748237:3754065 [0] NCCL INFO NET/Socket : GPU Direct RDMA Disabled for HCA 0 'eno12399np0'
ganymede:3748237:3754065 [0] NCCL INFO comm 0x76cc68025930 rank 1 nRanks 2 nNodes 2 localRanks 1 localRank 0 MNNVL 0
ganymede:3748237:3754065 [0] NCCL INFO Trees [0] -1/-1/-1->1->0 [1] 0/-1/-1->1->-1 [2] -1/-1/-1->1->0 [3] 0/-1/-1->1->-1 [4] -1/-1/-1->1->0 [5] 0/-1/-1->1->-1 [6] -1/-1/-1->1->0 [7] 0/-1/-1->1->-1 [8] -1/-1/-1->1->0 [9] 0/-1/-1->1->-1 [10] -1/-1/-1->1->0 [11] 0/-1/-1->1->-1 [12] -1/-1/-1->1->0 [13] 0/-1/-1->1->-1 [14] -1/-1/-1->1->0 [15] 0/-1/-1->1->-1
ganymede:3748237:3754065 [0] NCCL INFO P2P Chunksize set to 131072
ganymede:3748237:3754065 [0] NCCL INFO PROFILER/Plugin: Could not find: libnccl-profiler.so. 
ganymede:3748237:3766520 [0] NCCL INFO [Proxy Service] Device 0 CPU core 112
ganymede:3748237:3766521 [0] NCCL INFO [Proxy Service UDS] Device 0 CPU core 114
ganymede:3748237:3754065 [0] NCCL INFO threadThresholds 8/8/64 | 16/8/64 | 512 | 512
ganymede:3748237:3754065 [0] NCCL INFO 16 coll channels, 16 collnet channels, 0 nvls channels, 16 p2p channels, 2 p2p channels per peer
ganymede:3748237:3754065 [0] NCCL INFO TUNER/Plugin: Could not find: libnccl-tuner.so. Using internal tuner plugin.
ganymede:3748237:3754065 [0] NCCL INFO ncclCommInitRank comm 0x76cc68025930 rank 1 nranks 2 cudaDev 0 nvmlDev 6 busId ca000 commId 0x8849151a81995636 - Init COMPLETE
ganymede:3748237:3754065 [0] NCCL INFO Init timings - ncclCommInitRank: rank 1 nranks 2 total 0.25 (kernels 0.20, alloc 0.03, bootstrap 0.00, allgathers 0.00, topo 0.01, graphs 0.00, connections 0.01, rest 0.00)
ganymede:3748237:3766520 [0] NCCL INFO New proxy recv connection 0 from local rank 0, transport 2
ganymede:3748237:3766523 [0] NCCL INFO Connected to proxy localRank 0 -> connection 0x76cb14004f60
ganymede:3748237:3766539 [0] NCCL INFO [Proxy Progress] Device 0 CPU core 116
ganymede:3748237:3766523 [0] NCCL INFO Channel 01/1 : 0[2] -> 1[6] [receive] via NET/Socket/0/Shared
ganymede:3748237:3766520 [0] NCCL INFO New proxy recv connection 1 from local rank 0, transport 2
ganymede:3748237:3766523 [0] NCCL INFO Connected to proxy localRank 0 -> connection 0x76cb14004fd8
ganymede:3748237:3766523 [0] NCCL INFO Channel 09/1 : 0[2] -> 1[6] [receive] via NET/Socket/0/Shared
ganymede:3748237:3754065 [0] NCCL INFO Assigned NET plugin Socket to comm
ganymede:3748237:3754065 [0] NCCL INFO Using network Socket
ganymede:3748237:3754065 [0] NCCL INFO ncclCommInitRank comm 0x76cc6bd3fc70 rank 1 nranks 2 cudaDev 0 nvmlDev 6 busId ca000 commId 0x30cb298c39d69816 - Init START
ganymede:3748237:3754065 [0] NCCL INFO NET/Socket : GPU Direct RDMA Disabled for HCA 0 'eno12399np0'
ganymede:3748237:3754065 [0] NCCL INFO comm 0x76cc6bd3fc70 rank 1 nRanks 2 nNodes 2 localRanks 1 localRank 0 MNNVL 0
ganymede:3748237:3754065 [0] NCCL INFO Trees [0] -1/-1/-1->1->0 [1] 0/-1/-1->1->-1 [2] -1/-1/-1->1->0 [3] 0/-1/-1->1->-1 [4] -1/-1/-1->1->0 [5] 0/-1/-1->1->-1 [6] -1/-1/-1->1->0 [7] 0/-1/-1->1->-1 [8] -1/-1/-1->1->0 [9] 0/-1/-1->1->-1 [10] -1/-1/-1->1->0 [11] 0/-1/-1->1->-1 [12] -1/-1/-1->1->0 [13] 0/-1/-1->1->-1 [14] -1/-1/-1->1->0 [15] 0/-1/-1->1->-1
ganymede:3748237:3754065 [0] NCCL INFO P2P Chunksize set to 131072
ganymede:3748237:3767660 [0] NCCL INFO [Proxy Service] Device 0 CPU core 116
ganymede:3748237:3767661 [0] NCCL INFO [Proxy Service UDS] Device 0 CPU core 48
ganymede:3748237:3754065 [0] NCCL INFO threadThresholds 8/8/64 | 16/8/64 | 512 | 512
ganymede:3748237:3754065 [0] NCCL INFO 16 coll channels, 16 collnet channels, 0 nvls channels, 16 p2p channels, 2 p2p channels per peer
ganymede:3748237:3754065 [0] NCCL INFO ncclCommInitRank comm 0x76cc6bd3fc70 rank 1 nranks 2 cudaDev 0 nvmlDev 6 busId ca000 commId 0x30cb298c39d69816 - Init COMPLETE
ganymede:3748237:3754065 [0] NCCL INFO Init timings - ncclCommInitRank: rank 1 nranks 2 total 0.05 (kernels 0.00, alloc 0.00, bootstrap 0.00, allgathers 0.01, topo 0.02, graphs 0.00, connections 0.02, rest 0.00)
ganymede:3748237:3767660 [0] NCCL INFO New proxy recv connection 0 from local rank 0, transport 2
ganymede:3748237:3767670 [0] NCCL INFO Connected to proxy localRank 0 -> connection 0x76cad8004f40
ganymede:3748237:3767670 [0] NCCL INFO Channel 01/1 : 0[1] -> 1[6] [receive] via NET/Socket/0/Shared
ganymede:3748237:3767681 [0] NCCL INFO [Proxy Progress] Device 0 CPU core 48
ganymede:3748237:3767660 [0] NCCL INFO New proxy recv connection 1 from local rank 0, transport 2
ganymede:3748237:3767670 [0] NCCL INFO Connected to proxy localRank 0 -> connection 0x76cad8004fb8
ganymede:3748237:3767670 [0] NCCL INFO Channel 09/1 : 0[1] -> 1[6] [receive] via NET/Socket/0/Shared
ganymede:3748237:3754065 [0] NCCL INFO Assigned NET plugin Socket to comm
ganymede:3748237:3754065 [0] NCCL INFO Using network Socket
ganymede:3748237:3754065 [0] NCCL INFO ncclCommInitRank comm 0x76cabc000040 rank 1 nranks 2 cudaDev 0 nvmlDev 6 busId ca000 commId 0x93b966286e874793 - Init START
ganymede:3748237:3754065 [0] NCCL INFO NET/Socket : GPU Direct RDMA Disabled for HCA 0 'eno12399np0'
ganymede:3748237:3754065 [0] NCCL INFO comm 0x76cabc000040 rank 1 nRanks 2 nNodes 2 localRanks 1 localRank 0 MNNVL 0
ganymede:3748237:3754065 [0] NCCL INFO Trees [0] -1/-1/-1->1->0 [1] 0/-1/-1->1->-1 [2] -1/-1/-1->1->0 [3] 0/-1/-1->1->-1 [4] -1/-1/-1->1->0 [5] 0/-1/-1->1->-1 [6] -1/-1/-1->1->0 [7] 0/-1/-1->1->-1 [8] -1/-1/-1->1->0 [9] 0/-1/-1->1->-1 [10] -1/-1/-1->1->0 [11] 0/-1/-1->1->-1 [12] -1/-1/-1->1->0 [13] 0/-1/-1->1->-1 [14] -1/-1/-1->1->0 [15] 0/-1/-1->1->-1
ganymede:3748237:3754065 [0] NCCL INFO P2P Chunksize set to 131072
ganymede:3748237:3767756 [0] NCCL INFO [Proxy Service UDS] Device 0 CPU core 114
ganymede:3748237:3767755 [0] NCCL INFO [Proxy Service] Device 0 CPU core 52
ganymede:3748237:3754065 [0] NCCL INFO threadThresholds 8/8/64 | 16/8/64 | 512 | 512
ganymede:3748237:3754065 [0] NCCL INFO 16 coll channels, 16 collnet channels, 0 nvls channels, 16 p2p channels, 2 p2p channels per peer
ganymede:3748237:3754065 [0] NCCL INFO ncclCommInitRank comm 0x76cabc000040 rank 1 nranks 2 cudaDev 0 nvmlDev 6 busId ca000 commId 0x93b966286e874793 - Init COMPLETE
ganymede:3748237:3754065 [0] NCCL INFO Init timings - ncclCommInitRank: rank 1 nranks 2 total 0.55 (kernels 0.00, alloc 0.00, bootstrap 0.00, allgathers 0.02, topo 0.04, graphs 0.00, connections 0.48, rest 0.00)
ganymede:3748237:3767755 [0] NCCL INFO New proxy recv connection 0 from local rank 0, transport 2
ganymede:3748237:3767811 [0] NCCL INFO [Proxy Progress] Device 0 CPU core 116
ganymede:3748237:3767808 [0] NCCL INFO Connected to proxy localRank 0 -> connection 0x76cab4004f40
ganymede:3748237:3767808 [0] NCCL INFO Channel 01/1 : 0[0] -> 1[6] [receive] via NET/Socket/0/Shared
ganymede:3748237:3767755 [0] NCCL INFO New proxy recv connection 1 from local rank 0, transport 2
ganymede:3748237:3767808 [0] NCCL INFO Connected to proxy localRank 0 -> connection 0x76cab4004fb8
ganymede:3748237:3767808 [0] NCCL INFO Channel 09/1 : 0[0] -> 1[6] [receive] via NET/Socket/0/Shared
