{
  "scope": "8 GPU board-power streams; excludes CPU, RAM, NIC, and fans",
  "power_source": "allocation_wide_multi_gpu_monitor",
  "gpu_stream_count": 8,
  "stream_metadata": {
    "ganymede_GPU-07e36d4f-3eca-a88d-1c31-445fc0d863e8": {
      "host": "ganymede",
      "gpu_uuid": "GPU-07e36d4f-3eca-a88d-1c31-445fc0d863e8",
      "gpu_index": "0",
      "source_file": "allocation_ganymede_power.csv"
    },
    "ganymede_GPU-1a75a85d-1f07-6519-507b-f1ff9def0ab9": {
      "host": "ganymede",
      "gpu_uuid": "GPU-1a75a85d-1f07-6519-507b-f1ff9def0ab9",
      "gpu_index": "1",
      "source_file": "allocation_ganymede_power.csv"
    },
    "ganymede_GPU-4c457bed-02f9-0e41-a2aa-223bc07a6d30": {
      "host": "ganymede",
      "gpu_uuid": "GPU-4c457bed-02f9-0e41-a2aa-223bc07a6d30",
      "gpu_index": "2",
      "source_file": "allocation_ganymede_power.csv"
    },
    "ganymede_GPU-4fcfdc09-de3b-156a-5d01-453f2b97235f": {
      "host": "ganymede",
      "gpu_uuid": "GPU-4fcfdc09-de3b-156a-5d01-453f2b97235f",
      "gpu_index": "3",
      "source_file": "allocation_ganymede_power.csv"
    },
    "neptune_GPU-35fd1bf9-5849-1263-ccc4-a5ccc837400f": {
      "host": "neptune",
      "gpu_uuid": "GPU-35fd1bf9-5849-1263-ccc4-a5ccc837400f",
      "gpu_index": "0",
      "source_file": "allocation_neptune_power.csv"
    },
    "neptune_GPU-a59fb458-a10d-49e3-c7e2-39daba72a66d": {
      "host": "neptune",
      "gpu_uuid": "GPU-a59fb458-a10d-49e3-c7e2-39daba72a66d",
      "gpu_index": "1",
      "source_file": "allocation_neptune_power.csv"
    },
    "neptune_GPU-ebc2e033-0d59-2451-884a-dfd75a4915e5": {
      "host": "neptune",
      "gpu_uuid": "GPU-ebc2e033-0d59-2451-884a-dfd75a4915e5",
      "gpu_index": "2",
      "source_file": "allocation_neptune_power.csv"
    },
    "neptune_GPU-5dbe54b5-dc6b-9e84-5431-1900a995efdc": {
      "host": "neptune",
      "gpu_uuid": "GPU-5dbe54b5-dc6b-9e84-5431-1900a995efdc",
      "gpu_index": "3",
      "source_file": "allocation_neptune_power.csv"
    }
  },
  "integration": "piecewise-linear trapezoidal integration",
  "sample_period_s": 0.5,
  "workloads": [
    {
      "seq": 1,
      "workload_id": "input8192_r1_o128",
      "start_unix_ts": 1785855175.892052,
      "end_unix_ts": 1785855201.7083886,
      "duration_s": 25.816336631774902,
      "nodes": {
        "ganymede_GPU-07e36d4f-3eca-a88d-1c31-445fc0d863e8": {
          "energy_j": 1255.7625156847114,
          "energy_wh": 0.34882292102353096,
          "covered_s": 25.816336631774902
        },
        "ganymede_GPU-1a75a85d-1f07-6519-507b-f1ff9def0ab9": {
          "energy_j": 1262.5428375070085,
          "energy_wh": 0.3507063437519468,
          "covered_s": 25.816336631774902
        },
        "ganymede_GPU-4c457bed-02f9-0e41-a2aa-223bc07a6d30": {
          "energy_j": 1240.1787439105842,
          "energy_wh": 0.34449409553071786,
          "covered_s": 25.816336631774902
        },
        "ganymede_GPU-4fcfdc09-de3b-156a-5d01-453f2b97235f": {
          "energy_j": 1245.426536057531,
          "energy_wh": 0.34595181557153637,
          "covered_s": 25.816336631774902
        },
        "neptune_GPU-35fd1bf9-5849-1263-ccc4-a5ccc837400f": {
          "energy_j": 2776.6737591060573,
          "energy_wh": 0.7712982664183493,
          "covered_s": 25.816336631774902
        },
        "neptune_GPU-a59fb458-a10d-49e3-c7e2-39daba72a66d": {
          "energy_j": 2884.3774720693978,
          "energy_wh": 0.8012159644637216,
          "covered_s": 25.816336631774902
        },
        "neptune_GPU-ebc2e033-0d59-2451-884a-dfd75a4915e5": {
          "energy_j": 2825.8553367967284,
          "energy_wh": 0.784959815776869,
          "covered_s": 25.816336631774902
        },
        "neptune_GPU-5dbe54b5-dc6b-9e84-5431-1900a995efdc": {
          "energy_j": 2850.325952826326,
          "energy_wh": 0.791757209118424,
          "covered_s": 25.816336631774902
        }
      },
      "gpu_stream_count": 8,
      "covered_gpu_stream_count": 8,
      "min_gpu_coverage_ratio": 1.0,
      "gpu_coverage_ratio": {
        "ganymede_GPU-07e36d4f-3eca-a88d-1c31-445fc0d863e8": 1.0,
        "ganymede_GPU-1a75a85d-1f07-6519-507b-f1ff9def0ab9": 1.0,
        "ganymede_GPU-4c457bed-02f9-0e41-a2aa-223bc07a6d30": 1.0,
        "ganymede_GPU-4fcfdc09-de3b-156a-5d01-453f2b97235f": 1.0,
        "neptune_GPU-35fd1bf9-5849-1263-ccc4-a5ccc837400f": 1.0,
        "neptune_GPU-a59fb458-a10d-49e3-c7e2-39daba72a66d": 1.0,
        "neptune_GPU-ebc2e033-0d59-2451-884a-dfd75a4915e5": 1.0,
        "neptune_GPU-5dbe54b5-dc6b-9e84-5431-1900a995efdc": 1.0
      },
      "host_energy_j": {
        "ganymede": 5003.910633159835,
        "neptune": 11337.23252079851
      },
      "combined_energy_j": 16341.143153958345,
      "combined_energy_wh": 4.539206431655096,
      "combined_avg_power_w": 632.9768389309569,
      "successful_requests": 12,
      "energy_per_request_j": 1361.7619294965286
    },
    {
      "seq": 2,
      "workload_id": "input8192_r2_o128",
      "start_unix_ts": 1785855221.8793037,
      "end_unix_ts": 1785855250.6758804,
      "duration_s": 28.796576738357544,
      "nodes": {
        "ganymede_GPU-07e36d4f-3eca-a88d-1c31-445fc0d863e8": {
          "energy_j": 1477.3921737905885,
          "energy_wh": 0.4103867149418301,
          "covered_s": 28.796576738357544
        },
        "ganymede_GPU-1a75a85d-1f07-6519-507b-f1ff9def0ab9": {
          "energy_j": 1462.645984690901,
          "energy_wh": 0.40629055130302805,
          "covered_s": 28.796576738357544
        },
        "ganymede_GPU-4c457bed-02f9-0e41-a2aa-223bc07a6d30": {
          "energy_j": 1447.6701658876354,
          "energy_wh": 0.4021306016354543,
          "covered_s": 28.796576738357544
        },
        "ganymede_GPU-4fcfdc09-de3b-156a-5d01-453f2b97235f": {
          "energy_j": 1445.7145899703721,
          "energy_wh": 0.40158738610288114,
          "covered_s": 28.796576738357544
        },
        "neptune_GPU-35fd1bf9-5849-1263-ccc4-a5ccc837400f": {
          "energy_j": 3026.48815385534,
          "energy_wh": 0.8406911538487055,
          "covered_s": 28.796576738357544
        },
        "neptune_GPU-a59fb458-a10d-49e3-c7e2-39daba72a66d": {
          "energy_j": 3193.792956332428,
          "energy_wh": 0.8871647100923411,
          "covered_s": 28.796576738357544
        },
        "neptune_GPU-ebc2e033-0d59-2451-884a-dfd75a4915e5": {
          "energy_j": 3136.15297131346,
          "energy_wh": 0.8711536031426278,
          "covered_s": 28.796576738357544
        },
        "neptune_GPU-5dbe54b5-dc6b-9e84-5431-1900a995efdc": {
          "energy_j": 3128.6339813692734,
          "energy_wh": 0.8690649948247982,
          "covered_s": 28.796576738357544
        }
      },
      "gpu_stream_count": 8,
      "covered_gpu_stream_count": 8,
      "min_gpu_coverage_ratio": 1.0,
      "gpu_coverage_ratio": {
        "ganymede_GPU-07e36d4f-3eca-a88d-1c31-445fc0d863e8": 1.0,
        "ganymede_GPU-1a75a85d-1f07-6519-507b-f1ff9def0ab9": 1.0,
        "ganymede_GPU-4c457bed-02f9-0e41-a2aa-223bc07a6d30": 1.0,
        "ganymede_GPU-4fcfdc09-de3b-156a-5d01-453f2b97235f": 1.0,
        "neptune_GPU-35fd1bf9-5849-1263-ccc4-a5ccc837400f": 1.0,
        "neptune_GPU-a59fb458-a10d-49e3-c7e2-39daba72a66d": 1.0,
        "neptune_GPU-ebc2e033-0d59-2451-884a-dfd75a4915e5": 1.0,
        "neptune_GPU-5dbe54b5-dc6b-9e84-5431-1900a995efdc": 1.0
      },
      "host_energy_j": {
        "ganymede": 5833.422914339497,
        "neptune": 12485.068062870501
      },
      "combined_energy_j": 18318.49097721,
      "combined_energy_wh": 5.088469715891667,
      "combined_avg_power_w": 636.1343274809971,
      "successful_requests": 24,
      "energy_per_request_j": 763.27045738375
    },
    {
      "seq": 3,
      "workload_id": "input8192_r4_o128",
      "start_unix_ts": 1785855270.940254,
      "end_unix_ts": 1785855311.9123614,
      "duration_s": 40.97210741043091,
      "nodes": {
        "ganymede_GPU-07e36d4f-3eca-a88d-1c31-445fc0d863e8": {
          "energy_j": 2095.3663122618464,
          "energy_wh": 0.5820461978505129,
          "covered_s": 40.97210741043091
        },
        "ganymede_GPU-1a75a85d-1f07-6519-507b-f1ff9def0ab9": {
          "energy_j": 2096.797746170513,
          "energy_wh": 0.5824438183806981,
          "covered_s": 40.97210741043091
        },
        "ganymede_GPU-4c457bed-02f9-0e41-a2aa-223bc07a6d30": {
          "energy_j": 2032.77825078631,
          "energy_wh": 0.5646606252184194,
          "covered_s": 40.97210741043091
        },
        "ganymede_GPU-4fcfdc09-de3b-156a-5d01-453f2b97235f": {
          "energy_j": 2051.9479749647535,
          "energy_wh": 0.5699855486013204,
          "covered_s": 40.97210741043091
        },
        "neptune_GPU-35fd1bf9-5849-1263-ccc4-a5ccc837400f": {
          "energy_j": 4817.378748919966,
          "energy_wh": 1.3381607635888795,
          "covered_s": 40.97210741043091
        },
        "neptune_GPU-a59fb458-a10d-49e3-c7e2-39daba72a66d": {
          "energy_j": 5052.038374255894,
          "energy_wh": 1.4033439928488596,
          "covered_s": 40.97210741043091
        },
        "neptune_GPU-ebc2e033-0d59-2451-884a-dfd75a4915e5": {
          "energy_j": 4950.769778472186,
          "energy_wh": 1.375213827353385,
          "covered_s": 40.97210741043091
        },
        "neptune_GPU-5dbe54b5-dc6b-9e84-5431-1900a995efdc": {
          "energy_j": 4920.109323830605,
          "energy_wh": 1.3666970343973903,
          "covered_s": 40.97210741043091
        }
      },
      "gpu_stream_count": 8,
      "covered_gpu_stream_count": 8,
      "min_gpu_coverage_ratio": 1.0,
      "gpu_coverage_ratio": {
        "ganymede_GPU-07e36d4f-3eca-a88d-1c31-445fc0d863e8": 1.0,
        "ganymede_GPU-1a75a85d-1f07-6519-507b-f1ff9def0ab9": 1.0,
        "ganymede_GPU-4c457bed-02f9-0e41-a2aa-223bc07a6d30": 1.0,
        "ganymede_GPU-4fcfdc09-de3b-156a-5d01-453f2b97235f": 1.0,
        "neptune_GPU-35fd1bf9-5849-1263-ccc4-a5ccc837400f": 1.0,
        "neptune_GPU-a59fb458-a10d-49e3-c7e2-39daba72a66d": 1.0,
        "neptune_GPU-ebc2e033-0d59-2451-884a-dfd75a4915e5": 1.0,
        "neptune_GPU-5dbe54b5-dc6b-9e84-5431-1900a995efdc": 1.0
      },
      "host_energy_j": {
        "ganymede": 8276.890284183424,
        "neptune": 19740.29622547865
      },
      "combined_energy_j": 28017.186509662075,
      "combined_energy_wh": 7.782551808239465,
      "combined_avg_power_w": 683.811214029213,
      "successful_requests": 48,
      "energy_per_request_j": 583.6913856179599
    },
    {
      "seq": 4,
      "workload_id": "input8192_r1_o512",
      "start_unix_ts": 1785855332.245402,
      "end_unix_ts": 1785855377.9071164,
      "duration_s": 45.66171431541443,
      "nodes": {
        "ganymede_GPU-07e36d4f-3eca-a88d-1c31-445fc0d863e8": {
          "energy_j": 2520.5955559316685,
          "energy_wh": 0.7001654322032412,
          "covered_s": 45.66171431541443
        },
        "ganymede_GPU-1a75a85d-1f07-6519-507b-f1ff9def0ab9": {
          "energy_j": 2507.1477947534886,
          "energy_wh": 0.6964299429870802,
          "covered_s": 45.66171431541443
        },
        "ganymede_GPU-4c457bed-02f9-0e41-a2aa-223bc07a6d30": {
          "energy_j": 2466.6385296382246,
          "energy_wh": 0.6851773693439512,
          "covered_s": 45.66171431541443
        },
        "ganymede_GPU-4fcfdc09-de3b-156a-5d01-453f2b97235f": {
          "energy_j": 2482.093863152534,
          "energy_wh": 0.6894705175423705,
          "covered_s": 45.66171431541443
        },
        "neptune_GPU-35fd1bf9-5849-1263-ccc4-a5ccc837400f": {
          "energy_j": 3554.533035958857,
          "energy_wh": 0.9873702877663492,
          "covered_s": 45.66171431541443
        },
        "neptune_GPU-a59fb458-a10d-49e3-c7e2-39daba72a66d": {
          "energy_j": 3797.5377656360124,
          "energy_wh": 1.054871601565559,
          "covered_s": 45.66171431541443
        },
        "neptune_GPU-ebc2e033-0d59-2451-884a-dfd75a4915e5": {
          "energy_j": 3672.5071552364902,
          "energy_wh": 1.0201408764545805,
          "covered_s": 45.66171431541443
        },
        "neptune_GPU-5dbe54b5-dc6b-9e84-5431-1900a995efdc": {
          "energy_j": 3647.9847259996855,
          "energy_wh": 1.0133290905554682,
          "covered_s": 45.66171431541443
        }
      },
      "gpu_stream_count": 8,
      "covered_gpu_stream_count": 8,
      "min_gpu_coverage_ratio": 1.0,
      "gpu_coverage_ratio": {
        "ganymede_GPU-07e36d4f-3eca-a88d-1c31-445fc0d863e8": 1.0,
        "ganymede_GPU-1a75a85d-1f07-6519-507b-f1ff9def0ab9": 1.0,
        "ganymede_GPU-4c457bed-02f9-0e41-a2aa-223bc07a6d30": 1.0,
        "ganymede_GPU-4fcfdc09-de3b-156a-5d01-453f2b97235f": 1.0,
        "neptune_GPU-35fd1bf9-5849-1263-ccc4-a5ccc837400f": 1.0,
        "neptune_GPU-a59fb458-a10d-49e3-c7e2-39daba72a66d": 1.0,
        "neptune_GPU-ebc2e033-0d59-2451-884a-dfd75a4915e5": 1.0,
        "neptune_GPU-5dbe54b5-dc6b-9e84-5431-1900a995efdc": 1.0
      },
      "host_energy_j": {
        "ganymede": 9976.475743475916,
        "neptune": 14672.562682831045
      },
      "combined_energy_j": 24649.03842630696,
      "combined_energy_wh": 6.846955118418601,
      "combined_avg_power_w": 539.8185065072331,
      "successful_requests": 16,
      "energy_per_request_j": 1540.564901644185
    }
  ],
  "telemetry_total": {
    "ganymede_GPU-07e36d4f-3eca-a88d-1c31-445fc0d863e8": {
      "energy_j": 11938.156396703731,
      "energy_wh": 3.316154554639925,
      "covered_s": 317.4112479686737,
      "average_power_w": 37.611006141414194
    },
    "ganymede_GPU-1a75a85d-1f07-6519-507b-f1ff9def0ab9": {
      "energy_j": 12444.10047131181,
      "energy_wh": 3.456694575364392,
      "covered_s": 317.4112479686737,
      "average_power_w": 39.204976354650036
    },
    "ganymede_GPU-4c457bed-02f9-0e41-a2aa-223bc07a6d30": {
      "energy_j": 12145.55417592883,
      "energy_wh": 3.3737650488691195,
      "covered_s": 317.4112479686737,
      "average_power_w": 38.264410141910005
    },
    "ganymede_GPU-4fcfdc09-de3b-156a-5d01-453f2b97235f": {
      "energy_j": 12291.254566501377,
      "energy_wh": 3.414237379583716,
      "covered_s": 317.4112479686737,
      "average_power_w": 38.72343732353946
    },
    "neptune_GPU-35fd1bf9-5849-1263-ccc4-a5ccc837400f": {
      "energy_j": 25398.12943784594,
      "energy_wh": 7.055035954957205,
      "covered_s": 317.2758140563965,
      "average_power_w": 80.05063201360619
    },
    "neptune_GPU-a59fb458-a10d-49e3-c7e2-39daba72a66d": {
      "energy_j": 29349.383506854734,
      "energy_wh": 8.15260652968187,
      "covered_s": 317.2758140563965,
      "average_power_w": 92.50432023676981
    },
    "neptune_GPU-ebc2e033-0d59-2451-884a-dfd75a4915e5": {
      "energy_j": 28497.347822438467,
      "energy_wh": 7.915929950677352,
      "covered_s": 317.2758140563965,
      "average_power_w": 89.81884707219757
    },
    "neptune_GPU-5dbe54b5-dc6b-9e84-5431-1900a995efdc": {
      "energy_j": 26003.695648860925,
      "energy_wh": 7.223248791350257,
      "covered_s": 317.2758140563965,
      "average_power_w": 81.95927485427147
    }
  },
  "host_total_energy_j": {
    "ganymede": 48819.065610445745,
    "neptune": 109248.55641600008
  },
  "telemetry_total_energy_j": 158067.6220264458,
  "telemetry_total_energy_wh": 43.907672785123836,
  "reset_probe_energy_j": 0,
  "reset_probe_energy_wh": 0.0,
  "total_recorded_gpu_energy_j": 158067.6220264458,
  "total_recorded_gpu_energy_wh": 43.907672785123836
}
