ganymede:4142208:4142208 [0] NCCL INFO NCCL_SOCKET_IFNAME set to eno12399np0
ganymede:4142208:4142208 [0] NCCL INFO cudaDriverVersion 13020
ganymede:4142208:4142208 [0] NCCL INFO NCCL version 2.27.5+cuda12.9
ganymede:4142208:4142208 [0] NCCL INFO NET/Plugin: Could not find: libnccl-net.so. 
ganymede:4142208:4142208 [0] NCCL INFO NET/Socket : Using [0]eno12399np0:10.1.0.3<0>
ganymede:4142208:4142208 [0] NCCL INFO Initialized NET plugin Socket
ganymede:4142208:4142208 [0] NCCL INFO Assigned NET plugin Socket to comm
ganymede:4142208:4142208 [0] NCCL INFO Using network Socket
ganymede:4142208:4142208 [0] NCCL INFO ncclCommInitRank comm 0x570ac60e40e0 rank 0 nranks 4 cudaDev 0 nvmlDev 0 busId d000 commId 0x85960397f20e414c - Init START
ganymede:4142208:4142208 [0] NCCL INFO RAS client listening socket at 127.0.0.1<28028>
ganymede:4142208:4142208 [0] NCCL INFO NET/Socket : GPU Direct RDMA Disabled for HCA 0 'eno12399np0'
ganymede:4142208:4142208 [0] NCCL INFO Setting affinity for GPU 0 to 0,2,4,6,8,10,12,14,16,18,20,22,24,26,28,30,64,66,68,70,72,74,76,78,80,82,84,86,88,90,92,94
ganymede:4142208:4142208 [0] NCCL INFO NVLS multicast support is not available on dev 0 (NVLS_NCHANNELS 0)
ganymede:4142208:4142208 [0] NCCL INFO comm 0x570ac60e40e0 rank 0 nRanks 4 nNodes 1 localRanks 4 localRank 0 MNNVL 0
ganymede:4142208:4142208 [0] NCCL INFO Channel 00/02 : 0 1 2 3
ganymede:4142208:4142208 [0] NCCL INFO Channel 01/02 : 0 1 2 3
ganymede:4142208:4142208 [0] NCCL INFO Trees [0] 1/-1/-1->0->-1 [1] 1/-1/-1->0->-1
ganymede:4142208:4142208 [0] NCCL INFO P2P Chunksize set to 131072
ganymede:4142208:4142208 [0] NCCL INFO PROFILER/Plugin: Could not find: libnccl-profiler.so. 
ganymede:4142208:4142208 [0] NCCL INFO Check P2P Type isAllDirectP2p 0 directMode 0
ganymede:4142208:4142624 [0] NCCL INFO [Proxy Service] Device 0 CPU core 84
ganymede:4142208:4142626 [0] NCCL INFO [Proxy Service UDS] Device 0 CPU core 10
ganymede:4142208:4142208 [0] NCCL INFO threadThresholds 8/8/64 | 32/8/64 | 512 | 512
ganymede:4142208:4142208 [0] NCCL INFO 2 coll channels, 2 collnet channels, 0 nvls channels, 2 p2p channels, 2 p2p channels per peer
ganymede:4142208:4142208 [0] NCCL INFO CC Off, workFifoBytes 1048576
ganymede:4142208:4142208 [0] NCCL INFO TUNER/Plugin: Could not find: libnccl-tuner.so. Using internal tuner plugin.
ganymede:4142208:4142208 [0] NCCL INFO ncclCommInitRank comm 0x570ac60e40e0 rank 0 nranks 4 cudaDev 0 nvmlDev 0 busId d000 commId 0x85960397f20e414c - Init COMPLETE
ganymede:4142208:4142208 [0] NCCL INFO Init timings - ncclCommInitRank: rank 0 nranks 4 total 0.24 (kernels 0.18, alloc 0.01, bootstrap 0.03, allgathers 0.00, topo 0.02, graphs 0.00, connections 0.00, rest 0.00)
ganymede:4142208:4142624 [0] NCCL INFO New proxy recv connection 0 from local rank 0, transport 1
ganymede:4142208:4142628 [0] NCCL INFO Connected to proxy localRank 0 -> connection 0x70776c004f40
ganymede:4142208:4142624 [0] NCCL INFO New proxy recv connection 1 from local rank 0, transport 1
ganymede:4142208:4142628 [0] NCCL INFO Connected to proxy localRank 0 -> connection 0x70776c004fb8
ganymede:4142208:4142624 [0] NCCL INFO New proxy send connection 2 from local rank 0, transport 1
ganymede:4142208:4142628 [0] NCCL INFO Connected to proxy localRank 0 -> connection 0x70776c005030
ganymede:4142208:4142628 [0] NCCL INFO Channel 00 : 0[0] -> 1[1] via SHM/direct/direct
ganymede:4142208:4142624 [0] NCCL INFO New proxy send connection 3 from local rank 0, transport 1
ganymede:4142208:4142628 [0] NCCL INFO Connected to proxy localRank 0 -> connection 0x70776c0050a8
ganymede:4142208:4142628 [0] NCCL INFO Channel 01 : 0[0] -> 1[1] via SHM/direct/direct
ganymede:4142208:4142624 [0] NCCL INFO New proxy send connection 4 from local rank 3, transport 0
ganymede:4142208:4142628 [0] NCCL INFO Connected to proxy localRank 1 -> connection 0x7e9528005120
ganymede:4142208:4142624 [0] NCCL INFO New proxy send connection 5 from local rank 1, transport 0
ganymede:4142208:4142628 [0] NCCL INFO Connected to proxy localRank 3 -> connection 0x745cc0005198
ganymede:4142208:4142628 [0] NCCL INFO Connected all rings, use ring PXN 0 GDR 1
ganymede:4142208:4143261 [0] NCCL INFO Assigned NET plugin Socket to comm
ganymede:4142208:4143261 [0] NCCL INFO Using network Socket
ganymede:4142208:4143261 [0] NCCL INFO ncclCommInitRankConfig comm 0x570ae74a7b10 rank 0 nranks 4 cudaDev 0 nvmlDev 0 busId d000 commId 0x3ccfe688a621ca9d - Init START
ganymede:4142208:4143261 [0] NCCL INFO NET/Socket : GPU Direct RDMA Disabled for HCA 0 'eno12399np0'
ganymede:4142208:4143261 [0] NCCL INFO Setting affinity for GPU 0 to 0,2,4,6,8,10,12,14,16,18,20,22,24,26,28,30,64,66,68,70,72,74,76,78,80,82,84,86,88,90,92,94
ganymede:4142208:4143261 [0] NCCL INFO NVLS multicast support is not available on dev 0 (NVLS_NCHANNELS 0)
ganymede:4142208:4143261 [0] NCCL INFO comm 0x570ae74a7b10 rank 0 nRanks 4 nNodes 1 localRanks 4 localRank 0 MNNVL 0
ganymede:4142208:4143261 [0] NCCL INFO Channel 00/02 : 0 1 2 3
ganymede:4142208:4143261 [0] NCCL INFO Channel 01/02 : 0 1 2 3
ganymede:4142208:4143261 [0] NCCL INFO Trees [0] 1/-1/-1->0->-1 [1] 1/-1/-1->0->-1
ganymede:4142208:4143261 [0] NCCL INFO P2P Chunksize set to 131072
ganymede:4142208:4143261 [0] NCCL INFO Check P2P Type isAllDirectP2p 0 directMode 0
ganymede:4142208:4143265 [0] NCCL INFO [Proxy Service] Device 0 CPU core 0
ganymede:4142208:4143270 [0] NCCL INFO [Proxy Service UDS] Device 0 CPU core 92
ganymede:4142208:4143261 [0] NCCL INFO threadThresholds 8/8/64 | 32/8/64 | 512 | 512
ganymede:4142208:4143261 [0] NCCL INFO 2 coll channels, 2 collnet channels, 0 nvls channels, 2 p2p channels, 2 p2p channels per peer
ganymede:4142208:4143261 [0] NCCL INFO CC Off, workFifoBytes 1048576
ganymede:4142208:4143261 [0] NCCL INFO ncclCommInitRankConfig comm 0x570ae74a7b10 rank 0 nranks 4 cudaDev 0 nvmlDev 0 busId d000 commId 0x3ccfe688a621ca9d - Init COMPLETE
ganymede:4142208:4143261 [0] NCCL INFO Init timings - ncclCommInitRankConfig: rank 0 nranks 4 total 0.03 (kernels 0.00, alloc 0.00, bootstrap 0.00, allgathers 0.00, topo 0.02, graphs 0.00, connections 0.00, rest 0.00)
ganymede:4142208:4143265 [0] NCCL INFO New proxy recv connection 0 from local rank 0, transport 1
ganymede:4142208:4143274 [0] NCCL INFO Connected to proxy localRank 0 -> connection 0x707570005020
ganymede:4142208:4143265 [0] NCCL INFO New proxy recv connection 1 from local rank 0, transport 1
ganymede:4142208:4143274 [0] NCCL INFO Connected to proxy localRank 0 -> connection 0x707570005098
ganymede:4142208:4143265 [0] NCCL INFO New proxy send connection 2 from local rank 0, transport 1
ganymede:4142208:4143274 [0] NCCL INFO Connected to proxy localRank 0 -> connection 0x707570005110
ganymede:4142208:4143274 [0] NCCL INFO Channel 00 : 0[0] -> 1[1] via SHM/direct/direct
ganymede:4142208:4143265 [0] NCCL INFO New proxy send connection 3 from local rank 0, transport 1
ganymede:4142208:4143274 [0] NCCL INFO Connected to proxy localRank 0 -> connection 0x707570005188
ganymede:4142208:4143274 [0] NCCL INFO Channel 01 : 0[0] -> 1[1] via SHM/direct/direct
ganymede:4142208:4143265 [0] NCCL INFO New proxy send connection 4 from local rank 3, transport 0
ganymede:4142208:4143274 [0] NCCL INFO Connected to proxy localRank 1 -> connection 0x7e932c005120
ganymede:4142208:4143265 [0] NCCL INFO New proxy send connection 5 from local rank 1, transport 0
ganymede:4142208:4143274 [0] NCCL INFO Connected to proxy localRank 3 -> connection 0x745ac4005198
ganymede:4142208:4143274 [0] NCCL INFO Connected all rings, use ring PXN 0 GDR 1
ganymede:4142208:4143579 [0] NCCL INFO Assigned NET plugin Socket to comm
ganymede:4142208:4143579 [0] NCCL INFO Using network Socket
ganymede:4142208:4143579 [0] NCCL INFO ncclCommInitRank comm 0x7075b40076c0 rank 1 nranks 2 cudaDev 0 nvmlDev 0 busId d000 commId 0x20cda263fc3f62b1 - Init START
ganymede:4142208:4143579 [0] NCCL INFO NET/Socket : GPU Direct RDMA Disabled for HCA 0 'eno12399np0'
ganymede:4142208:4143579 [0] NCCL INFO Setting affinity for GPU 0 to 0,2,4,6,8,10,12,14,16,18,20,22,24,26,28,30,64,66,68,70,72,74,76,78,80,82,84,86,88,90,92,94
ganymede:4142208:4143579 [0] NCCL INFO comm 0x7075b40076c0 rank 1 nRanks 2 nNodes 2 localRanks 1 localRank 0 MNNVL 0
ganymede:4142208:4143579 [0] NCCL INFO Trees [0] -1/-1/-1->1->0 [1] 0/-1/-1->1->-1
ganymede:4142208:4143579 [0] NCCL INFO P2P Chunksize set to 131072
ganymede:4142208:4143809 [0] NCCL INFO [Proxy Service] Device 0 CPU core 72
ganymede:4142208:4143810 [0] NCCL INFO [Proxy Service UDS] Device 0 CPU core 14
ganymede:4142208:4143579 [0] NCCL INFO threadThresholds 8/8/64 | 16/8/64 | 512 | 512
ganymede:4142208:4143579 [0] NCCL INFO 2 coll channels, 2 collnet channels, 0 nvls channels, 2 p2p channels, 2 p2p channels per peer
ganymede:4142208:4143579 [0] NCCL INFO ncclCommInitRank comm 0x7075b40076c0 rank 1 nranks 2 cudaDev 0 nvmlDev 0 busId d000 commId 0x20cda263fc3f62b1 - Init COMPLETE
ganymede:4142208:4143579 [0] NCCL INFO Init timings - ncclCommInitRank: rank 1 nranks 2 total 0.03 (kernels 0.00, alloc 0.00, bootstrap 0.00, allgathers 0.00, topo 0.01, graphs 0.00, connections 0.02, rest 0.00)
ganymede:4142208:4143809 [0] NCCL INFO New proxy recv connection 0 from local rank 0, transport 2
ganymede:4142208:4143816 [0] NCCL INFO Connected to proxy localRank 0 -> connection 0x7075a4004f40
ganymede:4142208:4143819 [0] NCCL INFO [Proxy Progress] Device 0 CPU core 18
ganymede:4142208:4143816 [0] NCCL INFO Channel 00/1 : 0[0] -> 1[0] [receive] via NET/Socket/0/Shared
ganymede:4142208:4143809 [0] NCCL INFO New proxy recv connection 1 from local rank 0, transport 2
ganymede:4142208:4143816 [0] NCCL INFO Connected to proxy localRank 0 -> connection 0x7075a4004fb8
ganymede:4142208:4143816 [0] NCCL INFO Channel 01/1 : 0[0] -> 1[0] [receive] via NET/Socket/0/Shared
