ganymede:4142210:4142210 [2] NCCL INFO cudaDriverVersion 13020
ganymede:4142210:4142210 [2] NCCL INFO NCCL_SOCKET_IFNAME set to eno12399np0
ganymede:4142210:4142210 [2] NCCL INFO NCCL version 2.27.5+cuda12.9
ganymede:4142210:4142210 [2] NCCL INFO NET/Plugin: Could not find: libnccl-net.so. 
ganymede:4142210:4142210 [2] NCCL INFO NET/Socket : Using [0]eno12399np0:10.1.0.3<0>
ganymede:4142210:4142210 [2] NCCL INFO Initialized NET plugin Socket
ganymede:4142210:4142210 [2] NCCL INFO Assigned NET plugin Socket to comm
ganymede:4142210:4142210 [2] NCCL INFO Using network Socket
ganymede:4142210:4142210 [2] NCCL INFO ncclCommInitRank comm 0x60d42bc24bf0 rank 2 nranks 4 cudaDev 2 nvmlDev 2 busId 4a000 commId 0x85960397f20e414c - Init START
ganymede:4142210:4142210 [2] NCCL INFO RAS client listening socket at 127.0.0.1<28028>
ganymede:4142210:4142210 [2] NCCL INFO NET/Socket : GPU Direct RDMA Disabled for HCA 0 'eno12399np0'
ganymede:4142210:4142210 [2] NCCL INFO Setting affinity for GPU 2 to 0,2,4,6,8,10,12,14,16,18,20,22,24,26,28,30,64,66,68,70,72,74,76,78,80,82,84,86,88,90,92,94
ganymede:4142210:4142210 [2] NCCL INFO NVLS multicast support is not available on dev 2 (NVLS_NCHANNELS 0)
ganymede:4142210:4142210 [2] NCCL INFO comm 0x60d42bc24bf0 rank 2 nRanks 4 nNodes 1 localRanks 4 localRank 2 MNNVL 0
ganymede:4142210:4142210 [2] NCCL INFO Trees [0] 3/-1/-1->2->1 [1] 3/-1/-1->2->1
ganymede:4142210:4142210 [2] NCCL INFO P2P Chunksize set to 131072
ganymede:4142210:4142210 [2] NCCL INFO PROFILER/Plugin: Could not find: libnccl-profiler.so. 
ganymede:4142210:4142621 [2] NCCL INFO [Proxy Service UDS] Device 2 CPU core 18
ganymede:4142210:4142620 [2] NCCL INFO [Proxy Service] Device 2 CPU core 6
ganymede:4142210:4142210 [2] NCCL INFO threadThresholds 8/8/64 | 32/8/64 | 512 | 512
ganymede:4142210:4142210 [2] NCCL INFO 2 coll channels, 2 collnet channels, 0 nvls channels, 2 p2p channels, 2 p2p channels per peer
ganymede:4142210:4142210 [2] NCCL INFO TUNER/Plugin: Could not find: libnccl-tuner.so. Using internal tuner plugin.
ganymede:4142210:4142210 [2] NCCL INFO ncclCommInitRank comm 0x60d42bc24bf0 rank 2 nranks 4 cudaDev 2 nvmlDev 2 busId 4a000 commId 0x85960397f20e414c - Init COMPLETE
ganymede:4142210:4142210 [2] NCCL INFO Init timings - ncclCommInitRank: rank 2 nranks 4 total 0.22 (kernels 0.18, alloc 0.01, bootstrap 0.01, allgathers 0.00, topo 0.02, graphs 0.00, connections 0.01, rest 0.00)
ganymede:4142210:4142620 [2] NCCL INFO New proxy recv connection 0 from local rank 2, transport 1
ganymede:4142210:4142630 [2] NCCL INFO Connected to proxy localRank 2 -> connection 0x73be64004f40
ganymede:4142210:4142620 [2] NCCL INFO New proxy recv connection 1 from local rank 2, transport 1
ganymede:4142210:4142630 [2] NCCL INFO Connected to proxy localRank 2 -> connection 0x73be64004fb8
ganymede:4142210:4142620 [2] NCCL INFO New proxy send connection 2 from local rank 2, transport 1
ganymede:4142210:4142630 [2] NCCL INFO Connected to proxy localRank 2 -> connection 0x73be64005030
ganymede:4142210:4142630 [2] NCCL INFO Channel 00 : 2[2] -> 3[3] via SHM/direct/direct
ganymede:4142210:4142620 [2] NCCL INFO New proxy send connection 3 from local rank 2, transport 1
ganymede:4142210:4142630 [2] NCCL INFO Connected to proxy localRank 2 -> connection 0x73be640050a8
ganymede:4142210:4142630 [2] NCCL INFO Channel 01 : 2[2] -> 3[3] via SHM/direct/direct
ganymede:4142210:4142630 [2] NCCL INFO Connected to proxy localRank 3 -> connection 0x745cc0005120
ganymede:4142210:4142620 [2] NCCL INFO New proxy send connection 4 from local rank 1, transport 0
ganymede:4142210:4142630 [2] NCCL INFO Connected to proxy localRank 1 -> connection 0x7e9528005198
ganymede:4142210:4142620 [2] NCCL INFO New proxy send connection 5 from local rank 3, transport 0
ganymede:4142210:4142630 [2] NCCL INFO Connected all rings, use ring PXN 0 GDR 1
ganymede:4142210:4143263 [2] NCCL INFO Assigned NET plugin Socket to comm
ganymede:4142210:4143263 [2] NCCL INFO Using network Socket
ganymede:4142210:4143263 [2] NCCL INFO ncclCommInitRankConfig comm 0x60d44cff1270 rank 2 nranks 4 cudaDev 2 nvmlDev 2 busId 4a000 commId 0x3ccfe688a621ca9d - Init START
ganymede:4142210:4143263 [2] NCCL INFO NET/Socket : GPU Direct RDMA Disabled for HCA 0 'eno12399np0'
ganymede:4142210:4143263 [2] NCCL INFO Setting affinity for GPU 2 to 0,2,4,6,8,10,12,14,16,18,20,22,24,26,28,30,64,66,68,70,72,74,76,78,80,82,84,86,88,90,92,94
ganymede:4142210:4143263 [2] NCCL INFO NVLS multicast support is not available on dev 2 (NVLS_NCHANNELS 0)
ganymede:4142210:4143263 [2] NCCL INFO comm 0x60d44cff1270 rank 2 nRanks 4 nNodes 1 localRanks 4 localRank 2 MNNVL 0
ganymede:4142210:4143263 [2] NCCL INFO Trees [0] 3/-1/-1->2->1 [1] 3/-1/-1->2->1
ganymede:4142210:4143263 [2] NCCL INFO P2P Chunksize set to 131072
ganymede:4142210:4143269 [2] NCCL INFO [Proxy Service UDS] Device 2 CPU core 28
ganymede:4142210:4143266 [2] NCCL INFO [Proxy Service] Device 2 CPU core 76
ganymede:4142210:4143263 [2] NCCL INFO threadThresholds 8/8/64 | 32/8/64 | 512 | 512
ganymede:4142210:4143263 [2] NCCL INFO 2 coll channels, 2 collnet channels, 0 nvls channels, 2 p2p channels, 2 p2p channels per peer
ganymede:4142210:4143263 [2] NCCL INFO ncclCommInitRankConfig comm 0x60d44cff1270 rank 2 nranks 4 cudaDev 2 nvmlDev 2 busId 4a000 commId 0x3ccfe688a621ca9d - Init COMPLETE
ganymede:4142210:4143263 [2] NCCL INFO Init timings - ncclCommInitRankConfig: rank 2 nranks 4 total 0.03 (kernels 0.00, alloc 0.00, bootstrap 0.00, allgathers 0.00, topo 0.02, graphs 0.00, connections 0.00, rest 0.00)
ganymede:4142210:4143266 [2] NCCL INFO New proxy recv connection 0 from local rank 2, transport 1
ganymede:4142210:4143273 [2] NCCL INFO Connected to proxy localRank 2 -> connection 0x73bc60004f40
ganymede:4142210:4143266 [2] NCCL INFO New proxy recv connection 1 from local rank 2, transport 1
ganymede:4142210:4143273 [2] NCCL INFO Connected to proxy localRank 2 -> connection 0x73bc60004fb8
ganymede:4142210:4143266 [2] NCCL INFO New proxy send connection 2 from local rank 2, transport 1
ganymede:4142210:4143273 [2] NCCL INFO Connected to proxy localRank 2 -> connection 0x73bc60005030
ganymede:4142210:4143273 [2] NCCL INFO Channel 00 : 2[2] -> 3[3] via SHM/direct/direct
ganymede:4142210:4143266 [2] NCCL INFO New proxy send connection 3 from local rank 2, transport 1
ganymede:4142210:4143273 [2] NCCL INFO Connected to proxy localRank 2 -> connection 0x73bc600050a8
ganymede:4142210:4143273 [2] NCCL INFO Channel 01 : 2[2] -> 3[3] via SHM/direct/direct
ganymede:4142210:4143266 [2] NCCL INFO New proxy send connection 4 from local rank 1, transport 0
ganymede:4142210:4143273 [2] NCCL INFO Connected to proxy localRank 3 -> connection 0x745ac4005120
ganymede:4142210:4143273 [2] NCCL INFO Connected to proxy localRank 1 -> connection 0x7e932c005198
ganymede:4142210:4143266 [2] NCCL INFO New proxy send connection 5 from local rank 3, transport 0
ganymede:4142210:4143273 [2] NCCL INFO Connected all rings, use ring PXN 0 GDR 1
ganymede:4142210:4143577 [2] NCCL INFO Assigned NET plugin Socket to comm
ganymede:4142210:4143577 [2] NCCL INFO Using network Socket
ganymede:4142210:4143577 [2] NCCL INFO ncclCommInitRank comm 0x73bcac003410 rank 1 nranks 2 cudaDev 2 nvmlDev 2 busId 4a000 commId 0xbf29bb2c2c862fe5 - Init START
ganymede:4142210:4143577 [2] NCCL INFO NET/Socket : GPU Direct RDMA Disabled for HCA 0 'eno12399np0'
ganymede:4142210:4143577 [2] NCCL INFO Setting affinity for GPU 2 to 0,2,4,6,8,10,12,14,16,18,20,22,24,26,28,30,64,66,68,70,72,74,76,78,80,82,84,86,88,90,92,94
ganymede:4142210:4143577 [2] NCCL INFO comm 0x73bcac003410 rank 1 nRanks 2 nNodes 2 localRanks 1 localRank 0 MNNVL 0
ganymede:4142210:4143577 [2] NCCL INFO Trees [0] -1/-1/-1->1->0 [1] 0/-1/-1->1->-1
ganymede:4142210:4143577 [2] NCCL INFO P2P Chunksize set to 131072
ganymede:4142210:4143814 [2] NCCL INFO [Proxy Service] Device 2 CPU core 68
ganymede:4142210:4143815 [2] NCCL INFO [Proxy Service UDS] Device 2 CPU core 10
ganymede:4142210:4143577 [2] NCCL INFO threadThresholds 8/8/64 | 16/8/64 | 512 | 512
ganymede:4142210:4143577 [2] NCCL INFO 2 coll channels, 2 collnet channels, 0 nvls channels, 2 p2p channels, 2 p2p channels per peer
ganymede:4142210:4143577 [2] NCCL INFO ncclCommInitRank comm 0x73bcac003410 rank 1 nranks 2 cudaDev 2 nvmlDev 2 busId 4a000 commId 0xbf29bb2c2c862fe5 - Init COMPLETE
ganymede:4142210:4143577 [2] NCCL INFO Init timings - ncclCommInitRank: rank 1 nranks 2 total 0.06 (kernels 0.00, alloc 0.00, bootstrap 0.00, allgathers 0.00, topo 0.03, graphs 0.00, connections 0.03, rest 0.00)
