neptune:3699702:3699702 [3] NCCL INFO cudaDriverVersion 13020
neptune:3699702:3699702 [3] NCCL INFO NCCL_SOCKET_IFNAME set to enp160s0f0np0
neptune:3699702:3699702 [3] NCCL INFO NCCL version 2.27.5+cuda12.9
neptune:3699702:3699702 [3] NCCL INFO NET/Plugin: Could not find: libnccl-net.so. 
neptune:3699702:3699702 [3] NCCL INFO NET/Socket : Using [0]enp160s0f0np0:10.1.0.6<0>
neptune:3699702:3699702 [3] NCCL INFO Initialized NET plugin Socket
neptune:3699702:3699702 [3] NCCL INFO Assigned NET plugin Socket to comm
neptune:3699702:3699702 [3] NCCL INFO Using network Socket
neptune:3699702:3699702 [3] NCCL INFO ncclCommInitRank comm 0x587c30686d50 rank 3 nranks 4 cudaDev 3 nvmlDev 3 busId e1000 commId 0xc3b0cd886734e7fe - Init START
neptune:3699702:3699702 [3] NCCL INFO RAS client listening socket at 127.0.0.1<28028>
neptune:3699702:3699702 [3] NCCL INFO NET/Socket : GPU Direct RDMA Disabled for HCA 0 'enp160s0f0np0'
neptune:3699702:3699702 [3] NCCL INFO NVLS multicast support is not available on dev 3 (NVLS_NCHANNELS 0)
neptune:3699702:3699702 [3] NCCL INFO comm 0x587c30686d50 rank 3 nRanks 4 nNodes 1 localRanks 4 localRank 3 MNNVL 0
neptune:3699702:3699702 [3] NCCL INFO Trees [0] -1/-1/-1->3->2 [1] -1/-1/-1->3->2
neptune:3699702:3699702 [3] NCCL INFO P2P Chunksize set to 131072
neptune:3699702:3699702 [3] NCCL INFO PROFILER/Plugin: Could not find: libnccl-profiler.so. 
neptune:3699702:3700121 [3] NCCL INFO [Proxy Service UDS] Device 3 CPU core 78
neptune:3699702:3700119 [3] NCCL INFO [Proxy Service] Device 3 CPU core 8
neptune:3699702:3699702 [3] NCCL INFO threadThresholds 8/8/64 | 32/8/64 | 512 | 512
neptune:3699702:3699702 [3] NCCL INFO 2 coll channels, 2 collnet channels, 0 nvls channels, 2 p2p channels, 2 p2p channels per peer
neptune:3699702:3699702 [3] NCCL INFO TUNER/Plugin: Could not find: libnccl-tuner.so. Using internal tuner plugin.
neptune:3699702:3699702 [3] NCCL INFO ncclCommInitRank comm 0x587c30686d50 rank 3 nranks 4 cudaDev 3 nvmlDev 3 busId e1000 commId 0xc3b0cd886734e7fe - Init COMPLETE
neptune:3699702:3699702 [3] NCCL INFO Init timings - ncclCommInitRank: rank 3 nranks 4 total 0.21 (kernels 0.16, alloc 0.00, bootstrap 0.01, allgathers 0.00, topo 0.02, graphs 0.00, connections 0.00, rest 0.00)
neptune:3699702:3700119 [3] NCCL INFO New proxy recv connection 0 from local rank 3, transport 1
neptune:3699702:3700124 [3] NCCL INFO Connected to proxy localRank 3 -> connection 0x78b998004f40
neptune:3699702:3700119 [3] NCCL INFO New proxy recv connection 1 from local rank 3, transport 1
neptune:3699702:3700124 [3] NCCL INFO Connected to proxy localRank 3 -> connection 0x78b998004fb8
neptune:3699702:3700119 [3] NCCL INFO New proxy send connection 2 from local rank 3, transport 1
neptune:3699702:3700124 [3] NCCL INFO Connected to proxy localRank 3 -> connection 0x78b998005030
neptune:3699702:3700124 [3] NCCL INFO Channel 00 : 3[3] -> 0[0] via SHM/direct/direct
neptune:3699702:3700119 [3] NCCL INFO New proxy send connection 3 from local rank 3, transport 1
neptune:3699702:3700124 [3] NCCL INFO Connected to proxy localRank 3 -> connection 0x78b9980050a8
neptune:3699702:3700124 [3] NCCL INFO Channel 01 : 3[3] -> 0[0] via SHM/direct/direct
neptune:3699702:3700124 [3] NCCL INFO Connected to proxy localRank 0 -> connection 0x77ce60005120
neptune:3699702:3700119 [3] NCCL INFO New proxy send connection 4 from local rank 2, transport 0
neptune:3699702:3700124 [3] NCCL INFO Connected to proxy localRank 2 -> connection 0x7bae60005198
neptune:3699702:3700119 [3] NCCL INFO New proxy send connection 5 from local rank 0, transport 0
neptune:3699702:3700124 [3] NCCL INFO Connected all rings, use ring PXN 0 GDR 1
neptune:3699702:3700627 [3] NCCL INFO Assigned NET plugin Socket to comm
neptune:3699702:3700627 [3] NCCL INFO Using network Socket
neptune:3699702:3700627 [3] NCCL INFO ncclCommInitRankConfig comm 0x587c51abf1f0 rank 3 nranks 4 cudaDev 3 nvmlDev 3 busId e1000 commId 0xf64b32d439836e7e - Init START
neptune:3699702:3700627 [3] NCCL INFO NET/Socket : GPU Direct RDMA Disabled for HCA 0 'enp160s0f0np0'
neptune:3699702:3700627 [3] NCCL INFO NVLS multicast support is not available on dev 3 (NVLS_NCHANNELS 0)
neptune:3699702:3700627 [3] NCCL INFO comm 0x587c51abf1f0 rank 3 nRanks 4 nNodes 1 localRanks 4 localRank 3 MNNVL 0
neptune:3699702:3700627 [3] NCCL INFO Trees [0] -1/-1/-1->3->2 [1] -1/-1/-1->3->2
neptune:3699702:3700627 [3] NCCL INFO P2P Chunksize set to 131072
neptune:3699702:3700635 [3] NCCL INFO [Proxy Service UDS] Device 3 CPU core 10
neptune:3699702:3700632 [3] NCCL INFO [Proxy Service] Device 3 CPU core 84
neptune:3699702:3700627 [3] NCCL INFO threadThresholds 8/8/64 | 32/8/64 | 512 | 512
neptune:3699702:3700627 [3] NCCL INFO 2 coll channels, 2 collnet channels, 0 nvls channels, 2 p2p channels, 2 p2p channels per peer
neptune:3699702:3700627 [3] NCCL INFO ncclCommInitRankConfig comm 0x587c51abf1f0 rank 3 nranks 4 cudaDev 3 nvmlDev 3 busId e1000 commId 0xf64b32d439836e7e - Init COMPLETE
neptune:3699702:3700627 [3] NCCL INFO Init timings - ncclCommInitRankConfig: rank 3 nranks 4 total 0.03 (kernels 0.00, alloc 0.00, bootstrap 0.00, allgathers 0.00, topo 0.02, graphs 0.00, connections 0.00, rest 0.00)
neptune:3699702:3700632 [3] NCCL INFO New proxy recv connection 0 from local rank 3, transport 1
neptune:3699702:3700639 [3] NCCL INFO Connected to proxy localRank 3 -> connection 0x78b79c004f40
neptune:3699702:3700632 [3] NCCL INFO New proxy recv connection 1 from local rank 3, transport 1
neptune:3699702:3700639 [3] NCCL INFO Connected to proxy localRank 3 -> connection 0x78b79c004fb8
neptune:3699702:3700632 [3] NCCL INFO New proxy send connection 2 from local rank 3, transport 1
neptune:3699702:3700639 [3] NCCL INFO Connected to proxy localRank 3 -> connection 0x78b79c005030
neptune:3699702:3700639 [3] NCCL INFO Channel 00 : 3[3] -> 0[0] via SHM/direct/direct
neptune:3699702:3700632 [3] NCCL INFO New proxy send connection 3 from local rank 3, transport 1
neptune:3699702:3700639 [3] NCCL INFO Connected to proxy localRank 3 -> connection 0x78b79c0050a8
neptune:3699702:3700639 [3] NCCL INFO Channel 01 : 3[3] -> 0[0] via SHM/direct/direct
neptune:3699702:3700632 [3] NCCL INFO New proxy send connection 4 from local rank 2, transport 0
neptune:3699702:3700639 [3] NCCL INFO Connected to proxy localRank 0 -> connection 0x77cc68005200
neptune:3699702:3700632 [3] NCCL INFO New proxy send connection 5 from local rank 0, transport 0
neptune:3699702:3700639 [3] NCCL INFO Connected to proxy localRank 2 -> connection 0x7bac6c005198
neptune:3699702:3700639 [3] NCCL INFO Connected all rings, use ring PXN 0 GDR 1
