ganymede:4142211:4142211 [3] NCCL INFO cudaDriverVersion 13020
ganymede:4142211:4142211 [3] NCCL INFO NCCL_SOCKET_IFNAME set to eno12399np0
ganymede:4142211:4142211 [3] NCCL INFO NCCL version 2.27.5+cuda12.9
ganymede:4142211:4142211 [3] NCCL INFO NET/Plugin: Could not find: libnccl-net.so. 
ganymede:4142211:4142211 [3] NCCL INFO NET/Socket : Using [0]eno12399np0:10.1.0.3<0>
ganymede:4142211:4142211 [3] NCCL INFO Initialized NET plugin Socket
ganymede:4142211:4142211 [3] NCCL INFO Assigned NET plugin Socket to comm
ganymede:4142211:4142211 [3] NCCL INFO Using network Socket
ganymede:4142211:4142211 [3] NCCL INFO ncclCommInitRank comm 0x5aeb44ca9e10 rank 3 nranks 4 cudaDev 3 nvmlDev 3 busId 61000 commId 0x85960397f20e414c - Init START
ganymede:4142211:4142211 [3] NCCL INFO RAS client listening socket at 127.0.0.1<28028>
ganymede:4142211:4142211 [3] NCCL INFO NET/Socket : GPU Direct RDMA Disabled for HCA 0 'eno12399np0'
ganymede:4142211:4142211 [3] NCCL INFO Setting affinity for GPU 3 to 0,2,4,6,8,10,12,14,16,18,20,22,24,26,28,30,64,66,68,70,72,74,76,78,80,82,84,86,88,90,92,94
ganymede:4142211:4142211 [3] NCCL INFO NVLS multicast support is not available on dev 3 (NVLS_NCHANNELS 0)
ganymede:4142211:4142211 [3] NCCL INFO comm 0x5aeb44ca9e10 rank 3 nRanks 4 nNodes 1 localRanks 4 localRank 3 MNNVL 0
ganymede:4142211:4142211 [3] NCCL INFO Trees [0] -1/-1/-1->3->2 [1] -1/-1/-1->3->2
ganymede:4142211:4142211 [3] NCCL INFO P2P Chunksize set to 131072
ganymede:4142211:4142211 [3] NCCL INFO PROFILER/Plugin: Could not find: libnccl-profiler.so. 
ganymede:4142211:4142623 [3] NCCL INFO [Proxy Service UDS] Device 3 CPU core 88
ganymede:4142211:4142622 [3] NCCL INFO [Proxy Service] Device 3 CPU core 8
ganymede:4142211:4142211 [3] NCCL INFO threadThresholds 8/8/64 | 32/8/64 | 512 | 512
ganymede:4142211:4142211 [3] NCCL INFO 2 coll channels, 2 collnet channels, 0 nvls channels, 2 p2p channels, 2 p2p channels per peer
ganymede:4142211:4142211 [3] NCCL INFO TUNER/Plugin: Could not find: libnccl-tuner.so. Using internal tuner plugin.
ganymede:4142211:4142211 [3] NCCL INFO ncclCommInitRank comm 0x5aeb44ca9e10 rank 3 nranks 4 cudaDev 3 nvmlDev 3 busId 61000 commId 0x85960397f20e414c - Init COMPLETE
ganymede:4142211:4142211 [3] NCCL INFO Init timings - ncclCommInitRank: rank 3 nranks 4 total 0.22 (kernels 0.18, alloc 0.01, bootstrap 0.00, allgathers 0.00, topo 0.02, graphs 0.00, connections 0.00, rest 0.00)
ganymede:4142211:4142622 [3] NCCL INFO New proxy recv connection 0 from local rank 3, transport 1
ganymede:4142211:4142631 [3] NCCL INFO Connected to proxy localRank 3 -> connection 0x745cc0004f40
ganymede:4142211:4142622 [3] NCCL INFO New proxy recv connection 1 from local rank 3, transport 1
ganymede:4142211:4142631 [3] NCCL INFO Connected to proxy localRank 3 -> connection 0x745cc0004fb8
ganymede:4142211:4142622 [3] NCCL INFO New proxy send connection 2 from local rank 3, transport 1
ganymede:4142211:4142631 [3] NCCL INFO Connected to proxy localRank 3 -> connection 0x745cc0005030
ganymede:4142211:4142631 [3] NCCL INFO Channel 00 : 3[3] -> 0[0] via SHM/direct/direct
ganymede:4142211:4142622 [3] NCCL INFO New proxy send connection 3 from local rank 3, transport 1
ganymede:4142211:4142631 [3] NCCL INFO Connected to proxy localRank 3 -> connection 0x745cc00050a8
ganymede:4142211:4142631 [3] NCCL INFO Channel 01 : 3[3] -> 0[0] via SHM/direct/direct
ganymede:4142211:4142631 [3] NCCL INFO Connected to proxy localRank 0 -> connection 0x70776c005120
ganymede:4142211:4142622 [3] NCCL INFO New proxy send connection 4 from local rank 2, transport 0
ganymede:4142211:4142631 [3] NCCL INFO Connected to proxy localRank 2 -> connection 0x73be64005198
ganymede:4142211:4142622 [3] NCCL INFO New proxy send connection 5 from local rank 0, transport 0
ganymede:4142211:4142631 [3] NCCL INFO Connected all rings, use ring PXN 0 GDR 1
ganymede:4142211:4143262 [3] NCCL INFO Assigned NET plugin Socket to comm
ganymede:4142211:4143262 [3] NCCL INFO Using network Socket
ganymede:4142211:4143262 [3] NCCL INFO ncclCommInitRankConfig comm 0x5aeb66075cb0 rank 3 nranks 4 cudaDev 3 nvmlDev 3 busId 61000 commId 0x3ccfe688a621ca9d - Init START
ganymede:4142211:4143262 [3] NCCL INFO NET/Socket : GPU Direct RDMA Disabled for HCA 0 'eno12399np0'
ganymede:4142211:4143262 [3] NCCL INFO Setting affinity for GPU 3 to 0,2,4,6,8,10,12,14,16,18,20,22,24,26,28,30,64,66,68,70,72,74,76,78,80,82,84,86,88,90,92,94
ganymede:4142211:4143262 [3] NCCL INFO NVLS multicast support is not available on dev 3 (NVLS_NCHANNELS 0)
ganymede:4142211:4143262 [3] NCCL INFO comm 0x5aeb66075cb0 rank 3 nRanks 4 nNodes 1 localRanks 4 localRank 3 MNNVL 0
ganymede:4142211:4143262 [3] NCCL INFO Trees [0] -1/-1/-1->3->2 [1] -1/-1/-1->3->2
ganymede:4142211:4143262 [3] NCCL INFO P2P Chunksize set to 131072
ganymede:4142211:4143268 [3] NCCL INFO [Proxy Service] Device 3 CPU core 22
ganymede:4142211:4143271 [3] NCCL INFO [Proxy Service UDS] Device 3 CPU core 14
ganymede:4142211:4143262 [3] NCCL INFO threadThresholds 8/8/64 | 32/8/64 | 512 | 512
ganymede:4142211:4143262 [3] NCCL INFO 2 coll channels, 2 collnet channels, 0 nvls channels, 2 p2p channels, 2 p2p channels per peer
ganymede:4142211:4143262 [3] NCCL INFO ncclCommInitRankConfig comm 0x5aeb66075cb0 rank 3 nranks 4 cudaDev 3 nvmlDev 3 busId 61000 commId 0x3ccfe688a621ca9d - Init COMPLETE
ganymede:4142211:4143262 [3] NCCL INFO Init timings - ncclCommInitRankConfig: rank 3 nranks 4 total 0.03 (kernels 0.00, alloc 0.00, bootstrap 0.00, allgathers 0.00, topo 0.02, graphs 0.00, connections 0.00, rest 0.00)
ganymede:4142211:4143268 [3] NCCL INFO New proxy recv connection 0 from local rank 3, transport 1
ganymede:4142211:4143276 [3] NCCL INFO Connected to proxy localRank 3 -> connection 0x745ac4004f40
ganymede:4142211:4143268 [3] NCCL INFO New proxy recv connection 1 from local rank 3, transport 1
ganymede:4142211:4143276 [3] NCCL INFO Connected to proxy localRank 3 -> connection 0x745ac4004fb8
ganymede:4142211:4143268 [3] NCCL INFO New proxy send connection 2 from local rank 3, transport 1
ganymede:4142211:4143276 [3] NCCL INFO Connected to proxy localRank 3 -> connection 0x745ac4005030
ganymede:4142211:4143276 [3] NCCL INFO Channel 00 : 3[3] -> 0[0] via SHM/direct/direct
ganymede:4142211:4143268 [3] NCCL INFO New proxy send connection 3 from local rank 3, transport 1
ganymede:4142211:4143276 [3] NCCL INFO Connected to proxy localRank 3 -> connection 0x745ac40050a8
ganymede:4142211:4143276 [3] NCCL INFO Channel 01 : 3[3] -> 0[0] via SHM/direct/direct
ganymede:4142211:4143276 [3] NCCL INFO Connected to proxy localRank 0 -> connection 0x707570005200
ganymede:4142211:4143268 [3] NCCL INFO New proxy send connection 4 from local rank 2, transport 0
ganymede:4142211:4143268 [3] NCCL INFO New proxy send connection 5 from local rank 0, transport 0
ganymede:4142211:4143276 [3] NCCL INFO Connected to proxy localRank 2 -> connection 0x73bc60005198
ganymede:4142211:4143276 [3] NCCL INFO Connected all rings, use ring PXN 0 GDR 1
