{
  "scope": "12 GPU board-power streams; excludes CPU, RAM, NIC, and fans",
  "power_source": "allocation_wide_multi_gpu_monitor",
  "gpu_stream_count": 12,
  "stream_metadata": {
    "ganymede_GPU-07e36d4f-3eca-a88d-1c31-445fc0d863e8": {
      "host": "ganymede",
      "gpu_uuid": "GPU-07e36d4f-3eca-a88d-1c31-445fc0d863e8",
      "gpu_index": "0",
      "source_file": "allocation_ganymede_power.csv"
    },
    "ganymede_GPU-1a75a85d-1f07-6519-507b-f1ff9def0ab9": {
      "host": "ganymede",
      "gpu_uuid": "GPU-1a75a85d-1f07-6519-507b-f1ff9def0ab9",
      "gpu_index": "1",
      "source_file": "allocation_ganymede_power.csv"
    },
    "ganymede_GPU-4c457bed-02f9-0e41-a2aa-223bc07a6d30": {
      "host": "ganymede",
      "gpu_uuid": "GPU-4c457bed-02f9-0e41-a2aa-223bc07a6d30",
      "gpu_index": "2",
      "source_file": "allocation_ganymede_power.csv"
    },
    "ganymede_GPU-4fcfdc09-de3b-156a-5d01-453f2b97235f": {
      "host": "ganymede",
      "gpu_uuid": "GPU-4fcfdc09-de3b-156a-5d01-453f2b97235f",
      "gpu_index": "3",
      "source_file": "allocation_ganymede_power.csv"
    },
    "ganymede_GPU-f1100610-fd9b-7442-b863-78020b187137": {
      "host": "ganymede",
      "gpu_uuid": "GPU-f1100610-fd9b-7442-b863-78020b187137",
      "gpu_index": "4",
      "source_file": "allocation_ganymede_power.csv"
    },
    "ganymede_GPU-20dfc31e-37e6-2ba1-cab4-549d23157a36": {
      "host": "ganymede",
      "gpu_uuid": "GPU-20dfc31e-37e6-2ba1-cab4-549d23157a36",
      "gpu_index": "5",
      "source_file": "allocation_ganymede_power.csv"
    },
    "ganymede_GPU-fa65f89d-37e8-dc5c-919d-2b60403f9a44": {
      "host": "ganymede",
      "gpu_uuid": "GPU-fa65f89d-37e8-dc5c-919d-2b60403f9a44",
      "gpu_index": "6",
      "source_file": "allocation_ganymede_power.csv"
    },
    "ganymede_GPU-cb732fe5-3b0b-12e6-6aeb-56f751b57a18": {
      "host": "ganymede",
      "gpu_uuid": "GPU-cb732fe5-3b0b-12e6-6aeb-56f751b57a18",
      "gpu_index": "7",
      "source_file": "allocation_ganymede_power.csv"
    },
    "neptune_GPU-35fd1bf9-5849-1263-ccc4-a5ccc837400f": {
      "host": "neptune",
      "gpu_uuid": "GPU-35fd1bf9-5849-1263-ccc4-a5ccc837400f",
      "gpu_index": "0",
      "source_file": "allocation_neptune_power.csv"
    },
    "neptune_GPU-a59fb458-a10d-49e3-c7e2-39daba72a66d": {
      "host": "neptune",
      "gpu_uuid": "GPU-a59fb458-a10d-49e3-c7e2-39daba72a66d",
      "gpu_index": "1",
      "source_file": "allocation_neptune_power.csv"
    },
    "neptune_GPU-ebc2e033-0d59-2451-884a-dfd75a4915e5": {
      "host": "neptune",
      "gpu_uuid": "GPU-ebc2e033-0d59-2451-884a-dfd75a4915e5",
      "gpu_index": "2",
      "source_file": "allocation_neptune_power.csv"
    },
    "neptune_GPU-5dbe54b5-dc6b-9e84-5431-1900a995efdc": {
      "host": "neptune",
      "gpu_uuid": "GPU-5dbe54b5-dc6b-9e84-5431-1900a995efdc",
      "gpu_index": "3",
      "source_file": "allocation_neptune_power.csv"
    }
  },
  "integration": "piecewise-linear trapezoidal integration",
  "sample_period_s": 0.5,
  "workloads": [
    {
      "seq": 1,
      "workload_id": "baseline_1p1d",
      "start_unix_ts": 1785776812.258446,
      "end_unix_ts": 1785776836.8821235,
      "duration_s": 24.623677492141724,
      "nodes": {
        "ganymede_GPU-07e36d4f-3eca-a88d-1c31-445fc0d863e8": {
          "energy_j": 675.1121314809967,
          "energy_wh": 0.1875311476336102,
          "covered_s": 24.623677492141724
        },
        "ganymede_GPU-1a75a85d-1f07-6519-507b-f1ff9def0ab9": {
          "energy_j": 398.9772533094882,
          "energy_wh": 0.11082701480819117,
          "covered_s": 24.623677492141724
        },
        "ganymede_GPU-4c457bed-02f9-0e41-a2aa-223bc07a6d30": {
          "energy_j": 393.58044468879706,
          "energy_wh": 0.10932790130244363,
          "covered_s": 24.623677492141724
        },
        "ganymede_GPU-4fcfdc09-de3b-156a-5d01-453f2b97235f": {
          "energy_j": 410.89035210967063,
          "energy_wh": 0.11413620891935296,
          "covered_s": 24.623677492141724
        },
        "ganymede_GPU-f1100610-fd9b-7442-b863-78020b187137": {
          "energy_j": 400.6662930679322,
          "energy_wh": 0.11129619251887006,
          "covered_s": 24.623677492141724
        },
        "ganymede_GPU-20dfc31e-37e6-2ba1-cab4-549d23157a36": {
          "energy_j": 411.50899223566057,
          "energy_wh": 0.1143080533987946,
          "covered_s": 24.623677492141724
        },
        "ganymede_GPU-fa65f89d-37e8-dc5c-919d-2b60403f9a44": {
          "energy_j": 397.5083521997929,
          "energy_wh": 0.1104189867221647,
          "covered_s": 24.623677492141724
        },
        "ganymede_GPU-cb732fe5-3b0b-12e6-6aeb-56f751b57a18": {
          "energy_j": 391.6649396169185,
          "energy_wh": 0.10879581656025514,
          "covered_s": 24.623677492141724
        },
        "neptune_GPU-35fd1bf9-5849-1263-ccc4-a5ccc837400f": {
          "energy_j": 1472.7159821617604,
          "energy_wh": 0.4090877728227112,
          "covered_s": 24.623677492141724
        },
        "neptune_GPU-a59fb458-a10d-49e3-c7e2-39daba72a66d": {
          "energy_j": 784.9167744946483,
          "energy_wh": 0.21803243735962452,
          "covered_s": 24.623677492141724
        },
        "neptune_GPU-ebc2e033-0d59-2451-884a-dfd75a4915e5": {
          "energy_j": 773.3696514081955,
          "energy_wh": 0.2148249031689432,
          "covered_s": 24.623677492141724
        },
        "neptune_GPU-5dbe54b5-dc6b-9e84-5431-1900a995efdc": {
          "energy_j": 767.0109747540952,
          "energy_wh": 0.21305860409835978,
          "covered_s": 24.623677492141724
        }
      },
      "gpu_stream_count": 12,
      "covered_gpu_stream_count": 12,
      "min_gpu_coverage_ratio": 1.0,
      "gpu_coverage_ratio": {
        "ganymede_GPU-07e36d4f-3eca-a88d-1c31-445fc0d863e8": 1.0,
        "ganymede_GPU-1a75a85d-1f07-6519-507b-f1ff9def0ab9": 1.0,
        "ganymede_GPU-4c457bed-02f9-0e41-a2aa-223bc07a6d30": 1.0,
        "ganymede_GPU-4fcfdc09-de3b-156a-5d01-453f2b97235f": 1.0,
        "ganymede_GPU-f1100610-fd9b-7442-b863-78020b187137": 1.0,
        "ganymede_GPU-20dfc31e-37e6-2ba1-cab4-549d23157a36": 1.0,
        "ganymede_GPU-fa65f89d-37e8-dc5c-919d-2b60403f9a44": 1.0,
        "ganymede_GPU-cb732fe5-3b0b-12e6-6aeb-56f751b57a18": 1.0,
        "neptune_GPU-35fd1bf9-5849-1263-ccc4-a5ccc837400f": 1.0,
        "neptune_GPU-a59fb458-a10d-49e3-c7e2-39daba72a66d": 1.0,
        "neptune_GPU-ebc2e033-0d59-2451-884a-dfd75a4915e5": 1.0,
        "neptune_GPU-5dbe54b5-dc6b-9e84-5431-1900a995efdc": 1.0
      },
      "host_energy_j": {
        "ganymede": 3479.908758709257,
        "neptune": 3798.0133828186995
      },
      "combined_energy_j": 7277.922141527957,
      "combined_energy_wh": 2.0216450393133214,
      "combined_avg_power_w": 295.566011366523,
      "successful_requests": 4,
      "energy_per_request_j": 1819.4805353819893
    },
    {
      "seq": 2,
      "workload_id": "long_prompt_slo_scaleout",
      "start_unix_ts": 1785776960.8655605,
      "end_unix_ts": 1785776997.4390278,
      "duration_s": 36.57346725463867,
      "nodes": {
        "ganymede_GPU-07e36d4f-3eca-a88d-1c31-445fc0d863e8": {
          "energy_j": 1643.959635395077,
          "energy_wh": 0.45665545427641024,
          "covered_s": 36.57346725463867
        },
        "ganymede_GPU-1a75a85d-1f07-6519-507b-f1ff9def0ab9": {
          "energy_j": 1634.0918712627756,
          "energy_wh": 0.4539144086841043,
          "covered_s": 36.57346725463867
        },
        "ganymede_GPU-4c457bed-02f9-0e41-a2aa-223bc07a6d30": {
          "energy_j": 1642.5302191418687,
          "energy_wh": 0.4562583942060746,
          "covered_s": 36.57346725463867
        },
        "ganymede_GPU-4fcfdc09-de3b-156a-5d01-453f2b97235f": {
          "energy_j": 1640.42142339964,
          "energy_wh": 0.4556726176110111,
          "covered_s": 36.57346725463867
        },
        "ganymede_GPU-f1100610-fd9b-7442-b863-78020b187137": {
          "energy_j": 587.6820590336525,
          "energy_wh": 0.16324501639823683,
          "covered_s": 36.57346725463867
        },
        "ganymede_GPU-20dfc31e-37e6-2ba1-cab4-549d23157a36": {
          "energy_j": 597.7340809436047,
          "energy_wh": 0.16603724470655687,
          "covered_s": 36.57346725463867
        },
        "ganymede_GPU-fa65f89d-37e8-dc5c-919d-2b60403f9a44": {
          "energy_j": 587.0476090425635,
          "energy_wh": 0.16306878028960098,
          "covered_s": 36.57346725463867
        },
        "ganymede_GPU-cb732fe5-3b0b-12e6-6aeb-56f751b57a18": {
          "energy_j": 580.3700814825679,
          "energy_wh": 0.16121391152293554,
          "covered_s": 36.57346725463867
        },
        "neptune_GPU-35fd1bf9-5849-1263-ccc4-a5ccc837400f": {
          "energy_j": 3055.9016861879827,
          "energy_wh": 0.8488615794966619,
          "covered_s": 36.57346725463867
        },
        "neptune_GPU-a59fb458-a10d-49e3-c7e2-39daba72a66d": {
          "energy_j": 3126.8737865223443,
          "energy_wh": 0.8685760518117623,
          "covered_s": 36.57346725463867
        },
        "neptune_GPU-ebc2e033-0d59-2451-884a-dfd75a4915e5": {
          "energy_j": 3104.4261221606785,
          "energy_wh": 0.8623405894890773,
          "covered_s": 36.57346725463867
        },
        "neptune_GPU-5dbe54b5-dc6b-9e84-5431-1900a995efdc": {
          "energy_j": 1143.4124124419693,
          "energy_wh": 0.31761455901165814,
          "covered_s": 36.57346725463867
        }
      },
      "gpu_stream_count": 12,
      "covered_gpu_stream_count": 12,
      "min_gpu_coverage_ratio": 1.0,
      "gpu_coverage_ratio": {
        "ganymede_GPU-07e36d4f-3eca-a88d-1c31-445fc0d863e8": 1.0,
        "ganymede_GPU-1a75a85d-1f07-6519-507b-f1ff9def0ab9": 1.0,
        "ganymede_GPU-4c457bed-02f9-0e41-a2aa-223bc07a6d30": 1.0,
        "ganymede_GPU-4fcfdc09-de3b-156a-5d01-453f2b97235f": 1.0,
        "ganymede_GPU-f1100610-fd9b-7442-b863-78020b187137": 1.0,
        "ganymede_GPU-20dfc31e-37e6-2ba1-cab4-549d23157a36": 1.0,
        "ganymede_GPU-fa65f89d-37e8-dc5c-919d-2b60403f9a44": 1.0,
        "ganymede_GPU-cb732fe5-3b0b-12e6-6aeb-56f751b57a18": 1.0,
        "neptune_GPU-35fd1bf9-5849-1263-ccc4-a5ccc837400f": 1.0,
        "neptune_GPU-a59fb458-a10d-49e3-c7e2-39daba72a66d": 1.0,
        "neptune_GPU-ebc2e033-0d59-2451-884a-dfd75a4915e5": 1.0,
        "neptune_GPU-5dbe54b5-dc6b-9e84-5431-1900a995efdc": 1.0
      },
      "host_energy_j": {
        "ganymede": 8913.83697970175,
        "neptune": 10430.614007312975
      },
      "combined_energy_j": 19344.450987014723,
      "combined_energy_wh": 5.37345860750409,
      "combined_avg_power_w": 528.9203468823764,
      "successful_requests": 16,
      "energy_per_request_j": 1209.0281866884202
    },
    {
      "seq": 3,
      "workload_id": "recovery_scalein",
      "start_unix_ts": 1785777043.114954,
      "end_unix_ts": 1785777066.7879052,
      "duration_s": 23.672951221466064,
      "nodes": {
        "ganymede_GPU-07e36d4f-3eca-a88d-1c31-445fc0d863e8": {
          "energy_j": 657.8800137131858,
          "energy_wh": 0.18274444825366273,
          "covered_s": 23.672951221466064
        },
        "ganymede_GPU-1a75a85d-1f07-6519-507b-f1ff9def0ab9": {
          "energy_j": 654.7822914506944,
          "energy_wh": 0.18188396984741512,
          "covered_s": 23.672951221466064
        },
        "ganymede_GPU-4c457bed-02f9-0e41-a2aa-223bc07a6d30": {
          "energy_j": 640.5534648537637,
          "energy_wh": 0.17793151801493434,
          "covered_s": 23.672951221466064
        },
        "ganymede_GPU-4fcfdc09-de3b-156a-5d01-453f2b97235f": {
          "energy_j": 653.5777864754199,
          "energy_wh": 0.1815493851320611,
          "covered_s": 23.672951221466064
        },
        "ganymede_GPU-f1100610-fd9b-7442-b863-78020b187137": {
          "energy_j": 379.37546265482894,
          "energy_wh": 0.10538207295967471,
          "covered_s": 23.672951221466064
        },
        "ganymede_GPU-20dfc31e-37e6-2ba1-cab4-549d23157a36": {
          "energy_j": 385.93600866556164,
          "energy_wh": 0.1072044468515449,
          "covered_s": 23.672951221466064
        },
        "ganymede_GPU-fa65f89d-37e8-dc5c-919d-2b60403f9a44": {
          "energy_j": 379.8342245543002,
          "energy_wh": 0.10550950682063895,
          "covered_s": 23.672951221466064
        },
        "ganymede_GPU-cb732fe5-3b0b-12e6-6aeb-56f751b57a18": {
          "energy_j": 375.40109130620954,
          "energy_wh": 0.10427808091839154,
          "covered_s": 23.672951221466064
        },
        "neptune_GPU-35fd1bf9-5849-1263-ccc4-a5ccc837400f": {
          "energy_j": 1416.9892225873473,
          "energy_wh": 0.39360811738537427,
          "covered_s": 23.672951221466064
        },
        "neptune_GPU-a59fb458-a10d-49e3-c7e2-39daba72a66d": {
          "energy_j": 1908.9233303761487,
          "energy_wh": 0.5302564806600413,
          "covered_s": 23.672951221466064
        },
        "neptune_GPU-ebc2e033-0d59-2451-884a-dfd75a4915e5": {
          "energy_j": 1850.016035356623,
          "energy_wh": 0.5138933431546175,
          "covered_s": 23.672951221466064
        },
        "neptune_GPU-5dbe54b5-dc6b-9e84-5431-1900a995efdc": {
          "energy_j": 740.0129420661925,
          "energy_wh": 0.20555915057394236,
          "covered_s": 23.672951221466064
        }
      },
      "gpu_stream_count": 12,
      "covered_gpu_stream_count": 12,
      "min_gpu_coverage_ratio": 1.0,
      "gpu_coverage_ratio": {
        "ganymede_GPU-07e36d4f-3eca-a88d-1c31-445fc0d863e8": 1.0,
        "ganymede_GPU-1a75a85d-1f07-6519-507b-f1ff9def0ab9": 1.0,
        "ganymede_GPU-4c457bed-02f9-0e41-a2aa-223bc07a6d30": 1.0,
        "ganymede_GPU-4fcfdc09-de3b-156a-5d01-453f2b97235f": 1.0,
        "ganymede_GPU-f1100610-fd9b-7442-b863-78020b187137": 1.0,
        "ganymede_GPU-20dfc31e-37e6-2ba1-cab4-549d23157a36": 1.0,
        "ganymede_GPU-fa65f89d-37e8-dc5c-919d-2b60403f9a44": 1.0,
        "ganymede_GPU-cb732fe5-3b0b-12e6-6aeb-56f751b57a18": 1.0,
        "neptune_GPU-35fd1bf9-5849-1263-ccc4-a5ccc837400f": 1.0,
        "neptune_GPU-a59fb458-a10d-49e3-c7e2-39daba72a66d": 1.0,
        "neptune_GPU-ebc2e033-0d59-2451-884a-dfd75a4915e5": 1.0,
        "neptune_GPU-5dbe54b5-dc6b-9e84-5431-1900a995efdc": 1.0
      },
      "host_energy_j": {
        "ganymede": 4127.3403436739645,
        "neptune": 5915.941530386312
      },
      "combined_energy_j": 10043.281874060276,
      "combined_energy_wh": 2.789800520572299,
      "combined_avg_power_w": 424.25136520170196,
      "successful_requests": 4,
      "energy_per_request_j": 2510.820468515069
    }
  ],
  "telemetry_total": {
    "ganymede_GPU-07e36d4f-3eca-a88d-1c31-445fc0d863e8": {
      "energy_j": 10657.631684184078,
      "energy_wh": 2.9604532456066885,
      "covered_s": 429.5755660533905,
      "average_power_w": 24.809678497541633
    },
    "ganymede_GPU-1a75a85d-1f07-6519-507b-f1ff9def0ab9": {
      "energy_j": 10258.333549844026,
      "energy_wh": 2.8495370971788962,
      "covered_s": 429.5755660533905,
      "average_power_w": 23.880160699291384
    },
    "ganymede_GPU-4c457bed-02f9-0e41-a2aa-223bc07a6d30": {
      "energy_j": 10121.19995467661,
      "energy_wh": 2.8114444318546137,
      "covered_s": 429.5755660533905,
      "average_power_w": 23.560930263474713
    },
    "ganymede_GPU-4fcfdc09-de3b-156a-5d01-453f2b97235f": {
      "energy_j": 10369.90430790185,
      "energy_wh": 2.8805289744171807,
      "covered_s": 429.5755660533905,
      "average_power_w": 24.13988393979794
    },
    "ganymede_GPU-f1100610-fd9b-7442-b863-78020b187137": {
      "energy_j": 6991.072175139186,
      "energy_wh": 1.9419644930942181,
      "covered_s": 429.5755660533905,
      "average_power_w": 16.27437109463132
    },
    "ganymede_GPU-20dfc31e-37e6-2ba1-cab4-549d23157a36": {
      "energy_j": 7176.870619794129,
      "energy_wh": 1.9935751721650359,
      "covered_s": 429.5755660533905,
      "average_power_w": 16.706887418504014
    },
    "ganymede_GPU-fa65f89d-37e8-dc5c-919d-2b60403f9a44": {
      "energy_j": 6915.526563205733,
      "energy_wh": 1.9209796008904814,
      "covered_s": 429.5755660533905,
      "average_power_w": 16.098510040364413
    },
    "ganymede_GPU-cb732fe5-3b0b-12e6-6aeb-56f751b57a18": {
      "energy_j": 6814.528458735939,
      "energy_wh": 1.8929245718710943,
      "covered_s": 429.5755660533905,
      "average_power_w": 15.863398659617863
    },
    "neptune_GPU-35fd1bf9-5849-1263-ccc4-a5ccc837400f": {
      "energy_j": 27479.749939913752,
      "energy_wh": 7.633263872198264,
      "covered_s": 429.9950120449066,
      "average_power_w": 63.907136525211364
    },
    "neptune_GPU-a59fb458-a10d-49e3-c7e2-39daba72a66d": {
      "energy_j": 25147.650762591365,
      "energy_wh": 6.985458545164268,
      "covered_s": 429.9950120449066,
      "average_power_w": 58.48358715371579
    },
    "neptune_GPU-ebc2e033-0d59-2451-884a-dfd75a4915e5": {
      "energy_j": 24604.422114270943,
      "energy_wh": 6.834561698408595,
      "covered_s": 429.9950120449066,
      "average_power_w": 57.22025006118298
    },
    "neptune_GPU-5dbe54b5-dc6b-9e84-5431-1900a995efdc": {
      "energy_j": 13442.113924226778,
      "energy_wh": 3.733920534507438,
      "covered_s": 429.9950120449066,
      "average_power_w": 31.261092681751734
    }
  },
  "host_total_energy_j": {
    "ganymede": 69305.06731348154,
    "neptune": 90673.93674100284
  },
  "telemetry_total_energy_j": 159979.0040544844,
  "telemetry_total_energy_wh": 44.43861223735678,
  "reset_probe_energy_j": 1819.3843723976609,
  "reset_probe_energy_wh": 0.5053845478882392,
  "total_recorded_gpu_energy_j": 161798.38842688207,
  "total_recorded_gpu_energy_wh": 44.94399678524502
}
