{
  "slo": {
    "ttft_ms": 500.0,
    "tpot_ms": 200.0
  },
  "saturation_definition": "inconclusive for fixed-count finite-rate Poisson windows; throughput ratio includes arrival spacing and tail drain",
  "power_scope": "12 GPU board-power streams; excludes CPU, RAM, NIC, and fans",
  "power_source": "allocation_wide_multi_gpu_monitor",
  "gpu_stream_count": 12,
  "workloads": [
    {
      "workload": {
        "seq": 1,
        "workload_id": "baseline_1p1d",
        "input_len": 32,
        "output_len": 32,
        "configured_request_rate_rps": 1.0,
        "decision_status": "OK",
        "decision_mode": "safe_min_power",
        "num_candidates": 100,
        "num_safe": 90
      },
      "decision": {
        "status": "OK",
        "decision_mode": "safe_min_power",
        "policy": "latency_only",
        "placement": "l40s-prefill-l4-decode",
        "workload": {
          "il": 32,
          "ol": 32,
          "rate": 1.0
        },
        "instances": {
          "prefill": 1,
          "decode": 1
        },
        "slos": {
          "ttft_ms": 500,
          "tpot_ms": 200
        },
        "kv_transfer_model": {
          "enabled": true,
          "formula": "T_kv = input_tokens * (2 * layers * num_kv_heads * head_dim * bytes_per_element) * 8 / effective_bandwidth_gbps",
          "ttft_formula": "predicted_p99_ttft = predicted_p99_queue_plus_prefill + T_kv + T_dispatch",
          "input_tokens": 32,
          "num_layers": 32,
          "num_kv_heads": 8,
          "head_dim": 128,
          "bytes_per_element": 2,
          "kv_bytes_per_token": 131072,
          "kv_total_bytes": 4194304,
          "effective_bandwidth_gbps": 24.076,
          "kv_transfer_ms": 1.393688,
          "dispatch_ms": 0.0
        },
        "saturation_threshold": 0.3,
        "tp_per_role": 1,
        "recommended": {
          "prefill": {
            "phase": "prefill",
            "gpu_type": "l40s",
            "node_group": "neptune",
            "tp": 1,
            "freq_mhz": 480,
            "rec_freq_mhz": 480,
            "is_safe": true,
            "p_violate": 0.0047,
            "rho_phase": 0.0309,
            "rho_total": 0.0402,
            "latency_ms": 112.4,
            "power_per_gpu_w": 104.9,
            "total_power_w": 104.9,
            "p99_ttft_ms": 113.8,
            "p_saturated": 0.024298,
            "p_saturated_min": 0.016867,
            "p_saturated_max": 0.035167,
            "saturation_threshold": 0.3,
            "saturation_safe": true,
            "per_seed": [
              {
                "seed": 3,
                "probability": 0.035167
              },
              {
                "seed": 7,
                "probability": 0.020341
              },
              {
                "seed": 11,
                "probability": 0.016867
              },
              {
                "seed": 19,
                "probability": 0.030239
              },
              {
                "seed": 23,
                "probability": 0.018878
              }
            ],
            "instance_count": 1,
            "effective_request_rate_per_instance": 1.0,
            "p99_queue_plus_prefill_ms": 112.4,
            "kv_transfer_ms": 1.393688,
            "dispatch_ms": 0.0,
            "ttft_components_ms": {
              "queue_plus_prefill": 112.4,
              "kv_transfer": 1.393688,
              "dispatch": 0.0,
              "total": 113.8
            }
          },
          "decode": {
            "phase": "decode",
            "gpu_type": "l4",
            "node_group": "ganymede",
            "tp": 1,
            "freq_mhz": 360,
            "rec_freq_mhz": 360,
            "is_safe": true,
            "p_violate": 0.0711,
            "rho_phase": 0.0098,
            "rho_total": 0.0426,
            "latency_ms": 154.4,
            "power_per_gpu_w": 42.9,
            "total_power_w": 42.9,
            "p99_tpot_ms": 154.4,
            "p_saturated": 0.079869,
            "p_saturated_min": 0.072337,
            "p_saturated_max": 0.084664,
            "saturation_threshold": 0.3,
            "saturation_safe": true,
            "per_seed": [
              {
                "seed": 3,
                "probability": 0.081018
              },
              {
                "seed": 7,
                "probability": 0.076868
              },
              {
                "seed": 11,
                "probability": 0.084664
              },
              {
                "seed": 19,
                "probability": 0.084456
              },
              {
                "seed": 23,
                "probability": 0.072337
              }
            ],
            "instance_count": 1,
            "effective_request_rate_per_instance": 1.0
          },
          "latency_safe": true,
          "saturation_safe": true,
          "is_safe": true,
          "predicted_joint_latency_violation_probability": 0.075466,
          "predicted_joint_saturation_probability": 0.102226,
          "predicted_overload_violation_probability": 0.075466,
          "predicted_ttft_excess_ratio": 0.0,
          "predicted_tpot_excess_ratio": 0.0,
          "predicted_max_slo_excess_ratio": 0.0,
          "predicted_cluster_power_w": 147.8,
          "predicted_energy_per_request_j": 147.8
        },
        "alternatives": [
          {
            "prefill": {
              "phase": "prefill",
              "gpu_type": "l40s",
              "node_group": "neptune",
              "tp": 1,
              "freq_mhz": 480,
              "rec_freq_mhz": 480,
              "is_safe": true,
              "p_violate": 0.0047,
              "rho_phase": 0.0309,
              "rho_total": 0.0402,
              "latency_ms": 112.4,
              "power_per_gpu_w": 104.9,
              "total_power_w": 104.9,
              "p99_ttft_ms": 113.8,
              "p_saturated": 0.024298,
              "p_saturated_min": 0.016867,
              "p_saturated_max": 0.035167,
              "saturation_threshold": 0.3,
              "saturation_safe": true,
              "per_seed": [
                {
                  "seed": 3,
                  "probability": 0.035167
                },
                {
                  "seed": 7,
                  "probability": 0.020341
                },
                {
                  "seed": 11,
                  "probability": 0.016867
                },
                {
                  "seed": 19,
                  "probability": 0.030239
                },
                {
                  "seed": 23,
                  "probability": 0.018878
                }
              ],
              "instance_count": 1,
              "effective_request_rate_per_instance": 1.0,
              "p99_queue_plus_prefill_ms": 112.4,
              "kv_transfer_ms": 1.393688,
              "dispatch_ms": 0.0,
              "ttft_components_ms": {
                "queue_plus_prefill": 112.4,
                "kv_transfer": 1.393688,
                "dispatch": 0.0,
                "total": 113.8
              }
            },
            "decode": {
              "phase": "decode",
              "gpu_type": "l4",
              "node_group": "ganymede",
              "tp": 1,
              "freq_mhz": 570,
              "rec_freq_mhz": 570,
              "is_safe": true,
              "p_violate": 0.0037,
              "rho_phase": 0.0116,
              "rho_total": 0.0503,
              "latency_ms": 151.6,
              "power_per_gpu_w": 43.1,
              "total_power_w": 43.1,
              "p99_tpot_ms": 151.6,
              "p_saturated": 0.076707,
              "p_saturated_min": 0.072337,
              "p_saturated_max": 0.084456,
              "saturation_threshold": 0.3,
              "saturation_safe": true,
              "per_seed": [
                {
                  "seed": 3,
                  "probability": 0.076162
                },
                {
                  "seed": 7,
                  "probability": 0.076868
                },
                {
                  "seed": 11,
                  "probability": 0.073713
                },
                {
                  "seed": 19,
                  "probability": 0.084456
                },
                {
                  "seed": 23,
                  "probability": 0.072337
                }
              ],
              "instance_count": 1,
              "effective_request_rate_per_instance": 1.0
            },
            "latency_safe": true,
            "saturation_safe": true,
            "is_safe": true,
            "predicted_joint_latency_violation_probability": 0.008383,
            "predicted_joint_saturation_probability": 0.099141,
            "predicted_overload_violation_probability": 0.008383,
            "predicted_ttft_excess_ratio": 0.0,
            "predicted_tpot_excess_ratio": 0.0,
            "predicted_max_slo_excess_ratio": 0.0,
            "predicted_cluster_power_w": 148.0,
            "predicted_energy_per_request_j": 148.0
          },
          {
            "prefill": {
              "phase": "prefill",
              "gpu_type": "l40s",
              "node_group": "neptune",
              "tp": 1,
              "freq_mhz": 210,
              "rec_freq_mhz": 210,
              "is_safe": true,
              "p_violate": 0.0232,
              "rho_phase": 0.0518,
              "rho_total": 0.0673,
              "latency_ms": 135.9,
              "power_per_gpu_w": 105.7,
              "total_power_w": 105.7,
              "p99_ttft_ms": 137.3,
              "p_saturated": 0.108784,
              "p_saturated_min": 0.065579,
              "p_saturated_max": 0.231864,
              "saturation_threshold": 0.3,
              "saturation_safe": true,
              "per_seed": [
                {
                  "seed": 3,
                  "probability": 0.091974
                },
                {
                  "seed": 7,
                  "probability": 0.231864
                },
                {
                  "seed": 11,
                  "probability": 0.083063
                },
                {
                  "seed": 19,
                  "probability": 0.065579
                },
                {
                  "seed": 23,
                  "probability": 0.071438
                }
              ],
              "instance_count": 1,
              "effective_request_rate_per_instance": 1.0,
              "p99_queue_plus_prefill_ms": 135.9,
              "kv_transfer_ms": 1.393688,
              "dispatch_ms": 0.0,
              "ttft_components_ms": {
                "queue_plus_prefill": 135.9,
                "kv_transfer": 1.393688,
                "dispatch": 0.0,
                "total": 137.3
              }
            },
            "decode": {
              "phase": "decode",
              "gpu_type": "l4",
              "node_group": "ganymede",
              "tp": 1,
              "freq_mhz": 360,
              "rec_freq_mhz": 360,
              "is_safe": true,
              "p_violate": 0.0711,
              "rho_phase": 0.0098,
              "rho_total": 0.0426,
              "latency_ms": 154.4,
              "power_per_gpu_w": 42.9,
              "total_power_w": 42.9,
              "p99_tpot_ms": 154.4,
              "p_saturated": 0.079869,
              "p_saturated_min": 0.072337,
              "p_saturated_max": 0.084664,
              "saturation_threshold": 0.3,
              "saturation_safe": true,
              "per_seed": [
                {
                  "seed": 3,
                  "probability": 0.081018
                },
                {
                  "seed": 7,
                  "probability": 0.076868
                },
                {
                  "seed": 11,
                  "probability": 0.084664
                },
                {
                  "seed": 19,
                  "probability": 0.084456
                },
                {
                  "seed": 23,
                  "probability": 0.072337
                }
              ],
              "instance_count": 1,
              "effective_request_rate_per_instance": 1.0
            },
            "latency_safe": true,
            "saturation_safe": true,
            "is_safe": true,
            "predicted_joint_latency_violation_probability": 0.09265,
            "predicted_joint_saturation_probability": 0.179965,
            "predicted_overload_violation_probability": 0.09265,
            "predicted_ttft_excess_ratio": 0.0,
            "predicted_tpot_excess_ratio": 0.0,
            "predicted_max_slo_excess_ratio": 0.0,
            "predicted_cluster_power_w": 148.6,
            "predicted_energy_per_request_j": 148.6
          },
          {
            "prefill": {
              "phase": "prefill",
              "gpu_type": "l40s",
              "node_group": "neptune",
              "tp": 1,
              "freq_mhz": 210,
              "rec_freq_mhz": 210,
              "is_safe": true,
              "p_violate": 0.0232,
              "rho_phase": 0.0518,
              "rho_total": 0.0673,
              "latency_ms": 135.9,
              "power_per_gpu_w": 105.7,
              "total_power_w": 105.7,
              "p99_ttft_ms": 137.3,
              "p_saturated": 0.108784,
              "p_saturated_min": 0.065579,
              "p_saturated_max": 0.231864,
              "saturation_threshold": 0.3,
              "saturation_safe": true,
              "per_seed": [
                {
                  "seed": 3,
                  "probability": 0.091974
                },
                {
                  "seed": 7,
                  "probability": 0.231864
                },
                {
                  "seed": 11,
                  "probability": 0.083063
                },
                {
                  "seed": 19,
                  "probability": 0.065579
                },
                {
                  "seed": 23,
                  "probability": 0.071438
                }
              ],
              "instance_count": 1,
              "effective_request_rate_per_instance": 1.0,
              "p99_queue_plus_prefill_ms": 135.9,
              "kv_transfer_ms": 1.393688,
              "dispatch_ms": 0.0,
              "ttft_components_ms": {
                "queue_plus_prefill": 135.9,
                "kv_transfer": 1.393688,
                "dispatch": 0.0,
                "total": 137.3
              }
            },
            "decode": {
              "phase": "decode",
              "gpu_type": "l4",
              "node_group": "ganymede",
              "tp": 1,
              "freq_mhz": 570,
              "rec_freq_mhz": 570,
              "is_safe": true,
              "p_violate": 0.0037,
              "rho_phase": 0.0116,
              "rho_total": 0.0503,
              "latency_ms": 151.6,
              "power_per_gpu_w": 43.1,
              "total_power_w": 43.1,
              "p99_tpot_ms": 151.6,
              "p_saturated": 0.076707,
              "p_saturated_min": 0.072337,
              "p_saturated_max": 0.084456,
              "saturation_threshold": 0.3,
              "saturation_safe": true,
              "per_seed": [
                {
                  "seed": 3,
                  "probability": 0.076162
                },
                {
                  "seed": 7,
                  "probability": 0.076868
                },
                {
                  "seed": 11,
                  "probability": 0.073713
                },
                {
                  "seed": 19,
                  "probability": 0.084456
                },
                {
                  "seed": 23,
                  "probability": 0.072337
                }
              ],
              "instance_count": 1,
              "effective_request_rate_per_instance": 1.0
            },
            "latency_safe": true,
            "saturation_safe": true,
            "is_safe": true,
            "predicted_joint_latency_violation_probability": 0.026814,
            "predicted_joint_saturation_probability": 0.177147,
            "predicted_overload_violation_probability": 0.026814,
            "predicted_ttft_excess_ratio": 0.0,
            "predicted_tpot_excess_ratio": 0.0,
            "predicted_max_slo_excess_ratio": 0.0,
            "predicted_cluster_power_w": 148.8,
            "predicted_energy_per_request_j": 148.8
          }
        ],
        "num_candidates": 100,
        "num_latency_safe": 90,
        "num_saturation_safe": 100,
        "num_safe": 90
      },
      "performance": {
        "successful_requests": 4,
        "failed_requests": 0,
        "benchmark_duration_s": 6.2,
        "request_throughput_rps": 0.64,
        "output_token_throughput_tps": 20.64,
        "total_token_throughput_tps": 40.63,
        "p99_ttft_ms": 283.28,
        "p99_tpot_ms": 64.29,
        "p99_itl_ms": 72.17,
        "throughput_ratio": 0.64,
        "measured_saturated": null,
        "saturation_assessment": "INCONCLUSIVE_FINITE_POISSON",
        "ttft_slo_ok": true,
        "tpot_slo_ok": true
      },
      "telemetry": {
        "decode_ganymede_decode-2": {
          "samples": 0
        },
        "decode_ganymede_decode-3": {
          "samples": 0
        },
        "decode_ganymede_decode-4": {
          "samples": 0
        },
        "decode_ganymede": {
          "samples": 39,
          "target_freq_mhz": 360.0,
          "gpu_util_avg_pct": 20.512820512820515,
          "gpu_util_max_pct": 100.0,
          "gpu_power_avg_w": 27.156410256410254,
          "gpu_power_max_w": 55.71,
          "gpu_sm_clock_avg_mhz": 360.0,
          "gpu_sm_clock_max_mhz": 360.0,
          "gpu_sm_clock_min_mhz": 360.0,
          "gpu_memory_used_avg_mib": 18664.589743589742,
          "gpu_memory_used_max_mib": 18673.0,
          "gpu_mem_util_avg_pct": 20.512820512820515,
          "gpu_mem_util_max_pct": 100.0,
          "gpu_power_limit_avg_w": 72.0,
          "gpu_power_limit_max_w": 72.0,
          "gpu_mem_clock_avg_mhz": 6251.0,
          "gpu_mem_clock_max_mhz": 6251.0,
          "gpu_temperature_avg_c": 45.61538461538461,
          "gpu_temperature_max_c": 48.0,
          "network_rx_bytes": 25349439.0,
          "network_tx_bytes": 7179234.0,
          "gpu_pstate_mode": "P0"
        },
        "prefill_neptune_prefill-2": {
          "samples": 0
        },
        "prefill_neptune_prefill-3": {
          "samples": 0
        },
        "prefill_neptune": {
          "samples": 42,
          "target_freq_mhz": 480.0,
          "gpu_util_avg_pct": 0.0,
          "gpu_util_max_pct": 0.0,
          "gpu_power_avg_w": 59.70714285714286,
          "gpu_power_max_w": 66.59,
          "gpu_sm_clock_avg_mhz": 480.0,
          "gpu_sm_clock_max_mhz": 480.0,
          "gpu_sm_clock_min_mhz": 480.0,
          "gpu_memory_used_avg_mib": 37815.42857142857,
          "gpu_memory_used_max_mib": 37817.0,
          "gpu_mem_util_avg_pct": 0.0,
          "gpu_mem_util_max_pct": 0.0,
          "gpu_power_limit_avg_w": 350.0,
          "gpu_power_limit_max_w": 350.0,
          "gpu_mem_clock_avg_mhz": 9001.0,
          "gpu_mem_clock_max_mhz": 9001.0,
          "gpu_temperature_avg_c": 27.11904761904762,
          "gpu_temperature_max_c": 28.0,
          "network_rx_bytes": 133964.0,
          "network_tx_bytes": 17882084.0,
          "gpu_pstate_mode": "P0"
        }
      },
      "energy": {
        "gpu_stream_count": 12,
        "covered_gpu_stream_count": 12,
        "min_gpu_coverage_ratio": 1.0,
        "neptune_energy_j": 3798.0133828186995,
        "ganymede_energy_j": 3479.908758709257,
        "combined_energy_j": 7277.922141527957,
        "combined_avg_power_w": 295.566011366523,
        "energy_per_request_j": 1819.4805353819893
      },
      "summary": {
        "seq": 1,
        "workload_id": "baseline_1p1d",
        "input_len": 32,
        "output_len": 32,
        "configured_request_rate_rps": 1.0,
        "decision_status": "OK",
        "decision_mode": "safe_min_power",
        "num_candidates": 100,
        "num_safe": 90,
        "recommended_is_safe": true,
        "prefill_gpu": "l40s",
        "prefill_instances": 1,
        "prefill_request_rate_per_instance_rps": 1.0,
        "prefill_target_freq_mhz": 480,
        "prefill_predicted_p99_ttft_ms": 113.8,
        "prefill_predicted_p99_queue_plus_prefill_ms": 112.4,
        "predicted_kv_transfer_ms": 1.393688,
        "predicted_dispatch_ms": 0.0,
        "kv_bytes_per_token": 131072,
        "kv_total_bytes": 4194304,
        "kv_effective_bandwidth_gbps": 24.076,
        "prefill_predicted_p_saturated": 0.024298,
        "decode_gpu": "l4",
        "decode_instances": 1,
        "decode_request_rate_per_instance_rps": 1.0,
        "decode_target_freq_mhz": 360,
        "decode_predicted_p99_tpot_ms": 154.4,
        "decode_predicted_p_saturated": 0.079869,
        "predicted_cluster_power_w": 147.8,
        "actual_successful_requests": 4,
        "actual_failed_requests": 0,
        "actual_benchmark_duration_s": 6.2,
        "actual_request_throughput_rps": 0.64,
        "actual_output_token_throughput_tps": 20.64,
        "actual_total_token_throughput_tps": 40.63,
        "actual_p99_ttft_ms": 283.28,
        "actual_p99_tpot_ms": 64.29,
        "actual_p99_itl_ms": 72.17,
        "actual_throughput_ratio": 0.64,
        "actual_measured_saturated": null,
        "actual_saturation_assessment": "INCONCLUSIVE_FINITE_POISSON",
        "actual_ttft_slo_ok": true,
        "actual_tpot_slo_ok": true,
        "decode_ganymede_decode-2_samples": 0,
        "decode_ganymede_decode-3_samples": 0,
        "decode_ganymede_decode-4_samples": 0,
        "decode_ganymede_samples": 39,
        "decode_ganymede_target_freq_mhz": 360.0,
        "decode_ganymede_gpu_util_avg_pct": 20.512821,
        "decode_ganymede_gpu_util_max_pct": 100.0,
        "decode_ganymede_gpu_power_avg_w": 27.15641,
        "decode_ganymede_gpu_power_max_w": 55.71,
        "decode_ganymede_gpu_sm_clock_avg_mhz": 360.0,
        "decode_ganymede_gpu_sm_clock_max_mhz": 360.0,
        "decode_ganymede_gpu_sm_clock_min_mhz": 360.0,
        "decode_ganymede_gpu_memory_used_avg_mib": 18664.589744,
        "decode_ganymede_gpu_memory_used_max_mib": 18673.0,
        "decode_ganymede_gpu_mem_util_avg_pct": 20.512821,
        "decode_ganymede_gpu_mem_util_max_pct": 100.0,
        "decode_ganymede_gpu_power_limit_avg_w": 72.0,
        "decode_ganymede_gpu_power_limit_max_w": 72.0,
        "decode_ganymede_gpu_mem_clock_avg_mhz": 6251.0,
        "decode_ganymede_gpu_mem_clock_max_mhz": 6251.0,
        "decode_ganymede_gpu_temperature_avg_c": 45.615385,
        "decode_ganymede_gpu_temperature_max_c": 48.0,
        "decode_ganymede_network_rx_bytes": 25349439.0,
        "decode_ganymede_network_tx_bytes": 7179234.0,
        "decode_ganymede_gpu_pstate_mode": "P0",
        "prefill_neptune_prefill-2_samples": 0,
        "prefill_neptune_prefill-3_samples": 0,
        "prefill_neptune_samples": 42,
        "prefill_neptune_target_freq_mhz": 480.0,
        "prefill_neptune_gpu_util_avg_pct": 0.0,
        "prefill_neptune_gpu_util_max_pct": 0.0,
        "prefill_neptune_gpu_power_avg_w": 59.707143,
        "prefill_neptune_gpu_power_max_w": 66.59,
        "prefill_neptune_gpu_sm_clock_avg_mhz": 480.0,
        "prefill_neptune_gpu_sm_clock_max_mhz": 480.0,
        "prefill_neptune_gpu_sm_clock_min_mhz": 480.0,
        "prefill_neptune_gpu_memory_used_avg_mib": 37815.428571,
        "prefill_neptune_gpu_memory_used_max_mib": 37817.0,
        "prefill_neptune_gpu_mem_util_avg_pct": 0.0,
        "prefill_neptune_gpu_mem_util_max_pct": 0.0,
        "prefill_neptune_gpu_power_limit_avg_w": 350.0,
        "prefill_neptune_gpu_power_limit_max_w": 350.0,
        "prefill_neptune_gpu_mem_clock_avg_mhz": 9001.0,
        "prefill_neptune_gpu_mem_clock_max_mhz": 9001.0,
        "prefill_neptune_gpu_temperature_avg_c": 27.119048,
        "prefill_neptune_gpu_temperature_max_c": 28.0,
        "prefill_neptune_network_rx_bytes": 133964.0,
        "prefill_neptune_network_tx_bytes": 17882084.0,
        "prefill_neptune_gpu_pstate_mode": "P0",
        "gpu_stream_count": 12,
        "covered_gpu_stream_count": 12,
        "min_gpu_coverage_ratio": 1.0,
        "neptune_energy_j": 3798.013383,
        "ganymede_energy_j": 3479.908759,
        "combined_energy_j": 7277.922142,
        "combined_avg_power_w": 295.566011,
        "energy_per_request_j": 1819.480535
      }
    },
    {
      "workload": {
        "seq": 2,
        "workload_id": "long_prompt_slo_scaleout",
        "input_len": 2048,
        "output_len": 128,
        "configured_request_rate_rps": 2.0,
        "decision_status": "OK",
        "decision_mode": "safe_min_power",
        "num_candidates": 100,
        "num_safe": 1
      },
      "decision": {
        "status": "OK",
        "decision_mode": "safe_min_power",
        "policy": "latency_only",
        "placement": "l40s-prefill-l4-decode",
        "workload": {
          "il": 2048,
          "ol": 128,
          "rate": 2.0
        },
        "instances": {
          "prefill": 3,
          "decode": 4
        },
        "slos": {
          "ttft_ms": 500,
          "tpot_ms": 200
        },
        "kv_transfer_model": {
          "enabled": true,
          "formula": "T_kv = input_tokens * (2 * layers * num_kv_heads * head_dim * bytes_per_element) * 8 / effective_bandwidth_gbps",
          "ttft_formula": "predicted_p99_ttft = predicted_p99_queue_plus_prefill + T_kv + T_dispatch",
          "input_tokens": 2048,
          "num_layers": 32,
          "num_kv_heads": 8,
          "head_dim": 128,
          "bytes_per_element": 2,
          "kv_bytes_per_token": 131072,
          "kv_total_bytes": 268435456,
          "effective_bandwidth_gbps": 24.076,
          "kv_transfer_ms": 89.196031,
          "dispatch_ms": 0.0
        },
        "saturation_threshold": 0.3,
        "tp_per_role": 1,
        "recommended": {
          "prefill": {
            "phase": "prefill",
            "gpu_type": "l40s",
            "node_group": "neptune",
            "tp": 1,
            "freq_mhz": 2520,
            "rec_freq_mhz": 2520,
            "is_safe": true,
            "p_violate": 0.1185,
            "rho_phase": 0.1881,
            "rho_total": 0.1916,
            "latency_ms": 391.5,
            "power_per_gpu_w": 251.2,
            "total_power_w": 251.2,
            "p99_ttft_ms": 480.7,
            "p_saturated": 0.030537,
            "p_saturated_min": 0.02517,
            "p_saturated_max": 0.036605,
            "saturation_threshold": 0.3,
            "saturation_safe": true,
            "per_seed": [
              {
                "seed": 3,
                "probability": 0.02517
              },
              {
                "seed": 7,
                "probability": 0.031983
              },
              {
                "seed": 11,
                "probability": 0.029252
              },
              {
                "seed": 19,
                "probability": 0.029673
              },
              {
                "seed": 23,
                "probability": 0.036605
              }
            ],
            "instance_count": 3,
            "effective_request_rate_per_instance": 0.666667,
            "p99_queue_plus_prefill_ms": 391.5,
            "kv_transfer_ms": 89.196031,
            "dispatch_ms": 0.0,
            "ttft_components_ms": {
              "queue_plus_prefill": 391.5,
              "kv_transfer": 89.196031,
              "dispatch": 0.0,
              "total": 480.7
            }
          },
          "decode": {
            "phase": "decode",
            "gpu_type": "l4",
            "node_group": "ganymede",
            "tp": 1,
            "freq_mhz": 2040,
            "rec_freq_mhz": 2040,
            "is_safe": true,
            "p_violate": 0.1408,
            "rho_phase": 0.0103,
            "rho_total": 0.5602,
            "latency_ms": 158.2,
            "power_per_gpu_w": 70.6,
            "total_power_w": 70.6,
            "p99_tpot_ms": 158.2,
            "p_saturated": 0.585307,
            "p_saturated_min": 0.490991,
            "p_saturated_max": 0.805658,
            "saturation_threshold": 0.3,
            "saturation_safe": false,
            "per_seed": [
              {
                "seed": 3,
                "probability": 0.59493
              },
              {
                "seed": 7,
                "probability": 0.509557
              },
              {
                "seed": 11,
                "probability": 0.5254
              },
              {
                "seed": 19,
                "probability": 0.490991
              },
              {
                "seed": 23,
                "probability": 0.805658
              }
            ],
            "instance_count": 4,
            "effective_request_rate_per_instance": 0.5
          },
          "latency_safe": true,
          "saturation_safe": false,
          "is_safe": true,
          "predicted_joint_latency_violation_probability": 0.242615,
          "predicted_joint_saturation_probability": 0.59797,
          "predicted_overload_violation_probability": 0.242615,
          "predicted_ttft_excess_ratio": 0.0,
          "predicted_tpot_excess_ratio": 0.0,
          "predicted_max_slo_excess_ratio": 0.0,
          "predicted_cluster_power_w": 1036.0,
          "predicted_energy_per_request_j": 518.0
        },
        "alternatives": [],
        "num_candidates": 100,
        "num_latency_safe": 1,
        "num_saturation_safe": 0,
        "num_safe": 1
      },
      "performance": {
        "successful_requests": 16,
        "failed_requests": 0,
        "benchmark_duration_s": 16.37,
        "request_throughput_rps": 0.98,
        "output_token_throughput_tps": 125.07,
        "total_token_throughput_tps": 2125.24,
        "p99_ttft_ms": 893.14,
        "p99_tpot_ms": 62.69,
        "p99_itl_ms": 71.29,
        "throughput_ratio": 0.49,
        "measured_saturated": null,
        "saturation_assessment": "INCONCLUSIVE_FINITE_POISSON",
        "ttft_slo_ok": false,
        "tpot_slo_ok": true
      },
      "telemetry": {
        "decode_ganymede_decode-2": {
          "samples": 55,
          "target_freq_mhz": 2040.0,
          "gpu_util_avg_pct": 34.654545454545456,
          "gpu_util_max_pct": 100.0,
          "gpu_power_avg_w": 42.972,
          "gpu_power_max_w": 72.29,
          "gpu_sm_clock_avg_mhz": 1938.2727272727273,
          "gpu_sm_clock_max_mhz": 2040.0,
          "gpu_sm_clock_min_mhz": 1545.0,
          "gpu_memory_used_avg_mib": 19005.872727272726,
          "gpu_memory_used_max_mib": 20141.0,
          "gpu_mem_util_avg_pct": 34.54545454545455,
          "gpu_mem_util_max_pct": 100.0,
          "gpu_power_limit_avg_w": 72.0,
          "gpu_power_limit_max_w": 72.0,
          "gpu_mem_clock_avg_mhz": 6251.0,
          "gpu_mem_clock_max_mhz": 6251.0,
          "gpu_temperature_avg_c": 48.2,
          "gpu_temperature_max_c": 54.0,
          "network_rx_bytes": 4498524147.0,
          "network_tx_bytes": 10835277.0,
          "gpu_pstate_mode": "P0"
        },
        "decode_ganymede_decode-3": {
          "samples": 54,
          "target_freq_mhz": 2040.0,
          "gpu_util_avg_pct": 38.574074074074076,
          "gpu_util_max_pct": 100.0,
          "gpu_power_avg_w": 43.14759259259259,
          "gpu_power_max_w": 73.36,
          "gpu_sm_clock_avg_mhz": 1945.8333333333333,
          "gpu_sm_clock_max_mhz": 2040.0,
          "gpu_sm_clock_min_mhz": 1590.0,
          "gpu_memory_used_avg_mib": 18995.25925925926,
          "gpu_memory_used_max_mib": 20141.0,
          "gpu_mem_util_avg_pct": 37.05555555555556,
          "gpu_mem_util_max_pct": 100.0,
          "gpu_power_limit_avg_w": 72.0,
          "gpu_power_limit_max_w": 72.0,
          "gpu_mem_clock_avg_mhz": 6251.0,
          "gpu_mem_clock_max_mhz": 6251.0,
          "gpu_temperature_avg_c": 37.2962962962963,
          "gpu_temperature_max_c": 44.0,
          "network_rx_bytes": 4498524147.0,
          "network_tx_bytes": 10835277.0,
          "gpu_pstate_mode": "P0"
        },
        "decode_ganymede_decode-4": {
          "samples": 55,
          "target_freq_mhz": 2040.0,
          "gpu_util_avg_pct": 34.78181818181818,
          "gpu_util_max_pct": 100.0,
          "gpu_power_avg_w": 42.99345454545454,
          "gpu_power_max_w": 72.38,
          "gpu_sm_clock_avg_mhz": 1953.0,
          "gpu_sm_clock_max_mhz": 2040.0,
          "gpu_sm_clock_min_mhz": 1605.0,
          "gpu_memory_used_avg_mib": 18975.50909090909,
          "gpu_memory_used_max_mib": 20141.0,
          "gpu_mem_util_avg_pct": 34.63636363636363,
          "gpu_mem_util_max_pct": 100.0,
          "gpu_power_limit_avg_w": 72.0,
          "gpu_power_limit_max_w": 72.0,
          "gpu_mem_clock_avg_mhz": 6251.0,
          "gpu_mem_clock_max_mhz": 6251.0,
          "gpu_temperature_avg_c": 35.32727272727273,
          "gpu_temperature_max_c": 42.0,
          "network_rx_bytes": 4498524147.0,
          "network_tx_bytes": 10835277.0,
          "gpu_pstate_mode": "P0"
        },
        "decode_ganymede": {
          "samples": 55,
          "target_freq_mhz": 2040.0,
          "gpu_util_avg_pct": 36.36363636363637,
          "gpu_util_max_pct": 100.0,
          "gpu_power_avg_w": 43.52781818181818,
          "gpu_power_max_w": 72.33,
          "gpu_sm_clock_avg_mhz": 1922.4545454545455,
          "gpu_sm_clock_max_mhz": 2040.0,
          "gpu_sm_clock_min_mhz": 1560.0,
          "gpu_memory_used_avg_mib": 19105.21818181818,
          "gpu_memory_used_max_mib": 20153.0,
          "gpu_mem_util_avg_pct": 36.36363636363637,
          "gpu_mem_util_max_pct": 100.0,
          "gpu_power_limit_avg_w": 72.0,
          "gpu_power_limit_max_w": 72.0,
          "gpu_mem_clock_avg_mhz": 6251.0,
          "gpu_mem_clock_max_mhz": 6251.0,
          "gpu_temperature_avg_c": 49.32727272727273,
          "gpu_temperature_max_c": 56.0,
          "network_rx_bytes": 4498524147.0,
          "network_tx_bytes": 10835277.0,
          "gpu_pstate_mode": "P0"
        },
        "prefill_neptune_prefill-2": {
          "samples": 63,
          "target_freq_mhz": 2520.0,
          "gpu_util_avg_pct": 3.6825396825396823,
          "gpu_util_max_pct": 97.0,
          "gpu_power_avg_w": 85.64015873015873,
          "gpu_power_max_w": 129.17,
          "gpu_sm_clock_avg_mhz": 2505.714285714286,
          "gpu_sm_clock_max_mhz": 2520.0,
          "gpu_sm_clock_min_mhz": 1725.0,
          "gpu_memory_used_avg_mib": 37974.5873015873,
          "gpu_memory_used_max_mib": 38619.0,
          "gpu_mem_util_avg_pct": 1.4126984126984128,
          "gpu_mem_util_max_pct": 40.0,
          "gpu_power_limit_avg_w": 350.0,
          "gpu_power_limit_max_w": 350.0,
          "gpu_mem_clock_avg_mhz": 9001.0,
          "gpu_mem_clock_max_mhz": 9001.0,
          "gpu_temperature_avg_c": 31.6984126984127,
          "gpu_temperature_max_c": 39.0,
          "network_rx_bytes": 6382703.0,
          "network_tx_bytes": 4494939358.0,
          "gpu_pstate_mode": "P0"
        },
        "prefill_neptune_prefill-3": {
          "samples": 62,
          "target_freq_mhz": 2520.0,
          "gpu_util_avg_pct": 4.951612903225806,
          "gpu_util_max_pct": 97.0,
          "gpu_power_avg_w": 84.1566129032258,
          "gpu_power_max_w": 126.97,
          "gpu_sm_clock_avg_mhz": 2494.1129032258063,
          "gpu_sm_clock_max_mhz": 2520.0,
          "gpu_sm_clock_min_mhz": 1830.0,
          "gpu_memory_used_avg_mib": 38007.54838709677,
          "gpu_memory_used_max_mib": 38619.0,
          "gpu_mem_util_avg_pct": 1.6774193548387097,
          "gpu_mem_util_max_pct": 42.0,
          "gpu_power_limit_avg_w": 350.0,
          "gpu_power_limit_max_w": 350.0,
          "gpu_mem_clock_avg_mhz": 9001.0,
          "gpu_mem_clock_max_mhz": 9001.0,
          "gpu_temperature_avg_c": 31.274193548387096,
          "gpu_temperature_max_c": 41.0,
          "network_rx_bytes": 6382703.0,
          "network_tx_bytes": 4494939358.0,
          "gpu_pstate_mode": "P0"
        },
        "prefill_neptune": {
          "samples": 63,
          "target_freq_mhz": 2520.0,
          "gpu_util_avg_pct": 2.2222222222222223,
          "gpu_util_max_pct": 51.0,
          "gpu_power_avg_w": 84.10857142857144,
          "gpu_power_max_w": 135.61,
          "gpu_sm_clock_avg_mhz": 2518.5714285714284,
          "gpu_sm_clock_max_mhz": 2520.0,
          "gpu_sm_clock_min_mhz": 2490.0,
          "gpu_memory_used_avg_mib": 38144.11111111111,
          "gpu_memory_used_max_mib": 38621.0,
          "gpu_mem_util_avg_pct": 0.031746031746031744,
          "gpu_mem_util_max_pct": 1.0,
          "gpu_power_limit_avg_w": 350.0,
          "gpu_power_limit_max_w": 350.0,
          "gpu_mem_clock_avg_mhz": 9001.0,
          "gpu_mem_clock_max_mhz": 9001.0,
          "gpu_temperature_avg_c": 30.396825396825395,
          "gpu_temperature_max_c": 32.0,
          "network_rx_bytes": 6382703.0,
          "network_tx_bytes": 4494939358.0,
          "gpu_pstate_mode": "P0"
        }
      },
      "energy": {
        "gpu_stream_count": 12,
        "covered_gpu_stream_count": 12,
        "min_gpu_coverage_ratio": 1.0,
        "neptune_energy_j": 10430.614007312975,
        "ganymede_energy_j": 8913.83697970175,
        "combined_energy_j": 19344.450987014723,
        "combined_avg_power_w": 528.9203468823764,
        "energy_per_request_j": 1209.0281866884202
      },
      "summary": {
        "seq": 2,
        "workload_id": "long_prompt_slo_scaleout",
        "input_len": 2048,
        "output_len": 128,
        "configured_request_rate_rps": 2.0,
        "decision_status": "OK",
        "decision_mode": "safe_min_power",
        "num_candidates": 100,
        "num_safe": 1,
        "recommended_is_safe": true,
        "prefill_gpu": "l40s",
        "prefill_instances": 3,
        "prefill_request_rate_per_instance_rps": 0.666667,
        "prefill_target_freq_mhz": 2520,
        "prefill_predicted_p99_ttft_ms": 480.7,
        "prefill_predicted_p99_queue_plus_prefill_ms": 391.5,
        "predicted_kv_transfer_ms": 89.196031,
        "predicted_dispatch_ms": 0.0,
        "kv_bytes_per_token": 131072,
        "kv_total_bytes": 268435456,
        "kv_effective_bandwidth_gbps": 24.076,
        "prefill_predicted_p_saturated": 0.030537,
        "decode_gpu": "l4",
        "decode_instances": 4,
        "decode_request_rate_per_instance_rps": 0.5,
        "decode_target_freq_mhz": 2040,
        "decode_predicted_p99_tpot_ms": 158.2,
        "decode_predicted_p_saturated": 0.585307,
        "predicted_cluster_power_w": 1036.0,
        "actual_successful_requests": 16,
        "actual_failed_requests": 0,
        "actual_benchmark_duration_s": 16.37,
        "actual_request_throughput_rps": 0.98,
        "actual_output_token_throughput_tps": 125.07,
        "actual_total_token_throughput_tps": 2125.24,
        "actual_p99_ttft_ms": 893.14,
        "actual_p99_tpot_ms": 62.69,
        "actual_p99_itl_ms": 71.29,
        "actual_throughput_ratio": 0.49,
        "actual_measured_saturated": null,
        "actual_saturation_assessment": "INCONCLUSIVE_FINITE_POISSON",
        "actual_ttft_slo_ok": false,
        "actual_tpot_slo_ok": true,
        "decode_ganymede_decode-2_samples": 55,
        "decode_ganymede_decode-2_target_freq_mhz": 2040.0,
        "decode_ganymede_decode-2_gpu_util_avg_pct": 34.654545,
        "decode_ganymede_decode-2_gpu_util_max_pct": 100.0,
        "decode_ganymede_decode-2_gpu_power_avg_w": 42.972,
        "decode_ganymede_decode-2_gpu_power_max_w": 72.29,
        "decode_ganymede_decode-2_gpu_sm_clock_avg_mhz": 1938.272727,
        "decode_ganymede_decode-2_gpu_sm_clock_max_mhz": 2040.0,
        "decode_ganymede_decode-2_gpu_sm_clock_min_mhz": 1545.0,
        "decode_ganymede_decode-2_gpu_memory_used_avg_mib": 19005.872727,
        "decode_ganymede_decode-2_gpu_memory_used_max_mib": 20141.0,
        "decode_ganymede_decode-2_gpu_mem_util_avg_pct": 34.545455,
        "decode_ganymede_decode-2_gpu_mem_util_max_pct": 100.0,
        "decode_ganymede_decode-2_gpu_power_limit_avg_w": 72.0,
        "decode_ganymede_decode-2_gpu_power_limit_max_w": 72.0,
        "decode_ganymede_decode-2_gpu_mem_clock_avg_mhz": 6251.0,
        "decode_ganymede_decode-2_gpu_mem_clock_max_mhz": 6251.0,
        "decode_ganymede_decode-2_gpu_temperature_avg_c": 48.2,
        "decode_ganymede_decode-2_gpu_temperature_max_c": 54.0,
        "decode_ganymede_decode-2_network_rx_bytes": 4498524147.0,
        "decode_ganymede_decode-2_network_tx_bytes": 10835277.0,
        "decode_ganymede_decode-2_gpu_pstate_mode": "P0",
        "decode_ganymede_decode-3_samples": 54,
        "decode_ganymede_decode-3_target_freq_mhz": 2040.0,
        "decode_ganymede_decode-3_gpu_util_avg_pct": 38.574074,
        "decode_ganymede_decode-3_gpu_util_max_pct": 100.0,
        "decode_ganymede_decode-3_gpu_power_avg_w": 43.147593,
        "decode_ganymede_decode-3_gpu_power_max_w": 73.36,
        "decode_ganymede_decode-3_gpu_sm_clock_avg_mhz": 1945.833333,
        "decode_ganymede_decode-3_gpu_sm_clock_max_mhz": 2040.0,
        "decode_ganymede_decode-3_gpu_sm_clock_min_mhz": 1590.0,
        "decode_ganymede_decode-3_gpu_memory_used_avg_mib": 18995.259259,
        "decode_ganymede_decode-3_gpu_memory_used_max_mib": 20141.0,
        "decode_ganymede_decode-3_gpu_mem_util_avg_pct": 37.055556,
        "decode_ganymede_decode-3_gpu_mem_util_max_pct": 100.0,
        "decode_ganymede_decode-3_gpu_power_limit_avg_w": 72.0,
        "decode_ganymede_decode-3_gpu_power_limit_max_w": 72.0,
        "decode_ganymede_decode-3_gpu_mem_clock_avg_mhz": 6251.0,
        "decode_ganymede_decode-3_gpu_mem_clock_max_mhz": 6251.0,
        "decode_ganymede_decode-3_gpu_temperature_avg_c": 37.296296,
        "decode_ganymede_decode-3_gpu_temperature_max_c": 44.0,
        "decode_ganymede_decode-3_network_rx_bytes": 4498524147.0,
        "decode_ganymede_decode-3_network_tx_bytes": 10835277.0,
        "decode_ganymede_decode-3_gpu_pstate_mode": "P0",
        "decode_ganymede_decode-4_samples": 55,
        "decode_ganymede_decode-4_target_freq_mhz": 2040.0,
        "decode_ganymede_decode-4_gpu_util_avg_pct": 34.781818,
        "decode_ganymede_decode-4_gpu_util_max_pct": 100.0,
        "decode_ganymede_decode-4_gpu_power_avg_w": 42.993455,
        "decode_ganymede_decode-4_gpu_power_max_w": 72.38,
        "decode_ganymede_decode-4_gpu_sm_clock_avg_mhz": 1953.0,
        "decode_ganymede_decode-4_gpu_sm_clock_max_mhz": 2040.0,
        "decode_ganymede_decode-4_gpu_sm_clock_min_mhz": 1605.0,
        "decode_ganymede_decode-4_gpu_memory_used_avg_mib": 18975.509091,
        "decode_ganymede_decode-4_gpu_memory_used_max_mib": 20141.0,
        "decode_ganymede_decode-4_gpu_mem_util_avg_pct": 34.636364,
        "decode_ganymede_decode-4_gpu_mem_util_max_pct": 100.0,
        "decode_ganymede_decode-4_gpu_power_limit_avg_w": 72.0,
        "decode_ganymede_decode-4_gpu_power_limit_max_w": 72.0,
        "decode_ganymede_decode-4_gpu_mem_clock_avg_mhz": 6251.0,
        "decode_ganymede_decode-4_gpu_mem_clock_max_mhz": 6251.0,
        "decode_ganymede_decode-4_gpu_temperature_avg_c": 35.327273,
        "decode_ganymede_decode-4_gpu_temperature_max_c": 42.0,
        "decode_ganymede_decode-4_network_rx_bytes": 4498524147.0,
        "decode_ganymede_decode-4_network_tx_bytes": 10835277.0,
        "decode_ganymede_decode-4_gpu_pstate_mode": "P0",
        "decode_ganymede_samples": 55,
        "decode_ganymede_target_freq_mhz": 2040.0,
        "decode_ganymede_gpu_util_avg_pct": 36.363636,
        "decode_ganymede_gpu_util_max_pct": 100.0,
        "decode_ganymede_gpu_power_avg_w": 43.527818,
        "decode_ganymede_gpu_power_max_w": 72.33,
        "decode_ganymede_gpu_sm_clock_avg_mhz": 1922.454545,
        "decode_ganymede_gpu_sm_clock_max_mhz": 2040.0,
        "decode_ganymede_gpu_sm_clock_min_mhz": 1560.0,
        "decode_ganymede_gpu_memory_used_avg_mib": 19105.218182,
        "decode_ganymede_gpu_memory_used_max_mib": 20153.0,
        "decode_ganymede_gpu_mem_util_avg_pct": 36.363636,
        "decode_ganymede_gpu_mem_util_max_pct": 100.0,
        "decode_ganymede_gpu_power_limit_avg_w": 72.0,
        "decode_ganymede_gpu_power_limit_max_w": 72.0,
        "decode_ganymede_gpu_mem_clock_avg_mhz": 6251.0,
        "decode_ganymede_gpu_mem_clock_max_mhz": 6251.0,
        "decode_ganymede_gpu_temperature_avg_c": 49.327273,
        "decode_ganymede_gpu_temperature_max_c": 56.0,
        "decode_ganymede_network_rx_bytes": 4498524147.0,
        "decode_ganymede_network_tx_bytes": 10835277.0,
        "decode_ganymede_gpu_pstate_mode": "P0",
        "prefill_neptune_prefill-2_samples": 63,
        "prefill_neptune_prefill-2_target_freq_mhz": 2520.0,
        "prefill_neptune_prefill-2_gpu_util_avg_pct": 3.68254,
        "prefill_neptune_prefill-2_gpu_util_max_pct": 97.0,
        "prefill_neptune_prefill-2_gpu_power_avg_w": 85.640159,
        "prefill_neptune_prefill-2_gpu_power_max_w": 129.17,
        "prefill_neptune_prefill-2_gpu_sm_clock_avg_mhz": 2505.714286,
        "prefill_neptune_prefill-2_gpu_sm_clock_max_mhz": 2520.0,
        "prefill_neptune_prefill-2_gpu_sm_clock_min_mhz": 1725.0,
        "prefill_neptune_prefill-2_gpu_memory_used_avg_mib": 37974.587302,
        "prefill_neptune_prefill-2_gpu_memory_used_max_mib": 38619.0,
        "prefill_neptune_prefill-2_gpu_mem_util_avg_pct": 1.412698,
        "prefill_neptune_prefill-2_gpu_mem_util_max_pct": 40.0,
        "prefill_neptune_prefill-2_gpu_power_limit_avg_w": 350.0,
        "prefill_neptune_prefill-2_gpu_power_limit_max_w": 350.0,
        "prefill_neptune_prefill-2_gpu_mem_clock_avg_mhz": 9001.0,
        "prefill_neptune_prefill-2_gpu_mem_clock_max_mhz": 9001.0,
        "prefill_neptune_prefill-2_gpu_temperature_avg_c": 31.698413,
        "prefill_neptune_prefill-2_gpu_temperature_max_c": 39.0,
        "prefill_neptune_prefill-2_network_rx_bytes": 6382703.0,
        "prefill_neptune_prefill-2_network_tx_bytes": 4494939358.0,
        "prefill_neptune_prefill-2_gpu_pstate_mode": "P0",
        "prefill_neptune_prefill-3_samples": 62,
        "prefill_neptune_prefill-3_target_freq_mhz": 2520.0,
        "prefill_neptune_prefill-3_gpu_util_avg_pct": 4.951613,
        "prefill_neptune_prefill-3_gpu_util_max_pct": 97.0,
        "prefill_neptune_prefill-3_gpu_power_avg_w": 84.156613,
        "prefill_neptune_prefill-3_gpu_power_max_w": 126.97,
        "prefill_neptune_prefill-3_gpu_sm_clock_avg_mhz": 2494.112903,
        "prefill_neptune_prefill-3_gpu_sm_clock_max_mhz": 2520.0,
        "prefill_neptune_prefill-3_gpu_sm_clock_min_mhz": 1830.0,
        "prefill_neptune_prefill-3_gpu_memory_used_avg_mib": 38007.548387,
        "prefill_neptune_prefill-3_gpu_memory_used_max_mib": 38619.0,
        "prefill_neptune_prefill-3_gpu_mem_util_avg_pct": 1.677419,
        "prefill_neptune_prefill-3_gpu_mem_util_max_pct": 42.0,
        "prefill_neptune_prefill-3_gpu_power_limit_avg_w": 350.0,
        "prefill_neptune_prefill-3_gpu_power_limit_max_w": 350.0,
        "prefill_neptune_prefill-3_gpu_mem_clock_avg_mhz": 9001.0,
        "prefill_neptune_prefill-3_gpu_mem_clock_max_mhz": 9001.0,
        "prefill_neptune_prefill-3_gpu_temperature_avg_c": 31.274194,
        "prefill_neptune_prefill-3_gpu_temperature_max_c": 41.0,
        "prefill_neptune_prefill-3_network_rx_bytes": 6382703.0,
        "prefill_neptune_prefill-3_network_tx_bytes": 4494939358.0,
        "prefill_neptune_prefill-3_gpu_pstate_mode": "P0",
        "prefill_neptune_samples": 63,
        "prefill_neptune_target_freq_mhz": 2520.0,
        "prefill_neptune_gpu_util_avg_pct": 2.222222,
        "prefill_neptune_gpu_util_max_pct": 51.0,
        "prefill_neptune_gpu_power_avg_w": 84.108571,
        "prefill_neptune_gpu_power_max_w": 135.61,
        "prefill_neptune_gpu_sm_clock_avg_mhz": 2518.571429,
        "prefill_neptune_gpu_sm_clock_max_mhz": 2520.0,
        "prefill_neptune_gpu_sm_clock_min_mhz": 2490.0,
        "prefill_neptune_gpu_memory_used_avg_mib": 38144.111111,
        "prefill_neptune_gpu_memory_used_max_mib": 38621.0,
        "prefill_neptune_gpu_mem_util_avg_pct": 0.031746,
        "prefill_neptune_gpu_mem_util_max_pct": 1.0,
        "prefill_neptune_gpu_power_limit_avg_w": 350.0,
        "prefill_neptune_gpu_power_limit_max_w": 350.0,
        "prefill_neptune_gpu_mem_clock_avg_mhz": 9001.0,
        "prefill_neptune_gpu_mem_clock_max_mhz": 9001.0,
        "prefill_neptune_gpu_temperature_avg_c": 30.396825,
        "prefill_neptune_gpu_temperature_max_c": 32.0,
        "prefill_neptune_network_rx_bytes": 6382703.0,
        "prefill_neptune_network_tx_bytes": 4494939358.0,
        "prefill_neptune_gpu_pstate_mode": "P0",
        "gpu_stream_count": 12,
        "covered_gpu_stream_count": 12,
        "min_gpu_coverage_ratio": 1.0,
        "neptune_energy_j": 10430.614007,
        "ganymede_energy_j": 8913.83698,
        "combined_energy_j": 19344.450987,
        "combined_avg_power_w": 528.920347,
        "energy_per_request_j": 1209.028187
      }
    },
    {
      "workload": {
        "seq": 3,
        "workload_id": "recovery_scalein",
        "input_len": 32,
        "output_len": 32,
        "configured_request_rate_rps": 1.0,
        "decision_status": "OK",
        "decision_mode": "safe_min_power",
        "num_candidates": 100,
        "num_safe": 90
      },
      "decision": {
        "status": "OK",
        "decision_mode": "safe_min_power",
        "policy": "latency_only",
        "placement": "l40s-prefill-l4-decode",
        "workload": {
          "il": 32,
          "ol": 32,
          "rate": 1.0
        },
        "instances": {
          "prefill": 1,
          "decode": 1
        },
        "slos": {
          "ttft_ms": 500,
          "tpot_ms": 200
        },
        "kv_transfer_model": {
          "enabled": true,
          "formula": "T_kv = input_tokens * (2 * layers * num_kv_heads * head_dim * bytes_per_element) * 8 / effective_bandwidth_gbps",
          "ttft_formula": "predicted_p99_ttft = predicted_p99_queue_plus_prefill + T_kv + T_dispatch",
          "input_tokens": 32,
          "num_layers": 32,
          "num_kv_heads": 8,
          "head_dim": 128,
          "bytes_per_element": 2,
          "kv_bytes_per_token": 131072,
          "kv_total_bytes": 4194304,
          "effective_bandwidth_gbps": 24.076,
          "kv_transfer_ms": 1.393688,
          "dispatch_ms": 0.0
        },
        "saturation_threshold": 0.3,
        "tp_per_role": 1,
        "recommended": {
          "prefill": {
            "phase": "prefill",
            "gpu_type": "l40s",
            "node_group": "neptune",
            "tp": 1,
            "freq_mhz": 480,
            "rec_freq_mhz": 480,
            "is_safe": true,
            "p_violate": 0.0047,
            "rho_phase": 0.0309,
            "rho_total": 0.0402,
            "latency_ms": 112.4,
            "power_per_gpu_w": 104.9,
            "total_power_w": 104.9,
            "p99_ttft_ms": 113.8,
            "p_saturated": 0.024298,
            "p_saturated_min": 0.016867,
            "p_saturated_max": 0.035167,
            "saturation_threshold": 0.3,
            "saturation_safe": true,
            "per_seed": [
              {
                "seed": 3,
                "probability": 0.035167
              },
              {
                "seed": 7,
                "probability": 0.020341
              },
              {
                "seed": 11,
                "probability": 0.016867
              },
              {
                "seed": 19,
                "probability": 0.030239
              },
              {
                "seed": 23,
                "probability": 0.018878
              }
            ],
            "instance_count": 1,
            "effective_request_rate_per_instance": 1.0,
            "p99_queue_plus_prefill_ms": 112.4,
            "kv_transfer_ms": 1.393688,
            "dispatch_ms": 0.0,
            "ttft_components_ms": {
              "queue_plus_prefill": 112.4,
              "kv_transfer": 1.393688,
              "dispatch": 0.0,
              "total": 113.8
            }
          },
          "decode": {
            "phase": "decode",
            "gpu_type": "l4",
            "node_group": "ganymede",
            "tp": 1,
            "freq_mhz": 360,
            "rec_freq_mhz": 360,
            "is_safe": true,
            "p_violate": 0.0711,
            "rho_phase": 0.0098,
            "rho_total": 0.0426,
            "latency_ms": 154.4,
            "power_per_gpu_w": 42.9,
            "total_power_w": 42.9,
            "p99_tpot_ms": 154.4,
            "p_saturated": 0.079869,
            "p_saturated_min": 0.072337,
            "p_saturated_max": 0.084664,
            "saturation_threshold": 0.3,
            "saturation_safe": true,
            "per_seed": [
              {
                "seed": 3,
                "probability": 0.081018
              },
              {
                "seed": 7,
                "probability": 0.076868
              },
              {
                "seed": 11,
                "probability": 0.084664
              },
              {
                "seed": 19,
                "probability": 0.084456
              },
              {
                "seed": 23,
                "probability": 0.072337
              }
            ],
            "instance_count": 1,
            "effective_request_rate_per_instance": 1.0
          },
          "latency_safe": true,
          "saturation_safe": true,
          "is_safe": true,
          "predicted_joint_latency_violation_probability": 0.075466,
          "predicted_joint_saturation_probability": 0.102226,
          "predicted_overload_violation_probability": 0.075466,
          "predicted_ttft_excess_ratio": 0.0,
          "predicted_tpot_excess_ratio": 0.0,
          "predicted_max_slo_excess_ratio": 0.0,
          "predicted_cluster_power_w": 147.8,
          "predicted_energy_per_request_j": 147.8
        },
        "alternatives": [
          {
            "prefill": {
              "phase": "prefill",
              "gpu_type": "l40s",
              "node_group": "neptune",
              "tp": 1,
              "freq_mhz": 480,
              "rec_freq_mhz": 480,
              "is_safe": true,
              "p_violate": 0.0047,
              "rho_phase": 0.0309,
              "rho_total": 0.0402,
              "latency_ms": 112.4,
              "power_per_gpu_w": 104.9,
              "total_power_w": 104.9,
              "p99_ttft_ms": 113.8,
              "p_saturated": 0.024298,
              "p_saturated_min": 0.016867,
              "p_saturated_max": 0.035167,
              "saturation_threshold": 0.3,
              "saturation_safe": true,
              "per_seed": [
                {
                  "seed": 3,
                  "probability": 0.035167
                },
                {
                  "seed": 7,
                  "probability": 0.020341
                },
                {
                  "seed": 11,
                  "probability": 0.016867
                },
                {
                  "seed": 19,
                  "probability": 0.030239
                },
                {
                  "seed": 23,
                  "probability": 0.018878
                }
              ],
              "instance_count": 1,
              "effective_request_rate_per_instance": 1.0,
              "p99_queue_plus_prefill_ms": 112.4,
              "kv_transfer_ms": 1.393688,
              "dispatch_ms": 0.0,
              "ttft_components_ms": {
                "queue_plus_prefill": 112.4,
                "kv_transfer": 1.393688,
                "dispatch": 0.0,
                "total": 113.8
              }
            },
            "decode": {
              "phase": "decode",
              "gpu_type": "l4",
              "node_group": "ganymede",
              "tp": 1,
              "freq_mhz": 570,
              "rec_freq_mhz": 570,
              "is_safe": true,
              "p_violate": 0.0037,
              "rho_phase": 0.0116,
              "rho_total": 0.0503,
              "latency_ms": 151.6,
              "power_per_gpu_w": 43.1,
              "total_power_w": 43.1,
              "p99_tpot_ms": 151.6,
              "p_saturated": 0.076707,
              "p_saturated_min": 0.072337,
              "p_saturated_max": 0.084456,
              "saturation_threshold": 0.3,
              "saturation_safe": true,
              "per_seed": [
                {
                  "seed": 3,
                  "probability": 0.076162
                },
                {
                  "seed": 7,
                  "probability": 0.076868
                },
                {
                  "seed": 11,
                  "probability": 0.073713
                },
                {
                  "seed": 19,
                  "probability": 0.084456
                },
                {
                  "seed": 23,
                  "probability": 0.072337
                }
              ],
              "instance_count": 1,
              "effective_request_rate_per_instance": 1.0
            },
            "latency_safe": true,
            "saturation_safe": true,
            "is_safe": true,
            "predicted_joint_latency_violation_probability": 0.008383,
            "predicted_joint_saturation_probability": 0.099141,
            "predicted_overload_violation_probability": 0.008383,
            "predicted_ttft_excess_ratio": 0.0,
            "predicted_tpot_excess_ratio": 0.0,
            "predicted_max_slo_excess_ratio": 0.0,
            "predicted_cluster_power_w": 148.0,
            "predicted_energy_per_request_j": 148.0
          },
          {
            "prefill": {
              "phase": "prefill",
              "gpu_type": "l40s",
              "node_group": "neptune",
              "tp": 1,
              "freq_mhz": 210,
              "rec_freq_mhz": 210,
              "is_safe": true,
              "p_violate": 0.0232,
              "rho_phase": 0.0518,
              "rho_total": 0.0673,
              "latency_ms": 135.9,
              "power_per_gpu_w": 105.7,
              "total_power_w": 105.7,
              "p99_ttft_ms": 137.3,
              "p_saturated": 0.108784,
              "p_saturated_min": 0.065579,
              "p_saturated_max": 0.231864,
              "saturation_threshold": 0.3,
              "saturation_safe": true,
              "per_seed": [
                {
                  "seed": 3,
                  "probability": 0.091974
                },
                {
                  "seed": 7,
                  "probability": 0.231864
                },
                {
                  "seed": 11,
                  "probability": 0.083063
                },
                {
                  "seed": 19,
                  "probability": 0.065579
                },
                {
                  "seed": 23,
                  "probability": 0.071438
                }
              ],
              "instance_count": 1,
              "effective_request_rate_per_instance": 1.0,
              "p99_queue_plus_prefill_ms": 135.9,
              "kv_transfer_ms": 1.393688,
              "dispatch_ms": 0.0,
              "ttft_components_ms": {
                "queue_plus_prefill": 135.9,
                "kv_transfer": 1.393688,
                "dispatch": 0.0,
                "total": 137.3
              }
            },
            "decode": {
              "phase": "decode",
              "gpu_type": "l4",
              "node_group": "ganymede",
              "tp": 1,
              "freq_mhz": 360,
              "rec_freq_mhz": 360,
              "is_safe": true,
              "p_violate": 0.0711,
              "rho_phase": 0.0098,
              "rho_total": 0.0426,
              "latency_ms": 154.4,
              "power_per_gpu_w": 42.9,
              "total_power_w": 42.9,
              "p99_tpot_ms": 154.4,
              "p_saturated": 0.079869,
              "p_saturated_min": 0.072337,
              "p_saturated_max": 0.084664,
              "saturation_threshold": 0.3,
              "saturation_safe": true,
              "per_seed": [
                {
                  "seed": 3,
                  "probability": 0.081018
                },
                {
                  "seed": 7,
                  "probability": 0.076868
                },
                {
                  "seed": 11,
                  "probability": 0.084664
                },
                {
                  "seed": 19,
                  "probability": 0.084456
                },
                {
                  "seed": 23,
                  "probability": 0.072337
                }
              ],
              "instance_count": 1,
              "effective_request_rate_per_instance": 1.0
            },
            "latency_safe": true,
            "saturation_safe": true,
            "is_safe": true,
            "predicted_joint_latency_violation_probability": 0.09265,
            "predicted_joint_saturation_probability": 0.179965,
            "predicted_overload_violation_probability": 0.09265,
            "predicted_ttft_excess_ratio": 0.0,
            "predicted_tpot_excess_ratio": 0.0,
            "predicted_max_slo_excess_ratio": 0.0,
            "predicted_cluster_power_w": 148.6,
            "predicted_energy_per_request_j": 148.6
          },
          {
            "prefill": {
              "phase": "prefill",
              "gpu_type": "l40s",
              "node_group": "neptune",
              "tp": 1,
              "freq_mhz": 210,
              "rec_freq_mhz": 210,
              "is_safe": true,
              "p_violate": 0.0232,
              "rho_phase": 0.0518,
              "rho_total": 0.0673,
              "latency_ms": 135.9,
              "power_per_gpu_w": 105.7,
              "total_power_w": 105.7,
              "p99_ttft_ms": 137.3,
              "p_saturated": 0.108784,
              "p_saturated_min": 0.065579,
              "p_saturated_max": 0.231864,
              "saturation_threshold": 0.3,
              "saturation_safe": true,
              "per_seed": [
                {
                  "seed": 3,
                  "probability": 0.091974
                },
                {
                  "seed": 7,
                  "probability": 0.231864
                },
                {
                  "seed": 11,
                  "probability": 0.083063
                },
                {
                  "seed": 19,
                  "probability": 0.065579
                },
                {
                  "seed": 23,
                  "probability": 0.071438
                }
              ],
              "instance_count": 1,
              "effective_request_rate_per_instance": 1.0,
              "p99_queue_plus_prefill_ms": 135.9,
              "kv_transfer_ms": 1.393688,
              "dispatch_ms": 0.0,
              "ttft_components_ms": {
                "queue_plus_prefill": 135.9,
                "kv_transfer": 1.393688,
                "dispatch": 0.0,
                "total": 137.3
              }
            },
            "decode": {
              "phase": "decode",
              "gpu_type": "l4",
              "node_group": "ganymede",
              "tp": 1,
              "freq_mhz": 570,
              "rec_freq_mhz": 570,
              "is_safe": true,
              "p_violate": 0.0037,
              "rho_phase": 0.0116,
              "rho_total": 0.0503,
              "latency_ms": 151.6,
              "power_per_gpu_w": 43.1,
              "total_power_w": 43.1,
              "p99_tpot_ms": 151.6,
              "p_saturated": 0.076707,
              "p_saturated_min": 0.072337,
              "p_saturated_max": 0.084456,
              "saturation_threshold": 0.3,
              "saturation_safe": true,
              "per_seed": [
                {
                  "seed": 3,
                  "probability": 0.076162
                },
                {
                  "seed": 7,
                  "probability": 0.076868
                },
                {
                  "seed": 11,
                  "probability": 0.073713
                },
                {
                  "seed": 19,
                  "probability": 0.084456
                },
                {
                  "seed": 23,
                  "probability": 0.072337
                }
              ],
              "instance_count": 1,
              "effective_request_rate_per_instance": 1.0
            },
            "latency_safe": true,
            "saturation_safe": true,
            "is_safe": true,
            "predicted_joint_latency_violation_probability": 0.026814,
            "predicted_joint_saturation_probability": 0.177147,
            "predicted_overload_violation_probability": 0.026814,
            "predicted_ttft_excess_ratio": 0.0,
            "predicted_tpot_excess_ratio": 0.0,
            "predicted_max_slo_excess_ratio": 0.0,
            "predicted_cluster_power_w": 148.8,
            "predicted_energy_per_request_j": 148.8
          }
        ],
        "num_candidates": 100,
        "num_latency_safe": 90,
        "num_saturation_safe": 100,
        "num_safe": 90
      },
      "performance": {
        "successful_requests": 4,
        "failed_requests": 0,
        "benchmark_duration_s": 6.17,
        "request_throughput_rps": 0.65,
        "output_token_throughput_tps": 20.73,
        "total_token_throughput_tps": 40.81,
        "p99_ttft_ms": 252.4,
        "p99_tpot_ms": 64.3,
        "p99_itl_ms": 73.13,
        "throughput_ratio": 0.65,
        "measured_saturated": null,
        "saturation_assessment": "INCONCLUSIVE_FINITE_POISSON",
        "ttft_slo_ok": true,
        "tpot_slo_ok": true
      },
      "telemetry": {
        "decode_ganymede_decode-2": {
          "samples": 0
        },
        "decode_ganymede_decode-3": {
          "samples": 0
        },
        "decode_ganymede_decode-4": {
          "samples": 0
        },
        "decode_ganymede": {
          "samples": 38,
          "target_freq_mhz": 360.0,
          "gpu_util_avg_pct": 21.05263157894737,
          "gpu_util_max_pct": 100.0,
          "gpu_power_avg_w": 27.89421052631579,
          "gpu_power_max_w": 55.65,
          "gpu_sm_clock_avg_mhz": 360.0,
          "gpu_sm_clock_max_mhz": 360.0,
          "gpu_sm_clock_min_mhz": 360.0,
          "gpu_memory_used_avg_mib": 20153.0,
          "gpu_memory_used_max_mib": 20153.0,
          "gpu_mem_util_avg_pct": 21.05263157894737,
          "gpu_mem_util_max_pct": 100.0,
          "gpu_power_limit_avg_w": 72.0,
          "gpu_power_limit_max_w": 72.0,
          "gpu_mem_clock_avg_mhz": 6251.0,
          "gpu_mem_clock_max_mhz": 6251.0,
          "gpu_temperature_avg_c": 47.55263157894737,
          "gpu_temperature_max_c": 50.0,
          "network_rx_bytes": 24967960.0,
          "network_tx_bytes": 6829550.0,
          "gpu_pstate_mode": "P0"
        },
        "prefill_neptune_prefill-2": {
          "samples": 0
        },
        "prefill_neptune_prefill-3": {
          "samples": 0
        },
        "prefill_neptune": {
          "samples": 41,
          "target_freq_mhz": 480.0,
          "gpu_util_avg_pct": 0.2926829268292683,
          "gpu_util_max_pct": 10.0,
          "gpu_power_avg_w": 59.70170731707317,
          "gpu_power_max_w": 70.92,
          "gpu_sm_clock_avg_mhz": 480.0,
          "gpu_sm_clock_max_mhz": 480.0,
          "gpu_sm_clock_min_mhz": 480.0,
          "gpu_memory_used_avg_mib": 38621.0,
          "gpu_memory_used_max_mib": 38621.0,
          "gpu_mem_util_avg_pct": 0.21951219512195122,
          "gpu_mem_util_max_pct": 9.0,
          "gpu_power_limit_avg_w": 350.0,
          "gpu_power_limit_max_w": 350.0,
          "gpu_mem_clock_avg_mhz": 9001.0,
          "gpu_mem_clock_max_mhz": 9001.0,
          "gpu_temperature_avg_c": 28.634146341463413,
          "gpu_temperature_max_c": 29.0,
          "network_rx_bytes": 158684.0,
          "network_tx_bytes": 17923893.0,
          "gpu_pstate_mode": "P0"
        }
      },
      "energy": {
        "gpu_stream_count": 12,
        "covered_gpu_stream_count": 12,
        "min_gpu_coverage_ratio": 1.0,
        "neptune_energy_j": 5915.941530386312,
        "ganymede_energy_j": 4127.3403436739645,
        "combined_energy_j": 10043.281874060276,
        "combined_avg_power_w": 424.25136520170196,
        "energy_per_request_j": 2510.820468515069
      },
      "summary": {
        "seq": 3,
        "workload_id": "recovery_scalein",
        "input_len": 32,
        "output_len": 32,
        "configured_request_rate_rps": 1.0,
        "decision_status": "OK",
        "decision_mode": "safe_min_power",
        "num_candidates": 100,
        "num_safe": 90,
        "recommended_is_safe": true,
        "prefill_gpu": "l40s",
        "prefill_instances": 1,
        "prefill_request_rate_per_instance_rps": 1.0,
        "prefill_target_freq_mhz": 480,
        "prefill_predicted_p99_ttft_ms": 113.8,
        "prefill_predicted_p99_queue_plus_prefill_ms": 112.4,
        "predicted_kv_transfer_ms": 1.393688,
        "predicted_dispatch_ms": 0.0,
        "kv_bytes_per_token": 131072,
        "kv_total_bytes": 4194304,
        "kv_effective_bandwidth_gbps": 24.076,
        "prefill_predicted_p_saturated": 0.024298,
        "decode_gpu": "l4",
        "decode_instances": 1,
        "decode_request_rate_per_instance_rps": 1.0,
        "decode_target_freq_mhz": 360,
        "decode_predicted_p99_tpot_ms": 154.4,
        "decode_predicted_p_saturated": 0.079869,
        "predicted_cluster_power_w": 147.8,
        "actual_successful_requests": 4,
        "actual_failed_requests": 0,
        "actual_benchmark_duration_s": 6.17,
        "actual_request_throughput_rps": 0.65,
        "actual_output_token_throughput_tps": 20.73,
        "actual_total_token_throughput_tps": 40.81,
        "actual_p99_ttft_ms": 252.4,
        "actual_p99_tpot_ms": 64.3,
        "actual_p99_itl_ms": 73.13,
        "actual_throughput_ratio": 0.65,
        "actual_measured_saturated": null,
        "actual_saturation_assessment": "INCONCLUSIVE_FINITE_POISSON",
        "actual_ttft_slo_ok": true,
        "actual_tpot_slo_ok": true,
        "decode_ganymede_decode-2_samples": 0,
        "decode_ganymede_decode-3_samples": 0,
        "decode_ganymede_decode-4_samples": 0,
        "decode_ganymede_samples": 38,
        "decode_ganymede_target_freq_mhz": 360.0,
        "decode_ganymede_gpu_util_avg_pct": 21.052632,
        "decode_ganymede_gpu_util_max_pct": 100.0,
        "decode_ganymede_gpu_power_avg_w": 27.894211,
        "decode_ganymede_gpu_power_max_w": 55.65,
        "decode_ganymede_gpu_sm_clock_avg_mhz": 360.0,
        "decode_ganymede_gpu_sm_clock_max_mhz": 360.0,
        "decode_ganymede_gpu_sm_clock_min_mhz": 360.0,
        "decode_ganymede_gpu_memory_used_avg_mib": 20153.0,
        "decode_ganymede_gpu_memory_used_max_mib": 20153.0,
        "decode_ganymede_gpu_mem_util_avg_pct": 21.052632,
        "decode_ganymede_gpu_mem_util_max_pct": 100.0,
        "decode_ganymede_gpu_power_limit_avg_w": 72.0,
        "decode_ganymede_gpu_power_limit_max_w": 72.0,
        "decode_ganymede_gpu_mem_clock_avg_mhz": 6251.0,
        "decode_ganymede_gpu_mem_clock_max_mhz": 6251.0,
        "decode_ganymede_gpu_temperature_avg_c": 47.552632,
        "decode_ganymede_gpu_temperature_max_c": 50.0,
        "decode_ganymede_network_rx_bytes": 24967960.0,
        "decode_ganymede_network_tx_bytes": 6829550.0,
        "decode_ganymede_gpu_pstate_mode": "P0",
        "prefill_neptune_prefill-2_samples": 0,
        "prefill_neptune_prefill-3_samples": 0,
        "prefill_neptune_samples": 41,
        "prefill_neptune_target_freq_mhz": 480.0,
        "prefill_neptune_gpu_util_avg_pct": 0.292683,
        "prefill_neptune_gpu_util_max_pct": 10.0,
        "prefill_neptune_gpu_power_avg_w": 59.701707,
        "prefill_neptune_gpu_power_max_w": 70.92,
        "prefill_neptune_gpu_sm_clock_avg_mhz": 480.0,
        "prefill_neptune_gpu_sm_clock_max_mhz": 480.0,
        "prefill_neptune_gpu_sm_clock_min_mhz": 480.0,
        "prefill_neptune_gpu_memory_used_avg_mib": 38621.0,
        "prefill_neptune_gpu_memory_used_max_mib": 38621.0,
        "prefill_neptune_gpu_mem_util_avg_pct": 0.219512,
        "prefill_neptune_gpu_mem_util_max_pct": 9.0,
        "prefill_neptune_gpu_power_limit_avg_w": 350.0,
        "prefill_neptune_gpu_power_limit_max_w": 350.0,
        "prefill_neptune_gpu_mem_clock_avg_mhz": 9001.0,
        "prefill_neptune_gpu_mem_clock_max_mhz": 9001.0,
        "prefill_neptune_gpu_temperature_avg_c": 28.634146,
        "prefill_neptune_gpu_temperature_max_c": 29.0,
        "prefill_neptune_network_rx_bytes": 158684.0,
        "prefill_neptune_network_tx_bytes": 17923893.0,
        "prefill_neptune_gpu_pstate_mode": "P0",
        "gpu_stream_count": 12,
        "covered_gpu_stream_count": 12,
        "min_gpu_coverage_ratio": 1.0,
        "neptune_energy_j": 5915.94153,
        "ganymede_energy_j": 4127.340344,
        "combined_energy_j": 10043.281874,
        "combined_avg_power_w": 424.251365,
        "energy_per_request_j": 2510.820469
      }
    }
  ]
}
