ganymede:3929834:3932979 [0] NCCL INFO cudaDriverVersion 13020
ganymede:3929834:3932979 [0] NCCL INFO NCCL_SOCKET_IFNAME set to eno12399np0
ganymede:3929834:3932979 [0] NCCL INFO NCCL version 2.27.5+cuda12.9
ganymede:3929834:3932979 [0] NCCL INFO NET/Plugin: Could not find: libnccl-net.so. 
ganymede:3929834:3932979 [0] NCCL INFO NET/Socket : Using [0]eno12399np0:10.1.0.3<0>
ganymede:3929834:3932979 [0] NCCL INFO Initialized NET plugin Socket
ganymede:3929834:3932979 [0] NCCL INFO Assigned NET plugin Socket to comm
ganymede:3929834:3932979 [0] NCCL INFO Using network Socket
ganymede:3929834:3932979 [0] NCCL INFO ncclCommInitRank comm 0x738a84025920 rank 1 nranks 2 cudaDev 0 nvmlDev 1 busId 37000 commId 0xa2603079383958ec - Init START
ganymede:3929834:3932979 [0] NCCL INFO RAS client listening socket at 127.0.0.1<28028>
ganymede:3929834:3932979 [0] NCCL INFO NET/Socket : GPU Direct RDMA Disabled for HCA 0 'eno12399np0'
ganymede:3929834:3932979 [0] NCCL INFO Setting affinity for GPU 1 to 8,10,12,14,72,74,76,78
ganymede:3929834:3932979 [0] NCCL INFO comm 0x738a84025920 rank 1 nRanks 2 nNodes 2 localRanks 1 localRank 0 MNNVL 0
ganymede:3929834:3932979 [0] NCCL INFO Trees [0] -1/-1/-1->1->0 [1] 0/-1/-1->1->-1 [2] -1/-1/-1->1->0 [3] 0/-1/-1->1->-1 [4] -1/-1/-1->1->0 [5] 0/-1/-1->1->-1 [6] -1/-1/-1->1->0 [7] 0/-1/-1->1->-1 [8] -1/-1/-1->1->0 [9] 0/-1/-1->1->-1 [10] -1/-1/-1->1->0 [11] 0/-1/-1->1->-1 [12] -1/-1/-1->1->0 [13] 0/-1/-1->1->-1 [14] -1/-1/-1->1->0 [15] 0/-1/-1->1->-1
ganymede:3929834:3932979 [0] NCCL INFO P2P Chunksize set to 131072
ganymede:3929834:3932979 [0] NCCL INFO PROFILER/Plugin: Could not find: libnccl-profiler.so. 
ganymede:3929834:3939784 [0] NCCL INFO [Proxy Service UDS] Device 0 CPU core 10
ganymede:3929834:3939783 [0] NCCL INFO [Proxy Service] Device 0 CPU core 72
ganymede:3929834:3932979 [0] NCCL INFO threadThresholds 8/8/64 | 16/8/64 | 512 | 512
ganymede:3929834:3932979 [0] NCCL INFO 16 coll channels, 16 collnet channels, 0 nvls channels, 16 p2p channels, 2 p2p channels per peer
ganymede:3929834:3932979 [0] NCCL INFO TUNER/Plugin: Could not find: libnccl-tuner.so. Using internal tuner plugin.
ganymede:3929834:3932979 [0] NCCL INFO ncclCommInitRank comm 0x738a84025920 rank 1 nranks 2 cudaDev 0 nvmlDev 1 busId 37000 commId 0xa2603079383958ec - Init COMPLETE
ganymede:3929834:3932979 [0] NCCL INFO Init timings - ncclCommInitRank: rank 1 nranks 2 total 0.23 (kernels 0.20, alloc 0.01, bootstrap 0.00, allgathers 0.00, topo 0.00, graphs 0.00, connections 0.01, rest 0.00)
ganymede:3929834:3939783 [0] NCCL INFO New proxy recv connection 0 from local rank 0, transport 2
ganymede:3929834:3939785 [0] NCCL INFO Connected to proxy localRank 0 -> connection 0x738920004f40
ganymede:3929834:3939795 [0] NCCL INFO [Proxy Progress] Device 0 CPU core 10
ganymede:3929834:3939785 [0] NCCL INFO Channel 01/1 : 0[2] -> 1[1] [receive] via NET/Socket/0/Shared
ganymede:3929834:3939783 [0] NCCL INFO New proxy recv connection 1 from local rank 0, transport 2
ganymede:3929834:3939785 [0] NCCL INFO Connected to proxy localRank 0 -> connection 0x738920004fb8
ganymede:3929834:3939785 [0] NCCL INFO Channel 09/1 : 0[2] -> 1[1] [receive] via NET/Socket/0/Shared
ganymede:3929834:3932979 [0] NCCL INFO Assigned NET plugin Socket to comm
ganymede:3929834:3932979 [0] NCCL INFO Using network Socket
ganymede:3929834:3932979 [0] NCCL INFO ncclCommInitRank comm 0x738a87d11700 rank 1 nranks 2 cudaDev 0 nvmlDev 1 busId 37000 commId 0xd60fa743630168f - Init START
ganymede:3929834:3932979 [0] NCCL INFO NET/Socket : GPU Direct RDMA Disabled for HCA 0 'eno12399np0'
ganymede:3929834:3932979 [0] NCCL INFO Setting affinity for GPU 1 to 8,10,12,14,72,74,76,78
ganymede:3929834:3932979 [0] NCCL INFO comm 0x738a87d11700 rank 1 nRanks 2 nNodes 2 localRanks 1 localRank 0 MNNVL 0
ganymede:3929834:3932979 [0] NCCL INFO Trees [0] -1/-1/-1->1->0 [1] 0/-1/-1->1->-1 [2] -1/-1/-1->1->0 [3] 0/-1/-1->1->-1 [4] -1/-1/-1->1->0 [5] 0/-1/-1->1->-1 [6] -1/-1/-1->1->0 [7] 0/-1/-1->1->-1 [8] -1/-1/-1->1->0 [9] 0/-1/-1->1->-1 [10] -1/-1/-1->1->0 [11] 0/-1/-1->1->-1 [12] -1/-1/-1->1->0 [13] 0/-1/-1->1->-1 [14] -1/-1/-1->1->0 [15] 0/-1/-1->1->-1
ganymede:3929834:3932979 [0] NCCL INFO P2P Chunksize set to 131072
ganymede:3929834:3939914 [0] NCCL INFO [Proxy Service UDS] Device 0 CPU core 78
ganymede:3929834:3939913 [0] NCCL INFO [Proxy Service] Device 0 CPU core 12
ganymede:3929834:3932979 [0] NCCL INFO threadThresholds 8/8/64 | 16/8/64 | 512 | 512
ganymede:3929834:3932979 [0] NCCL INFO 16 coll channels, 16 collnet channels, 0 nvls channels, 16 p2p channels, 2 p2p channels per peer
ganymede:3929834:3932979 [0] NCCL INFO ncclCommInitRank comm 0x738a87d11700 rank 1 nranks 2 cudaDev 0 nvmlDev 1 busId 37000 commId 0xd60fa743630168f - Init COMPLETE
ganymede:3929834:3932979 [0] NCCL INFO Init timings - ncclCommInitRank: rank 1 nranks 2 total 0.07 (kernels 0.00, alloc 0.00, bootstrap 0.00, allgathers 0.01, topo 0.01, graphs 0.00, connections 0.05, rest 0.00)
ganymede:3929834:3939913 [0] NCCL INFO New proxy recv connection 0 from local rank 0, transport 2
ganymede:3929834:3939934 [0] NCCL INFO [Proxy Progress] Device 0 CPU core 8
ganymede:3929834:3939925 [0] NCCL INFO Connected to proxy localRank 0 -> connection 0x7388f0004f40
ganymede:3929834:3939925 [0] NCCL INFO Channel 01/1 : 0[0] -> 1[1] [receive] via NET/Socket/0/Shared
ganymede:3929834:3939913 [0] NCCL INFO New proxy recv connection 1 from local rank 0, transport 2
ganymede:3929834:3939925 [0] NCCL INFO Connected to proxy localRank 0 -> connection 0x7388f0004fb8
ganymede:3929834:3939925 [0] NCCL INFO Channel 09/1 : 0[0] -> 1[1] [receive] via NET/Socket/0/Shared
ganymede:3929834:3932979 [0] NCCL INFO Assigned NET plugin Socket to comm
ganymede:3929834:3932979 [0] NCCL INFO Using network Socket
ganymede:3929834:3932979 [0] NCCL INFO ncclCommInitRank comm 0x7388dc000040 rank 1 nranks 2 cudaDev 0 nvmlDev 1 busId 37000 commId 0x15053f4f32ace1a2 - Init START
ganymede:3929834:3932979 [0] NCCL INFO NET/Socket : GPU Direct RDMA Disabled for HCA 0 'eno12399np0'
ganymede:3929834:3932979 [0] NCCL INFO Setting affinity for GPU 1 to 8,10,12,14,72,74,76,78
ganymede:3929834:3932979 [0] NCCL INFO comm 0x7388dc000040 rank 1 nRanks 2 nNodes 2 localRanks 1 localRank 0 MNNVL 0
ganymede:3929834:3932979 [0] NCCL INFO Trees [0] -1/-1/-1->1->0 [1] 0/-1/-1->1->-1 [2] -1/-1/-1->1->0 [3] 0/-1/-1->1->-1 [4] -1/-1/-1->1->0 [5] 0/-1/-1->1->-1 [6] -1/-1/-1->1->0 [7] 0/-1/-1->1->-1 [8] -1/-1/-1->1->0 [9] 0/-1/-1->1->-1 [10] -1/-1/-1->1->0 [11] 0/-1/-1->1->-1 [12] -1/-1/-1->1->0 [13] 0/-1/-1->1->-1 [14] -1/-1/-1->1->0 [15] 0/-1/-1->1->-1
ganymede:3929834:3932979 [0] NCCL INFO P2P Chunksize set to 131072
ganymede:3929834:3940160 [0] NCCL INFO [Proxy Service] Device 0 CPU core 8
ganymede:3929834:3940161 [0] NCCL INFO [Proxy Service UDS] Device 0 CPU core 76
ganymede:3929834:3932979 [0] NCCL INFO threadThresholds 8/8/64 | 16/8/64 | 512 | 512
ganymede:3929834:3932979 [0] NCCL INFO 16 coll channels, 16 collnet channels, 0 nvls channels, 16 p2p channels, 2 p2p channels per peer
ganymede:3929834:3932979 [0] NCCL INFO ncclCommInitRank comm 0x7388dc000040 rank 1 nranks 2 cudaDev 0 nvmlDev 1 busId 37000 commId 0x15053f4f32ace1a2 - Init COMPLETE
ganymede:3929834:3932979 [0] NCCL INFO Init timings - ncclCommInitRank: rank 1 nranks 2 total 0.28 (kernels 0.00, alloc 0.00, bootstrap 0.00, allgathers 0.01, topo 0.01, graphs 0.00, connections 0.26, rest 0.00)
ganymede:3929834:3940160 [0] NCCL INFO New proxy recv connection 0 from local rank 0, transport 2
ganymede:3929834:3940171 [0] NCCL INFO Connected to proxy localRank 0 -> connection 0x7388f4004c00
ganymede:3929834:3940176 [0] NCCL INFO [Proxy Progress] Device 0 CPU core 10
ganymede:3929834:3940171 [0] NCCL INFO Channel 01/1 : 0[1] -> 1[1] [receive] via NET/Socket/0/Shared
ganymede:3929834:3940160 [0] NCCL INFO New proxy recv connection 1 from local rank 0, transport 2
ganymede:3929834:3940171 [0] NCCL INFO Connected to proxy localRank 0 -> connection 0x7388f4004c78
ganymede:3929834:3940171 [0] NCCL INFO Channel 09/1 : 0[1] -> 1[1] [receive] via NET/Socket/0/Shared
