ganymede:3929846:3933176 [0] NCCL INFO cudaDriverVersion 13020
ganymede:3929846:3933176 [0] NCCL INFO NCCL_SOCKET_IFNAME set to eno12399np0
ganymede:3929846:3933176 [0] NCCL INFO NCCL version 2.27.5+cuda12.9
ganymede:3929846:3933176 [0] NCCL INFO NET/Plugin: Could not find: libnccl-net.so. 
ganymede:3929846:3933176 [0] NCCL INFO NET/Socket : Using [0]eno12399np0:10.1.0.3<0>
ganymede:3929846:3933176 [0] NCCL INFO Initialized NET plugin Socket
ganymede:3929846:3933176 [0] NCCL INFO Assigned NET plugin Socket to comm
ganymede:3929846:3933176 [0] NCCL INFO Using network Socket
ganymede:3929846:3933176 [0] NCCL INFO ncclCommInitRank comm 0x7f7dbc025920 rank 1 nranks 2 cudaDev 0 nvmlDev 3 busId 61000 commId 0xef43183b61bcb14f - Init START
ganymede:3929846:3933176 [0] NCCL INFO RAS client listening socket at 127.0.0.1<28028>
ganymede:3929846:3933176 [0] NCCL INFO NET/Socket : GPU Direct RDMA Disabled for HCA 0 'eno12399np0'
ganymede:3929846:3933176 [0] NCCL INFO Setting affinity for GPU 3 to 24,26,28,30,88,90,92,94
ganymede:3929846:3933176 [0] NCCL INFO comm 0x7f7dbc025920 rank 1 nRanks 2 nNodes 2 localRanks 1 localRank 0 MNNVL 0
ganymede:3929846:3933176 [0] NCCL INFO Trees [0] -1/-1/-1->1->0 [1] 0/-1/-1->1->-1 [2] -1/-1/-1->1->0 [3] 0/-1/-1->1->-1 [4] -1/-1/-1->1->0 [5] 0/-1/-1->1->-1 [6] -1/-1/-1->1->0 [7] 0/-1/-1->1->-1 [8] -1/-1/-1->1->0 [9] 0/-1/-1->1->-1 [10] -1/-1/-1->1->0 [11] 0/-1/-1->1->-1 [12] -1/-1/-1->1->0 [13] 0/-1/-1->1->-1 [14] -1/-1/-1->1->0 [15] 0/-1/-1->1->-1
ganymede:3929846:3933176 [0] NCCL INFO P2P Chunksize set to 131072
ganymede:3929846:3933176 [0] NCCL INFO PROFILER/Plugin: Could not find: libnccl-profiler.so. 
ganymede:3929846:3939881 [0] NCCL INFO [Proxy Service] Device 0 CPU core 88
ganymede:3929846:3939882 [0] NCCL INFO [Proxy Service UDS] Device 0 CPU core 30
ganymede:3929846:3933176 [0] NCCL INFO threadThresholds 8/8/64 | 16/8/64 | 512 | 512
ganymede:3929846:3933176 [0] NCCL INFO 16 coll channels, 16 collnet channels, 0 nvls channels, 16 p2p channels, 2 p2p channels per peer
ganymede:3929846:3933176 [0] NCCL INFO TUNER/Plugin: Could not find: libnccl-tuner.so. Using internal tuner plugin.
ganymede:3929846:3933176 [0] NCCL INFO ncclCommInitRank comm 0x7f7dbc025920 rank 1 nranks 2 cudaDev 0 nvmlDev 3 busId 61000 commId 0xef43183b61bcb14f - Init COMPLETE
ganymede:3929846:3933176 [0] NCCL INFO Init timings - ncclCommInitRank: rank 1 nranks 2 total 0.22 (kernels 0.17, alloc 0.01, bootstrap 0.00, allgathers 0.00, topo 0.00, graphs 0.00, connections 0.03, rest 0.00)
ganymede:3929846:3939881 [0] NCCL INFO New proxy recv connection 0 from local rank 0, transport 2
ganymede:3929846:3939888 [0] NCCL INFO Connected to proxy localRank 0 -> connection 0x7f7c70004f60
ganymede:3929846:3939894 [0] NCCL INFO [Proxy Progress] Device 0 CPU core 26
ganymede:3929846:3939888 [0] NCCL INFO Channel 01/1 : 0[1] -> 1[3] [receive] via NET/Socket/0/Shared
ganymede:3929846:3939881 [0] NCCL INFO New proxy recv connection 1 from local rank 0, transport 2
ganymede:3929846:3939888 [0] NCCL INFO Connected to proxy localRank 0 -> connection 0x7f7c70004fd8
ganymede:3929846:3939888 [0] NCCL INFO Channel 09/1 : 0[1] -> 1[3] [receive] via NET/Socket/0/Shared
ganymede:3929846:3933176 [0] NCCL INFO Assigned NET plugin Socket to comm
ganymede:3929846:3933176 [0] NCCL INFO Using network Socket
ganymede:3929846:3933176 [0] NCCL INFO ncclCommInitRank comm 0x7f7dbfd10c80 rank 1 nranks 2 cudaDev 0 nvmlDev 3 busId 61000 commId 0x7551e4e95e3338b9 - Init START
ganymede:3929846:3933176 [0] NCCL INFO NET/Socket : GPU Direct RDMA Disabled for HCA 0 'eno12399np0'
ganymede:3929846:3933176 [0] NCCL INFO Setting affinity for GPU 3 to 24,26,28,30,88,90,92,94
ganymede:3929846:3933176 [0] NCCL INFO comm 0x7f7dbfd10c80 rank 1 nRanks 2 nNodes 2 localRanks 1 localRank 0 MNNVL 0
ganymede:3929846:3933176 [0] NCCL INFO Trees [0] -1/-1/-1->1->0 [1] 0/-1/-1->1->-1 [2] -1/-1/-1->1->0 [3] 0/-1/-1->1->-1 [4] -1/-1/-1->1->0 [5] 0/-1/-1->1->-1 [6] -1/-1/-1->1->0 [7] 0/-1/-1->1->-1 [8] -1/-1/-1->1->0 [9] 0/-1/-1->1->-1 [10] -1/-1/-1->1->0 [11] 0/-1/-1->1->-1 [12] -1/-1/-1->1->0 [13] 0/-1/-1->1->-1 [14] -1/-1/-1->1->0 [15] 0/-1/-1->1->-1
ganymede:3929846:3933176 [0] NCCL INFO P2P Chunksize set to 131072
ganymede:3929846:3939977 [0] NCCL INFO [Proxy Service UDS] Device 0 CPU core 90
ganymede:3929846:3939976 [0] NCCL INFO [Proxy Service] Device 0 CPU core 88
ganymede:3929846:3933176 [0] NCCL INFO threadThresholds 8/8/64 | 16/8/64 | 512 | 512
ganymede:3929846:3933176 [0] NCCL INFO 16 coll channels, 16 collnet channels, 0 nvls channels, 16 p2p channels, 2 p2p channels per peer
ganymede:3929846:3933176 [0] NCCL INFO ncclCommInitRank comm 0x7f7dbfd10c80 rank 1 nranks 2 cudaDev 0 nvmlDev 3 busId 61000 commId 0x7551e4e95e3338b9 - Init COMPLETE
ganymede:3929846:3933176 [0] NCCL INFO Init timings - ncclCommInitRank: rank 1 nranks 2 total 0.15 (kernels 0.00, alloc 0.00, bootstrap 0.00, allgathers 0.01, topo 0.01, graphs 0.00, connections 0.13, rest 0.00)
ganymede:3929846:3939976 [0] NCCL INFO New proxy recv connection 0 from local rank 0, transport 2
ganymede:3929846:3940006 [0] NCCL INFO [Proxy Progress] Device 0 CPU core 90
ganymede:3929846:3940005 [0] NCCL INFO Connected to proxy localRank 0 -> connection 0x7f7c28004f40
ganymede:3929846:3940005 [0] NCCL INFO Channel 01/1 : 0[2] -> 1[3] [receive] via NET/Socket/0/Shared
ganymede:3929846:3939976 [0] NCCL INFO New proxy recv connection 1 from local rank 0, transport 2
ganymede:3929846:3940005 [0] NCCL INFO Connected to proxy localRank 0 -> connection 0x7f7c28004fb8
ganymede:3929846:3940005 [0] NCCL INFO Channel 09/1 : 0[2] -> 1[3] [receive] via NET/Socket/0/Shared
ganymede:3929846:3933176 [0] NCCL INFO Assigned NET plugin Socket to comm
ganymede:3929846:3933176 [0] NCCL INFO Using network Socket
ganymede:3929846:3933176 [0] NCCL INFO ncclCommInitRank comm 0x7f7c14000040 rank 1 nranks 2 cudaDev 0 nvmlDev 3 busId 61000 commId 0x6fdc5c44eff6ede7 - Init START
ganymede:3929846:3933176 [0] NCCL INFO NET/Socket : GPU Direct RDMA Disabled for HCA 0 'eno12399np0'
ganymede:3929846:3933176 [0] NCCL INFO Setting affinity for GPU 3 to 24,26,28,30,88,90,92,94
ganymede:3929846:3933176 [0] NCCL INFO comm 0x7f7c14000040 rank 1 nRanks 2 nNodes 2 localRanks 1 localRank 0 MNNVL 0
ganymede:3929846:3933176 [0] NCCL INFO Trees [0] -1/-1/-1->1->0 [1] 0/-1/-1->1->-1 [2] -1/-1/-1->1->0 [3] 0/-1/-1->1->-1 [4] -1/-1/-1->1->0 [5] 0/-1/-1->1->-1 [6] -1/-1/-1->1->0 [7] 0/-1/-1->1->-1 [8] -1/-1/-1->1->0 [9] 0/-1/-1->1->-1 [10] -1/-1/-1->1->0 [11] 0/-1/-1->1->-1 [12] -1/-1/-1->1->0 [13] 0/-1/-1->1->-1 [14] -1/-1/-1->1->0 [15] 0/-1/-1->1->-1
ganymede:3929846:3933176 [0] NCCL INFO P2P Chunksize set to 131072
ganymede:3929846:3940225 [0] NCCL INFO [Proxy Service] Device 0 CPU core 24
ganymede:3929846:3940226 [0] NCCL INFO [Proxy Service UDS] Device 0 CPU core 30
ganymede:3929846:3933176 [0] NCCL INFO threadThresholds 8/8/64 | 16/8/64 | 512 | 512
ganymede:3929846:3933176 [0] NCCL INFO 16 coll channels, 16 collnet channels, 0 nvls channels, 16 p2p channels, 2 p2p channels per peer
ganymede:3929846:3933176 [0] NCCL INFO ncclCommInitRank comm 0x7f7c14000040 rank 1 nranks 2 cudaDev 0 nvmlDev 3 busId 61000 commId 0x6fdc5c44eff6ede7 - Init COMPLETE
ganymede:3929846:3933176 [0] NCCL INFO Init timings - ncclCommInitRank: rank 1 nranks 2 total 0.11 (kernels 0.00, alloc 0.00, bootstrap 0.00, allgathers 0.02, topo 0.01, graphs 0.00, connections 0.08, rest 0.00)
ganymede:3929846:3940225 [0] NCCL INFO New proxy recv connection 0 from local rank 0, transport 2
ganymede:3929846:3940227 [0] NCCL INFO Connected to proxy localRank 0 -> connection 0x7f7c2c004c00
ganymede:3929846:3940229 [0] NCCL INFO [Proxy Progress] Device 0 CPU core 30
ganymede:3929846:3940227 [0] NCCL INFO Channel 01/1 : 0[0] -> 1[3] [receive] via NET/Socket/0/Shared
ganymede:3929846:3940225 [0] NCCL INFO New proxy recv connection 1 from local rank 0, transport 2
ganymede:3929846:3940227 [0] NCCL INFO Connected to proxy localRank 0 -> connection 0x7f7c2c004c78
ganymede:3929846:3940227 [0] NCCL INFO Channel 09/1 : 0[0] -> 1[3] [receive] via NET/Socket/0/Shared
