neptune:3528198:3530650 [0] NCCL INFO NCCL_SOCKET_IFNAME set to enp160s0f0np0
neptune:3528198:3530650 [0] NCCL INFO cudaDriverVersion 13020
neptune:3528198:3530650 [0] NCCL INFO NCCL version 2.27.5+cuda12.9
neptune:3528198:3530650 [0] NCCL INFO NET/Plugin: Could not find: libnccl-net.so. 
neptune:3528198:3530650 [0] NCCL INFO NET/Socket : Using [0]enp160s0f0np0:10.1.0.6<0>
neptune:3528198:3530650 [0] NCCL INFO Initialized NET plugin Socket
neptune:3528198:3530650 [0] NCCL INFO Assigned NET plugin Socket to comm
neptune:3528198:3530650 [0] NCCL INFO Using network Socket
neptune:3528198:3530650 [0] NCCL INFO ncclCommInitRank comm 0x72143002f3a0 rank 0 nranks 2 cudaDev 0 nvmlDev 2 busId ca000 commId 0xa2603079383958ec - Init START
neptune:3528198:3530650 [0] NCCL INFO RAS client listening socket at 127.0.0.1<28028>
neptune:3528198:3530650 [0] NCCL INFO NET/Socket : GPU Direct RDMA Disabled for HCA 0 'enp160s0f0np0'
neptune:3528198:3530650 [0] NCCL INFO comm 0x72143002f3a0 rank 0 nRanks 2 nNodes 2 localRanks 1 localRank 0 MNNVL 0
neptune:3528198:3530650 [0] NCCL INFO Channel 00/16 : 0 1
neptune:3528198:3530650 [0] NCCL INFO Channel 01/16 : 0 1
neptune:3528198:3530650 [0] NCCL INFO Channel 02/16 : 0 1
neptune:3528198:3530650 [0] NCCL INFO Channel 03/16 : 0 1
neptune:3528198:3530650 [0] NCCL INFO Channel 04/16 : 0 1
neptune:3528198:3530650 [0] NCCL INFO Channel 05/16 : 0 1
neptune:3528198:3530650 [0] NCCL INFO Channel 06/16 : 0 1
neptune:3528198:3530650 [0] NCCL INFO Channel 07/16 : 0 1
neptune:3528198:3530650 [0] NCCL INFO Channel 08/16 : 0 1
neptune:3528198:3530650 [0] NCCL INFO Channel 09/16 : 0 1
neptune:3528198:3530650 [0] NCCL INFO Channel 10/16 : 0 1
neptune:3528198:3530650 [0] NCCL INFO Channel 11/16 : 0 1
neptune:3528198:3530650 [0] NCCL INFO Channel 12/16 : 0 1
neptune:3528198:3530650 [0] NCCL INFO Channel 13/16 : 0 1
neptune:3528198:3530650 [0] NCCL INFO Channel 14/16 : 0 1
neptune:3528198:3530650 [0] NCCL INFO Channel 15/16 : 0 1
neptune:3528198:3530650 [0] NCCL INFO Trees [0] 1/-1/-1->0->-1 [1] -1/-1/-1->0->1 [2] 1/-1/-1->0->-1 [3] -1/-1/-1->0->1 [4] 1/-1/-1->0->-1 [5] -1/-1/-1->0->1 [6] 1/-1/-1->0->-1 [7] -1/-1/-1->0->1 [8] 1/-1/-1->0->-1 [9] -1/-1/-1->0->1 [10] 1/-1/-1->0->-1 [11] -1/-1/-1->0->1 [12] 1/-1/-1->0->-1 [13] -1/-1/-1->0->1 [14] 1/-1/-1->0->-1 [15] -1/-1/-1->0->1
neptune:3528198:3530650 [0] NCCL INFO P2P Chunksize set to 131072
neptune:3528198:3530650 [0] NCCL INFO PROFILER/Plugin: Could not find: libnccl-profiler.so. 
neptune:3528198:3530650 [0] NCCL INFO Check P2P Type isAllDirectP2p 0 directMode 0
neptune:3528198:3535654 [0] NCCL INFO [Proxy Service] Device 0 CPU core 22
neptune:3528198:3535655 [0] NCCL INFO [Proxy Service UDS] Device 0 CPU core 16
neptune:3528198:3530650 [0] NCCL INFO threadThresholds 8/8/64 | 16/8/64 | 512 | 512
neptune:3528198:3530650 [0] NCCL INFO 16 coll channels, 16 collnet channels, 0 nvls channels, 16 p2p channels, 2 p2p channels per peer
neptune:3528198:3530650 [0] NCCL INFO CC Off, workFifoBytes 1048576
neptune:3528198:3530650 [0] NCCL INFO TUNER/Plugin: Could not find: libnccl-tuner.so. Using internal tuner plugin.
neptune:3528198:3530650 [0] NCCL INFO ncclCommInitRank comm 0x72143002f3a0 rank 0 nranks 2 cudaDev 0 nvmlDev 2 busId ca000 commId 0xa2603079383958ec - Init COMPLETE
neptune:3528198:3530650 [0] NCCL INFO Init timings - ncclCommInitRank: rank 0 nranks 2 total 0.24 (kernels 0.18, alloc 0.01, bootstrap 0.03, allgathers 0.00, topo 0.00, graphs 0.00, connections 0.01, rest 0.00)
neptune:3528198:3535654 [0] NCCL INFO New proxy send connection 0 from local rank 0, transport 2
neptune:3528198:3535656 [0] NCCL INFO Connected to proxy localRank 0 -> connection 0x720e5c004f60
neptune:3528198:3535656 [0] NCCL INFO Channel 01/1 : 0[2] -> 1[1] [send] via NET/Socket/0/Shared
neptune:3528198:3535654 [0] NCCL INFO New proxy send connection 1 from local rank 0, transport 2
neptune:3528198:3535657 [0] NCCL INFO [Proxy Progress] Device 0 CPU core 16
neptune:3528198:3535656 [0] NCCL INFO Connected to proxy localRank 0 -> connection 0x720e5c004fd8
neptune:3528198:3535656 [0] NCCL INFO Channel 09/1 : 0[2] -> 1[1] [send] via NET/Socket/0/Shared
neptune:3528198:3530650 [0] NCCL INFO Assigned NET plugin Socket to comm
neptune:3528198:3530650 [0] NCCL INFO Using network Socket
neptune:3528198:3530650 [0] NCCL INFO ncclCommInitRank comm 0x721433d2c650 rank 0 nranks 2 cudaDev 0 nvmlDev 2 busId ca000 commId 0xbd32d0d2a55a36f8 - Init START
neptune:3528198:3530650 [0] NCCL INFO NET/Socket : GPU Direct RDMA Disabled for HCA 0 'enp160s0f0np0'
neptune:3528198:3530650 [0] NCCL INFO comm 0x721433d2c650 rank 0 nRanks 2 nNodes 2 localRanks 1 localRank 0 MNNVL 0
neptune:3528198:3530650 [0] NCCL INFO Channel 00/16 : 0 1
neptune:3528198:3530650 [0] NCCL INFO Channel 01/16 : 0 1
neptune:3528198:3530650 [0] NCCL INFO Channel 02/16 : 0 1
neptune:3528198:3530650 [0] NCCL INFO Channel 03/16 : 0 1
neptune:3528198:3530650 [0] NCCL INFO Channel 04/16 : 0 1
neptune:3528198:3530650 [0] NCCL INFO Channel 05/16 : 0 1
neptune:3528198:3530650 [0] NCCL INFO Channel 06/16 : 0 1
neptune:3528198:3530650 [0] NCCL INFO Channel 07/16 : 0 1
neptune:3528198:3530650 [0] NCCL INFO Channel 08/16 : 0 1
neptune:3528198:3530650 [0] NCCL INFO Channel 09/16 : 0 1
neptune:3528198:3530650 [0] NCCL INFO Channel 10/16 : 0 1
neptune:3528198:3530650 [0] NCCL INFO Channel 11/16 : 0 1
neptune:3528198:3530650 [0] NCCL INFO Channel 12/16 : 0 1
neptune:3528198:3530650 [0] NCCL INFO Channel 13/16 : 0 1
neptune:3528198:3530650 [0] NCCL INFO Channel 14/16 : 0 1
neptune:3528198:3530650 [0] NCCL INFO Channel 15/16 : 0 1
neptune:3528198:3530650 [0] NCCL INFO Trees [0] 1/-1/-1->0->-1 [1] -1/-1/-1->0->1 [2] 1/-1/-1->0->-1 [3] -1/-1/-1->0->1 [4] 1/-1/-1->0->-1 [5] -1/-1/-1->0->1 [6] 1/-1/-1->0->-1 [7] -1/-1/-1->0->1 [8] 1/-1/-1->0->-1 [9] -1/-1/-1->0->1 [10] 1/-1/-1->0->-1 [11] -1/-1/-1->0->1 [12] 1/-1/-1->0->-1 [13] -1/-1/-1->0->1 [14] 1/-1/-1->0->-1 [15] -1/-1/-1->0->1
neptune:3528198:3530650 [0] NCCL INFO P2P Chunksize set to 131072
neptune:3528198:3530650 [0] NCCL INFO Check P2P Type isAllDirectP2p 0 directMode 0
neptune:3528198:3535736 [0] NCCL INFO [Proxy Service] Device 0 CPU core 82
neptune:3528198:3535737 [0] NCCL INFO [Proxy Service UDS] Device 0 CPU core 22
neptune:3528198:3530650 [0] NCCL INFO threadThresholds 8/8/64 | 16/8/64 | 512 | 512
neptune:3528198:3530650 [0] NCCL INFO 16 coll channels, 16 collnet channels, 0 nvls channels, 16 p2p channels, 2 p2p channels per peer
neptune:3528198:3530650 [0] NCCL INFO CC Off, workFifoBytes 1048576
neptune:3528198:3530650 [0] NCCL INFO ncclCommInitRank comm 0x721433d2c650 rank 0 nranks 2 cudaDev 0 nvmlDev 2 busId ca000 commId 0xbd32d0d2a55a36f8 - Init COMPLETE
neptune:3528198:3530650 [0] NCCL INFO Init timings - ncclCommInitRank: rank 0 nranks 2 total 0.05 (kernels 0.00, alloc 0.00, bootstrap 0.01, allgathers 0.03, topo 0.00, graphs 0.00, connections 0.01, rest 0.00)
neptune:3528198:3535736 [0] NCCL INFO New proxy send connection 0 from local rank 0, transport 2
neptune:3528198:3535748 [0] NCCL INFO [Proxy Progress] Device 0 CPU core 22
neptune:3528198:3535739 [0] NCCL INFO Connected to proxy localRank 0 -> connection 0x720de4004f40
neptune:3528198:3535739 [0] NCCL INFO Channel 01/1 : 0[2] -> 1[0] [send] via NET/Socket/0/Shared
neptune:3528198:3535736 [0] NCCL INFO New proxy send connection 1 from local rank 0, transport 2
neptune:3528198:3535739 [0] NCCL INFO Connected to proxy localRank 0 -> connection 0x720de4004fb8
neptune:3528198:3535739 [0] NCCL INFO Channel 09/1 : 0[2] -> 1[0] [send] via NET/Socket/0/Shared
neptune:3528198:3530650 [0] NCCL INFO Assigned NET plugin Socket to comm
neptune:3528198:3530650 [0] NCCL INFO Using network Socket
neptune:3528198:3530650 [0] NCCL INFO ncclCommInitRank comm 0x613a7f67bcc0 rank 0 nranks 2 cudaDev 0 nvmlDev 2 busId ca000 commId 0x7551e4e95e3338b9 - Init START
neptune:3528198:3530650 [0] NCCL INFO NET/Socket : GPU Direct RDMA Disabled for HCA 0 'enp160s0f0np0'
neptune:3528198:3530650 [0] NCCL INFO comm 0x613a7f67bcc0 rank 0 nRanks 2 nNodes 2 localRanks 1 localRank 0 MNNVL 0
neptune:3528198:3530650 [0] NCCL INFO Channel 00/16 : 0 1
neptune:3528198:3530650 [0] NCCL INFO Channel 01/16 : 0 1
neptune:3528198:3530650 [0] NCCL INFO Channel 02/16 : 0 1
neptune:3528198:3530650 [0] NCCL INFO Channel 03/16 : 0 1
neptune:3528198:3530650 [0] NCCL INFO Channel 04/16 : 0 1
neptune:3528198:3530650 [0] NCCL INFO Channel 05/16 : 0 1
neptune:3528198:3530650 [0] NCCL INFO Channel 06/16 : 0 1
neptune:3528198:3530650 [0] NCCL INFO Channel 07/16 : 0 1
neptune:3528198:3530650 [0] NCCL INFO Channel 08/16 : 0 1
neptune:3528198:3530650 [0] NCCL INFO Channel 09/16 : 0 1
neptune:3528198:3530650 [0] NCCL INFO Channel 10/16 : 0 1
neptune:3528198:3530650 [0] NCCL INFO Channel 11/16 : 0 1
neptune:3528198:3530650 [0] NCCL INFO Channel 12/16 : 0 1
neptune:3528198:3530650 [0] NCCL INFO Channel 13/16 : 0 1
neptune:3528198:3530650 [0] NCCL INFO Channel 14/16 : 0 1
neptune:3528198:3530650 [0] NCCL INFO Channel 15/16 : 0 1
neptune:3528198:3530650 [0] NCCL INFO Trees [0] 1/-1/-1->0->-1 [1] -1/-1/-1->0->1 [2] 1/-1/-1->0->-1 [3] -1/-1/-1->0->1 [4] 1/-1/-1->0->-1 [5] -1/-1/-1->0->1 [6] 1/-1/-1->0->-1 [7] -1/-1/-1->0->1 [8] 1/-1/-1->0->-1 [9] -1/-1/-1->0->1 [10] 1/-1/-1->0->-1 [11] -1/-1/-1->0->1 [12] 1/-1/-1->0->-1 [13] -1/-1/-1->0->1 [14] 1/-1/-1->0->-1 [15] -1/-1/-1->0->1
neptune:3528198:3530650 [0] NCCL INFO P2P Chunksize set to 131072
neptune:3528198:3530650 [0] NCCL INFO Check P2P Type isAllDirectP2p 0 directMode 0
neptune:3528198:3535800 [0] NCCL INFO [Proxy Service] Device 0 CPU core 22
neptune:3528198:3535801 [0] NCCL INFO [Proxy Service UDS] Device 0 CPU core 16
neptune:3528198:3530650 [0] NCCL INFO threadThresholds 8/8/64 | 16/8/64 | 512 | 512
neptune:3528198:3530650 [0] NCCL INFO 16 coll channels, 16 collnet channels, 0 nvls channels, 16 p2p channels, 2 p2p channels per peer
neptune:3528198:3530650 [0] NCCL INFO CC Off, workFifoBytes 1048576
neptune:3528198:3530650 [0] NCCL INFO ncclCommInitRank comm 0x613a7f67bcc0 rank 0 nranks 2 cudaDev 0 nvmlDev 2 busId ca000 commId 0x7551e4e95e3338b9 - Init COMPLETE
neptune:3528198:3530650 [0] NCCL INFO Init timings - ncclCommInitRank: rank 0 nranks 2 total 0.03 (kernels 0.00, alloc 0.00, bootstrap 0.01, allgathers 0.01, topo 0.01, graphs 0.00, connections 0.01, rest 0.00)
neptune:3528198:3535800 [0] NCCL INFO New proxy send connection 0 from local rank 0, transport 2
neptune:3528198:3535810 [0] NCCL INFO Connected to proxy localRank 0 -> connection 0x720de0004c00
neptune:3528198:3535810 [0] NCCL INFO Channel 01/1 : 0[2] -> 1[3] [send] via NET/Socket/0/Shared
neptune:3528198:3535800 [0] NCCL INFO New proxy send connection 1 from local rank 0, transport 2
neptune:3528198:3535813 [0] NCCL INFO [Proxy Progress] Device 0 CPU core 80
neptune:3528198:3535810 [0] NCCL INFO Connected to proxy localRank 0 -> connection 0x720de0004c78
neptune:3528198:3535810 [0] NCCL INFO Channel 09/1 : 0[2] -> 1[3] [send] via NET/Socket/0/Shared
neptune:3528198:3530650 [0] NCCL INFO Assigned NET plugin Socket to comm
neptune:3528198:3530650 [0] NCCL INFO Using network Socket
neptune:3528198:3530650 [0] NCCL INFO ncclCommInitRank comm 0x720dc0046b30 rank 0 nranks 2 cudaDev 0 nvmlDev 2 busId ca000 commId 0x4dd48fbe88886e1 - Init START
neptune:3528198:3530650 [0] NCCL INFO NET/Socket : GPU Direct RDMA Disabled for HCA 0 'enp160s0f0np0'
neptune:3528198:3530650 [0] NCCL INFO comm 0x720dc0046b30 rank 0 nRanks 2 nNodes 2 localRanks 1 localRank 0 MNNVL 0
neptune:3528198:3530650 [0] NCCL INFO Channel 00/16 : 0 1
neptune:3528198:3530650 [0] NCCL INFO Channel 01/16 : 0 1
neptune:3528198:3530650 [0] NCCL INFO Channel 02/16 : 0 1
neptune:3528198:3530650 [0] NCCL INFO Channel 03/16 : 0 1
neptune:3528198:3530650 [0] NCCL INFO Channel 04/16 : 0 1
neptune:3528198:3530650 [0] NCCL INFO Channel 05/16 : 0 1
neptune:3528198:3530650 [0] NCCL INFO Channel 06/16 : 0 1
neptune:3528198:3530650 [0] NCCL INFO Channel 07/16 : 0 1
neptune:3528198:3530650 [0] NCCL INFO Channel 08/16 : 0 1
neptune:3528198:3530650 [0] NCCL INFO Channel 09/16 : 0 1
neptune:3528198:3530650 [0] NCCL INFO Channel 10/16 : 0 1
neptune:3528198:3530650 [0] NCCL INFO Channel 11/16 : 0 1
neptune:3528198:3530650 [0] NCCL INFO Channel 12/16 : 0 1
neptune:3528198:3530650 [0] NCCL INFO Channel 13/16 : 0 1
neptune:3528198:3530650 [0] NCCL INFO Channel 14/16 : 0 1
neptune:3528198:3530650 [0] NCCL INFO Channel 15/16 : 0 1
neptune:3528198:3530650 [0] NCCL INFO Trees [0] 1/-1/-1->0->-1 [1] -1/-1/-1->0->1 [2] 1/-1/-1->0->-1 [3] -1/-1/-1->0->1 [4] 1/-1/-1->0->-1 [5] -1/-1/-1->0->1 [6] 1/-1/-1->0->-1 [7] -1/-1/-1->0->1 [8] 1/-1/-1->0->-1 [9] -1/-1/-1->0->1 [10] 1/-1/-1->0->-1 [11] -1/-1/-1->0->1 [12] 1/-1/-1->0->-1 [13] -1/-1/-1->0->1 [14] 1/-1/-1->0->-1 [15] -1/-1/-1->0->1
neptune:3528198:3530650 [0] NCCL INFO P2P Chunksize set to 131072
neptune:3528198:3530650 [0] NCCL INFO Check P2P Type isAllDirectP2p 0 directMode 0
neptune:3528198:3535999 [0] NCCL INFO [Proxy Service] Device 0 CPU core 86
neptune:3528198:3536000 [0] NCCL INFO [Proxy Service UDS] Device 0 CPU core 18
neptune:3528198:3530650 [0] NCCL INFO threadThresholds 8/8/64 | 16/8/64 | 512 | 512
neptune:3528198:3530650 [0] NCCL INFO 16 coll channels, 16 collnet channels, 0 nvls channels, 16 p2p channels, 2 p2p channels per peer
neptune:3528198:3530650 [0] NCCL INFO CC Off, workFifoBytes 1048576
neptune:3528198:3530650 [0] NCCL INFO ncclCommInitRank comm 0x720dc0046b30 rank 0 nranks 2 cudaDev 0 nvmlDev 2 busId ca000 commId 0x4dd48fbe88886e1 - Init COMPLETE
neptune:3528198:3530650 [0] NCCL INFO Init timings - ncclCommInitRank: rank 0 nranks 2 total 0.09 (kernels 0.00, alloc 0.00, bootstrap 0.01, allgathers 0.07, topo 0.00, graphs 0.00, connections 0.01, rest 0.00)
neptune:3528198:3535999 [0] NCCL INFO New proxy send connection 0 from local rank 0, transport 2
neptune:3528198:3536001 [0] NCCL INFO Connected to proxy localRank 0 -> connection 0x720dc4004c00
neptune:3528198:3536001 [0] NCCL INFO Channel 01/1 : 0[2] -> 1[2] [send] via NET/Socket/0/Shared
neptune:3528198:3536004 [0] NCCL INFO [Proxy Progress] Device 0 CPU core 82
neptune:3528198:3535999 [0] NCCL INFO New proxy send connection 1 from local rank 0, transport 2
neptune:3528198:3536001 [0] NCCL INFO Connected to proxy localRank 0 -> connection 0x720dc4004c78
neptune:3528198:3536001 [0] NCCL INFO Channel 09/1 : 0[2] -> 1[2] [send] via NET/Socket/0/Shared
