{
  "scope": "two allocated GPU board-power telemetry; excludes CPU, RAM, NIC, and fans",
  "integration": "piecewise-linear trapezoidal integration",
  "sample_period_s": 0.5,
  "workloads": [
    {
      "seq": 1,
      "workload_id": "short_baseline",
      "start_unix_ts": 1785319689.2379458,
      "end_unix_ts": 1785319727.187771,
      "duration_s": 37.949825286865234,
      "nodes": {
        "neptune_l40s": {
          "energy_j": 2326.273793262243,
          "energy_wh": 0.6461871647950675,
          "covered_s": 37.949825286865234
        },
        "ganymede_l4": {
          "energy_j": 1247.4671660782828,
          "energy_wh": 0.34651865724396747,
          "covered_s": 37.949825286865234
        }
      },
      "combined_energy_j": 3573.740959340526,
      "combined_energy_wh": 0.992705822039035,
      "combined_avg_power_w": 94.1701557866573,
      "successful_requests": 12,
      "energy_per_request_j": 297.8117466117105
    },
    {
      "seq": 2,
      "workload_id": "short_high_rps_queue",
      "start_unix_ts": 1785319729.0810804,
      "end_unix_ts": 1785319887.2115293,
      "duration_s": 158.1304488182068,
      "nodes": {
        "neptune_l40s": {
          "energy_j": 11133.556594156018,
          "energy_wh": 3.092654609487783,
          "covered_s": 158.1304488182068
        },
        "ganymede_l4": {
          "energy_j": 10726.074041412061,
          "energy_wh": 2.97946501150335,
          "covered_s": 158.1304488182068
        }
      },
      "combined_energy_j": 21859.63063556808,
      "combined_energy_wh": 6.072119620991133,
      "combined_avg_power_w": 138.2379598548968,
      "successful_requests": 1920,
      "energy_per_request_j": 11.385224289358375
    },
    {
      "seq": 3,
      "workload_id": "short_recovery",
      "start_unix_ts": 1785319889.1717033,
      "end_unix_ts": 1785319924.0115097,
      "duration_s": 34.83980631828308,
      "nodes": {
        "neptune_l40s": {
          "energy_j": 2126.7414067435266,
          "energy_wh": 0.5907615018732019,
          "covered_s": 34.79412388801575
        },
        "ganymede_l4": {
          "energy_j": 1243.559728887826,
          "energy_wh": 0.3454332580243961,
          "covered_s": 34.6502251625061
        }
      },
      "combined_energy_j": 3370.3011356313527,
      "combined_energy_wh": 0.9361947598975979,
      "combined_avg_power_w": 96.73708013304027,
      "successful_requests": 12,
      "energy_per_request_j": 280.8584279692794
    }
  ],
  "telemetry_total": {
    "neptune_l40s": {
      "energy_j": 23637.014087411164,
      "energy_wh": 6.565837246503101,
      "covered_s": 366.2317841053009,
      "average_power_w": 64.54113245565526
    },
    "ganymede_l4": {
      "energy_j": 15939.489683758038,
      "energy_wh": 4.427636023266122,
      "covered_s": 365.91391015052795,
      "average_power_w": 43.56076454486501
    }
  },
  "telemetry_total_energy_j": 39576.5037711692,
  "telemetry_total_energy_wh": 10.993473269769222,
  "reset_probe_energy_j": 1842.283195539713,
  "reset_probe_energy_wh": 0.5117453320943647,
  "total_recorded_gpu_energy_j": 41418.78696670891,
  "total_recorded_gpu_energy_wh": 11.505218601863586
}
