{
  "slo": {
    "ttft_ms": 500.0,
    "tpot_ms": 200.0
  },
  "saturation_definition": "inconclusive for fixed-count finite-rate Poisson windows; throughput ratio includes arrival spacing and tail drain",
  "power_scope": "two allocated GPU board-power telemetry; excludes CPU, RAM, NIC, and fans",
  "workloads": [
    {
      "workload": {
        "seq": 1,
        "workload_id": "short_baseline",
        "input_len": 32,
        "output_len": 32,
        "configured_request_rate_rps": 1.0,
        "decision_status": "OK",
        "decision_mode": "safe_min_power",
        "num_candidates": 100,
        "num_safe": 90
      },
      "decision": {
        "status": "OK",
        "decision_mode": "safe_min_power",
        "policy": "latency_only",
        "placement": "l40s-prefill-l4-decode",
        "workload": {
          "il": 32,
          "ol": 32,
          "rate": 1.0
        },
        "slos": {
          "ttft_ms": 500,
          "tpot_ms": 200
        },
        "kv_transfer_model": {
          "enabled": true,
          "formula": "T_kv = input_tokens * (2 * layers * num_kv_heads * head_dim * bytes_per_element) * 8 / effective_bandwidth_gbps",
          "ttft_formula": "predicted_p99_ttft = predicted_p99_queue_plus_prefill + T_kv + T_dispatch",
          "input_tokens": 32,
          "num_layers": 32,
          "num_kv_heads": 8,
          "head_dim": 128,
          "bytes_per_element": 2,
          "kv_bytes_per_token": 131072,
          "kv_total_bytes": 4194304,
          "effective_bandwidth_gbps": 24.076,
          "kv_transfer_ms": 1.393688,
          "dispatch_ms": 0.0
        },
        "saturation_threshold": 0.3,
        "tp_per_role": 1,
        "recommended": {
          "prefill": {
            "phase": "prefill",
            "gpu_type": "l40s",
            "node_group": "neptune",
            "tp": 1,
            "freq_mhz": 480,
            "rec_freq_mhz": 480,
            "is_safe": true,
            "p_violate": 0.0047,
            "rho_phase": 0.0309,
            "rho_total": 0.0402,
            "latency_ms": 112.4,
            "power_per_gpu_w": 104.9,
            "total_power_w": 104.9,
            "p99_ttft_ms": 113.8,
            "p_saturated": 0.024298,
            "p_saturated_min": 0.016867,
            "p_saturated_max": 0.035167,
            "saturation_threshold": 0.3,
            "saturation_safe": true,
            "per_seed": [
              {
                "seed": 3,
                "probability": 0.035167
              },
              {
                "seed": 7,
                "probability": 0.020341
              },
              {
                "seed": 11,
                "probability": 0.016867
              },
              {
                "seed": 19,
                "probability": 0.030239
              },
              {
                "seed": 23,
                "probability": 0.018878
              }
            ],
            "p99_queue_plus_prefill_ms": 112.4,
            "kv_transfer_ms": 1.393688,
            "dispatch_ms": 0.0,
            "ttft_components_ms": {
              "queue_plus_prefill": 112.4,
              "kv_transfer": 1.393688,
              "dispatch": 0.0,
              "total": 113.8
            }
          },
          "decode": {
            "phase": "decode",
            "gpu_type": "l4",
            "node_group": "ganymede",
            "tp": 1,
            "freq_mhz": 360,
            "rec_freq_mhz": 360,
            "is_safe": true,
            "p_violate": 0.0711,
            "rho_phase": 0.0098,
            "rho_total": 0.0426,
            "latency_ms": 154.4,
            "power_per_gpu_w": 42.9,
            "total_power_w": 42.9,
            "p99_tpot_ms": 154.4,
            "p_saturated": 0.079869,
            "p_saturated_min": 0.072337,
            "p_saturated_max": 0.084664,
            "saturation_threshold": 0.3,
            "saturation_safe": true,
            "per_seed": [
              {
                "seed": 3,
                "probability": 0.081018
              },
              {
                "seed": 7,
                "probability": 0.076868
              },
              {
                "seed": 11,
                "probability": 0.084664
              },
              {
                "seed": 19,
                "probability": 0.084456
              },
              {
                "seed": 23,
                "probability": 0.072337
              }
            ]
          },
          "latency_safe": true,
          "saturation_safe": true,
          "is_safe": true,
          "predicted_joint_latency_violation_probability": 0.075466,
          "predicted_joint_saturation_probability": 0.102226,
          "predicted_overload_violation_probability": 0.075466,
          "predicted_ttft_excess_ratio": 0.0,
          "predicted_tpot_excess_ratio": 0.0,
          "predicted_max_slo_excess_ratio": 0.0,
          "predicted_cluster_power_w": 147.8,
          "predicted_energy_per_request_j": 147.8
        },
        "alternatives": [
          {
            "prefill": {
              "phase": "prefill",
              "gpu_type": "l40s",
              "node_group": "neptune",
              "tp": 1,
              "freq_mhz": 480,
              "rec_freq_mhz": 480,
              "is_safe": true,
              "p_violate": 0.0047,
              "rho_phase": 0.0309,
              "rho_total": 0.0402,
              "latency_ms": 112.4,
              "power_per_gpu_w": 104.9,
              "total_power_w": 104.9,
              "p99_ttft_ms": 113.8,
              "p_saturated": 0.024298,
              "p_saturated_min": 0.016867,
              "p_saturated_max": 0.035167,
              "saturation_threshold": 0.3,
              "saturation_safe": true,
              "per_seed": [
                {
                  "seed": 3,
                  "probability": 0.035167
                },
                {
                  "seed": 7,
                  "probability": 0.020341
                },
                {
                  "seed": 11,
                  "probability": 0.016867
                },
                {
                  "seed": 19,
                  "probability": 0.030239
                },
                {
                  "seed": 23,
                  "probability": 0.018878
                }
              ],
              "p99_queue_plus_prefill_ms": 112.4,
              "kv_transfer_ms": 1.393688,
              "dispatch_ms": 0.0,
              "ttft_components_ms": {
                "queue_plus_prefill": 112.4,
                "kv_transfer": 1.393688,
                "dispatch": 0.0,
                "total": 113.8
              }
            },
            "decode": {
              "phase": "decode",
              "gpu_type": "l4",
              "node_group": "ganymede",
              "tp": 1,
              "freq_mhz": 570,
              "rec_freq_mhz": 570,
              "is_safe": true,
              "p_violate": 0.0037,
              "rho_phase": 0.0116,
              "rho_total": 0.0503,
              "latency_ms": 151.6,
              "power_per_gpu_w": 43.1,
              "total_power_w": 43.1,
              "p99_tpot_ms": 151.6,
              "p_saturated": 0.076707,
              "p_saturated_min": 0.072337,
              "p_saturated_max": 0.084456,
              "saturation_threshold": 0.3,
              "saturation_safe": true,
              "per_seed": [
                {
                  "seed": 3,
                  "probability": 0.076162
                },
                {
                  "seed": 7,
                  "probability": 0.076868
                },
                {
                  "seed": 11,
                  "probability": 0.073713
                },
                {
                  "seed": 19,
                  "probability": 0.084456
                },
                {
                  "seed": 23,
                  "probability": 0.072337
                }
              ]
            },
            "latency_safe": true,
            "saturation_safe": true,
            "is_safe": true,
            "predicted_joint_latency_violation_probability": 0.008383,
            "predicted_joint_saturation_probability": 0.099141,
            "predicted_overload_violation_probability": 0.008383,
            "predicted_ttft_excess_ratio": 0.0,
            "predicted_tpot_excess_ratio": 0.0,
            "predicted_max_slo_excess_ratio": 0.0,
            "predicted_cluster_power_w": 148.0,
            "predicted_energy_per_request_j": 148.0
          },
          {
            "prefill": {
              "phase": "prefill",
              "gpu_type": "l40s",
              "node_group": "neptune",
              "tp": 1,
              "freq_mhz": 210,
              "rec_freq_mhz": 210,
              "is_safe": true,
              "p_violate": 0.0232,
              "rho_phase": 0.0518,
              "rho_total": 0.0673,
              "latency_ms": 135.9,
              "power_per_gpu_w": 105.7,
              "total_power_w": 105.7,
              "p99_ttft_ms": 137.3,
              "p_saturated": 0.108784,
              "p_saturated_min": 0.065579,
              "p_saturated_max": 0.231864,
              "saturation_threshold": 0.3,
              "saturation_safe": true,
              "per_seed": [
                {
                  "seed": 3,
                  "probability": 0.091974
                },
                {
                  "seed": 7,
                  "probability": 0.231864
                },
                {
                  "seed": 11,
                  "probability": 0.083063
                },
                {
                  "seed": 19,
                  "probability": 0.065579
                },
                {
                  "seed": 23,
                  "probability": 0.071438
                }
              ],
              "p99_queue_plus_prefill_ms": 135.9,
              "kv_transfer_ms": 1.393688,
              "dispatch_ms": 0.0,
              "ttft_components_ms": {
                "queue_plus_prefill": 135.9,
                "kv_transfer": 1.393688,
                "dispatch": 0.0,
                "total": 137.3
              }
            },
            "decode": {
              "phase": "decode",
              "gpu_type": "l4",
              "node_group": "ganymede",
              "tp": 1,
              "freq_mhz": 360,
              "rec_freq_mhz": 360,
              "is_safe": true,
              "p_violate": 0.0711,
              "rho_phase": 0.0098,
              "rho_total": 0.0426,
              "latency_ms": 154.4,
              "power_per_gpu_w": 42.9,
              "total_power_w": 42.9,
              "p99_tpot_ms": 154.4,
              "p_saturated": 0.079869,
              "p_saturated_min": 0.072337,
              "p_saturated_max": 0.084664,
              "saturation_threshold": 0.3,
              "saturation_safe": true,
              "per_seed": [
                {
                  "seed": 3,
                  "probability": 0.081018
                },
                {
                  "seed": 7,
                  "probability": 0.076868
                },
                {
                  "seed": 11,
                  "probability": 0.084664
                },
                {
                  "seed": 19,
                  "probability": 0.084456
                },
                {
                  "seed": 23,
                  "probability": 0.072337
                }
              ]
            },
            "latency_safe": true,
            "saturation_safe": true,
            "is_safe": true,
            "predicted_joint_latency_violation_probability": 0.09265,
            "predicted_joint_saturation_probability": 0.179965,
            "predicted_overload_violation_probability": 0.09265,
            "predicted_ttft_excess_ratio": 0.0,
            "predicted_tpot_excess_ratio": 0.0,
            "predicted_max_slo_excess_ratio": 0.0,
            "predicted_cluster_power_w": 148.6,
            "predicted_energy_per_request_j": 148.6
          },
          {
            "prefill": {
              "phase": "prefill",
              "gpu_type": "l40s",
              "node_group": "neptune",
              "tp": 1,
              "freq_mhz": 210,
              "rec_freq_mhz": 210,
              "is_safe": true,
              "p_violate": 0.0232,
              "rho_phase": 0.0518,
              "rho_total": 0.0673,
              "latency_ms": 135.9,
              "power_per_gpu_w": 105.7,
              "total_power_w": 105.7,
              "p99_ttft_ms": 137.3,
              "p_saturated": 0.108784,
              "p_saturated_min": 0.065579,
              "p_saturated_max": 0.231864,
              "saturation_threshold": 0.3,
              "saturation_safe": true,
              "per_seed": [
                {
                  "seed": 3,
                  "probability": 0.091974
                },
                {
                  "seed": 7,
                  "probability": 0.231864
                },
                {
                  "seed": 11,
                  "probability": 0.083063
                },
                {
                  "seed": 19,
                  "probability": 0.065579
                },
                {
                  "seed": 23,
                  "probability": 0.071438
                }
              ],
              "p99_queue_plus_prefill_ms": 135.9,
              "kv_transfer_ms": 1.393688,
              "dispatch_ms": 0.0,
              "ttft_components_ms": {
                "queue_plus_prefill": 135.9,
                "kv_transfer": 1.393688,
                "dispatch": 0.0,
                "total": 137.3
              }
            },
            "decode": {
              "phase": "decode",
              "gpu_type": "l4",
              "node_group": "ganymede",
              "tp": 1,
              "freq_mhz": 570,
              "rec_freq_mhz": 570,
              "is_safe": true,
              "p_violate": 0.0037,
              "rho_phase": 0.0116,
              "rho_total": 0.0503,
              "latency_ms": 151.6,
              "power_per_gpu_w": 43.1,
              "total_power_w": 43.1,
              "p99_tpot_ms": 151.6,
              "p_saturated": 0.076707,
              "p_saturated_min": 0.072337,
              "p_saturated_max": 0.084456,
              "saturation_threshold": 0.3,
              "saturation_safe": true,
              "per_seed": [
                {
                  "seed": 3,
                  "probability": 0.076162
                },
                {
                  "seed": 7,
                  "probability": 0.076868
                },
                {
                  "seed": 11,
                  "probability": 0.073713
                },
                {
                  "seed": 19,
                  "probability": 0.084456
                },
                {
                  "seed": 23,
                  "probability": 0.072337
                }
              ]
            },
            "latency_safe": true,
            "saturation_safe": true,
            "is_safe": true,
            "predicted_joint_latency_violation_probability": 0.026814,
            "predicted_joint_saturation_probability": 0.177147,
            "predicted_overload_violation_probability": 0.026814,
            "predicted_ttft_excess_ratio": 0.0,
            "predicted_tpot_excess_ratio": 0.0,
            "predicted_max_slo_excess_ratio": 0.0,
            "predicted_cluster_power_w": 148.8,
            "predicted_energy_per_request_j": 148.8
          }
        ],
        "num_candidates": 100,
        "num_latency_safe": 90,
        "num_saturation_safe": 100,
        "num_safe": 90
      },
      "performance": {
        "successful_requests": 12,
        "failed_requests": 0,
        "benchmark_duration_s": 14.25,
        "request_throughput_rps": 0.84,
        "output_token_throughput_tps": 26.94,
        "total_token_throughput_tps": 53.04,
        "p99_ttft_ms": 288.49,
        "p99_tpot_ms": 64.8,
        "p99_itl_ms": 73.96,
        "throughput_ratio": 0.84,
        "measured_saturated": null,
        "saturation_assessment": "INCONCLUSIVE_FINITE_POISSON",
        "ttft_slo_ok": true,
        "tpot_slo_ok": true
      },
      "telemetry": {
        "decode_ganymede": {
          "samples": 60,
          "target_freq_mhz": 360.0,
          "gpu_util_avg_pct": 39.083333333333336,
          "gpu_util_max_pct": 100.0,
          "gpu_power_avg_w": 32.653666666666666,
          "gpu_power_max_w": 56.01,
          "gpu_sm_clock_avg_mhz": 360.0,
          "gpu_sm_clock_max_mhz": 360.0,
          "gpu_sm_clock_min_mhz": 360.0,
          "gpu_memory_used_avg_mib": 18667.6,
          "gpu_memory_used_max_mib": 18677.0,
          "gpu_mem_util_avg_pct": 39.266666666666666,
          "gpu_mem_util_max_pct": 100.0,
          "gpu_power_limit_avg_w": 72.0,
          "gpu_power_limit_max_w": 72.0,
          "gpu_mem_clock_avg_mhz": 6251.0,
          "gpu_mem_clock_max_mhz": 6251.0,
          "gpu_temperature_avg_c": 41.4,
          "gpu_temperature_max_c": 46.0,
          "network_rx_bytes": 66837841.0,
          "network_tx_bytes": 7436031.0,
          "gpu_pstate_mode": "P0"
        },
        "prefill_neptune": {
          "samples": 65,
          "target_freq_mhz": 480.0,
          "gpu_util_avg_pct": 0.47692307692307695,
          "gpu_util_max_pct": 31.0,
          "gpu_power_avg_w": 61.296615384615386,
          "gpu_power_max_w": 77.8,
          "gpu_sm_clock_avg_mhz": 480.0,
          "gpu_sm_clock_max_mhz": 480.0,
          "gpu_sm_clock_min_mhz": 480.0,
          "gpu_memory_used_avg_mib": 37815.86153846154,
          "gpu_memory_used_max_mib": 37817.0,
          "gpu_mem_util_avg_pct": 0.35384615384615387,
          "gpu_mem_util_max_pct": 23.0,
          "gpu_power_limit_avg_w": 350.0,
          "gpu_power_limit_max_w": 350.0,
          "gpu_mem_clock_avg_mhz": 9001.0,
          "gpu_mem_clock_max_mhz": 9001.0,
          "gpu_temperature_avg_c": 29.153846153846153,
          "gpu_temperature_max_c": 30.0,
          "network_rx_bytes": 348570.0,
          "network_tx_bytes": 59547170.0,
          "gpu_pstate_mode": "P0"
        }
      },
      "energy": {
        "combined_energy_j": 3573.740959340526,
        "combined_avg_power_w": 94.1701557866573,
        "energy_per_request_j": 297.8117466117105
      },
      "summary": {
        "seq": 1,
        "workload_id": "short_baseline",
        "input_len": 32,
        "output_len": 32,
        "configured_request_rate_rps": 1.0,
        "decision_status": "OK",
        "decision_mode": "safe_min_power",
        "num_candidates": 100,
        "num_safe": 90,
        "recommended_is_safe": true,
        "prefill_gpu": "l40s",
        "prefill_target_freq_mhz": 480,
        "prefill_predicted_p99_ttft_ms": 113.8,
        "prefill_predicted_p99_queue_plus_prefill_ms": 112.4,
        "predicted_kv_transfer_ms": 1.393688,
        "predicted_dispatch_ms": 0.0,
        "kv_bytes_per_token": 131072,
        "kv_total_bytes": 4194304,
        "kv_effective_bandwidth_gbps": 24.076,
        "prefill_predicted_p_saturated": 0.024298,
        "decode_gpu": "l4",
        "decode_target_freq_mhz": 360,
        "decode_predicted_p99_tpot_ms": 154.4,
        "decode_predicted_p_saturated": 0.079869,
        "predicted_cluster_power_w": 147.8,
        "actual_successful_requests": 12,
        "actual_failed_requests": 0,
        "actual_benchmark_duration_s": 14.25,
        "actual_request_throughput_rps": 0.84,
        "actual_output_token_throughput_tps": 26.94,
        "actual_total_token_throughput_tps": 53.04,
        "actual_p99_ttft_ms": 288.49,
        "actual_p99_tpot_ms": 64.8,
        "actual_p99_itl_ms": 73.96,
        "actual_throughput_ratio": 0.84,
        "actual_measured_saturated": null,
        "actual_saturation_assessment": "INCONCLUSIVE_FINITE_POISSON",
        "actual_ttft_slo_ok": true,
        "actual_tpot_slo_ok": true,
        "decode_ganymede_samples": 60,
        "decode_ganymede_target_freq_mhz": 360.0,
        "decode_ganymede_gpu_util_avg_pct": 39.083333,
        "decode_ganymede_gpu_util_max_pct": 100.0,
        "decode_ganymede_gpu_power_avg_w": 32.653667,
        "decode_ganymede_gpu_power_max_w": 56.01,
        "decode_ganymede_gpu_sm_clock_avg_mhz": 360.0,
        "decode_ganymede_gpu_sm_clock_max_mhz": 360.0,
        "decode_ganymede_gpu_sm_clock_min_mhz": 360.0,
        "decode_ganymede_gpu_memory_used_avg_mib": 18667.6,
        "decode_ganymede_gpu_memory_used_max_mib": 18677.0,
        "decode_ganymede_gpu_mem_util_avg_pct": 39.266667,
        "decode_ganymede_gpu_mem_util_max_pct": 100.0,
        "decode_ganymede_gpu_power_limit_avg_w": 72.0,
        "decode_ganymede_gpu_power_limit_max_w": 72.0,
        "decode_ganymede_gpu_mem_clock_avg_mhz": 6251.0,
        "decode_ganymede_gpu_mem_clock_max_mhz": 6251.0,
        "decode_ganymede_gpu_temperature_avg_c": 41.4,
        "decode_ganymede_gpu_temperature_max_c": 46.0,
        "decode_ganymede_network_rx_bytes": 66837841.0,
        "decode_ganymede_network_tx_bytes": 7436031.0,
        "decode_ganymede_gpu_pstate_mode": "P0",
        "prefill_neptune_samples": 65,
        "prefill_neptune_target_freq_mhz": 480.0,
        "prefill_neptune_gpu_util_avg_pct": 0.476923,
        "prefill_neptune_gpu_util_max_pct": 31.0,
        "prefill_neptune_gpu_power_avg_w": 61.296615,
        "prefill_neptune_gpu_power_max_w": 77.8,
        "prefill_neptune_gpu_sm_clock_avg_mhz": 480.0,
        "prefill_neptune_gpu_sm_clock_max_mhz": 480.0,
        "prefill_neptune_gpu_sm_clock_min_mhz": 480.0,
        "prefill_neptune_gpu_memory_used_avg_mib": 37815.861538,
        "prefill_neptune_gpu_memory_used_max_mib": 37817.0,
        "prefill_neptune_gpu_mem_util_avg_pct": 0.353846,
        "prefill_neptune_gpu_mem_util_max_pct": 23.0,
        "prefill_neptune_gpu_power_limit_avg_w": 350.0,
        "prefill_neptune_gpu_power_limit_max_w": 350.0,
        "prefill_neptune_gpu_mem_clock_avg_mhz": 9001.0,
        "prefill_neptune_gpu_mem_clock_max_mhz": 9001.0,
        "prefill_neptune_gpu_temperature_avg_c": 29.153846,
        "prefill_neptune_gpu_temperature_max_c": 30.0,
        "prefill_neptune_network_rx_bytes": 348570.0,
        "prefill_neptune_network_tx_bytes": 59547170.0,
        "prefill_neptune_gpu_pstate_mode": "P0",
        "combined_energy_j": 3573.740959,
        "combined_avg_power_w": 94.170156,
        "energy_per_request_j": 297.811747
      }
    },
    {
      "workload": {
        "seq": 2,
        "workload_id": "short_high_rps_queue",
        "input_len": 32,
        "output_len": 32,
        "configured_request_rate_rps": 32.0,
        "decision_status": "OK",
        "decision_mode": "safe_min_power",
        "num_candidates": 100,
        "num_safe": 8
      },
      "decision": {
        "status": "OK",
        "decision_mode": "safe_min_power",
        "policy": "latency_only",
        "placement": "l40s-prefill-l4-decode",
        "workload": {
          "il": 32,
          "ol": 32,
          "rate": 32.0
        },
        "slos": {
          "ttft_ms": 500,
          "tpot_ms": 200
        },
        "kv_transfer_model": {
          "enabled": true,
          "formula": "T_kv = input_tokens * (2 * layers * num_kv_heads * head_dim * bytes_per_element) * 8 / effective_bandwidth_gbps",
          "ttft_formula": "predicted_p99_ttft = predicted_p99_queue_plus_prefill + T_kv + T_dispatch",
          "input_tokens": 32,
          "num_layers": 32,
          "num_kv_heads": 8,
          "head_dim": 128,
          "bytes_per_element": 2,
          "kv_bytes_per_token": 131072,
          "kv_total_bytes": 4194304,
          "effective_bandwidth_gbps": 24.076,
          "kv_transfer_ms": 1.393688,
          "dispatch_ms": 0.0
        },
        "saturation_threshold": 0.3,
        "tp_per_role": 1,
        "recommended": {
          "prefill": {
            "phase": "prefill",
            "gpu_type": "l40s",
            "node_group": "neptune",
            "tp": 1,
            "freq_mhz": 735,
            "rec_freq_mhz": 735,
            "is_safe": true,
            "p_violate": 0.1734,
            "rho_phase": 0.6516,
            "rho_total": 0.847,
            "latency_ms": 150.2,
            "power_per_gpu_w": 125.8,
            "total_power_w": 125.8,
            "p99_ttft_ms": 151.6,
            "p_saturated": 0.782814,
            "p_saturated_min": 0.74805,
            "p_saturated_max": 0.836816,
            "saturation_threshold": 0.3,
            "saturation_safe": false,
            "per_seed": [
              {
                "seed": 3,
                "probability": 0.771816
              },
              {
                "seed": 7,
                "probability": 0.836816
              },
              {
                "seed": 11,
                "probability": 0.763274
              },
              {
                "seed": 19,
                "probability": 0.74805
              },
              {
                "seed": 23,
                "probability": 0.794113
              }
            ],
            "p99_queue_plus_prefill_ms": 150.2,
            "kv_transfer_ms": 1.393688,
            "dispatch_ms": 0.0,
            "ttft_components_ms": {
              "queue_plus_prefill": 150.2,
              "kv_transfer": 1.393688,
              "dispatch": 0.0,
              "total": 151.6
            }
          },
          "decode": {
            "phase": "decode",
            "gpu_type": "l4",
            "node_group": "ganymede",
            "tp": 1,
            "freq_mhz": 2040,
            "rec_freq_mhz": 2040,
            "is_safe": true,
            "p_violate": 0.0333,
            "rho_phase": 0.1212,
            "rho_total": 0.5254,
            "latency_ms": 93.4,
            "power_per_gpu_w": 64.5,
            "total_power_w": 64.5,
            "p99_tpot_ms": 93.4,
            "p_saturated": 0.949309,
            "p_saturated_min": 0.933548,
            "p_saturated_max": 0.971292,
            "saturation_threshold": 0.3,
            "saturation_safe": false,
            "per_seed": [
              {
                "seed": 3,
                "probability": 0.936752
              },
              {
                "seed": 7,
                "probability": 0.933548
              },
              {
                "seed": 11,
                "probability": 0.954781
              },
              {
                "seed": 19,
                "probability": 0.95017
              },
              {
                "seed": 23,
                "probability": 0.971292
              }
            ]
          },
          "latency_safe": true,
          "saturation_safe": false,
          "is_safe": true,
          "predicted_joint_latency_violation_probability": 0.200926,
          "predicted_joint_saturation_probability": 0.988991,
          "predicted_overload_violation_probability": 0.200926,
          "predicted_ttft_excess_ratio": 0.0,
          "predicted_tpot_excess_ratio": 0.0,
          "predicted_max_slo_excess_ratio": 0.0,
          "predicted_cluster_power_w": 190.3,
          "predicted_energy_per_request_j": 5.947
        },
        "alternatives": [
          {
            "prefill": {
              "phase": "prefill",
              "gpu_type": "l40s",
              "node_group": "neptune",
              "tp": 1,
              "freq_mhz": 1755,
              "rec_freq_mhz": 1755,
              "is_safe": true,
              "p_violate": 0.0014,
              "rho_phase": 0.1287,
              "rho_total": 0.1673,
              "latency_ms": 93.5,
              "power_per_gpu_w": 138.7,
              "total_power_w": 138.7,
              "p99_ttft_ms": 94.9,
              "p_saturated": 0.782814,
              "p_saturated_min": 0.74805,
              "p_saturated_max": 0.836816,
              "saturation_threshold": 0.3,
              "saturation_safe": false,
              "per_seed": [
                {
                  "seed": 3,
                  "probability": 0.771816
                },
                {
                  "seed": 7,
                  "probability": 0.836816
                },
                {
                  "seed": 11,
                  "probability": 0.763274
                },
                {
                  "seed": 19,
                  "probability": 0.74805
                },
                {
                  "seed": 23,
                  "probability": 0.794113
                }
              ],
              "p99_queue_plus_prefill_ms": 93.5,
              "kv_transfer_ms": 1.393688,
              "dispatch_ms": 0.0,
              "ttft_components_ms": {
                "queue_plus_prefill": 93.5,
                "kv_transfer": 1.393688,
                "dispatch": 0.0,
                "total": 94.9
              }
            },
            "decode": {
              "phase": "decode",
              "gpu_type": "l4",
              "node_group": "ganymede",
              "tp": 1,
              "freq_mhz": 2040,
              "rec_freq_mhz": 2040,
              "is_safe": true,
              "p_violate": 0.0333,
              "rho_phase": 0.1212,
              "rho_total": 0.5254,
              "latency_ms": 93.4,
              "power_per_gpu_w": 64.5,
              "total_power_w": 64.5,
              "p99_tpot_ms": 93.4,
              "p_saturated": 0.949309,
              "p_saturated_min": 0.933548,
              "p_saturated_max": 0.971292,
              "saturation_threshold": 0.3,
              "saturation_safe": false,
              "per_seed": [
                {
                  "seed": 3,
                  "probability": 0.936752
                },
                {
                  "seed": 7,
                  "probability": 0.933548
                },
                {
                  "seed": 11,
                  "probability": 0.954781
                },
                {
                  "seed": 19,
                  "probability": 0.95017
                },
                {
                  "seed": 23,
                  "probability": 0.971292
                }
              ]
            },
            "latency_safe": true,
            "saturation_safe": false,
            "is_safe": true,
            "predicted_joint_latency_violation_probability": 0.034653,
            "predicted_joint_saturation_probability": 0.988991,
            "predicted_overload_violation_probability": 0.034653,
            "predicted_ttft_excess_ratio": 0.0,
            "predicted_tpot_excess_ratio": 0.0,
            "predicted_max_slo_excess_ratio": 0.0,
            "predicted_cluster_power_w": 203.2,
            "predicted_energy_per_request_j": 6.35
          },
          {
            "prefill": {
              "phase": "prefill",
              "gpu_type": "l40s",
              "node_group": "neptune",
              "tp": 1,
              "freq_mhz": 1500,
              "rec_freq_mhz": 1500,
              "is_safe": true,
              "p_violate": 0.0033,
              "rho_phase": 0.138,
              "rho_total": 0.1795,
              "latency_ms": 88.6,
              "power_per_gpu_w": 138.9,
              "total_power_w": 138.9,
              "p99_ttft_ms": 90.0,
              "p_saturated": 0.782814,
              "p_saturated_min": 0.74805,
              "p_saturated_max": 0.836816,
              "saturation_threshold": 0.3,
              "saturation_safe": false,
              "per_seed": [
                {
                  "seed": 3,
                  "probability": 0.771816
                },
                {
                  "seed": 7,
                  "probability": 0.836816
                },
                {
                  "seed": 11,
                  "probability": 0.763274
                },
                {
                  "seed": 19,
                  "probability": 0.74805
                },
                {
                  "seed": 23,
                  "probability": 0.794113
                }
              ],
              "p99_queue_plus_prefill_ms": 88.6,
              "kv_transfer_ms": 1.393688,
              "dispatch_ms": 0.0,
              "ttft_components_ms": {
                "queue_plus_prefill": 88.6,
                "kv_transfer": 1.393688,
                "dispatch": 0.0,
                "total": 90.0
              }
            },
            "decode": {
              "phase": "decode",
              "gpu_type": "l4",
              "node_group": "ganymede",
              "tp": 1,
              "freq_mhz": 2040,
              "rec_freq_mhz": 2040,
              "is_safe": true,
              "p_violate": 0.0333,
              "rho_phase": 0.1212,
              "rho_total": 0.5254,
              "latency_ms": 93.4,
              "power_per_gpu_w": 64.5,
              "total_power_w": 64.5,
              "p99_tpot_ms": 93.4,
              "p_saturated": 0.949309,
              "p_saturated_min": 0.933548,
              "p_saturated_max": 0.971292,
              "saturation_threshold": 0.3,
              "saturation_safe": false,
              "per_seed": [
                {
                  "seed": 3,
                  "probability": 0.936752
                },
                {
                  "seed": 7,
                  "probability": 0.933548
                },
                {
                  "seed": 11,
                  "probability": 0.954781
                },
                {
                  "seed": 19,
                  "probability": 0.95017
                },
                {
                  "seed": 23,
                  "probability": 0.971292
                }
              ]
            },
            "latency_safe": true,
            "saturation_safe": false,
            "is_safe": true,
            "predicted_joint_latency_violation_probability": 0.03649,
            "predicted_joint_saturation_probability": 0.988991,
            "predicted_overload_violation_probability": 0.03649,
            "predicted_ttft_excess_ratio": 0.0,
            "predicted_tpot_excess_ratio": 0.0,
            "predicted_max_slo_excess_ratio": 0.0,
            "predicted_cluster_power_w": 203.4,
            "predicted_energy_per_request_j": 6.356
          },
          {
            "prefill": {
              "phase": "prefill",
              "gpu_type": "l40s",
              "node_group": "neptune",
              "tp": 1,
              "freq_mhz": 1245,
              "rec_freq_mhz": 1245,
              "is_safe": true,
              "p_violate": 0.004,
              "rho_phase": 0.1617,
              "rho_total": 0.2102,
              "latency_ms": 86.7,
              "power_per_gpu_w": 139.1,
              "total_power_w": 139.1,
              "p99_ttft_ms": 88.1,
              "p_saturated": 0.782814,
              "p_saturated_min": 0.74805,
              "p_saturated_max": 0.836816,
              "saturation_threshold": 0.3,
              "saturation_safe": false,
              "per_seed": [
                {
                  "seed": 3,
                  "probability": 0.771816
                },
                {
                  "seed": 7,
                  "probability": 0.836816
                },
                {
                  "seed": 11,
                  "probability": 0.763274
                },
                {
                  "seed": 19,
                  "probability": 0.74805
                },
                {
                  "seed": 23,
                  "probability": 0.794113
                }
              ],
              "p99_queue_plus_prefill_ms": 86.7,
              "kv_transfer_ms": 1.393688,
              "dispatch_ms": 0.0,
              "ttft_components_ms": {
                "queue_plus_prefill": 86.7,
                "kv_transfer": 1.393688,
                "dispatch": 0.0,
                "total": 88.1
              }
            },
            "decode": {
              "phase": "decode",
              "gpu_type": "l4",
              "node_group": "ganymede",
              "tp": 1,
              "freq_mhz": 2040,
              "rec_freq_mhz": 2040,
              "is_safe": true,
              "p_violate": 0.0333,
              "rho_phase": 0.1212,
              "rho_total": 0.5254,
              "latency_ms": 93.4,
              "power_per_gpu_w": 64.5,
              "total_power_w": 64.5,
              "p99_tpot_ms": 93.4,
              "p_saturated": 0.949309,
              "p_saturated_min": 0.933548,
              "p_saturated_max": 0.971292,
              "saturation_threshold": 0.3,
              "saturation_safe": false,
              "per_seed": [
                {
                  "seed": 3,
                  "probability": 0.936752
                },
                {
                  "seed": 7,
                  "probability": 0.933548
                },
                {
                  "seed": 11,
                  "probability": 0.954781
                },
                {
                  "seed": 19,
                  "probability": 0.95017
                },
                {
                  "seed": 23,
                  "probability": 0.971292
                }
              ]
            },
            "latency_safe": true,
            "saturation_safe": false,
            "is_safe": true,
            "predicted_joint_latency_violation_probability": 0.037167,
            "predicted_joint_saturation_probability": 0.988991,
            "predicted_overload_violation_probability": 0.037167,
            "predicted_ttft_excess_ratio": 0.0,
            "predicted_tpot_excess_ratio": 0.0,
            "predicted_max_slo_excess_ratio": 0.0,
            "predicted_cluster_power_w": 203.6,
            "predicted_energy_per_request_j": 6.362
          }
        ],
        "num_candidates": 100,
        "num_latency_safe": 8,
        "num_saturation_safe": 0,
        "num_safe": 8
      },
      "performance": {
        "successful_requests": 1920,
        "failed_requests": 0,
        "benchmark_duration_s": 140.88,
        "request_throughput_rps": 13.63,
        "output_token_throughput_tps": 436.13,
        "total_token_throughput_tps": 858.62,
        "p99_ttft_ms": 35200.19,
        "p99_tpot_ms": 70.06,
        "p99_itl_ms": 92.24,
        "throughput_ratio": 0.4259375,
        "measured_saturated": null,
        "saturation_assessment": "INCONCLUSIVE_FINITE_POISSON",
        "ttft_slo_ok": false,
        "tpot_slo_ok": true
      },
      "telemetry": {
        "decode_ganymede": {
          "samples": 251,
          "target_freq_mhz": 2040.0,
          "gpu_util_avg_pct": 89.14342629482071,
          "gpu_util_max_pct": 100.0,
          "gpu_power_avg_w": 67.67203187250996,
          "gpu_power_max_w": 73.73,
          "gpu_sm_clock_avg_mhz": 1583.5458167330678,
          "gpu_sm_clock_max_mhz": 2040.0,
          "gpu_sm_clock_min_mhz": 360.0,
          "gpu_memory_used_avg_mib": 19978.450199203187,
          "gpu_memory_used_max_mib": 20713.0,
          "gpu_mem_util_avg_pct": 89.04780876494024,
          "gpu_mem_util_max_pct": 100.0,
          "gpu_power_limit_avg_w": 72.0,
          "gpu_power_limit_max_w": 72.0,
          "gpu_mem_clock_avg_mhz": 6251.0,
          "gpu_mem_clock_max_mhz": 6251.0,
          "gpu_temperature_avg_c": 60.37848605577689,
          "gpu_temperature_max_c": 68.0,
          "network_rx_bytes": 8468567672.0,
          "network_tx_bytes": 35630424.0,
          "gpu_pstate_mode": "P0"
        },
        "prefill_neptune": {
          "samples": 271,
          "target_freq_mhz": 735.0,
          "gpu_util_avg_pct": 11.96309963099631,
          "gpu_util_max_pct": 80.0,
          "gpu_power_avg_w": 70.40712177121772,
          "gpu_power_max_w": 89.03,
          "gpu_sm_clock_avg_mhz": 734.0590405904059,
          "gpu_sm_clock_max_mhz": 735.0,
          "gpu_sm_clock_min_mhz": 480.0,
          "gpu_memory_used_avg_mib": 37928.38745387454,
          "gpu_memory_used_max_mib": 37943.0,
          "gpu_mem_util_avg_pct": 2.981549815498155,
          "gpu_mem_util_max_pct": 41.0,
          "gpu_power_limit_avg_w": 350.0,
          "gpu_power_limit_max_w": 350.0,
          "gpu_mem_clock_avg_mhz": 9001.0,
          "gpu_mem_clock_max_mhz": 9001.0,
          "gpu_temperature_avg_c": 31.118081180811807,
          "gpu_temperature_max_c": 34.0,
          "network_rx_bytes": 32091647.0,
          "network_tx_bytes": 8466250248.0,
          "gpu_pstate_mode": "P0"
        }
      },
      "energy": {
        "combined_energy_j": 21859.63063556808,
        "combined_avg_power_w": 138.2379598548968,
        "energy_per_request_j": 11.385224289358375
      },
      "summary": {
        "seq": 2,
        "workload_id": "short_high_rps_queue",
        "input_len": 32,
        "output_len": 32,
        "configured_request_rate_rps": 32.0,
        "decision_status": "OK",
        "decision_mode": "safe_min_power",
        "num_candidates": 100,
        "num_safe": 8,
        "recommended_is_safe": true,
        "prefill_gpu": "l40s",
        "prefill_target_freq_mhz": 735,
        "prefill_predicted_p99_ttft_ms": 151.6,
        "prefill_predicted_p99_queue_plus_prefill_ms": 150.2,
        "predicted_kv_transfer_ms": 1.393688,
        "predicted_dispatch_ms": 0.0,
        "kv_bytes_per_token": 131072,
        "kv_total_bytes": 4194304,
        "kv_effective_bandwidth_gbps": 24.076,
        "prefill_predicted_p_saturated": 0.782814,
        "decode_gpu": "l4",
        "decode_target_freq_mhz": 2040,
        "decode_predicted_p99_tpot_ms": 93.4,
        "decode_predicted_p_saturated": 0.949309,
        "predicted_cluster_power_w": 190.3,
        "actual_successful_requests": 1920,
        "actual_failed_requests": 0,
        "actual_benchmark_duration_s": 140.88,
        "actual_request_throughput_rps": 13.63,
        "actual_output_token_throughput_tps": 436.13,
        "actual_total_token_throughput_tps": 858.62,
        "actual_p99_ttft_ms": 35200.19,
        "actual_p99_tpot_ms": 70.06,
        "actual_p99_itl_ms": 92.24,
        "actual_throughput_ratio": 0.425938,
        "actual_measured_saturated": null,
        "actual_saturation_assessment": "INCONCLUSIVE_FINITE_POISSON",
        "actual_ttft_slo_ok": false,
        "actual_tpot_slo_ok": true,
        "decode_ganymede_samples": 251,
        "decode_ganymede_target_freq_mhz": 2040.0,
        "decode_ganymede_gpu_util_avg_pct": 89.143426,
        "decode_ganymede_gpu_util_max_pct": 100.0,
        "decode_ganymede_gpu_power_avg_w": 67.672032,
        "decode_ganymede_gpu_power_max_w": 73.73,
        "decode_ganymede_gpu_sm_clock_avg_mhz": 1583.545817,
        "decode_ganymede_gpu_sm_clock_max_mhz": 2040.0,
        "decode_ganymede_gpu_sm_clock_min_mhz": 360.0,
        "decode_ganymede_gpu_memory_used_avg_mib": 19978.450199,
        "decode_ganymede_gpu_memory_used_max_mib": 20713.0,
        "decode_ganymede_gpu_mem_util_avg_pct": 89.047809,
        "decode_ganymede_gpu_mem_util_max_pct": 100.0,
        "decode_ganymede_gpu_power_limit_avg_w": 72.0,
        "decode_ganymede_gpu_power_limit_max_w": 72.0,
        "decode_ganymede_gpu_mem_clock_avg_mhz": 6251.0,
        "decode_ganymede_gpu_mem_clock_max_mhz": 6251.0,
        "decode_ganymede_gpu_temperature_avg_c": 60.378486,
        "decode_ganymede_gpu_temperature_max_c": 68.0,
        "decode_ganymede_network_rx_bytes": 8468567672.0,
        "decode_ganymede_network_tx_bytes": 35630424.0,
        "decode_ganymede_gpu_pstate_mode": "P0",
        "prefill_neptune_samples": 271,
        "prefill_neptune_target_freq_mhz": 735.0,
        "prefill_neptune_gpu_util_avg_pct": 11.9631,
        "prefill_neptune_gpu_util_max_pct": 80.0,
        "prefill_neptune_gpu_power_avg_w": 70.407122,
        "prefill_neptune_gpu_power_max_w": 89.03,
        "prefill_neptune_gpu_sm_clock_avg_mhz": 734.059041,
        "prefill_neptune_gpu_sm_clock_max_mhz": 735.0,
        "prefill_neptune_gpu_sm_clock_min_mhz": 480.0,
        "prefill_neptune_gpu_memory_used_avg_mib": 37928.387454,
        "prefill_neptune_gpu_memory_used_max_mib": 37943.0,
        "prefill_neptune_gpu_mem_util_avg_pct": 2.98155,
        "prefill_neptune_gpu_mem_util_max_pct": 41.0,
        "prefill_neptune_gpu_power_limit_avg_w": 350.0,
        "prefill_neptune_gpu_power_limit_max_w": 350.0,
        "prefill_neptune_gpu_mem_clock_avg_mhz": 9001.0,
        "prefill_neptune_gpu_mem_clock_max_mhz": 9001.0,
        "prefill_neptune_gpu_temperature_avg_c": 31.118081,
        "prefill_neptune_gpu_temperature_max_c": 34.0,
        "prefill_neptune_network_rx_bytes": 32091647.0,
        "prefill_neptune_network_tx_bytes": 8466250248.0,
        "prefill_neptune_gpu_pstate_mode": "P0",
        "combined_energy_j": 21859.630636,
        "combined_avg_power_w": 138.23796,
        "energy_per_request_j": 11.385224
      }
    },
    {
      "workload": {
        "seq": 3,
        "workload_id": "short_recovery",
        "input_len": 32,
        "output_len": 32,
        "configured_request_rate_rps": 1.0,
        "decision_status": "OK",
        "decision_mode": "safe_min_power",
        "num_candidates": 100,
        "num_safe": 90
      },
      "decision": {
        "status": "OK",
        "decision_mode": "safe_min_power",
        "policy": "latency_only",
        "placement": "l40s-prefill-l4-decode",
        "workload": {
          "il": 32,
          "ol": 32,
          "rate": 1.0
        },
        "slos": {
          "ttft_ms": 500,
          "tpot_ms": 200
        },
        "kv_transfer_model": {
          "enabled": true,
          "formula": "T_kv = input_tokens * (2 * layers * num_kv_heads * head_dim * bytes_per_element) * 8 / effective_bandwidth_gbps",
          "ttft_formula": "predicted_p99_ttft = predicted_p99_queue_plus_prefill + T_kv + T_dispatch",
          "input_tokens": 32,
          "num_layers": 32,
          "num_kv_heads": 8,
          "head_dim": 128,
          "bytes_per_element": 2,
          "kv_bytes_per_token": 131072,
          "kv_total_bytes": 4194304,
          "effective_bandwidth_gbps": 24.076,
          "kv_transfer_ms": 1.393688,
          "dispatch_ms": 0.0
        },
        "saturation_threshold": 0.3,
        "tp_per_role": 1,
        "recommended": {
          "prefill": {
            "phase": "prefill",
            "gpu_type": "l40s",
            "node_group": "neptune",
            "tp": 1,
            "freq_mhz": 480,
            "rec_freq_mhz": 480,
            "is_safe": true,
            "p_violate": 0.0047,
            "rho_phase": 0.0309,
            "rho_total": 0.0402,
            "latency_ms": 112.4,
            "power_per_gpu_w": 104.9,
            "total_power_w": 104.9,
            "p99_ttft_ms": 113.8,
            "p_saturated": 0.024298,
            "p_saturated_min": 0.016867,
            "p_saturated_max": 0.035167,
            "saturation_threshold": 0.3,
            "saturation_safe": true,
            "per_seed": [
              {
                "seed": 3,
                "probability": 0.035167
              },
              {
                "seed": 7,
                "probability": 0.020341
              },
              {
                "seed": 11,
                "probability": 0.016867
              },
              {
                "seed": 19,
                "probability": 0.030239
              },
              {
                "seed": 23,
                "probability": 0.018878
              }
            ],
            "p99_queue_plus_prefill_ms": 112.4,
            "kv_transfer_ms": 1.393688,
            "dispatch_ms": 0.0,
            "ttft_components_ms": {
              "queue_plus_prefill": 112.4,
              "kv_transfer": 1.393688,
              "dispatch": 0.0,
              "total": 113.8
            }
          },
          "decode": {
            "phase": "decode",
            "gpu_type": "l4",
            "node_group": "ganymede",
            "tp": 1,
            "freq_mhz": 360,
            "rec_freq_mhz": 360,
            "is_safe": true,
            "p_violate": 0.0711,
            "rho_phase": 0.0098,
            "rho_total": 0.0426,
            "latency_ms": 154.4,
            "power_per_gpu_w": 42.9,
            "total_power_w": 42.9,
            "p99_tpot_ms": 154.4,
            "p_saturated": 0.079869,
            "p_saturated_min": 0.072337,
            "p_saturated_max": 0.084664,
            "saturation_threshold": 0.3,
            "saturation_safe": true,
            "per_seed": [
              {
                "seed": 3,
                "probability": 0.081018
              },
              {
                "seed": 7,
                "probability": 0.076868
              },
              {
                "seed": 11,
                "probability": 0.084664
              },
              {
                "seed": 19,
                "probability": 0.084456
              },
              {
                "seed": 23,
                "probability": 0.072337
              }
            ]
          },
          "latency_safe": true,
          "saturation_safe": true,
          "is_safe": true,
          "predicted_joint_latency_violation_probability": 0.075466,
          "predicted_joint_saturation_probability": 0.102226,
          "predicted_overload_violation_probability": 0.075466,
          "predicted_ttft_excess_ratio": 0.0,
          "predicted_tpot_excess_ratio": 0.0,
          "predicted_max_slo_excess_ratio": 0.0,
          "predicted_cluster_power_w": 147.8,
          "predicted_energy_per_request_j": 147.8
        },
        "alternatives": [
          {
            "prefill": {
              "phase": "prefill",
              "gpu_type": "l40s",
              "node_group": "neptune",
              "tp": 1,
              "freq_mhz": 480,
              "rec_freq_mhz": 480,
              "is_safe": true,
              "p_violate": 0.0047,
              "rho_phase": 0.0309,
              "rho_total": 0.0402,
              "latency_ms": 112.4,
              "power_per_gpu_w": 104.9,
              "total_power_w": 104.9,
              "p99_ttft_ms": 113.8,
              "p_saturated": 0.024298,
              "p_saturated_min": 0.016867,
              "p_saturated_max": 0.035167,
              "saturation_threshold": 0.3,
              "saturation_safe": true,
              "per_seed": [
                {
                  "seed": 3,
                  "probability": 0.035167
                },
                {
                  "seed": 7,
                  "probability": 0.020341
                },
                {
                  "seed": 11,
                  "probability": 0.016867
                },
                {
                  "seed": 19,
                  "probability": 0.030239
                },
                {
                  "seed": 23,
                  "probability": 0.018878
                }
              ],
              "p99_queue_plus_prefill_ms": 112.4,
              "kv_transfer_ms": 1.393688,
              "dispatch_ms": 0.0,
              "ttft_components_ms": {
                "queue_plus_prefill": 112.4,
                "kv_transfer": 1.393688,
                "dispatch": 0.0,
                "total": 113.8
              }
            },
            "decode": {
              "phase": "decode",
              "gpu_type": "l4",
              "node_group": "ganymede",
              "tp": 1,
              "freq_mhz": 570,
              "rec_freq_mhz": 570,
              "is_safe": true,
              "p_violate": 0.0037,
              "rho_phase": 0.0116,
              "rho_total": 0.0503,
              "latency_ms": 151.6,
              "power_per_gpu_w": 43.1,
              "total_power_w": 43.1,
              "p99_tpot_ms": 151.6,
              "p_saturated": 0.076707,
              "p_saturated_min": 0.072337,
              "p_saturated_max": 0.084456,
              "saturation_threshold": 0.3,
              "saturation_safe": true,
              "per_seed": [
                {
                  "seed": 3,
                  "probability": 0.076162
                },
                {
                  "seed": 7,
                  "probability": 0.076868
                },
                {
                  "seed": 11,
                  "probability": 0.073713
                },
                {
                  "seed": 19,
                  "probability": 0.084456
                },
                {
                  "seed": 23,
                  "probability": 0.072337
                }
              ]
            },
            "latency_safe": true,
            "saturation_safe": true,
            "is_safe": true,
            "predicted_joint_latency_violation_probability": 0.008383,
            "predicted_joint_saturation_probability": 0.099141,
            "predicted_overload_violation_probability": 0.008383,
            "predicted_ttft_excess_ratio": 0.0,
            "predicted_tpot_excess_ratio": 0.0,
            "predicted_max_slo_excess_ratio": 0.0,
            "predicted_cluster_power_w": 148.0,
            "predicted_energy_per_request_j": 148.0
          },
          {
            "prefill": {
              "phase": "prefill",
              "gpu_type": "l40s",
              "node_group": "neptune",
              "tp": 1,
              "freq_mhz": 210,
              "rec_freq_mhz": 210,
              "is_safe": true,
              "p_violate": 0.0232,
              "rho_phase": 0.0518,
              "rho_total": 0.0673,
              "latency_ms": 135.9,
              "power_per_gpu_w": 105.7,
              "total_power_w": 105.7,
              "p99_ttft_ms": 137.3,
              "p_saturated": 0.108784,
              "p_saturated_min": 0.065579,
              "p_saturated_max": 0.231864,
              "saturation_threshold": 0.3,
              "saturation_safe": true,
              "per_seed": [
                {
                  "seed": 3,
                  "probability": 0.091974
                },
                {
                  "seed": 7,
                  "probability": 0.231864
                },
                {
                  "seed": 11,
                  "probability": 0.083063
                },
                {
                  "seed": 19,
                  "probability": 0.065579
                },
                {
                  "seed": 23,
                  "probability": 0.071438
                }
              ],
              "p99_queue_plus_prefill_ms": 135.9,
              "kv_transfer_ms": 1.393688,
              "dispatch_ms": 0.0,
              "ttft_components_ms": {
                "queue_plus_prefill": 135.9,
                "kv_transfer": 1.393688,
                "dispatch": 0.0,
                "total": 137.3
              }
            },
            "decode": {
              "phase": "decode",
              "gpu_type": "l4",
              "node_group": "ganymede",
              "tp": 1,
              "freq_mhz": 360,
              "rec_freq_mhz": 360,
              "is_safe": true,
              "p_violate": 0.0711,
              "rho_phase": 0.0098,
              "rho_total": 0.0426,
              "latency_ms": 154.4,
              "power_per_gpu_w": 42.9,
              "total_power_w": 42.9,
              "p99_tpot_ms": 154.4,
              "p_saturated": 0.079869,
              "p_saturated_min": 0.072337,
              "p_saturated_max": 0.084664,
              "saturation_threshold": 0.3,
              "saturation_safe": true,
              "per_seed": [
                {
                  "seed": 3,
                  "probability": 0.081018
                },
                {
                  "seed": 7,
                  "probability": 0.076868
                },
                {
                  "seed": 11,
                  "probability": 0.084664
                },
                {
                  "seed": 19,
                  "probability": 0.084456
                },
                {
                  "seed": 23,
                  "probability": 0.072337
                }
              ]
            },
            "latency_safe": true,
            "saturation_safe": true,
            "is_safe": true,
            "predicted_joint_latency_violation_probability": 0.09265,
            "predicted_joint_saturation_probability": 0.179965,
            "predicted_overload_violation_probability": 0.09265,
            "predicted_ttft_excess_ratio": 0.0,
            "predicted_tpot_excess_ratio": 0.0,
            "predicted_max_slo_excess_ratio": 0.0,
            "predicted_cluster_power_w": 148.6,
            "predicted_energy_per_request_j": 148.6
          },
          {
            "prefill": {
              "phase": "prefill",
              "gpu_type": "l40s",
              "node_group": "neptune",
              "tp": 1,
              "freq_mhz": 210,
              "rec_freq_mhz": 210,
              "is_safe": true,
              "p_violate": 0.0232,
              "rho_phase": 0.0518,
              "rho_total": 0.0673,
              "latency_ms": 135.9,
              "power_per_gpu_w": 105.7,
              "total_power_w": 105.7,
              "p99_ttft_ms": 137.3,
              "p_saturated": 0.108784,
              "p_saturated_min": 0.065579,
              "p_saturated_max": 0.231864,
              "saturation_threshold": 0.3,
              "saturation_safe": true,
              "per_seed": [
                {
                  "seed": 3,
                  "probability": 0.091974
                },
                {
                  "seed": 7,
                  "probability": 0.231864
                },
                {
                  "seed": 11,
                  "probability": 0.083063
                },
                {
                  "seed": 19,
                  "probability": 0.065579
                },
                {
                  "seed": 23,
                  "probability": 0.071438
                }
              ],
              "p99_queue_plus_prefill_ms": 135.9,
              "kv_transfer_ms": 1.393688,
              "dispatch_ms": 0.0,
              "ttft_components_ms": {
                "queue_plus_prefill": 135.9,
                "kv_transfer": 1.393688,
                "dispatch": 0.0,
                "total": 137.3
              }
            },
            "decode": {
              "phase": "decode",
              "gpu_type": "l4",
              "node_group": "ganymede",
              "tp": 1,
              "freq_mhz": 570,
              "rec_freq_mhz": 570,
              "is_safe": true,
              "p_violate": 0.0037,
              "rho_phase": 0.0116,
              "rho_total": 0.0503,
              "latency_ms": 151.6,
              "power_per_gpu_w": 43.1,
              "total_power_w": 43.1,
              "p99_tpot_ms": 151.6,
              "p_saturated": 0.076707,
              "p_saturated_min": 0.072337,
              "p_saturated_max": 0.084456,
              "saturation_threshold": 0.3,
              "saturation_safe": true,
              "per_seed": [
                {
                  "seed": 3,
                  "probability": 0.076162
                },
                {
                  "seed": 7,
                  "probability": 0.076868
                },
                {
                  "seed": 11,
                  "probability": 0.073713
                },
                {
                  "seed": 19,
                  "probability": 0.084456
                },
                {
                  "seed": 23,
                  "probability": 0.072337
                }
              ]
            },
            "latency_safe": true,
            "saturation_safe": true,
            "is_safe": true,
            "predicted_joint_latency_violation_probability": 0.026814,
            "predicted_joint_saturation_probability": 0.177147,
            "predicted_overload_violation_probability": 0.026814,
            "predicted_ttft_excess_ratio": 0.0,
            "predicted_tpot_excess_ratio": 0.0,
            "predicted_max_slo_excess_ratio": 0.0,
            "predicted_cluster_power_w": 148.8,
            "predicted_energy_per_request_j": 148.8
          }
        ],
        "num_candidates": 100,
        "num_latency_safe": 90,
        "num_saturation_safe": 100,
        "num_safe": 90
      },
      "performance": {
        "successful_requests": 12,
        "failed_requests": 0,
        "benchmark_duration_s": 14.18,
        "request_throughput_rps": 0.85,
        "output_token_throughput_tps": 27.08,
        "total_token_throughput_tps": 53.32,
        "p99_ttft_ms": 266.69,
        "p99_tpot_ms": 64.73,
        "p99_itl_ms": 73.56,
        "throughput_ratio": 0.85,
        "measured_saturated": null,
        "saturation_assessment": "INCONCLUSIVE_FINITE_POISSON",
        "ttft_slo_ok": true,
        "tpot_slo_ok": true
      },
      "telemetry": {
        "decode_ganymede": {
          "samples": 56,
          "target_freq_mhz": 360.0,
          "gpu_util_avg_pct": 42.517857142857146,
          "gpu_util_max_pct": 100.0,
          "gpu_power_avg_w": 36.04660714285714,
          "gpu_power_max_w": 58.23,
          "gpu_sm_clock_avg_mhz": 390.0,
          "gpu_sm_clock_max_mhz": 2040.0,
          "gpu_sm_clock_min_mhz": 360.0,
          "gpu_memory_used_avg_mib": 20713.0,
          "gpu_memory_used_max_mib": 20713.0,
          "gpu_mem_util_avg_pct": 41.92857142857143,
          "gpu_mem_util_max_pct": 100.0,
          "gpu_power_limit_avg_w": 72.0,
          "gpu_power_limit_max_w": 72.0,
          "gpu_mem_clock_avg_mhz": 6251.0,
          "gpu_mem_clock_max_mhz": 6251.0,
          "gpu_temperature_avg_c": 60.285714285714285,
          "gpu_temperature_max_c": 65.0,
          "network_rx_bytes": 67016571.0,
          "network_tx_bytes": 7407701.0,
          "gpu_pstate_mode": "P0"
        },
        "prefill_neptune": {
          "samples": 60,
          "target_freq_mhz": 480.0,
          "gpu_util_avg_pct": 2.933333333333333,
          "gpu_util_max_pct": 65.0,
          "gpu_power_avg_w": 61.10966666666666,
          "gpu_power_max_w": 73.57,
          "gpu_sm_clock_avg_mhz": 480.0,
          "gpu_sm_clock_max_mhz": 480.0,
          "gpu_sm_clock_min_mhz": 480.0,
          "gpu_memory_used_avg_mib": 37943.0,
          "gpu_memory_used_max_mib": 37943.0,
          "gpu_mem_util_avg_pct": 2.5833333333333335,
          "gpu_mem_util_max_pct": 58.0,
          "gpu_power_limit_avg_w": 350.0,
          "gpu_power_limit_max_w": 350.0,
          "gpu_mem_clock_avg_mhz": 9001.0,
          "gpu_mem_clock_max_mhz": 9001.0,
          "gpu_temperature_avg_c": 30.066666666666666,
          "gpu_temperature_max_c": 31.0,
          "network_rx_bytes": 318198.0,
          "network_tx_bytes": 59315707.0,
          "gpu_pstate_mode": "P0"
        }
      },
      "energy": {
        "combined_energy_j": 3370.3011356313527,
        "combined_avg_power_w": 96.73708013304027,
        "energy_per_request_j": 280.8584279692794
      },
      "summary": {
        "seq": 3,
        "workload_id": "short_recovery",
        "input_len": 32,
        "output_len": 32,
        "configured_request_rate_rps": 1.0,
        "decision_status": "OK",
        "decision_mode": "safe_min_power",
        "num_candidates": 100,
        "num_safe": 90,
        "recommended_is_safe": true,
        "prefill_gpu": "l40s",
        "prefill_target_freq_mhz": 480,
        "prefill_predicted_p99_ttft_ms": 113.8,
        "prefill_predicted_p99_queue_plus_prefill_ms": 112.4,
        "predicted_kv_transfer_ms": 1.393688,
        "predicted_dispatch_ms": 0.0,
        "kv_bytes_per_token": 131072,
        "kv_total_bytes": 4194304,
        "kv_effective_bandwidth_gbps": 24.076,
        "prefill_predicted_p_saturated": 0.024298,
        "decode_gpu": "l4",
        "decode_target_freq_mhz": 360,
        "decode_predicted_p99_tpot_ms": 154.4,
        "decode_predicted_p_saturated": 0.079869,
        "predicted_cluster_power_w": 147.8,
        "actual_successful_requests": 12,
        "actual_failed_requests": 0,
        "actual_benchmark_duration_s": 14.18,
        "actual_request_throughput_rps": 0.85,
        "actual_output_token_throughput_tps": 27.08,
        "actual_total_token_throughput_tps": 53.32,
        "actual_p99_ttft_ms": 266.69,
        "actual_p99_tpot_ms": 64.73,
        "actual_p99_itl_ms": 73.56,
        "actual_throughput_ratio": 0.85,
        "actual_measured_saturated": null,
        "actual_saturation_assessment": "INCONCLUSIVE_FINITE_POISSON",
        "actual_ttft_slo_ok": true,
        "actual_tpot_slo_ok": true,
        "decode_ganymede_samples": 56,
        "decode_ganymede_target_freq_mhz": 360.0,
        "decode_ganymede_gpu_util_avg_pct": 42.517857,
        "decode_ganymede_gpu_util_max_pct": 100.0,
        "decode_ganymede_gpu_power_avg_w": 36.046607,
        "decode_ganymede_gpu_power_max_w": 58.23,
        "decode_ganymede_gpu_sm_clock_avg_mhz": 390.0,
        "decode_ganymede_gpu_sm_clock_max_mhz": 2040.0,
        "decode_ganymede_gpu_sm_clock_min_mhz": 360.0,
        "decode_ganymede_gpu_memory_used_avg_mib": 20713.0,
        "decode_ganymede_gpu_memory_used_max_mib": 20713.0,
        "decode_ganymede_gpu_mem_util_avg_pct": 41.928571,
        "decode_ganymede_gpu_mem_util_max_pct": 100.0,
        "decode_ganymede_gpu_power_limit_avg_w": 72.0,
        "decode_ganymede_gpu_power_limit_max_w": 72.0,
        "decode_ganymede_gpu_mem_clock_avg_mhz": 6251.0,
        "decode_ganymede_gpu_mem_clock_max_mhz": 6251.0,
        "decode_ganymede_gpu_temperature_avg_c": 60.285714,
        "decode_ganymede_gpu_temperature_max_c": 65.0,
        "decode_ganymede_network_rx_bytes": 67016571.0,
        "decode_ganymede_network_tx_bytes": 7407701.0,
        "decode_ganymede_gpu_pstate_mode": "P0",
        "prefill_neptune_samples": 60,
        "prefill_neptune_target_freq_mhz": 480.0,
        "prefill_neptune_gpu_util_avg_pct": 2.933333,
        "prefill_neptune_gpu_util_max_pct": 65.0,
        "prefill_neptune_gpu_power_avg_w": 61.109667,
        "prefill_neptune_gpu_power_max_w": 73.57,
        "prefill_neptune_gpu_sm_clock_avg_mhz": 480.0,
        "prefill_neptune_gpu_sm_clock_max_mhz": 480.0,
        "prefill_neptune_gpu_sm_clock_min_mhz": 480.0,
        "prefill_neptune_gpu_memory_used_avg_mib": 37943.0,
        "prefill_neptune_gpu_memory_used_max_mib": 37943.0,
        "prefill_neptune_gpu_mem_util_avg_pct": 2.583333,
        "prefill_neptune_gpu_mem_util_max_pct": 58.0,
        "prefill_neptune_gpu_power_limit_avg_w": 350.0,
        "prefill_neptune_gpu_power_limit_max_w": 350.0,
        "prefill_neptune_gpu_mem_clock_avg_mhz": 9001.0,
        "prefill_neptune_gpu_mem_clock_max_mhz": 9001.0,
        "prefill_neptune_gpu_temperature_avg_c": 30.066667,
        "prefill_neptune_gpu_temperature_max_c": 31.0,
        "prefill_neptune_network_rx_bytes": 318198.0,
        "prefill_neptune_network_tx_bytes": 59315707.0,
        "prefill_neptune_gpu_pstate_mode": "P0",
        "combined_energy_j": 3370.301136,
        "combined_avg_power_w": 96.73708,
        "energy_per_request_j": 280.858428
      }
    }
  ]
}
