{
  "scope": "two allocated GPU board-power telemetry; excludes CPU, RAM, NIC, and fans",
  "integration": "piecewise-linear trapezoidal integration",
  "sample_period_s": 0.5,
  "workloads": [
    {
      "seq": 1,
      "workload_id": "short_baseline",
      "start_unix_ts": 1785332088.2663052,
      "end_unix_ts": 1785332122.216652,
      "duration_s": 33.95034670829773,
      "nodes": {
        "neptune_l40s": {
          "energy_j": 2124.2785803343245,
          "energy_wh": 0.5900773834262012,
          "covered_s": 33.95034670829773
        },
        "ganymede_l4": {
          "energy_j": 1172.8430358908154,
          "energy_wh": 0.32578973219189317,
          "covered_s": 33.95034670829773
        }
      },
      "combined_energy_j": 3297.12161622514,
      "combined_energy_wh": 0.9158671156180944,
      "combined_avg_power_w": 97.11599249792927,
      "successful_requests": 12,
      "energy_per_request_j": 274.76013468542834
    },
    {
      "seq": 2,
      "workload_id": "short_high_rps_queue",
      "start_unix_ts": 1785332124.035517,
      "end_unix_ts": 1785332246.2391555,
      "duration_s": 122.20363855361938,
      "nodes": {
        "neptune_l40s": {
          "energy_j": 8655.642774634609,
          "energy_wh": 2.40434521517628,
          "covered_s": 122.20363855361938
        },
        "ganymede_l4": {
          "energy_j": 7123.414838299047,
          "energy_wh": 1.9787263439719576,
          "covered_s": 122.20363855361938
        }
      },
      "combined_energy_j": 15779.057612933655,
      "combined_energy_wh": 4.383071559148237,
      "combined_avg_power_w": 129.121013086777,
      "successful_requests": 1920,
      "energy_per_request_j": 8.218259173402945
    },
    {
      "seq": 3,
      "workload_id": "short_recovery",
      "start_unix_ts": 1785332248.191587,
      "end_unix_ts": 1785332287.133015,
      "duration_s": 38.9414279460907,
      "nodes": {
        "neptune_l40s": {
          "energy_j": 2359.9614745473864,
          "energy_wh": 0.6555448540409406,
          "covered_s": 38.723623752593994
        },
        "ganymede_l4": {
          "energy_j": 1309.0682346226033,
          "energy_wh": 0.3636300651729454,
          "covered_s": 38.292757987976074
        }
      },
      "combined_energy_j": 3669.0297091699895,
      "combined_energy_wh": 1.019174919213886,
      "combined_avg_power_w": 94.21918770542467,
      "successful_requests": 12,
      "energy_per_request_j": 305.7524757641658
    }
  ],
  "telemetry_total": {
    "neptune_l40s": {
      "energy_j": 21229.45118345262,
      "energy_wh": 5.897069773181284,
      "covered_s": 330.22948837280273,
      "average_power_w": 64.28696385674154
    },
    "ganymede_l4": {
      "energy_j": 12332.047265224457,
      "energy_wh": 3.4255686847845714,
      "covered_s": 329.7291853427887,
      "average_power_w": 37.400532962843364
    }
  },
  "telemetry_total_energy_j": 33561.49844867708,
  "telemetry_total_energy_wh": 9.322638457965855,
  "reset_probe_energy_j": 1838.0738165438174,
  "reset_probe_energy_wh": 0.5105760601510604,
  "total_recorded_gpu_energy_j": 35399.57226522089,
  "total_recorded_gpu_energy_wh": 9.833214518116915
}
