neptune:3870121:3870121 [0] NCCL INFO NCCL_SOCKET_IFNAME set to enp160s0f0np0
neptune:3870121:3870121 [0] NCCL INFO cudaDriverVersion 13020
neptune:3870121:3870121 [0] NCCL INFO NCCL version 2.27.5+cuda12.9
neptune:3870121:3870121 [0] NCCL INFO NET/Plugin: Could not find: libnccl-net.so. 
neptune:3870121:3870121 [0] NCCL INFO NET/Socket : Using [0]enp160s0f0np0:10.1.0.6<0>
neptune:3870121:3870121 [0] NCCL INFO Initialized NET plugin Socket
neptune:3870121:3870121 [0] NCCL INFO Assigned NET plugin Socket to comm
neptune:3870121:3870121 [0] NCCL INFO Using network Socket
neptune:3870121:3870121 [0] NCCL INFO ncclCommInitRank comm 0x5754baf899d0 rank 0 nranks 2 cudaDev 0 nvmlDev 2 busId ca000 commId 0x12339bfe0c233c44 - Init START
neptune:3870121:3870121 [0] NCCL INFO RAS client listening socket at 127.0.0.1<28028>
neptune:3870121:3870121 [0] NCCL INFO NET/Socket : GPU Direct RDMA Disabled for HCA 0 'enp160s0f0np0'
neptune:3870121:3870121 [0] NCCL INFO comm 0x5754baf899d0 rank 0 nRanks 2 nNodes 1 localRanks 2 localRank 0 MNNVL 0
neptune:3870121:3870121 [0] NCCL INFO Channel 00/02 : 0 1
neptune:3870121:3870121 [0] NCCL INFO Channel 01/02 : 0 1
neptune:3870121:3870121 [0] NCCL INFO Trees [0] 1/-1/-1->0->-1 [1] 1/-1/-1->0->-1
neptune:3870121:3870121 [0] NCCL INFO P2P Chunksize set to 131072
neptune:3870121:3870121 [0] NCCL INFO PROFILER/Plugin: Could not find: libnccl-profiler.so. 
neptune:3870121:3870121 [0] NCCL INFO Check P2P Type isAllDirectP2p 0 directMode 0
neptune:3870121:3870805 [0] NCCL INFO [Proxy Service UDS] Device 0 CPU core 24
neptune:3870121:3870804 [0] NCCL INFO [Proxy Service] Device 0 CPU core 86
neptune:3870121:3870121 [0] NCCL INFO threadThresholds 8/8/64 | 16/8/64 | 512 | 512
neptune:3870121:3870121 [0] NCCL INFO 2 coll channels, 2 collnet channels, 0 nvls channels, 2 p2p channels, 2 p2p channels per peer
neptune:3870121:3870121 [0] NCCL INFO CC Off, workFifoBytes 1048576
neptune:3870121:3870121 [0] NCCL INFO TUNER/Plugin: Could not find: libnccl-tuner.so. Using internal tuner plugin.
neptune:3870121:3870121 [0] NCCL INFO ncclCommInitRank comm 0x5754baf899d0 rank 0 nranks 2 cudaDev 0 nvmlDev 2 busId ca000 commId 0x12339bfe0c233c44 - Init COMPLETE
neptune:3870121:3870121 [0] NCCL INFO Init timings - ncclCommInitRank: rank 0 nranks 2 total 0.14 (kernels 0.12, alloc 0.00, bootstrap 0.01, allgathers 0.00, topo 0.00, graphs 0.00, connections 0.00, rest 0.00)
neptune:3870121:3870804 [0] NCCL INFO New proxy recv connection 0 from local rank 0, transport 1
neptune:3870121:3870807 [0] NCCL INFO Connected to proxy localRank 0 -> connection 0x72aec0004f40
neptune:3870121:3870804 [0] NCCL INFO New proxy recv connection 1 from local rank 0, transport 1
neptune:3870121:3870807 [0] NCCL INFO Connected to proxy localRank 0 -> connection 0x72aec0004fb8
neptune:3870121:3870804 [0] NCCL INFO New proxy send connection 2 from local rank 0, transport 1
neptune:3870121:3870807 [0] NCCL INFO Connected to proxy localRank 0 -> connection 0x72aec0005030
neptune:3870121:3870807 [0] NCCL INFO Channel 00 : 0[2] -> 1[3] via SHM/direct/direct
neptune:3870121:3870804 [0] NCCL INFO New proxy send connection 3 from local rank 0, transport 1
neptune:3870121:3870807 [0] NCCL INFO Connected to proxy localRank 0 -> connection 0x72aec00050a8
neptune:3870121:3870807 [0] NCCL INFO Channel 01 : 0[2] -> 1[3] via SHM/direct/direct
neptune:3870121:3870807 [0] NCCL INFO Connected to proxy localRank 1 -> connection 0x7bddec005120
neptune:3870121:3870804 [0] NCCL INFO New proxy send connection 4 from local rank 1, transport 0
neptune:3870121:3870807 [0] NCCL INFO Connected all rings, use ring PXN 0 GDR 1
