ganymede:148234:148234 [0] NCCL INFO NCCL_SOCKET_IFNAME set to eno12399np0
ganymede:148234:148234 [0] NCCL INFO cudaDriverVersion 13020
ganymede:148234:148234 [0] NCCL INFO NCCL version 2.27.5+cuda12.9
ganymede:148234:148234 [0] NCCL INFO NET/Plugin: Could not find: libnccl-net.so. 
ganymede:148234:148234 [0] NCCL INFO NET/Socket : Using [0]eno12399np0:10.1.0.3<0>
ganymede:148234:148234 [0] NCCL INFO Initialized NET plugin Socket
ganymede:148234:148234 [0] NCCL INFO Assigned NET plugin Socket to comm
ganymede:148234:148234 [0] NCCL INFO Using network Socket
ganymede:148234:148234 [0] NCCL INFO ncclCommInitRank comm 0x5ff2b90c8450 rank 0 nranks 2 cudaDev 0 nvmlDev 2 busId 4a000 commId 0x98b8047e74ba9c9e - Init START
ganymede:148234:148234 [0] NCCL INFO RAS client listening socket at 127.0.0.1<28028>
ganymede:148234:148234 [0] NCCL INFO NET/Socket : GPU Direct RDMA Disabled for HCA 0 'eno12399np0'
ganymede:148234:148234 [0] NCCL INFO Setting affinity for GPU 2 to 16,18,20,22,24,26,28,30,80,82,84,86,88,90,92,94
ganymede:148234:148234 [0] NCCL INFO comm 0x5ff2b90c8450 rank 0 nRanks 2 nNodes 1 localRanks 2 localRank 0 MNNVL 0
ganymede:148234:148234 [0] NCCL INFO Channel 00/02 : 0 1
ganymede:148234:148234 [0] NCCL INFO Channel 01/02 : 0 1
ganymede:148234:148234 [0] NCCL INFO Trees [0] 1/-1/-1->0->-1 [1] 1/-1/-1->0->-1
ganymede:148234:148234 [0] NCCL INFO P2P Chunksize set to 131072
ganymede:148234:148234 [0] NCCL INFO PROFILER/Plugin: Could not find: libnccl-profiler.so. 
ganymede:148234:148234 [0] NCCL INFO Check P2P Type isAllDirectP2p 0 directMode 0
ganymede:148234:148827 [0] NCCL INFO [Proxy Service] Device 0 CPU core 22
ganymede:148234:148828 [0] NCCL INFO [Proxy Service UDS] Device 0 CPU core 16
ganymede:148234:148234 [0] NCCL INFO threadThresholds 8/8/64 | 16/8/64 | 512 | 512
ganymede:148234:148234 [0] NCCL INFO 2 coll channels, 2 collnet channels, 0 nvls channels, 2 p2p channels, 2 p2p channels per peer
ganymede:148234:148234 [0] NCCL INFO CC Off, workFifoBytes 1048576
ganymede:148234:148234 [0] NCCL INFO TUNER/Plugin: Could not find: libnccl-tuner.so. Using internal tuner plugin.
ganymede:148234:148234 [0] NCCL INFO ncclCommInitRank comm 0x5ff2b90c8450 rank 0 nranks 2 cudaDev 0 nvmlDev 2 busId 4a000 commId 0x98b8047e74ba9c9e - Init COMPLETE
ganymede:148234:148234 [0] NCCL INFO Init timings - ncclCommInitRank: rank 0 nranks 2 total 0.18 (kernels 0.13, alloc 0.00, bootstrap 0.03, allgathers 0.00, topo 0.01, graphs 0.00, connections 0.00, rest 0.00)
ganymede:148234:148827 [0] NCCL INFO New proxy recv connection 0 from local rank 0, transport 1
ganymede:148234:148830 [0] NCCL INFO Connected to proxy localRank 0 -> connection 0x7ca904004f40
ganymede:148234:148827 [0] NCCL INFO New proxy recv connection 1 from local rank 0, transport 1
ganymede:148234:148830 [0] NCCL INFO Connected to proxy localRank 0 -> connection 0x7ca904004fb8
ganymede:148234:148827 [0] NCCL INFO New proxy send connection 2 from local rank 0, transport 1
ganymede:148234:148830 [0] NCCL INFO Connected to proxy localRank 0 -> connection 0x7ca904005030
ganymede:148234:148830 [0] NCCL INFO Channel 00 : 0[2] -> 1[3] via SHM/direct/direct
ganymede:148234:148827 [0] NCCL INFO New proxy send connection 3 from local rank 0, transport 1
ganymede:148234:148830 [0] NCCL INFO Connected to proxy localRank 0 -> connection 0x7ca9040050a8
ganymede:148234:148830 [0] NCCL INFO Channel 01 : 0[2] -> 1[3] via SHM/direct/direct
ganymede:148234:148830 [0] NCCL INFO Connected to proxy localRank 1 -> connection 0x7c7a50005120
ganymede:148234:148827 [0] NCCL INFO New proxy send connection 4 from local rank 1, transport 0
ganymede:148234:148830 [0] NCCL INFO Connected all rings, use ring PXN 0 GDR 1
ganymede:148234:149752 [0] NCCL INFO Assigned NET plugin Socket to comm
ganymede:148234:149752 [0] NCCL INFO Using network Socket
ganymede:148234:149752 [0] NCCL INFO ncclCommInitRankConfig comm 0x5ff2d7f464f0 rank 0 nranks 2 cudaDev 0 nvmlDev 2 busId 4a000 commId 0xdab548fa20cc81c5 - Init START
ganymede:148234:149752 [0] NCCL INFO NET/Socket : GPU Direct RDMA Disabled for HCA 0 'eno12399np0'
ganymede:148234:149752 [0] NCCL INFO Setting affinity for GPU 2 to 16,18,20,22,24,26,28,30,80,82,84,86,88,90,92,94
ganymede:148234:149752 [0] NCCL INFO comm 0x5ff2d7f464f0 rank 0 nRanks 2 nNodes 1 localRanks 2 localRank 0 MNNVL 0
ganymede:148234:149752 [0] NCCL INFO Channel 00/02 : 0 1
ganymede:148234:149752 [0] NCCL INFO Channel 01/02 : 0 1
ganymede:148234:149752 [0] NCCL INFO Trees [0] 1/-1/-1->0->-1 [1] 1/-1/-1->0->-1
ganymede:148234:149752 [0] NCCL INFO P2P Chunksize set to 131072
ganymede:148234:149752 [0] NCCL INFO Check P2P Type isAllDirectP2p 0 directMode 0
ganymede:148234:149754 [0] NCCL INFO [Proxy Service] Device 0 CPU core 82
ganymede:148234:149755 [0] NCCL INFO [Proxy Service UDS] Device 0 CPU core 84
ganymede:148234:149752 [0] NCCL INFO threadThresholds 8/8/64 | 16/8/64 | 512 | 512
ganymede:148234:149752 [0] NCCL INFO 2 coll channels, 2 collnet channels, 0 nvls channels, 2 p2p channels, 2 p2p channels per peer
ganymede:148234:149752 [0] NCCL INFO CC Off, workFifoBytes 1048576
ganymede:148234:149752 [0] NCCL INFO ncclCommInitRankConfig comm 0x5ff2d7f464f0 rank 0 nranks 2 cudaDev 0 nvmlDev 2 busId 4a000 commId 0xdab548fa20cc81c5 - Init COMPLETE
ganymede:148234:149752 [0] NCCL INFO Init timings - ncclCommInitRankConfig: rank 0 nranks 2 total 0.02 (kernels 0.00, alloc 0.00, bootstrap 0.00, allgathers 0.00, topo 0.01, graphs 0.00, connections 0.00, rest 0.00)
ganymede:148234:149754 [0] NCCL INFO New proxy recv connection 0 from local rank 0, transport 1
ganymede:148234:149758 [0] NCCL INFO Connected to proxy localRank 0 -> connection 0x7ca660004f40
ganymede:148234:149754 [0] NCCL INFO New proxy recv connection 1 from local rank 0, transport 1
ganymede:148234:149758 [0] NCCL INFO Connected to proxy localRank 0 -> connection 0x7ca660004fb8
ganymede:148234:149754 [0] NCCL INFO New proxy send connection 2 from local rank 0, transport 1
ganymede:148234:149758 [0] NCCL INFO Connected to proxy localRank 0 -> connection 0x7ca660005030
ganymede:148234:149758 [0] NCCL INFO Channel 00 : 0[2] -> 1[3] via SHM/direct/direct
ganymede:148234:149754 [0] NCCL INFO New proxy send connection 3 from local rank 0, transport 1
ganymede:148234:149758 [0] NCCL INFO Connected to proxy localRank 0 -> connection 0x7ca6600050a8
ganymede:148234:149758 [0] NCCL INFO Channel 01 : 0[2] -> 1[3] via SHM/direct/direct
ganymede:148234:149758 [0] NCCL INFO Connected to proxy localRank 1 -> connection 0x7c77ac005120
ganymede:148234:149754 [0] NCCL INFO New proxy send connection 4 from local rank 1, transport 0
ganymede:148234:149758 [0] NCCL INFO Connected all rings, use ring PXN 0 GDR 1
