neptune:3865864:3865864 [0] NCCL INFO NCCL_SOCKET_IFNAME set to enp160s0f0np0
neptune:3865864:3865864 [0] NCCL INFO cudaDriverVersion 13020
neptune:3865864:3865864 [0] NCCL INFO NCCL version 2.27.5+cuda12.9
neptune:3865864:3865864 [0] NCCL INFO NET/Plugin: Could not find: libnccl-net.so. 
neptune:3865864:3865864 [0] NCCL INFO NET/Socket : Using [0]enp160s0f0np0:10.1.0.6<0>
neptune:3865864:3865864 [0] NCCL INFO Initialized NET plugin Socket
neptune:3865864:3865864 [0] NCCL INFO Assigned NET plugin Socket to comm
neptune:3865864:3865864 [0] NCCL INFO Using network Socket
neptune:3865864:3865864 [0] NCCL INFO ncclCommInitRank comm 0x5bb00e2d3820 rank 0 nranks 2 cudaDev 0 nvmlDev 0 busId 4a000 commId 0x27b9826d41df00e - Init START
neptune:3865864:3865864 [0] NCCL INFO RAS client listening socket at 127.0.0.1<28028>
neptune:3865864:3865864 [0] NCCL INFO NET/Socket : GPU Direct RDMA Disabled for HCA 0 'enp160s0f0np0'
neptune:3865864:3865864 [0] NCCL INFO Setting affinity for GPU 0 to 0,2,4,6,8,10,12,14,64,66,68,70,72,74,76,78
neptune:3865864:3865864 [0] NCCL INFO comm 0x5bb00e2d3820 rank 0 nRanks 2 nNodes 1 localRanks 2 localRank 0 MNNVL 0
neptune:3865864:3865864 [0] NCCL INFO Channel 00/02 : 0 1
neptune:3865864:3865864 [0] NCCL INFO Channel 01/02 : 0 1
neptune:3865864:3865864 [0] NCCL INFO Trees [0] 1/-1/-1->0->-1 [1] 1/-1/-1->0->-1
neptune:3865864:3865864 [0] NCCL INFO P2P Chunksize set to 131072
neptune:3865864:3865864 [0] NCCL INFO PROFILER/Plugin: Could not find: libnccl-profiler.so. 
neptune:3865864:3865864 [0] NCCL INFO Check P2P Type isAllDirectP2p 0 directMode 0
neptune:3865864:3866426 [0] NCCL INFO [Proxy Service UDS] Device 0 CPU core 10
neptune:3865864:3866425 [0] NCCL INFO [Proxy Service] Device 0 CPU core 66
neptune:3865864:3865864 [0] NCCL INFO threadThresholds 8/8/64 | 16/8/64 | 512 | 512
neptune:3865864:3865864 [0] NCCL INFO 2 coll channels, 2 collnet channels, 0 nvls channels, 2 p2p channels, 2 p2p channels per peer
neptune:3865864:3865864 [0] NCCL INFO CC Off, workFifoBytes 1048576
neptune:3865864:3865864 [0] NCCL INFO TUNER/Plugin: Could not find: libnccl-tuner.so. Using internal tuner plugin.
neptune:3865864:3865864 [0] NCCL INFO ncclCommInitRank comm 0x5bb00e2d3820 rank 0 nranks 2 cudaDev 0 nvmlDev 0 busId 4a000 commId 0x27b9826d41df00e - Init COMPLETE
neptune:3865864:3865864 [0] NCCL INFO Init timings - ncclCommInitRank: rank 0 nranks 2 total 0.19 (kernels 0.17, alloc 0.00, bootstrap 0.01, allgathers 0.00, topo 0.01, graphs 0.00, connections 0.00, rest 0.00)
neptune:3865864:3866425 [0] NCCL INFO New proxy recv connection 0 from local rank 0, transport 1
neptune:3865864:3866428 [0] NCCL INFO Connected to proxy localRank 0 -> connection 0x781d60004f40
neptune:3865864:3866425 [0] NCCL INFO New proxy recv connection 1 from local rank 0, transport 1
neptune:3865864:3866428 [0] NCCL INFO Connected to proxy localRank 0 -> connection 0x781d60004fb8
neptune:3865864:3866425 [0] NCCL INFO New proxy send connection 2 from local rank 0, transport 1
neptune:3865864:3866428 [0] NCCL INFO Connected to proxy localRank 0 -> connection 0x781d60005030
neptune:3865864:3866428 [0] NCCL INFO Channel 00 : 0[0] -> 1[1] via SHM/direct/direct
neptune:3865864:3866425 [0] NCCL INFO New proxy send connection 3 from local rank 0, transport 1
neptune:3865864:3866428 [0] NCCL INFO Connected to proxy localRank 0 -> connection 0x781d600050a8
neptune:3865864:3866428 [0] NCCL INFO Channel 01 : 0[0] -> 1[1] via SHM/direct/direct
neptune:3865864:3866425 [0] NCCL INFO New proxy send connection 4 from local rank 1, transport 0
neptune:3865864:3866428 [0] NCCL INFO Connected to proxy localRank 1 -> connection 0x7df4c0005120
neptune:3865864:3866428 [0] NCCL INFO Connected all rings, use ring PXN 0 GDR 1
