ganymede:144046:144046 [1] NCCL INFO cudaDriverVersion 13020
ganymede:144046:144046 [1] NCCL INFO NCCL_SOCKET_IFNAME set to eno12399np0
ganymede:144046:144046 [1] NCCL INFO NCCL version 2.27.5+cuda12.9
ganymede:144046:144046 [1] NCCL INFO NET/Plugin: Could not find: libnccl-net.so. 
ganymede:144046:144046 [1] NCCL INFO NET/Socket : Using [0]eno12399np0:10.1.0.3<0>
ganymede:144046:144046 [1] NCCL INFO Initialized NET plugin Socket
ganymede:144046:144046 [1] NCCL INFO Assigned NET plugin Socket to comm
ganymede:144046:144046 [1] NCCL INFO Using network Socket
ganymede:144046:144046 [1] NCCL INFO ncclCommInitRank comm 0x5f1b031f01c0 rank 1 nranks 2 cudaDev 1 nvmlDev 1 busId 37000 commId 0xc137e2c43e541d7b - Init START
ganymede:144046:144046 [1] NCCL INFO RAS client listening socket at 127.0.0.1<28028>
ganymede:144046:144046 [1] NCCL INFO NET/Socket : GPU Direct RDMA Disabled for HCA 0 'eno12399np0'
ganymede:144046:144046 [1] NCCL INFO Setting affinity for GPU 1 to 0,2,4,6,8,10,12,14,64,66,68,70,72,74,76,78
ganymede:144046:144046 [1] NCCL INFO comm 0x5f1b031f01c0 rank 1 nRanks 2 nNodes 1 localRanks 2 localRank 1 MNNVL 0
ganymede:144046:144046 [1] NCCL INFO Trees [0] -1/-1/-1->1->0 [1] -1/-1/-1->1->0
ganymede:144046:144046 [1] NCCL INFO P2P Chunksize set to 131072
ganymede:144046:144046 [1] NCCL INFO PROFILER/Plugin: Could not find: libnccl-profiler.so. 
ganymede:144046:144467 [1] NCCL INFO [Proxy Service] Device 1 CPU core 74
ganymede:144046:144468 [1] NCCL INFO [Proxy Service UDS] Device 1 CPU core 66
ganymede:144046:144046 [1] NCCL INFO threadThresholds 8/8/64 | 16/8/64 | 512 | 512
ganymede:144046:144046 [1] NCCL INFO 2 coll channels, 2 collnet channels, 0 nvls channels, 2 p2p channels, 2 p2p channels per peer
ganymede:144046:144046 [1] NCCL INFO TUNER/Plugin: Could not find: libnccl-tuner.so. Using internal tuner plugin.
ganymede:144046:144046 [1] NCCL INFO ncclCommInitRank comm 0x5f1b031f01c0 rank 1 nranks 2 cudaDev 1 nvmlDev 1 busId 37000 commId 0xc137e2c43e541d7b - Init COMPLETE
ganymede:144046:144046 [1] NCCL INFO Init timings - ncclCommInitRank: rank 1 nranks 2 total 0.21 (kernels 0.18, alloc 0.01, bootstrap 0.01, allgathers 0.00, topo 0.01, graphs 0.00, connections 0.00, rest 0.00)
ganymede:144046:144467 [1] NCCL INFO New proxy recv connection 0 from local rank 1, transport 1
ganymede:144046:144471 [1] NCCL INFO Connected to proxy localRank 1 -> connection 0x7f9ac4004f40
ganymede:144046:144467 [1] NCCL INFO New proxy recv connection 1 from local rank 1, transport 1
ganymede:144046:144471 [1] NCCL INFO Connected to proxy localRank 1 -> connection 0x7f9ac4004fb8
ganymede:144046:144467 [1] NCCL INFO New proxy send connection 2 from local rank 1, transport 1
ganymede:144046:144471 [1] NCCL INFO Connected to proxy localRank 1 -> connection 0x7f9ac4005030
ganymede:144046:144471 [1] NCCL INFO Channel 00 : 1[1] -> 0[0] via SHM/direct/direct
ganymede:144046:144467 [1] NCCL INFO New proxy send connection 3 from local rank 1, transport 1
ganymede:144046:144471 [1] NCCL INFO Connected to proxy localRank 1 -> connection 0x7f9ac40050a8
ganymede:144046:144471 [1] NCCL INFO Channel 01 : 1[1] -> 0[0] via SHM/direct/direct
ganymede:144046:144467 [1] NCCL INFO New proxy send connection 4 from local rank 0, transport 0
ganymede:144046:144471 [1] NCCL INFO Connected to proxy localRank 0 -> connection 0x799598005120
ganymede:144046:144471 [1] NCCL INFO Connected all rings, use ring PXN 0 GDR 1
ganymede:144046:145124 [1] NCCL INFO Assigned NET plugin Socket to comm
ganymede:144046:145124 [1] NCCL INFO Using network Socket
ganymede:144046:145124 [1] NCCL INFO ncclCommInitRankConfig comm 0x5f1b22075160 rank 1 nranks 2 cudaDev 1 nvmlDev 1 busId 37000 commId 0xebb48ec316dbad00 - Init START
ganymede:144046:145124 [1] NCCL INFO NET/Socket : GPU Direct RDMA Disabled for HCA 0 'eno12399np0'
ganymede:144046:145124 [1] NCCL INFO Setting affinity for GPU 1 to 0,2,4,6,8,10,12,14,64,66,68,70,72,74,76,78
ganymede:144046:145124 [1] NCCL INFO comm 0x5f1b22075160 rank 1 nRanks 2 nNodes 1 localRanks 2 localRank 1 MNNVL 0
ganymede:144046:145124 [1] NCCL INFO Trees [0] -1/-1/-1->1->0 [1] -1/-1/-1->1->0
ganymede:144046:145124 [1] NCCL INFO P2P Chunksize set to 131072
ganymede:144046:145128 [1] NCCL INFO [Proxy Service UDS] Device 1 CPU core 10
ganymede:144046:145126 [1] NCCL INFO [Proxy Service] Device 1 CPU core 66
ganymede:144046:145124 [1] NCCL INFO threadThresholds 8/8/64 | 16/8/64 | 512 | 512
ganymede:144046:145124 [1] NCCL INFO 2 coll channels, 2 collnet channels, 0 nvls channels, 2 p2p channels, 2 p2p channels per peer
ganymede:144046:145124 [1] NCCL INFO ncclCommInitRankConfig comm 0x5f1b22075160 rank 1 nranks 2 cudaDev 1 nvmlDev 1 busId 37000 commId 0xebb48ec316dbad00 - Init COMPLETE
ganymede:144046:145124 [1] NCCL INFO Init timings - ncclCommInitRankConfig: rank 1 nranks 2 total 0.02 (kernels 0.00, alloc 0.00, bootstrap 0.00, allgathers 0.00, topo 0.01, graphs 0.00, connections 0.00, rest 0.00)
ganymede:144046:145126 [1] NCCL INFO New proxy recv connection 0 from local rank 1, transport 1
ganymede:144046:145129 [1] NCCL INFO Connected to proxy localRank 1 -> connection 0x7f9818004f40
ganymede:144046:145126 [1] NCCL INFO New proxy recv connection 1 from local rank 1, transport 1
ganymede:144046:145129 [1] NCCL INFO Connected to proxy localRank 1 -> connection 0x7f9818004fb8
ganymede:144046:145126 [1] NCCL INFO New proxy send connection 2 from local rank 1, transport 1
ganymede:144046:145129 [1] NCCL INFO Connected to proxy localRank 1 -> connection 0x7f9818005030
ganymede:144046:145129 [1] NCCL INFO Channel 00 : 1[1] -> 0[0] via SHM/direct/direct
ganymede:144046:145126 [1] NCCL INFO New proxy send connection 3 from local rank 1, transport 1
ganymede:144046:145129 [1] NCCL INFO Connected to proxy localRank 1 -> connection 0x7f98180050a8
ganymede:144046:145129 [1] NCCL INFO Channel 01 : 1[1] -> 0[0] via SHM/direct/direct
ganymede:144046:145126 [1] NCCL INFO New proxy send connection 4 from local rank 0, transport 0
ganymede:144046:145129 [1] NCCL INFO Connected to proxy localRank 0 -> connection 0x7992ec005120
ganymede:144046:145129 [1] NCCL INFO Connected all rings, use ring PXN 0 GDR 1
ganymede:144046:145606 [1] NCCL INFO Assigned NET plugin Socket to comm
ganymede:144046:145606 [1] NCCL INFO Using network Socket
ganymede:144046:145606 [1] NCCL INFO ncclCommInitRank comm 0x7f9010003410 rank 1 nranks 2 cudaDev 1 nvmlDev 1 busId 37000 commId 0x705b4d2379121c58 - Init START
ganymede:144046:145606 [1] NCCL INFO NET/Socket : GPU Direct RDMA Disabled for HCA 0 'eno12399np0'
ganymede:144046:145606 [1] NCCL INFO Setting affinity for GPU 1 to 0,2,4,6,8,10,12,14,64,66,68,70,72,74,76,78
ganymede:144046:145606 [1] NCCL INFO comm 0x7f9010003410 rank 1 nRanks 2 nNodes 2 localRanks 1 localRank 0 MNNVL 0
ganymede:144046:145606 [1] NCCL INFO Trees [0] -1/-1/-1->1->0 [1] 0/-1/-1->1->-1
ganymede:144046:145606 [1] NCCL INFO P2P Chunksize set to 131072
ganymede:144046:151771 [1] NCCL INFO [Proxy Service] Device 1 CPU core 74
ganymede:144046:151772 [1] NCCL INFO [Proxy Service UDS] Device 1 CPU core 12
ganymede:144046:145606 [1] NCCL INFO threadThresholds 8/8/64 | 16/8/64 | 512 | 512
ganymede:144046:145606 [1] NCCL INFO 2 coll channels, 2 collnet channels, 0 nvls channels, 2 p2p channels, 2 p2p channels per peer
ganymede:144046:145606 [1] NCCL INFO ncclCommInitRank comm 0x7f9010003410 rank 1 nranks 2 cudaDev 1 nvmlDev 1 busId 37000 commId 0x705b4d2379121c58 - Init COMPLETE
ganymede:144046:145606 [1] NCCL INFO Init timings - ncclCommInitRank: rank 1 nranks 2 total 3.96 (kernels 0.00, alloc 0.00, bootstrap 0.00, allgathers 3.95, topo 0.01, graphs 0.00, connections 0.00, rest 0.00)
ganymede:144046:151771 [1] NCCL INFO New proxy recv connection 0 from local rank 0, transport 2
ganymede:144046:152096 [1] NCCL INFO Connected to proxy localRank 0 -> connection 0x7f9014004f40
ganymede:144046:152100 [1] NCCL INFO [Proxy Progress] Device 1 CPU core 70
ganymede:144046:152096 [1] NCCL INFO Channel 00/1 : 0[1] -> 1[1] [receive] via NET/Socket/0/Shared
ganymede:144046:151771 [1] NCCL INFO New proxy recv connection 1 from local rank 0, transport 2
ganymede:144046:152096 [1] NCCL INFO Connected to proxy localRank 0 -> connection 0x7f9014004fb8
ganymede:144046:152096 [1] NCCL INFO Channel 01/1 : 0[1] -> 1[1] [receive] via NET/Socket/0/Shared
