[NVGPUFREQ][INFO] The spank nvgpufreq plugin has been loaded!
[NVGPUFREQ][ERROR] Failed to retrive the job ID from slurmctld! Exit!
host=neptune node_group=neptune role=prefill instance_id=primary mode=reset
scheduled_gpu=l40s scheduled_freq_mhz=480 gpu_id=0
gpu_clock_control_mode=manual
clock_ack_mode=monitor
tensor_parallel_size=2
max_num_seqs=32
max_model_len=4096 max_num_batched_tokens=4096
node_ip=10.1.0.6 peer_ip=10.1.0.3 interface=enp160s0f0np0
CUDA_VISIBLE_DEVICES=0,1
host=neptune node_group=neptune role=prefill instance_id=primary mode=reset
scheduled_gpu=l40s scheduled_freq_mhz=480 gpu_id=2
gpu_clock_control_mode=manual
clock_ack_mode=monitor
tensor_parallel_size=2
max_num_seqs=32
max_model_len=4096 max_num_batched_tokens=4096
node_ip=10.1.0.6 peer_ip=10.1.0.3 interface=enp160s0f0np0
CUDA_VISIBLE_DEVICES=2,3
enp160s0f0np0    UP             10.1.0.6/16 fe80::6e92:cfff:fe5e:cc00/64 
enp160s0f0np0    UP             10.1.0.6/16 fe80::6e92:cfff:fe5e:cc00/64 
10.1.0.3 dev enp160s0f0np0 src 10.1.0.6 uid 10271 
    cache 
10.1.0.3 dev enp160s0f0np0 src 10.1.0.6 uid 10271 
    cache 
link_speed_mbps=100000
link_speed_mbps=100000
link_mtu=1500
link_mtu=1500
index, name, memory.total [MiB], driver_version
0, NVIDIA L40S, 46068 MiB, 595.71.05
1, NVIDIA L40S, 46068 MiB, 595.71.05
2, NVIDIA L40S, 46068 MiB, 595.71.05
3, NVIDIA L40S, 46068 MiB, 595.71.05
index, name, memory.total [MiB], driver_version
0, NVIDIA L40S, 46068 MiB, 595.71.05
1, NVIDIA L40S, 46068 MiB, 595.71.05
2, NVIDIA L40S, 46068 MiB, 595.71.05
3, NVIDIA L40S, 46068 MiB, 595.71.05
parent_reset_step=true host=neptune gpu_ids=0,1 rec_freq_mhz=480
reset_command_initial=sudo_nvidia_smi_rgc
parent_reset_step=true host=neptune gpu_ids=2,3 rec_freq_mhz=480
reset_command_initial=sudo_nvidia_smi_rgc
All done.
All done.
All done.
All done.
{
  "physical_gpu_id": 0,
  "cuda_visible_devices": "0",
  "iterations": 9264,
  "active_samples": 19,
  "active_clock_min_mhz": 2190.0,
  "active_clock_max_mhz": 2265.0,
  "active_clock_mean_mhz": 2221.5789473684213
}
reset_probe_active_min_mhz=2190 reset_probe_active_max_mhz=2265 gpu_max_mhz=2520 previous_rec_freq_mhz=480
reset_probe_departed_previous_target=true
reset_command_final=sudo_nvidia_smi_rgc
All done.
All done.
reset_gpu_clock_verified=true verification=double_rgc_final_operation host=neptune gpu_id=0
{
  "physical_gpu_id": 2,
  "cuda_visible_devices": "2",
  "iterations": 9115,
  "active_samples": 19,
  "active_clock_min_mhz": 2175.0,
  "active_clock_max_mhz": 2235.0,
  "active_clock_mean_mhz": 2208.9473684210525
}
reset_probe_active_min_mhz=2175 reset_probe_active_max_mhz=2235 gpu_max_mhz=2520 previous_rec_freq_mhz=480
reset_probe_departed_previous_target=true
reset_command_final=sudo_nvidia_smi_rgc
All done.
All done.
reset_gpu_clock_verified=true verification=double_rgc_final_operation host=neptune gpu_id=2
[NVGPUFREQ][INFO] The spank nvgpufreq plugin has been loaded!
[NVGPUFREQ][ERROR] Failed to retrive the job ID from slurmctld! Exit!
host=ganymede node_group=ganymede role=decode instance_id=primary mode=reset
scheduled_gpu=l4 scheduled_freq_mhz=210 gpu_id=0
gpu_clock_control_mode=manual
clock_ack_mode=monitor
tensor_parallel_size=2
max_num_seqs=32
max_model_len=4096 max_num_batched_tokens=4096
node_ip=10.1.0.3 peer_ip=10.1.0.6 interface=eno12399np0
CUDA_VISIBLE_DEVICES=0,1
host=ganymede node_group=ganymede role=decode instance_id=primary mode=reset
scheduled_gpu=l4 scheduled_freq_mhz=210 gpu_id=2
gpu_clock_control_mode=manual
clock_ack_mode=monitor
tensor_parallel_size=2
max_num_seqs=32
max_model_len=4096 max_num_batched_tokens=4096
node_ip=10.1.0.3 peer_ip=10.1.0.6 interface=eno12399np0
CUDA_VISIBLE_DEVICES=2,3
eno12399np0      UP             10.1.0.3/16 fe80::632:1ff:fe4d:80/64 
eno12399np0      UP             10.1.0.3/16 fe80::632:1ff:fe4d:80/64 
10.1.0.6 dev eno12399np0 src 10.1.0.3 uid 10271 
    cache 
10.1.0.6 dev eno12399np0 src 10.1.0.3 uid 10271 
    cache 
link_speed_mbps=100000
link_speed_mbps=100000
link_mtu=1500
link_mtu=1500
index, name, memory.total [MiB], driver_version
0, NVIDIA L4, 23034 MiB, 595.71.05
1, NVIDIA L4, 23034 MiB, 595.71.05
2, NVIDIA L4, 23034 MiB, 595.71.05
3, NVIDIA L4, 23034 MiB, 595.71.05
4, NVIDIA L4, 23034 MiB, 595.71.05
5, NVIDIA L4, 23034 MiB, 595.71.05
6, NVIDIA L4, 23034 MiB, 595.71.05
7, NVIDIA L4, 23034 MiB, 595.71.05
index, name, memory.total [MiB], driver_version
0, NVIDIA L4, 23034 MiB, 595.71.05
1, NVIDIA L4, 23034 MiB, 595.71.05
2, NVIDIA L4, 23034 MiB, 595.71.05
3, NVIDIA L4, 23034 MiB, 595.71.05
4, NVIDIA L4, 23034 MiB, 595.71.05
5, NVIDIA L4, 23034 MiB, 595.71.05
6, NVIDIA L4, 23034 MiB, 595.71.05
7, NVIDIA L4, 23034 MiB, 595.71.05
parent_reset_step=true host=ganymede gpu_ids=0,1 rec_freq_mhz=210
reset_command_initial=sudo_nvidia_smi_rgc
parent_reset_step=true host=ganymede gpu_ids=2,3 rec_freq_mhz=210
reset_command_initial=sudo_nvidia_smi_rgc
All done.
All done.
All done.
All done.
