{
  "scope": "two allocated GPU board-power telemetry; excludes CPU, RAM, NIC, and fans",
  "integration": "piecewise-linear trapezoidal integration",
  "sample_period_s": 0.5,
  "workloads": [
    {
      "seq": 1,
      "workload_id": "threshold_long_prompt",
      "start_unix_ts": 1785146197.654548,
      "end_unix_ts": 1785146246.2472994,
      "duration_s": 48.59275150299072,
      "nodes": {
        "neptune_l40s": {
          "energy_j": 3388.1804612374294,
          "energy_wh": 0.9411612392326193,
          "covered_s": 48.59275150299072
        },
        "ganymede_l4": {
          "energy_j": 2517.458714283403,
          "energy_wh": 0.6992940873009452,
          "covered_s": 48.59275150299072
        }
      },
      "combined_energy_j": 5905.639175520832,
      "combined_energy_wh": 1.6404553265335646,
      "combined_avg_power_w": 121.53333558725029,
      "successful_requests": 12,
      "energy_per_request_j": 492.13659796006937
    },
    {
      "seq": 2,
      "workload_id": "long_decode",
      "start_unix_ts": 1785146249.146887,
      "end_unix_ts": 1785146403.2264347,
      "duration_s": 154.0795476436615,
      "nodes": {
        "neptune_l40s": {
          "energy_j": 12124.529707397278,
          "energy_wh": 3.367924918721466,
          "covered_s": 154.0795476436615
        },
        "ganymede_l4": {
          "energy_j": 10420.829395794333,
          "energy_wh": 2.8946748321650926,
          "covered_s": 154.0795476436615
        }
      },
      "combined_energy_j": 22545.35910319161,
      "combined_energy_wh": 6.262599750886559,
      "combined_avg_power_w": 146.32285366862627,
      "successful_requests": 12,
      "energy_per_request_j": 1878.7799252659677
    },
    {
      "seq": 3,
      "workload_id": "moderate_balanced",
      "start_unix_ts": 1785146406.1441975,
      "end_unix_ts": 1785146463.0569549,
      "duration_s": 56.912757396698,
      "nodes": {
        "neptune_l40s": {
          "energy_j": 3949.731576101571,
          "energy_wh": 1.0971476600282142,
          "covered_s": 56.912757396698
        },
        "ganymede_l4": {
          "energy_j": 3356.8176460689997,
          "energy_wh": 0.9324493461302777,
          "covered_s": 56.912757396698
        }
      },
      "combined_energy_j": 7306.549222170571,
      "combined_energy_wh": 2.029597006158492,
      "combined_avg_power_w": 128.38157130995882,
      "successful_requests": 50,
      "energy_per_request_j": 146.13098444341142
    },
    {
      "seq": 4,
      "workload_id": "extreme_short_rps",
      "start_unix_ts": 1785146464.8735166,
      "end_unix_ts": 1785146625.3195624,
      "duration_s": 160.44604587554932,
      "nodes": {
        "neptune_l40s": {
          "energy_j": 11981.198367404104,
          "energy_wh": 3.328110657612251,
          "covered_s": 160.44604587554932
        },
        "ganymede_l4": {
          "energy_j": 10972.053315977968,
          "energy_wh": 3.047792587771658,
          "covered_s": 160.44604587554932
        }
      },
      "combined_energy_j": 22953.25168338207,
      "combined_energy_wh": 6.375903245383908,
      "combined_avg_power_w": 143.0590050264365,
      "successful_requests": 500,
      "energy_per_request_j": 45.90650336676414
    },
    {
      "seq": 5,
      "workload_id": "long_prompt_high_rate",
      "start_unix_ts": 1785146628.3391519,
      "end_unix_ts": 1785146695.1123338,
      "duration_s": 66.7731819152832,
      "nodes": {
        "neptune_l40s": {
          "energy_j": 5873.158720427486,
          "energy_wh": 1.6314329778965238,
          "covered_s": 66.7731819152832
        },
        "ganymede_l4": {
          "energy_j": 3864.503359762431,
          "energy_wh": 1.0734731554895642,
          "covered_s": 66.7731819152832
        }
      },
      "combined_energy_j": 9737.662080189917,
      "combined_energy_wh": 2.704906133386088,
      "combined_avg_power_w": 145.83193133651068,
      "successful_requests": 50,
      "energy_per_request_j": 194.75324160379833
    },
    {
      "seq": 6,
      "workload_id": "very_long_prompt_r1",
      "start_unix_ts": 1785146697.947672,
      "end_unix_ts": 1785146744.238232,
      "duration_s": 46.29056000709534,
      "nodes": {
        "neptune_l40s": {
          "energy_j": 3307.3023115721285,
          "energy_wh": 0.9186950865478135,
          "covered_s": 46.29056000709534
        },
        "ganymede_l4": {
          "energy_j": 2553.053485743084,
          "energy_wh": 0.7091815238175233,
          "covered_s": 46.29056000709534
        }
      },
      "combined_energy_j": 5860.355797315213,
      "combined_energy_wh": 1.6278766103653368,
      "combined_avg_power_w": 126.59937137111643,
      "successful_requests": 12,
      "energy_per_request_j": 488.3629831096011
    },
    {
      "seq": 7,
      "workload_id": "very_long_prompt_r2",
      "start_unix_ts": 1785146746.0532026,
      "end_unix_ts": 1785146791.5794854,
      "duration_s": 45.526282787323,
      "nodes": {
        "neptune_l40s": {
          "energy_j": 3153.6266642902096,
          "energy_wh": 0.8760074067472805,
          "covered_s": 44.942992210388184
        },
        "ganymede_l4": {
          "energy_j": 2673.0831865799432,
          "energy_wh": 0.7425231073833176,
          "covered_s": 45.082720041275024
        }
      },
      "combined_energy_j": 5826.709850870153,
      "combined_energy_wh": 1.6185305141305981,
      "combined_avg_power_w": 127.98562707370053,
      "successful_requests": 24,
      "energy_per_request_j": 242.7795771195897
    }
  ],
  "telemetry_total": {
    "neptune_l40s": {
      "energy_j": 53268.80612076527,
      "energy_wh": 14.796890589101464,
      "covered_s": 724.8570504188538,
      "average_power_w": 73.48870524192908
    },
    "ganymede_l4": {
      "energy_j": 40576.45054344653,
      "energy_wh": 11.27123626206848,
      "covered_s": 724.9376831054688,
      "average_power_w": 55.97232905541096
    }
  },
  "telemetry_total_energy_j": 93845.2566642118,
  "telemetry_total_energy_wh": 26.068126851169946,
  "reset_probe_energy_j": 1840.2943768668176,
  "reset_probe_energy_wh": 0.5111928824630049,
  "total_recorded_gpu_energy_j": 95685.55104107862,
  "total_recorded_gpu_energy_wh": 26.57931973363295
}
